

================================================================
== Vitis HLS Report for 'wht_multiplier_forward'
================================================================
* Date:           Tue Aug  4 15:13:31 2026

* Version:        2024.1 (Build 5069499 on May 21 2024)
* Project:        w4_baseline_hls
* Solution:       solution_baseline (Vitis Kernel Flow Target)
* Product family: zynquplus
* Target device:  xck26-sfvc784-2LV-c


================================================================
== Performance Estimates
================================================================
+ Timing: 
    * Summary: 
    +--------+---------+----------+------------+
    |  Clock |  Target | Estimated| Uncertainty|
    +--------+---------+----------+------------+
    |ap_clk  |  4.00 ns|  2.383 ns|     1.08 ns|
    +--------+---------+----------+------------+

+ Latency: 
    * Summary: 
    +---------+---------+-----------+-----------+-----+-----+---------+
    |  Latency (cycles) |   Latency (absolute)  |  Interval | Pipeline|
    |   min   |   max   |    min    |    max    | min | max |   Type  |
    +---------+---------+-----------+-----------+-----+-----+---------+
    |       17|       17|  68.000 ns|  68.000 ns|    9|    9|      yes|
    +---------+---------+-----------+-----------+-----+-----+---------+

    + Detail: 
        * Instance: 
        N/A

        * Loop: 
        N/A



================================================================
== Utilization Estimates
================================================================
* Summary: 
+-----------------+---------+------+--------+--------+-----+
|       Name      | BRAM_18K|  DSP |   FF   |   LUT  | URAM|
+-----------------+---------+------+--------+--------+-----+
|DSP              |        -|     -|       -|       -|    -|
|Expression       |        -|     -|       0|     431|    -|
|FIFO             |        -|     -|       -|       -|    -|
|Instance         |        0|    12|     218|     276|    0|
|Memory           |        -|     -|       -|       -|    -|
|Multiplexer      |        -|     -|       0|     219|    -|
|Register         |        -|     -|     605|       -|    -|
+-----------------+---------+------+--------+--------+-----+
|Total            |        0|    12|     823|     926|    0|
+-----------------+---------+------+--------+--------+-----+
|Available        |      288|  1248|  234240|  117120|   64|
+-----------------+---------+------+--------+--------+-----+
|Utilization (%)  |        0|    ~0|      ~0|      ~0|    0|
+-----------------+---------+------+--------+--------+-----+

+ Detail: 
    * Instance: 
    +------------------------+--------------------+---------+----+-----+-----+-----+
    |        Instance        |       Module       | BRAM_18K| DSP|  FF | LUT | URAM|
    +------------------------+--------------------+---------+----+-----+-----+-----+
    |control_s_axi_U         |control_s_axi       |        0|   0|  218|  216|    0|
    |mul_16s_16s_31_1_1_U1   |mul_16s_16s_31_1_1  |        0|   1|    0|    5|    0|
    |mul_16s_16s_31_1_1_U2   |mul_16s_16s_31_1_1  |        0|   1|    0|    5|    0|
    |mul_16s_16s_31_1_1_U3   |mul_16s_16s_31_1_1  |        0|   1|    0|    5|    0|
    |mul_16s_16s_31_1_1_U4   |mul_16s_16s_31_1_1  |        0|   1|    0|    5|    0|
    |mul_16s_16s_31_1_1_U5   |mul_16s_16s_31_1_1  |        0|   1|    0|    5|    0|
    |mul_16s_16s_31_1_1_U6   |mul_16s_16s_31_1_1  |        0|   1|    0|    5|    0|
    |mul_16s_16s_31_1_1_U7   |mul_16s_16s_31_1_1  |        0|   1|    0|    5|    0|
    |mul_16s_16s_31_1_1_U8   |mul_16s_16s_31_1_1  |        0|   1|    0|    5|    0|
    |mul_16s_16s_31_1_1_U9   |mul_16s_16s_31_1_1  |        0|   1|    0|    5|    0|
    |mul_16s_16s_31_1_1_U10  |mul_16s_16s_31_1_1  |        0|   1|    0|    5|    0|
    |mul_16s_16s_31_1_1_U11  |mul_16s_16s_31_1_1  |        0|   1|    0|    5|    0|
    |mul_16s_16s_31_1_1_U12  |mul_16s_16s_31_1_1  |        0|   1|    0|    5|    0|
    +------------------------+--------------------+---------+----+-----+-----+-----+
    |Total                   |                    |        0|  12|  218|  276|    0|
    +------------------------+--------------------+---------+----+-----+-----+-----+

    * DSP: 
    N/A

    * Memory: 
    N/A

    * FIFO: 
    N/A

    * Expression: 
    +---------------------------+----------+----+---+----+------------+------------+
    |       Variable Name       | Operation| DSP| FF| LUT| Bitwidth P0| Bitwidth P1|
    +---------------------------+----------+----+---+----+------------+------------+
    |value_10_fu_449_p2         |         +|   0|  0|  16|          16|          16|
    |value_16_fu_336_p2         |         +|   0|  0|  16|          16|          16|
    |value_18_fu_439_p2         |         +|   0|  0|  16|          16|          16|
    |value_9_fu_522_p2          |         +|   0|  0|  16|          16|          16|
    |a_4_fu_289_p2              |         -|   0|  0|  23|          16|          16|
    |a_6_fu_383_p2              |         -|   0|  0|  23|          16|          16|
    |a_8_fu_388_p2              |         -|   0|  0|  23|          16|          16|
    |a_9_fu_341_p2              |         -|   0|  0|  23|          16|          16|
    |grp_fu_240_p2              |         -|   0|  0|  23|          16|          16|
    |grp_fu_246_p2              |         -|   0|  0|  23|          16|          16|
    |grp_fu_260_p2              |         -|   0|  0|  23|          16|          16|
    |sub_ln29_2_fu_434_p2       |         -|   0|  0|  16|          16|          16|
    |sub_ln29_4_fu_518_p2       |         -|   0|  0|  16|          16|          16|
    |sub_ln29_5_fu_444_p2       |         -|   0|  0|  16|          16|          16|
    |sub_ln29_fu_331_p2         |         -|   0|  0|  16|          16|          16|
    |sub_ln30_3_fu_527_p2       |         -|   0|  0|  23|          16|          16|
    |sub_ln30_4_fu_567_p2       |         -|   0|  0|  23|          16|          16|
    |sub_ln30_5_fu_514_p2       |         -|   0|  0|  23|          16|          16|
    |sub_ln30_fu_571_p2         |         -|   0|  0|  23|          16|          16|
    |value_11_fu_509_p2         |         -|   0|  0|  23|          16|          16|
    |value_fu_429_p2            |         -|   0|  0|  23|          16|          16|
    |ap_block_pp0_stage0_11001  |        or|   0|  0|   2|           1|           1|
    |ap_enable_pp0              |       xor|   0|  0|   2|           1|           2|
    +---------------------------+----------+----+---+----+------------+------------+
    |Total                      |          |   0|  0| 431|         338|         339|
    +---------------------------+----------+----+---+----+------------+------------+

    * Multiplexer: 
    +-------------------------+----+-----------+-----+-----------+
    |           Name          | LUT| Input Size| Bits| Total Bits|
    +-------------------------+----+-----------+-----+-----------+
    |ap_NS_fsm                |  54|         10|    1|         10|
    |ap_done                  |   9|          2|    1|          2|
    |ap_enable_reg_pp0_iter0  |   9|          2|    1|          2|
    |input_r_address0_local   |  49|          9|    3|         27|
    |output_r_address0_local  |  49|          9|    3|         27|
    |output_r_d0_local        |  49|          9|   16|        144|
    +-------------------------+----+-----------+-----+-----------+
    |Total                    | 219|         41|   25|        212|
    +-------------------------+----+-----------+-----+-----------+

    * Register: 
    +-----------------------------------+----+----+-----+-----------+
    |                Name               | FF | LUT| Bits| Const Bits|
    +-----------------------------------+----+----+-----+-----------+
    |a_4_reg_625                        |  16|   0|   16|          0|
    |a_6_reg_686                        |  16|   0|   16|          0|
    |a_8_reg_692                        |  16|   0|   16|          0|
    |a_9_reg_665                        |  16|   0|   16|          0|
    |ap_CS_fsm                          |   9|   0|    9|          0|
    |ap_done_reg                        |   1|   0|    1|          0|
    |ap_enable_reg_pp0_iter0_reg        |   1|   0|    1|          0|
    |ap_enable_reg_pp0_iter1            |   1|   0|    1|          0|
    |ap_rst_n_inv                       |   1|   0|    1|          0|
    |ap_rst_reg_1                       |   1|   0|    1|          0|
    |ap_rst_reg_2                       |   1|   0|    1|          0|
    |half_q15_read_reg_585              |  16|   0|   16|          0|
    |reg_232                            |  16|   0|   16|          0|
    |reg_236                            |  16|   0|   16|          0|
    |reg_252                            |  16|   0|   16|          0|
    |reg_256                            |  16|   0|   16|          0|
    |sext_ln15_1_reg_600                |  31|   0|   31|          0|
    |sext_ln15_1_reg_600_pp0_iter1_reg  |  31|   0|   31|          0|
    |sub_ln30_3_reg_779                 |  16|   0|   16|          0|
    |sub_ln30_4_reg_804                 |  16|   0|   16|          0|
    |sub_ln30_5_reg_768                 |  16|   0|   16|          0|
    |sub_ln30_reg_809                   |  16|   0|   16|          0|
    |trunc_ln17_10_reg_742              |  16|   0|   16|          0|
    |trunc_ln17_1_reg_643               |  16|   0|   16|          0|
    |trunc_ln17_2_reg_676               |  16|   0|   16|          0|
    |trunc_ln17_3_reg_704               |  16|   0|   16|          0|
    |trunc_ln17_4_reg_681               |  16|   0|   16|          0|
    |trunc_ln17_5_reg_648               |  16|   0|   16|          0|
    |trunc_ln17_6_reg_747               |  16|   0|   16|          0|
    |trunc_ln17_7_reg_709               |  16|   0|   16|          0|
    |trunc_ln17_8_reg_799               |  16|   0|   16|          0|
    |trunc_ln17_9_reg_752               |  16|   0|   16|          0|
    |trunc_ln17_s_reg_784               |  16|   0|   16|          0|
    |trunc_ln_reg_615                   |  16|   0|   16|          0|
    |value_10_reg_731                   |  16|   0|   16|          0|
    |value_11_reg_757                   |  16|   0|   16|          0|
    |value_16_reg_658                   |  16|   0|   16|          0|
    |value_17_reg_631                   |  16|   0|   16|          0|
    |value_18_reg_725                   |  16|   0|   16|          0|
    |value_19_reg_698                   |  16|   0|   16|          0|
    |value_9_reg_773                    |  16|   0|   16|          0|
    |value_reg_714                      |  16|   0|   16|          0|
    +-----------------------------------+----+----+-----+-----------+
    |Total                              | 605|   0|  605|          0|
    +-----------------------------------+----+----+-----+-----------+



================================================================
== Interface
================================================================
* Summary: 
+-----------------------+-----+-----+---------------+------------------------+--------------+
|       RTL Ports       | Dir | Bits|    Protocol   |      Source Object     |    C Type    |
+-----------------------+-----+-----+---------------+------------------------+--------------+
|s_axi_control_AWVALID  |   in|    1|          s_axi|                 control|        scalar|
|s_axi_control_AWREADY  |  out|    1|          s_axi|                 control|        scalar|
|s_axi_control_AWADDR   |   in|    6|          s_axi|                 control|        scalar|
|s_axi_control_WVALID   |   in|    1|          s_axi|                 control|        scalar|
|s_axi_control_WREADY   |  out|    1|          s_axi|                 control|        scalar|
|s_axi_control_WDATA    |   in|   32|          s_axi|                 control|        scalar|
|s_axi_control_WSTRB    |   in|    4|          s_axi|                 control|        scalar|
|s_axi_control_ARVALID  |   in|    1|          s_axi|                 control|        scalar|
|s_axi_control_ARREADY  |  out|    1|          s_axi|                 control|        scalar|
|s_axi_control_ARADDR   |   in|    6|          s_axi|                 control|        scalar|
|s_axi_control_RVALID   |  out|    1|          s_axi|                 control|        scalar|
|s_axi_control_RREADY   |   in|    1|          s_axi|                 control|        scalar|
|s_axi_control_RDATA    |  out|   32|          s_axi|                 control|        scalar|
|s_axi_control_RRESP    |  out|    2|          s_axi|                 control|        scalar|
|s_axi_control_BVALID   |  out|    1|          s_axi|                 control|        scalar|
|s_axi_control_BREADY   |   in|    1|          s_axi|                 control|        scalar|
|s_axi_control_BRESP    |  out|    2|          s_axi|                 control|        scalar|
|ap_clk                 |   in|    1|  ap_ctrl_chain|  wht_multiplier_forward|  return value|
|ap_rst_n               |   in|    1|  ap_ctrl_chain|  wht_multiplier_forward|  return value|
|interrupt              |  out|    1|  ap_ctrl_chain|  wht_multiplier_forward|  return value|
+-----------------------+-----+-----+---------------+------------------------+--------------+

