Copyright 1986-2022 Xilinx, Inc. All Rights Reserved. Copyright 2022-2024 Advanced Micro Devices, Inc. All Rights Reserved.
------------------------------------------------------------------------------------------------------------------------------------------------------------------------------------------------------------------------------------------------
| Tool Version      : Vivado v.2024.1 (lin64) Build 5076996 Wed May 22 18:36:09 MDT 2024
| Date              : Thu Aug  6 01:32:10 2026
| Host              : linux running 64-bit Ubuntu 22.04.5 LTS
| Command           : report_timing -delay_type max -max_paths 1 -file ${PROJECT_ROOT}/ProyectoFinal/HLS/reports/isolated_forward/timing_sweep/3p5ns/timing_critical_path.rpt
| Design            : wht_lossless_forward_isolated
| Device            : xck26-sfvc784
| Speed File        : -2LV  PRODUCTION 1.30 05-15-2022
| Design State      : Routed
| Temperature Grade : C
------------------------------------------------------------------------------------------------------------------------------------------------------------------------------------------------------------------------------------------------

Timing Report

Slack (VIOLATED) :        -0.998ns  (required time - arrival time)
  Source:                 reg_214_reg[2]/C
                            (rising edge-triggered cell FDRE clocked by ap_clk  {rise@0.000ns fall@1.750ns period=3.500ns})
  Destination:            control_s_axi_U/int_block_out/mem_reg/DINADIN[13]
                            (rising edge-triggered cell RAMB18E2 clocked by ap_clk  {rise@0.000ns fall@1.750ns period=3.500ns})
  Path Group:             ap_clk
  Path Type:              Setup (Max at Slow Process Corner)
  Requirement:            3.500ns  (ap_clk rise@3.500ns - ap_clk rise@0.000ns)
  Data Path Delay:        4.022ns  (logic 1.231ns (30.610%)  route 2.791ns (69.390%))
  Logic Levels:           7  (CARRY8=4 LUT3=2 LUT6=1)
  Clock Path Skew:        0.007ns (DCD - SCD + CPR)
    Destination Clock Delay (DCD):    0.048ns = ( 3.548 - 3.500 ) 
    Source Clock Delay      (SCD):    0.041ns
    Clock Pessimism Removal (CPR):    0.000ns
  Clock Uncertainty:      0.035ns  ((TSJ^2 + TIJ^2)^1/2 + DJ) / 2 + PE
    Total System Jitter     (TSJ):    0.071ns
    Total Input Jitter      (TIJ):    0.000ns
    Discrete Jitter          (DJ):    0.000ns
    Phase Error              (PE):    0.000ns

    Location             Delay type                Incr(ns)  Path(ns)    Netlist Resource(s)
  -------------------------------------------------------------------    -------------------
                         (clock ap_clk rise edge)     0.000     0.000 r  
                                                      0.000     0.000 r  ap_clk (IN)
                         net (fo=431, unset)          0.041     0.041    ap_clk
    SLICE_X49Y86         FDRE                                         r  reg_214_reg[2]/C
  -------------------------------------------------------------------    -------------------
    SLICE_X49Y86         FDRE (Prop_BFF2_SLICEL_C_Q)
                                                      0.115     0.156 r  reg_214_reg[2]/Q
                         net (fo=7, routed)           0.348     0.504    control_s_axi_U/int_block_out/reg_238_reg[15][2]
    SLICE_X49Y85         CARRY8 (Prop_CARRY8_SLICEL_DI[2]_O[5])
                                                      0.285     0.789 r  control_s_axi_U/int_block_out/reg_238_reg[7]_i_1/O[5]
                         net (fo=5, routed)           0.179     0.968    control_s_axi_U/int_block_out/O[5]
    SLICE_X49Y84         LUT3 (Prop_H5LUT_SLICEL_I2_O)
                                                      0.220     1.188 r  control_s_axi_U/int_block_out/b_6_reg_611[7]_i_4/O
                         net (fo=1, routed)           0.464     1.652    control_s_axi_U/int_block_out/b_6_reg_611[7]_i_4_n_0
    SLICE_X48Y84         CARRY8 (Prop_CARRY8_SLICEL_DI[5]_CO[7])
                                                      0.108     1.760 r  control_s_axi_U/int_block_out/b_6_reg_611_reg[7]_i_1/CO[7]
                         net (fo=1, routed)           0.030     1.790    control_s_axi_U/int_block_out/b_6_reg_611_reg[7]_i_1_n_0
    SLICE_X48Y85         CARRY8 (Prop_CARRY8_SLICEL_CI_O[3])
                                                      0.122     1.912 r  control_s_axi_U/int_block_out/b_6_reg_611_reg[15]_i_2/O[3]
                         net (fo=4, routed)           0.463     2.375    control_s_axi_U/int_block_out/reg_214_reg[14]_0[3]
    SLICE_X50Y85         LUT3 (Prop_D6LUT_SLICEL_I2_O)
                                                      0.057     2.432 r  control_s_axi_U/int_block_out/trunc_ln11_8_reg_626[14]_i_5/O
                         net (fo=1, routed)           0.511     2.943    control_s_axi_U/int_block_out/trunc_ln11_8_reg_626[14]_i_5_n_0
    SLICE_X47Y85         CARRY8 (Prop_CARRY8_SLICEL_DI[3]_O[5])
                                                      0.268     3.211 r  control_s_axi_U/int_block_out/trunc_ln11_8_reg_626_reg[14]_i_1/O[5]
                         net (fo=2, routed)           0.555     3.766    control_s_axi_U/int_block_out/a_6_reg_581_reg[14][12]
    SLICE_X53Y81         LUT6 (Prop_D6LUT_SLICEM_I5_O)
                                                      0.056     3.822 r  control_s_axi_U/int_block_out/mem_reg_i_7__0_comp/O
                         net (fo=1, routed)           0.241     4.063    control_s_axi_U/int_block_out/mem_reg_i_7__0_n_0
    RAMB18_X2Y31         RAMB18E2                                     r  control_s_axi_U/int_block_out/mem_reg/DINADIN[13]
  -------------------------------------------------------------------    -------------------

                         (clock ap_clk rise edge)     3.500     3.500 r  
                                                      0.000     3.500 r  ap_clk (IN)
                         net (fo=431, unset)          0.048     3.548    control_s_axi_U/int_block_out/ap_clk
    RAMB18_X2Y31         RAMB18E2                                     r  control_s_axi_U/int_block_out/mem_reg/CLKBWRCLK
                         clock pessimism              0.000     3.548    
                         clock uncertainty           -0.035     3.513    
    RAMB18_X2Y31         RAMB18E2 (Setup_RAMB18E2_U_RAMB181_CLKBWRCLK_DINADIN[13])
                                                     -0.448     3.065    control_s_axi_U/int_block_out/mem_reg
  -------------------------------------------------------------------
                         required time                          3.065    
                         arrival time                          -4.063    
  -------------------------------------------------------------------
                         slack                                 -0.998    




