INFO: [HLS 200-10] For user 'diego' on host 'diego-MS-7D48' (Linux_x86_64 version 6.8.0-124-generic) on Sat Jul 11 13:45:37 CST 2026
INFO: [HLS 200-10] On os Ubuntu 22.04.5 LTS
INFO: [HLS 200-10] In directory '/home/diego/MP6160_grupo_5'
WARNING: [HLS 200-2053] The vitis_hls executable is deprecated. Consider using vitis-run --mode hls --tcl
Sourcing Tcl script '/home/diego/MP6160_grupo_5/tarea3_rgb2gray/solution1/csynth.tcl'
INFO: [HLS 200-1510] Running: source /home/diego/MP6160_grupo_5/tarea3_rgb2gray/solution1/csynth.tcl
INFO: [HLS 200-1510] Running: open_project tarea3_rgb2gray 
INFO: [HLS 200-10] Opening project '/home/diego/MP6160_grupo_5/tarea3_rgb2gray'.
INFO: [HLS 200-1510] Running: set_top rgb2gray_top 
INFO: [HLS 200-1510] Running: add_files tarea3_rgb2gray/rgb2gray_kernel.cpp 
INFO: [HLS 200-10] Adding design file 'tarea3_rgb2gray/rgb2gray_kernel.cpp' to the project
INFO: [HLS 200-1510] Running: add_files tarea3_rgb2gray/rgb2gray_kernel.h 
INFO: [HLS 200-10] Adding design file 'tarea3_rgb2gray/rgb2gray_kernel.h' to the project
INFO: [HLS 200-1510] Running: add_files -tb tarea3_rgb2gray/tb_kernel.cpp 
INFO: [HLS 200-10] Adding test bench file 'tarea3_rgb2gray/tb_kernel.cpp' to the project
INFO: [HLS 200-1510] Running: open_solution solution1 -flow_target vivado 
INFO: [HLS 200-10] Opening solution '/home/diego/MP6160_grupo_5/tarea3_rgb2gray/solution1'.
INFO: [SYN 201-201] Setting up clock 'default' with a period of 4ns.
INFO: [HLS 200-1611] Setting target device to 'xck26-sfvc784-2LV-c'
INFO: [HLS 200-1505] Using flow_target 'vivado'
Resolution: For help on HLS 200-1505 see docs.xilinx.com/access/sources/dita/topic?Doc_Version=2024.1%20English&url=ug1448-hls-guidance&resourceid=200-1505.html
INFO: [HLS 200-1510] Running: set_part xck26-sfvc784-2LV-c 
INFO: [HLS 200-1510] Running: create_clock -period 4 -name default 
INFO: [HLS 200-1510] Running: csynth_design 
INFO: [HLS 200-111] Finished File checks and directory preparation: CPU user time: 0.04 seconds. CPU system time: 0 seconds. Elapsed time: 0.05 seconds; current allocated memory: 385.945 MB.
INFO: [HLS 200-10] Analyzing design file 'tarea3_rgb2gray/rgb2gray_kernel.cpp' ... 
INFO: [HLS 200-111] Finished Source Code Analysis and Preprocessing: CPU user time: 1.82 seconds. CPU system time: 0.33 seconds. Elapsed time: 2.15 seconds; current allocated memory: 387.188 MB.
INFO: [HLS 200-777] Using interface defaults for 'Vivado' flow target.
INFO: [HLS 200-1995] There were 2,799 instructions in the design after the 'Compile/Link' phase of compilation. See the Design Size Report for more details: /home/diego/MP6160_grupo_5/tarea3_rgb2gray/solution1/syn/report/csynth_design_size.rpt
INFO: [HLS 200-1995] There were 168 instructions in the design after the 'Unroll/Inline (step 1)' phase of compilation. See the Design Size Report for more details: /home/diego/MP6160_grupo_5/tarea3_rgb2gray/solution1/syn/report/csynth_design_size.rpt
INFO: [HLS 200-1995] There were 98 instructions in the design after the 'Unroll/Inline (step 2)' phase of compilation. See the Design Size Report for more details: /home/diego/MP6160_grupo_5/tarea3_rgb2gray/solution1/syn/report/csynth_design_size.rpt
INFO: [HLS 200-1995] There were 103 instructions in the design after the 'Unroll/Inline (step 3)' phase of compilation. See the Design Size Report for more details: /home/diego/MP6160_grupo_5/tarea3_rgb2gray/solution1/syn/report/csynth_design_size.rpt
INFO: [HLS 200-1995] There were 103 instructions in the design after the 'Unroll/Inline (step 4)' phase of compilation. See the Design Size Report for more details: /home/diego/MP6160_grupo_5/tarea3_rgb2gray/solution1/syn/report/csynth_design_size.rpt
INFO: [HLS 200-1995] There were 90 instructions in the design after the 'Array/Struct (step 1)' phase of compilation. See the Design Size Report for more details: /home/diego/MP6160_grupo_5/tarea3_rgb2gray/solution1/syn/report/csynth_design_size.rpt
INFO: [HLS 200-1995] There were 90 instructions in the design after the 'Array/Struct (step 2)' phase of compilation. See the Design Size Report for more details: /home/diego/MP6160_grupo_5/tarea3_rgb2gray/solution1/syn/report/csynth_design_size.rpt
INFO: [HLS 200-1995] There were 92 instructions in the design after the 'Array/Struct (step 3)' phase of compilation. See the Design Size Report for more details: /home/diego/MP6160_grupo_5/tarea3_rgb2gray/solution1/syn/report/csynth_design_size.rpt
INFO: [HLS 200-1995] There were 110 instructions in the design after the 'Array/Struct (step 4)' phase of compilation. See the Design Size Report for more details: /home/diego/MP6160_grupo_5/tarea3_rgb2gray/solution1/syn/report/csynth_design_size.rpt
INFO: [HLS 200-1995] There were 113 instructions in the design after the 'Array/Struct (step 5)' phase of compilation. See the Design Size Report for more details: /home/diego/MP6160_grupo_5/tarea3_rgb2gray/solution1/syn/report/csynth_design_size.rpt
INFO: [HLS 200-1995] There were 113 instructions in the design after the 'Performance (step 1)' phase of compilation. See the Design Size Report for more details: /home/diego/MP6160_grupo_5/tarea3_rgb2gray/solution1/syn/report/csynth_design_size.rpt
INFO: [HLS 200-1995] There were 113 instructions in the design after the 'Performance (step 2)' phase of compilation. See the Design Size Report for more details: /home/diego/MP6160_grupo_5/tarea3_rgb2gray/solution1/syn/report/csynth_design_size.rpt
INFO: [HLS 200-1995] There were 110 instructions in the design after the 'Performance (step 3)' phase of compilation. See the Design Size Report for more details: /home/diego/MP6160_grupo_5/tarea3_rgb2gray/solution1/syn/report/csynth_design_size.rpt
INFO: [HLS 200-1995] There were 110 instructions in the design after the 'Performance (step 4)' phase of compilation. See the Design Size Report for more details: /home/diego/MP6160_grupo_5/tarea3_rgb2gray/solution1/syn/report/csynth_design_size.rpt
INFO: [HLS 200-1995] There were 107 instructions in the design after the 'HW Transforms (step 1)' phase of compilation. See the Design Size Report for more details: /home/diego/MP6160_grupo_5/tarea3_rgb2gray/solution1/syn/report/csynth_design_size.rpt
INFO: [HLS 200-1995] There were 120 instructions in the design after the 'HW Transforms (step 2)' phase of compilation. See the Design Size Report for more details: /home/diego/MP6160_grupo_5/tarea3_rgb2gray/solution1/syn/report/csynth_design_size.rpt
WARNING: [HLS 214-450] Ignore address on register port 'in_ram' (tarea3_rgb2gray/rgb2gray_kernel.cpp:17:19)
WARNING: [HLS 214-450] Ignore address on register port 'in_ram' (tarea3_rgb2gray/rgb2gray_kernel.cpp:18:19)
WARNING: [HLS 214-450] Ignore address on register port 'in_ram' (tarea3_rgb2gray/rgb2gray_kernel.cpp:19:19)
WARNING: [HLS 214-450] Ignore address on register port 'out_ram' (tarea3_rgb2gray/rgb2gray_kernel.cpp:50:13)
INFO: [HLS 214-241] Aggregating fifo (hls::stream) variable 'stream_rgb' with compact=bit mode in 24-bits (tarea3_rgb2gray/rgb2gray_kernel.cpp:61:21)
INFO: [HLS 200-111] Finished Compiling Optimization and Transform: CPU user time: 1.41 seconds. CPU system time: 0.25 seconds. Elapsed time: 6.41 seconds; current allocated memory: 397.785 MB.
INFO: [HLS 200-111] Finished Checking Pragmas: CPU user time: 0 seconds. CPU system time: 0 seconds. Elapsed time: 0 seconds; current allocated memory: 397.785 MB.
INFO: [HLS 200-10] Starting code transformations ...
INFO: [HLS 200-111] Finished Standard Transforms: CPU user time: 0.01 seconds. CPU system time: 0.01 seconds. Elapsed time: 0.01 seconds; current allocated memory: 397.852 MB.
INFO: [HLS 200-10] Checking synthesizability ...
INFO: [HLS 200-111] Finished Checking Synthesizability: CPU user time: 0.01 seconds. CPU system time: 0 seconds. Elapsed time: 0.01 seconds; current allocated memory: 397.875 MB.
INFO: [XFORM 203-712] Applying dataflow to function 'rgb2gray_top' (tarea3_rgb2gray/rgb2gray_kernel.cpp:55), detected/extracted 3 process function(s): 
	 'load_rgb'
	 'process_gray'
	 'store_gray'.
INFO: [XFORM 203-11] Balancing expressions in function 'process_gray' (tarea3_rgb2gray/rgb2gray_kernel.cpp:25:19)...3 expression(s) balanced.
INFO: [HLS 200-111] Finished Loop, function and other optimizations: CPU user time: 0.04 seconds. CPU system time: 0 seconds. Elapsed time: 0.04 seconds; current allocated memory: 419.832 MB.
INFO: [HLS 200-111] Finished Architecture Synthesis: CPU user time: 0.03 seconds. CPU system time: 0.01 seconds. Elapsed time: 0.04 seconds; current allocated memory: 467.633 MB.
INFO: [HLS 200-10] Starting hardware synthesis ...
INFO: [HLS 200-10] Synthesizing 'rgb2gray_top' ...
INFO: [HLS 200-10] ----------------------------------------------------------------
INFO: [HLS 200-42] -- Implementing module 'load_rgb_Pipeline_load_loop' 
INFO: [HLS 200-10] ----------------------------------------------------------------
INFO: [SCHED 204-11] Starting scheduling ...
INFO: [SCHED 204-61] Pipelining loop 'load_loop'.
INFO: [HLS 200-1470] Pipelining result : Target II = 1, Final II = 1, Depth = 2, loop 'load_loop'
INFO: [SCHED 204-11] Finished scheduling.
INFO: [HLS 200-111] Finished Scheduling: CPU user time: 0.02 seconds. CPU system time: 0.01 seconds. Elapsed time: 0.03 seconds; current allocated memory: 468.645 MB.
INFO: [BIND 205-100] Starting micro-architecture generation ...
INFO: [BIND 205-101] Performing variable lifetime analysis.
INFO: [BIND 205-101] Exploring resource sharing.
INFO: [BIND 205-101] Binding ...
INFO: [BIND 205-100] Finished micro-architecture generation.
INFO: [HLS 200-111] Finished Binding: CPU user time: 0.01 seconds. CPU system time: 0 seconds. Elapsed time: 0.01 seconds; current allocated memory: 468.645 MB.
INFO: [HLS 200-10] ----------------------------------------------------------------
INFO: [HLS 200-42] -- Implementing module 'load_rgb' 
INFO: [HLS 200-10] ----------------------------------------------------------------
INFO: [SCHED 204-11] Starting scheduling ...
INFO: [SCHED 204-11] Finished scheduling.
INFO: [HLS 200-111] Finished Scheduling: CPU user time: 0.01 seconds. CPU system time: 0 seconds. Elapsed time: 0.01 seconds; current allocated memory: 468.660 MB.
INFO: [BIND 205-100] Starting micro-architecture generation ...
INFO: [BIND 205-101] Performing variable lifetime analysis.
INFO: [BIND 205-101] Exploring resource sharing.
INFO: [BIND 205-101] Binding ...
INFO: [BIND 205-100] Finished micro-architecture generation.
INFO: [HLS 200-111] Finished Binding: CPU user time: 0.01 seconds. CPU system time: 0 seconds. Elapsed time: 0.01 seconds; current allocated memory: 468.660 MB.
INFO: [HLS 200-10] ----------------------------------------------------------------
INFO: [HLS 200-42] -- Implementing module 'process_gray_Pipeline_process_loop' 
INFO: [HLS 200-10] ----------------------------------------------------------------
INFO: [SCHED 204-11] Starting scheduling ...
INFO: [HLS 200-486] Changing DSP latency (root=add_ln40_2) to 3 in order to utilize available DSP registers.
INFO: [HLS 200-486] Changing DSP latency (root=add_ln40_1) to 3 in order to utilize available DSP registers.
INFO: [SCHED 204-61] Pipelining loop 'process_loop'.
INFO: [HLS 200-1470] Pipelining result : Target II = 1, Final II = 1, Depth = 6, loop 'process_loop'
INFO: [SCHED 204-11] Finished scheduling.
INFO: [HLS 200-111] Finished Scheduling: CPU user time: 0.02 seconds. CPU system time: 0 seconds. Elapsed time: 0.03 seconds; current allocated memory: 468.750 MB.
INFO: [BIND 205-100] Starting micro-architecture generation ...
INFO: [BIND 205-101] Performing variable lifetime analysis.
INFO: [BIND 205-101] Exploring resource sharing.
INFO: [BIND 205-101] Binding ...
INFO: [BIND 205-100] Finished micro-architecture generation.
INFO: [HLS 200-111] Finished Binding: CPU user time: 0.01 seconds. CPU system time: 0 seconds. Elapsed time: 0.01 seconds; current allocated memory: 468.750 MB.
INFO: [HLS 200-10] ----------------------------------------------------------------
INFO: [HLS 200-42] -- Implementing module 'process_gray' 
INFO: [HLS 200-10] ----------------------------------------------------------------
INFO: [SCHED 204-11] Starting scheduling ...
INFO: [SCHED 204-11] Finished scheduling.
INFO: [HLS 200-111] Finished Scheduling: CPU user time: 0.01 seconds. CPU system time: 0 seconds. Elapsed time: 0.01 seconds; current allocated memory: 468.777 MB.
INFO: [BIND 205-100] Starting micro-architecture generation ...
INFO: [BIND 205-101] Performing variable lifetime analysis.
INFO: [BIND 205-101] Exploring resource sharing.
INFO: [BIND 205-101] Binding ...
INFO: [BIND 205-100] Finished micro-architecture generation.
INFO: [HLS 200-111] Finished Binding: CPU user time: 0.01 seconds. CPU system time: 0 seconds. Elapsed time: 0.01 seconds; current allocated memory: 468.777 MB.
INFO: [HLS 200-10] ----------------------------------------------------------------
INFO: [HLS 200-42] -- Implementing module 'store_gray_Pipeline_store_loop' 
INFO: [HLS 200-10] ----------------------------------------------------------------
INFO: [SCHED 204-11] Starting scheduling ...
INFO: [SCHED 204-61] Pipelining loop 'store_loop'.
INFO: [HLS 200-1470] Pipelining result : Target II = 1, Final II = 1, Depth = 2, loop 'store_loop'
INFO: [SCHED 204-11] Finished scheduling.
INFO: [HLS 200-111] Finished Scheduling: CPU user time: 0.02 seconds. CPU system time: 0 seconds. Elapsed time: 0.02 seconds; current allocated memory: 468.852 MB.
INFO: [BIND 205-100] Starting micro-architecture generation ...
INFO: [BIND 205-101] Performing variable lifetime analysis.
INFO: [BIND 205-101] Exploring resource sharing.
INFO: [BIND 205-101] Binding ...
INFO: [BIND 205-100] Finished micro-architecture generation.
INFO: [HLS 200-111] Finished Binding: CPU user time: 0.01 seconds. CPU system time: 0 seconds. Elapsed time: 0.01 seconds; current allocated memory: 468.852 MB.
INFO: [HLS 200-10] ----------------------------------------------------------------
INFO: [HLS 200-42] -- Implementing module 'store_gray' 
INFO: [HLS 200-10] ----------------------------------------------------------------
INFO: [SCHED 204-11] Starting scheduling ...
INFO: [SCHED 204-11] Finished scheduling.
INFO: [HLS 200-111] Finished Scheduling: CPU user time: 0.01 seconds. CPU system time: 0 seconds. Elapsed time: 0.01 seconds; current allocated memory: 468.875 MB.
INFO: [BIND 205-100] Starting micro-architecture generation ...
INFO: [BIND 205-101] Performing variable lifetime analysis.
INFO: [BIND 205-101] Exploring resource sharing.
INFO: [BIND 205-101] Binding ...
INFO: [BIND 205-100] Finished micro-architecture generation.
INFO: [HLS 200-111] Finished Binding: CPU user time: 0.01 seconds. CPU system time: 0 seconds. Elapsed time: 0.01 seconds; current allocated memory: 468.875 MB.
INFO: [HLS 200-10] ----------------------------------------------------------------
INFO: [HLS 200-42] -- Implementing module 'rgb2gray_top' 
INFO: [HLS 200-10] ----------------------------------------------------------------
INFO: [SCHED 204-11] Starting scheduling ...
INFO: [SCHED 204-11] Finished scheduling.
INFO: [HLS 200-111] Finished Scheduling: CPU user time: 0.02 seconds. CPU system time: 0 seconds. Elapsed time: 0.02 seconds; current allocated memory: 468.875 MB.
INFO: [BIND 205-100] Starting micro-architecture generation ...
INFO: [BIND 205-101] Performing variable lifetime analysis.
INFO: [BIND 205-101] Exploring resource sharing.
INFO: [BIND 205-101] Binding ...
INFO: [BIND 205-100] Finished micro-architecture generation.
INFO: [HLS 200-111] Finished Binding: CPU user time: 0.01 seconds. CPU system time: 0.01 seconds. Elapsed time: 0.01 seconds; current allocated memory: 468.875 MB.
INFO: [HLS 200-10] ----------------------------------------------------------------
INFO: [HLS 200-10] -- Generating RTL for module 'load_rgb_Pipeline_load_loop' 
INFO: [HLS 200-10] ----------------------------------------------------------------
INFO: [HLS 200-1030] Apply Unified Pipeline Control on module 'load_rgb_Pipeline_load_loop' pipeline 'load_loop' pipeline type 'loop pipeline'
INFO: [RTGEN 206-100] Finished creating RTL model for 'load_rgb_Pipeline_load_loop'.
INFO: [HLS 200-111] Finished Creating RTL model: CPU user time: 0.01 seconds. CPU system time: 0 seconds. Elapsed time: 0.02 seconds; current allocated memory: 468.875 MB.
INFO: [HLS 200-10] ----------------------------------------------------------------
INFO: [HLS 200-10] -- Generating RTL for module 'load_rgb' 
INFO: [HLS 200-10] ----------------------------------------------------------------
INFO: [RTGEN 206-100] Finished creating RTL model for 'load_rgb'.
INFO: [HLS 200-111] Finished Creating RTL model: CPU user time: 0.03 seconds. CPU system time: 0 seconds. Elapsed time: 0.03 seconds; current allocated memory: 469.426 MB.
INFO: [HLS 200-10] ----------------------------------------------------------------
INFO: [HLS 200-10] -- Generating RTL for module 'process_gray_Pipeline_process_loop' 
INFO: [HLS 200-10] ----------------------------------------------------------------
INFO: [HLS 200-1030] Apply Unified Pipeline Control on module 'process_gray_Pipeline_process_loop' pipeline 'process_loop' pipeline type 'loop pipeline'
INFO: [RTGEN 206-100] Generating core module 'mac_muladd_12ns_8ns_15ns_20_4_1': 1 instance(s).
INFO: [RTGEN 206-100] Generating core module 'mac_muladd_13ns_8ns_23ns_23_4_1': 1 instance(s).
INFO: [RTGEN 206-100] Generating core module 'mul_8ns_16ns_23_1_1': 1 instance(s).
INFO: [RTGEN 206-100] Finished creating RTL model for 'process_gray_Pipeline_process_loop'.
INFO: [HLS 200-111] Finished Creating RTL model: CPU user time: 0.03 seconds. CPU system time: 0 seconds. Elapsed time: 0.03 seconds; current allocated memory: 470.375 MB.
INFO: [HLS 200-10] ----------------------------------------------------------------
INFO: [HLS 200-10] -- Generating RTL for module 'process_gray' 
INFO: [HLS 200-10] ----------------------------------------------------------------
INFO: [RTGEN 206-100] Finished creating RTL model for 'process_gray'.
INFO: [HLS 200-111] Finished Creating RTL model: CPU user time: 0.03 seconds. CPU system time: 0.01 seconds. Elapsed time: 0.03 seconds; current allocated memory: 471.613 MB.
INFO: [HLS 200-10] ----------------------------------------------------------------
INFO: [HLS 200-10] -- Generating RTL for module 'store_gray_Pipeline_store_loop' 
INFO: [HLS 200-10] ----------------------------------------------------------------
INFO: [HLS 200-1030] Apply Unified Pipeline Control on module 'store_gray_Pipeline_store_loop' pipeline 'store_loop' pipeline type 'loop pipeline'
INFO: [RTGEN 206-100] Finished creating RTL model for 'store_gray_Pipeline_store_loop'.
INFO: [HLS 200-111] Finished Creating RTL model: CPU user time: 0.02 seconds. CPU system time: 0 seconds. Elapsed time: 0.03 seconds; current allocated memory: 472.352 MB.
INFO: [HLS 200-10] ----------------------------------------------------------------
INFO: [HLS 200-10] -- Generating RTL for module 'store_gray' 
INFO: [HLS 200-10] ----------------------------------------------------------------
INFO: [RTGEN 206-100] Finished creating RTL model for 'store_gray'.
INFO: [HLS 200-111] Finished Creating RTL model: CPU user time: 0.02 seconds. CPU system time: 0 seconds. Elapsed time: 0.03 seconds; current allocated memory: 473.227 MB.
INFO: [HLS 200-10] ----------------------------------------------------------------
INFO: [HLS 200-10] -- Generating RTL for module 'rgb2gray_top' 
INFO: [HLS 200-10] ----------------------------------------------------------------
INFO: [RTGEN 206-500] Setting interface mode on port 'rgb2gray_top/image_in' to 'ap_none'.
INFO: [RTGEN 206-500] Setting interface mode on port 'rgb2gray_top/image_out' to 'ap_vld'.
INFO: [RTGEN 206-500] Setting interface mode on port 'rgb2gray_top/num_pixels' to 'ap_none'.
INFO: [RTGEN 206-500] Setting interface mode on function 'rgb2gray_top' to 'ap_ctrl_hs'.
INFO: [RTGEN 206-100] Finished creating RTL model for 'rgb2gray_top'.
INFO: [RTMG 210-285] Implementing FIFO 'stream_rgb_U(rgb2gray_top_fifo_w24_d16_S)' using Shift Registers.
INFO: [RTMG 210-285] Implementing FIFO 'num_pixels_c1_U(rgb2gray_top_fifo_w32_d2_S)' using Shift Registers.
INFO: [RTMG 210-285] Implementing FIFO 'stream_gray_U(rgb2gray_top_fifo_w8_d16_S)' using Shift Registers.
INFO: [RTMG 210-285] Implementing FIFO 'num_pixels_c_U(rgb2gray_top_fifo_w32_d2_S)' using Shift Registers.
INFO: [RTMG 210-285] Implementing FIFO 'start_for_process_gray_U0_U(rgb2gray_top_start_for_process_gray_U0)' using Shift Registers.
INFO: [RTMG 210-285] Implementing FIFO 'start_for_store_gray_U0_U(rgb2gray_top_start_for_store_gray_U0)' using Shift Registers.
INFO: [HLS 200-111] Finished Creating RTL model: CPU user time: 0.04 seconds. CPU system time: 0 seconds. Elapsed time: 0.04 seconds; current allocated memory: 474.336 MB.
INFO: [HLS 200-111] Finished Generating all RTL models: CPU user time: 0.11 seconds. CPU system time: 0.01 seconds. Elapsed time: 0.11 seconds; current allocated memory: 477.617 MB.
INFO: [HLS 200-111] Finished Updating report files: CPU user time: 0.17 seconds. CPU system time: 0.01 seconds. Elapsed time: 0.19 seconds; current allocated memory: 486.609 MB.
INFO: [VHDL 208-304] Generating VHDL RTL for rgb2gray_top.
INFO: [VLOG 209-307] Generating Verilog RTL for rgb2gray_top.
INFO: [HLS 200-789] **** Estimated Fmax: 342.47 MHz
INFO: [HLS 200-2161] Finished Command csynth_design Elapsed time: 00:00:09; Allocated memory: 101.043 MB.
INFO: [HLS 200-112] Total CPU user time: 5.9 seconds. Total CPU system time: 0.83 seconds. Total elapsed time: 11.32 seconds; peak allocated memory: 486.988 MB.
