#-----------------------------------------------------------
# xsim v2024.1 (64-bit)
# SW Build 5076996 on Wed May 22 18:36:09 MDT 2024
# IP Build 5075265 on Wed May 22 21:45:21 MDT 2024
# SharedData Build 5076995 on Wed May 22 18:29:18 MDT 2024
# Start of session at: Wed Jul 29 22:48:41 2026
# Process ID: 38840
# Current directory: /home/diego/MP6160_grupo_5
# Command line: xsim -mode tcl -source {xsim.dir/uvm_snapshot/xsim_script.tcl}
# Log file: /home/diego/MP6160_grupo_5/xsim.log
# Journal file: /home/diego/MP6160_grupo_5/xsim.jou
# Running On        :diego-MS-7D48
# Platform          :Ubuntu
# Operating System  :Ubuntu 22.04.5 LTS
# Processor Detail  :12th Gen Intel(R) Core(TM) i5-12400F
# CPU Frequency     :3345.085 MHz
# CPU Physical cores:6
# CPU Logical cores :12
# Host memory       :33488 MB
# Swap memory       :2147 MB
# Total Virtual     :35635 MB
# Available Virtual :30617 MB
#-----------------------------------------------------------
source xsim.dir/uvm_snapshot/xsim_script.tcl
# xsim {uvm_snapshot} -autoloadwcfg -runall
Time resolution is 1 ps
run -all
UVM_INFO /home/Vivado/2024.1/data/system_verilog/uvm_1.2/xlnx_uvm_package.sv(18601) @ 0: reporter [UVM/RELNOTES] 
----------------------------------------------------------------
UVM-1.2
(C) 2007-2014 Mentor Graphics Corporation
(C) 2007-2014 Cadence Design Systems, Inc.
(C) 2006-2014 Synopsys, Inc.
(C) 2011-2013 Cypress Semiconductor Corp.
(C) 2013-2014 NVIDIA Corporation
----------------------------------------------------------------

  ***********       IMPORTANT RELEASE NOTES         ************

  You are using a version of the UVM library that has been compiled
  with `UVM_NO_DEPRECATED undefined.

  You are using a version of the UVM library that has been compiled
  with `UVM_OBJECT_DO_NOT_NEED_CONSTRUCTOR undefined.

      (Specify +UVM_NO_RELNOTES to turn off this notice)

UVM_INFO @ 0: reporter [RNTST] Running test basic_test...
UVM_INFO /home/Vivado/2024.1/data/system_verilog/uvm_1.2/xlnx_uvm_package.sv(20867) @ 0: reporter [UVM/COMP/NAMECHECK] This implementation of the component name checks requires DPI to be enabled
UVM_INFO tb/uvm/basic_test.sv(19) @ 0: uvm_test_top.env.agent.sqr@@seq [SEQ] === Iniciando Prueba de Lectura y Escritura ===
UVM_INFO tb/uvm/axi4_monitor.sv(33) @ 35000: uvm_test_top.env.agent.mon [MON] => Visto en Bus: Peticion ESCRITURA hacia la dir 0x1000
UVM_INFO tb/uvm/axi4_monitor.sv(38) @ 45000: uvm_test_top.env.agent.mon [MON] => Visto en Bus: Dato inyectado al esclavo = 0xaaaabbbbccccdddd
UVM_INFO tb/uvm/basic_test.sv(31) @ 55000: uvm_test_top.env.agent.sqr@@seq [SEQ] Transaccion de ESCRITURA completada por el Driver
UVM_INFO tb/uvm/axi4_monitor.sv(46) @ 125000: uvm_test_top.env.agent.mon [MON] => Visto en Bus: Peticion LECTURA hacia la dir 0x2000
UVM_INFO tb/uvm/axi4_monitor.sv(51) @ 135000: uvm_test_top.env.agent.mon [MON] => Visto en Bus: El esclavo respondio con el dato = 0xdeadbeefcafeba00
UVM_INFO tb/uvm/basic_test.sv(43) @ 135000: uvm_test_top.env.agent.sqr@@seq [SEQ] Transaccion de LECTURA completada por el Driver
UVM_INFO tb/uvm/basic_test.sv(45) @ 135000: uvm_test_top.env.agent.sqr@@seq [SEQ] === Prueba Finalizada Exitosamente ===
UVM_INFO /home/Vivado/2024.1/data/system_verilog/uvm_1.2/xlnx_uvm_package.sv(19968) @ 235000: reporter [TEST_DONE] 'run' phase is ready to proceed to the 'extract' phase
UVM_INFO /home/Vivado/2024.1/data/system_verilog/uvm_1.2/xlnx_uvm_package.sv(13673) @ 235000: reporter [UVM/REPORT/SERVER] 
--- UVM Report Summary ---

** Report counts by severity
UVM_INFO :   12
UVM_WARNING :    0
UVM_ERROR :    0
UVM_FATAL :    0
** Report counts by id
[MON]     4
[RNTST]     1
[SEQ]     4
[TEST_DONE]     1
[UVM/COMP/NAMECHECK]     1
[UVM/RELNOTES]     1

$finish called at time : 235 ns : File "/home/Vivado/2024.1/data/system_verilog/uvm_1.2/xlnx_uvm_package.sv" Line 18699
exit
INFO: [Common 17-206] Exiting xsim at Wed Jul 29 22:48:43 2026...
