#-----------------------------------------------------------
# xsim v2024.1 (64-bit)
# SW Build 5076996 on Wed May 22 18:36:09 MDT 2024
# IP Build 5075265 on Wed May 22 21:45:21 MDT 2024
# SharedData Build 5076995 on Wed May 22 18:29:18 MDT 2024
# Start of session at: Wed Jul 29 22:38:34 2026
# Process ID: 37341
# Current directory: /home/diego/MP6160_grupo_5
# Command line: xsim -mode tcl -source {xsim.dir/uvm_snapshot/xsim_script.tcl}
# Log file: /home/diego/MP6160_grupo_5/xsim.log
# Journal file: /home/diego/MP6160_grupo_5/xsim.jou
# Running On        :diego-MS-7D48
# Platform          :Ubuntu
# Operating System  :Ubuntu 22.04.5 LTS
# Processor Detail  :12th Gen Intel(R) Core(TM) i5-12400F
# CPU Frequency     :2645.093 MHz
# CPU Physical cores:6
# CPU Logical cores :12
# Host memory       :33488 MB
# Swap memory       :2147 MB
# Total Virtual     :35635 MB
# Available Virtual :31398 MB
#-----------------------------------------------------------
source xsim.dir/uvm_snapshot/xsim_script.tcl
# xsim {uvm_snapshot} -autoloadwcfg -runall
Time resolution is 1 ps
run -all
UVM_INFO /home/Vivado/2024.1/data/system_verilog/uvm_1.2/xlnx_uvm_package.sv(18601) @ 0: reporter [UVM/RELNOTES] 
----------------------------------------------------------------
UVM-1.2
(C) 2007-2014 Mentor Graphics Corporation
(C) 2007-2014 Cadence Design Systems, Inc.
(C) 2006-2014 Synopsys, Inc.
(C) 2011-2013 Cypress Semiconductor Corp.
(C) 2013-2014 NVIDIA Corporation
----------------------------------------------------------------

  ***********       IMPORTANT RELEASE NOTES         ************

  You are using a version of the UVM library that has been compiled
  with `UVM_NO_DEPRECATED undefined.

  You are using a version of the UVM library that has been compiled
  with `UVM_OBJECT_DO_NOT_NEED_CONSTRUCTOR undefined.

      (Specify +UVM_NO_RELNOTES to turn off this notice)

UVM_INFO @ 0: reporter [RNTST] Running test basic_test...
UVM_INFO /home/Vivado/2024.1/data/system_verilog/uvm_1.2/xlnx_uvm_package.sv(20867) @ 0: reporter [UVM/COMP/NAMECHECK] This implementation of the component name checks requires DPI to be enabled
UVM_INFO tb/uvm/basic_test.sv(19) @ 0: uvm_test_top.env.agent.sqr@@seq [SEQ] ==> Iniciando Secuencia de Escritura de Prueba
UVM_INFO tb/uvm/axi4_monitor.sv(32) @ 35000: uvm_test_top.env.agent.mon [MON] Monitoreada Escritura a la dir: 1000
UVM_INFO tb/uvm/basic_test.sv(26) @ 85000: uvm_test_top.env.agent.sqr@@seq [SEQ] <== Secuencia Finalizada exitosamente
UVM_INFO /home/Vivado/2024.1/data/system_verilog/uvm_1.2/xlnx_uvm_package.sv(19968) @ 185000: reporter [TEST_DONE] 'run' phase is ready to proceed to the 'extract' phase
UVM_INFO /home/Vivado/2024.1/data/system_verilog/uvm_1.2/xlnx_uvm_package.sv(13673) @ 185000: reporter [UVM/REPORT/SERVER] 
--- UVM Report Summary ---

** Report counts by severity
UVM_INFO :    7
UVM_WARNING :    0
UVM_ERROR :    0
UVM_FATAL :    0
** Report counts by id
[MON]     1
[RNTST]     1
[SEQ]     2
[TEST_DONE]     1
[UVM/COMP/NAMECHECK]     1
[UVM/RELNOTES]     1

$finish called at time : 185 ns : File "/home/Vivado/2024.1/data/system_verilog/uvm_1.2/xlnx_uvm_package.sv" Line 18699
exit
INFO: [Common 17-206] Exiting xsim at Wed Jul 29 22:38:36 2026...
