Copyright 1986-2022 Xilinx, Inc. All Rights Reserved. Copyright 2022-2024 Advanced Micro Devices, Inc. All Rights Reserved.
------------------------------------------------------------------------------------------------------------------------------------------------------------------------------------------------------------------------------------------------
| Tool Version      : Vivado v.2024.1 (lin64) Build 5076996 Wed May 22 18:36:09 MDT 2024
| Date              : Thu Aug  6 02:07:30 2026
| Host              : linux running 64-bit Ubuntu 22.04.5 LTS
| Command           : report_timing -delay_type max -max_paths 1 -file ${PROJECT_ROOT}/ProyectoFinal/HLS/reports/baseline_forward/timing_sweep/3p0ns/timing_critical_path.rpt
| Design            : wht_multiplier_forward
| Device            : xck26-sfvc784
| Speed File        : -2LV  PRODUCTION 1.30 05-15-2022
| Design State      : Routed
| Temperature Grade : C
------------------------------------------------------------------------------------------------------------------------------------------------------------------------------------------------------------------------------------------------

Timing Report

Slack (VIOLATED) :        -0.320ns  (required time - arrival time)
  Source:                 control_s_axi_U/int_input_r/mem_reg/CLKBWRCLK
                            (rising edge-triggered cell RAMB36E2 clocked by ap_clk  {rise@0.000ns fall@1.500ns period=3.000ns})
  Destination:            a_9_reg_665[15]_i_2_psdsp_7/D
                            (rising edge-triggered cell FDRE clocked by ap_clk  {rise@0.000ns fall@1.500ns period=3.000ns})
  Path Group:             ap_clk
  Path Type:              Setup (Max at Slow Process Corner)
  Requirement:            3.000ns  (ap_clk rise@3.000ns - ap_clk rise@0.000ns)
  Data Path Delay:        3.254ns  (logic 2.225ns (68.387%)  route 1.029ns (31.613%))
  Logic Levels:           5  (CARRY8=3 LUT2=1 LUT4=1)
  Clock Path Skew:        -0.077ns (DCD - SCD + CPR)
    Destination Clock Delay (DCD):    0.029ns = ( 3.029 - 3.000 ) 
    Source Clock Delay      (SCD):    0.106ns
    Clock Pessimism Removal (CPR):    0.000ns
  Clock Uncertainty:      0.035ns  ((TSJ^2 + TIJ^2)^1/2 + DJ) / 2 + PE
    Total System Jitter     (TSJ):    0.071ns
    Total Input Jitter      (TIJ):    0.000ns
    Discrete Jitter          (DJ):    0.000ns
    Phase Error              (PE):    0.000ns

    Location             Delay type                Incr(ns)  Path(ns)    Netlist Resource(s)
  -------------------------------------------------------------------    -------------------
                         (clock ap_clk rise edge)     0.000     0.000 r  
                                                      0.000     0.000 r  ap_clk (IN)
                         net (fo=542, unset)          0.106     0.106    control_s_axi_U/int_input_r/ap_clk
    RAMB36_X2Y5          RAMB36E2                                     r  control_s_axi_U/int_input_r/mem_reg/CLKBWRCLK
  -------------------------------------------------------------------    -------------------
    RAMB36_X2Y5          RAMB36E2 (Prop_RAMB36E2_RAMB36_CLKBWRCLK_DOUTBDOUT[0])
                                                      1.382     1.488 r  control_s_axi_U/int_input_r/mem_reg/DOUTBDOUT[0]
                         net (fo=3, routed)           0.297     1.785    control_s_axi_U/int_input_r/int_input_r_q0[0]
    SLICE_X52Y28         LUT4 (Prop_A6LUT_SLICEL_I1_O)
                                                      0.058     1.843 r  control_s_axi_U/int_input_r/tmp_product_i_19__0/O
                         net (fo=1, routed)           0.014     1.857    control_s_axi_U/int_input_r/tmp_product_i_19__0_n_0
    SLICE_X52Y28         CARRY8 (Prop_CARRY8_SLICEL_S[0]_O[5])
                                                      0.331     2.188 r  control_s_axi_U/int_input_r/tmp_product_i_3__0/O[5]
                         net (fo=2, routed)           0.241     2.430    control_s_axi_U/int_input_r/A[5]
    SLICE_X52Y31         LUT2 (Prop_F6LUT_SLICEL_I1_O)
                                                      0.136     2.566 r  control_s_axi_U/int_input_r/trunc_ln15_5_reg_648_reg_i_14/O
                         net (fo=1, routed)           0.015     2.581    control_s_axi_U/int_input_r/trunc_ln15_5_reg_648_reg_i_14_n_0
    SLICE_X52Y31         CARRY8 (Prop_CARRY8_SLICEL_S[5]_CO[7])
                                                      0.232     2.813 r  control_s_axi_U/int_input_r/trunc_ln15_5_reg_648_reg_i_3/CO[7]
                         net (fo=1, routed)           0.030     2.843    control_s_axi_U/int_input_r/trunc_ln15_5_reg_648_reg_i_3_n_0
    SLICE_X52Y32         CARRY8 (Prop_CARRY8_SLICEL_CI_O[0])
                                                      0.086     2.929 r  control_s_axi_U/int_input_r/trunc_ln15_5_reg_648_reg_i_2/O[0]
                         net (fo=4, routed)           0.431     3.360    grp_fu_260_p2[8]
    SLICE_X52Y33         FDRE                                         r  a_9_reg_665[15]_i_2_psdsp_7/D
  -------------------------------------------------------------------    -------------------

                         (clock ap_clk rise edge)     3.000     3.000 r  
                                                      0.000     3.000 r  ap_clk (IN)
                         net (fo=542, unset)          0.029     3.029    ap_clk
    SLICE_X52Y33         FDRE                                         r  a_9_reg_665[15]_i_2_psdsp_7/C
                         clock pessimism              0.000     3.029    
                         clock uncertainty           -0.035     2.994    
    SLICE_X52Y33         FDRE (Setup_DFF2_SLICEL_C_D)
                                                      0.046     3.040    a_9_reg_665[15]_i_2_psdsp_7
  -------------------------------------------------------------------
                         required time                          3.040    
                         arrival time                          -3.360    
  -------------------------------------------------------------------
                         slack                                 -0.320    




