

================================================================
== Vitis HLS Report for 'process_gray'
================================================================
* Date:           Mon Jul 20 18:48:37 2026

* Version:        2024.1 (Build 5069499 on May 21 2024)
* Project:        rgb2gray_hls
* Solution:       solution (Vitis Kernel Flow Target)
* Product family: versalaicore
* Target device:  xcvc1902-vsva2197-2MP-e-S


================================================================
== Performance Estimates
================================================================
+ Timing: 
    * Summary: 
    +--------+---------+----------+------------+
    |  Clock |  Target | Estimated| Uncertainty|
    +--------+---------+----------+------------+
    |ap_clk  |  4.00 ns|  2.807 ns|     1.08 ns|
    +--------+---------+----------+------------+

+ Latency: 
    * Summary: 
    +---------+---------+----------+----------+-----+-----+---------+
    |  Latency (cycles) |  Latency (absolute) |  Interval | Pipeline|
    |   min   |   max   |    min   |    max   | min | max |   Type  |
    +---------+---------+----------+----------+-----+-----+---------+
    |        ?|        ?|         ?|         ?|    ?|    ?|       no|
    +---------+---------+----------+----------+-----+-----+---------+

    + Detail: 
        * Instance: 
        +----------------------------------------------+------------------------------------+---------+---------+----------+----------+-----+-----+-----------------------------------------------+
        |                                              |                                    |  Latency (cycles) |  Latency (absolute) |  Interval |                    Pipeline                   |
        |                   Instance                   |               Module               |   min   |   max   |    min   |    max   | min | max |                      Type                     |
        +----------------------------------------------+------------------------------------+---------+---------+----------+----------+-----+-----+-----------------------------------------------+
        |grp_process_gray_Pipeline_process_loop_fu_50  |process_gray_Pipeline_process_loop  |        ?|        ?|         ?|         ?|    0|    0|  loop auto-rewind stp(delay=0 clock cycles(s))|
        +----------------------------------------------+------------------------------------+---------+---------+----------+----------+-----+-----+-----------------------------------------------+

        * Loop: 
        N/A



================================================================
== Utilization Estimates
================================================================
* Summary: 
+-----------------+---------+------+---------+--------+-----+
|       Name      | BRAM_18K|  DSP |    FF   |   LUT  | URAM|
+-----------------+---------+------+---------+--------+-----+
|DSP              |        -|     -|        -|       -|    -|
|Expression       |        -|     -|        0|       2|    -|
|FIFO             |        -|     -|        -|       -|    -|
|Instance         |        -|     4|       63|     145|    -|
|Memory           |        -|     -|        -|       -|    -|
|Multiplexer      |        -|     -|        0|      48|    -|
|Register         |        -|     -|       37|       -|    -|
+-----------------+---------+------+---------+--------+-----+
|Total            |        0|     4|      100|     195|    0|
+-----------------+---------+------+---------+--------+-----+
|Available        |     1934|  1968|  1799680|  899840|  463|
+-----------------+---------+------+---------+--------+-----+
|Utilization (%)  |        0|    ~0|       ~0|      ~0|    0|
+-----------------+---------+------+---------+--------+-----+

+ Detail: 
    * Instance: 
    +----------------------------------------------+------------------------------------+---------+----+----+-----+-----+
    |                   Instance                   |               Module               | BRAM_18K| DSP| FF | LUT | URAM|
    +----------------------------------------------+------------------------------------+---------+----+----+-----+-----+
    |grp_process_gray_Pipeline_process_loop_fu_50  |process_gray_Pipeline_process_loop  |        0|   4|  63|  145|    0|
    +----------------------------------------------+------------------------------------+---------+----+----+-----+-----+
    |Total                                         |                                    |        0|   4|  63|  145|    0|
    +----------------------------------------------+------------------------------------+---------+----+----+-----+-----+

    * DSP: 
    N/A

    * Memory: 
    N/A

    * FIFO: 
    N/A

    * Expression: 
    +-----------------+----------+----+---+----+------------+------------+
    |  Variable Name  | Operation| DSP| FF| LUT| Bitwidth P0| Bitwidth P1|
    +-----------------+----------+----+---+----+------------+------------+
    |ap_block_state1  |        or|   0|  0|   2|           1|           1|
    +-----------------+----------+----+---+----+------------+------------+
    |Total            |          |   0|  0|   2|           1|           1|
    +-----------------+----------+----+---+----+------------+------------+

    * Multiplexer: 
    +--------------------+----+-----------+-----+-----------+
    |        Name        | LUT| Input Size| Bits| Total Bits|
    +--------------------+----+-----------+-----+-----------+
    |ap_NS_fsm           |   8|          4|    1|          4|
    |ap_done             |   8|          2|    1|          2|
    |num_pixels_blk_n    |   8|          2|    1|          2|
    |num_pixels_c_blk_n  |   8|          2|    1|          2|
    |stream_gray_write   |   8|          2|    1|          2|
    |stream_rgb_read     |   8|          2|    1|          2|
    +--------------------+----+-----------+-----+-----------+
    |Total               |  48|         14|    6|         14|
    +--------------------+----+-----------+-----+-----------+

    * Register: 
    +-----------------------------------------------------------+----+----+-----+-----------+
    |                            Name                           | FF | LUT| Bits| Const Bits|
    +-----------------------------------------------------------+----+----+-----+-----------+
    |ap_CS_fsm                                                  |   3|   0|    3|          0|
    |ap_done_reg                                                |   1|   0|    1|          0|
    |grp_process_gray_Pipeline_process_loop_fu_50_ap_start_reg  |   1|   0|    1|          0|
    |num_pixels_read_reg_65                                     |  32|   0|   32|          0|
    +-----------------------------------------------------------+----+----+-----+-----------+
    |Total                                                      |  37|   0|   37|          0|
    +-----------------------------------------------------------+----+----+-----+-----------+



================================================================
== Interface
================================================================
* Summary: 
+-----------------------------+-----+-----+------------+--------------+--------------+
|          RTL Ports          | Dir | Bits|  Protocol  | Source Object|    C Type    |
+-----------------------------+-----+-----+------------+--------------+--------------+
|ap_clk                       |   in|    1|  ap_ctrl_hs|  process_gray|  return value|
|ap_rst                       |   in|    1|  ap_ctrl_hs|  process_gray|  return value|
|ap_start                     |   in|    1|  ap_ctrl_hs|  process_gray|  return value|
|ap_done                      |  out|    1|  ap_ctrl_hs|  process_gray|  return value|
|ap_continue                  |   in|    1|  ap_ctrl_hs|  process_gray|  return value|
|ap_idle                      |  out|    1|  ap_ctrl_hs|  process_gray|  return value|
|ap_ready                     |  out|    1|  ap_ctrl_hs|  process_gray|  return value|
|stream_rgb_dout              |   in|   24|     ap_fifo|    stream_rgb|       pointer|
|stream_rgb_num_data_valid    |   in|    5|     ap_fifo|    stream_rgb|       pointer|
|stream_rgb_fifo_cap          |   in|    5|     ap_fifo|    stream_rgb|       pointer|
|stream_rgb_empty_n           |   in|    1|     ap_fifo|    stream_rgb|       pointer|
|stream_rgb_read              |  out|    1|     ap_fifo|    stream_rgb|       pointer|
|stream_gray_din              |  out|    8|     ap_fifo|   stream_gray|       pointer|
|stream_gray_num_data_valid   |   in|    5|     ap_fifo|   stream_gray|       pointer|
|stream_gray_fifo_cap         |   in|    5|     ap_fifo|   stream_gray|       pointer|
|stream_gray_full_n           |   in|    1|     ap_fifo|   stream_gray|       pointer|
|stream_gray_write            |  out|    1|     ap_fifo|   stream_gray|       pointer|
|num_pixels_dout              |   in|   32|     ap_fifo|    num_pixels|       pointer|
|num_pixels_num_data_valid    |   in|    3|     ap_fifo|    num_pixels|       pointer|
|num_pixels_fifo_cap          |   in|    3|     ap_fifo|    num_pixels|       pointer|
|num_pixels_empty_n           |   in|    1|     ap_fifo|    num_pixels|       pointer|
|num_pixels_read              |  out|    1|     ap_fifo|    num_pixels|       pointer|
|num_pixels_c_din             |  out|   32|     ap_fifo|  num_pixels_c|       pointer|
|num_pixels_c_num_data_valid  |   in|    3|     ap_fifo|  num_pixels_c|       pointer|
|num_pixels_c_fifo_cap        |   in|    3|     ap_fifo|  num_pixels_c|       pointer|
|num_pixels_c_full_n          |   in|    1|     ap_fifo|  num_pixels_c|       pointer|
|num_pixels_c_write           |  out|    1|     ap_fifo|  num_pixels_c|       pointer|
+-----------------------------+-----+-----+------------+--------------+--------------+

