

================================================================
== Vitis HLS Report for 'store_gray'
================================================================
* Date:           Mon Jul 20 18:48:38 2026

* Version:        2024.1 (Build 5069499 on May 21 2024)
* Project:        rgb2gray_hls
* Solution:       solution (Vitis Kernel Flow Target)
* Product family: versalaicore
* Target device:  xcvc1902-vsva2197-2MP-e-S


================================================================
== Performance Estimates
================================================================
+ Timing: 
    * Summary: 
    +--------+---------+----------+------------+
    |  Clock |  Target | Estimated| Uncertainty|
    +--------+---------+----------+------------+
    |ap_clk  |  4.00 ns|  2.920 ns|     1.08 ns|
    +--------+---------+----------+------------+

+ Latency: 
    * Summary: 
    +---------+---------+----------+----------+-----+-----+------------------------------------------+
    |  Latency (cycles) |  Latency (absolute) |  Interval |                 Pipeline                 |
    |   min   |   max   |    min   |    max   | min | max |                   Type                   |
    +---------+---------+----------+----------+-----+-----+------------------------------------------+
    |        ?|        ?|         ?|         ?|    0|    0|  loop rewind stp(delay=0 clock cycles(s))|
    +---------+---------+----------+----------+-----+-----+------------------------------------------+

    + Detail: 
        * Instance: 
        N/A

        * Loop: 
        +--------------+---------+---------+----------+-----------+-----------+------+----------+
        |              |  Latency (cycles) | Iteration|  Initiation Interval  | Trip |          |
        |   Loop Name  |   min   |   max   |  Latency |  achieved |   target  | Count| Pipelined|
        +--------------+---------+---------+----------+-----------+-----------+------+----------+
        |- store_loop  |        ?|        ?|        77|          1|          1|     ?|       yes|
        +--------------+---------+---------+----------+-----------+-----------+------+----------+



================================================================
== Utilization Estimates
================================================================
* Summary: 
+-----------------+---------+------+---------+--------+-----+
|       Name      | BRAM_18K|  DSP |    FF   |   LUT  | URAM|
+-----------------+---------+------+---------+--------+-----+
|DSP              |        -|     -|        -|       -|    -|
|Expression       |        -|     -|        0|     163|    -|
|FIFO             |        -|     -|        -|       -|    -|
|Instance         |        -|     -|        -|       -|    -|
|Memory           |        -|     -|        -|       -|    -|
|Multiplexer      |        -|     -|        0|     352|    -|
|Register         |        -|     -|      307|      10|    -|
+-----------------+---------+------+---------+--------+-----+
|Total            |        0|     0|      307|     525|    0|
+-----------------+---------+------+---------+--------+-----+
|Available        |     1934|  1968|  1799680|  899840|  463|
+-----------------+---------+------+---------+--------+-----+
|Utilization (%)  |        0|     0|       ~0|      ~0|    0|
+-----------------+---------+------+---------+--------+-----+

+ Detail: 
    * Instance: 
    N/A

    * DSP: 
    N/A

    * Memory: 
    N/A

    * FIFO: 
    N/A

    * Expression: 
    +------------------------------------+----------+----+---+----+------------+------------+
    |            Variable Name           | Operation| DSP| FF| LUT| Bitwidth P0| Bitwidth P1|
    +------------------------------------+----------+----+---+----+------------+------------+
    |add_ln90_fu_237_p2                  |         +|   0|  0|  32|          32|           1|
    |add_ln95_fu_266_p2                  |         +|   0|  0|  64|          64|          64|
    |out_addr_fu_249_p2                  |         +|   0|  0|  32|          32|          32|
    |ap_block_state3_io                  |       and|   0|  0|   2|           1|           1|
    |ap_block_state4_io                  |       and|   0|  0|   2|           1|           1|
    |ap_block_state4_pp0_stage0_iter2    |       and|   0|  0|   2|           1|           1|
    |ap_block_state78_pp0_stage0_iter76  |       and|   0|  0|   2|           1|           1|
    |ap_condition_170                    |       and|   0|  0|   2|           1|           1|
    |ap_condition_184                    |       and|   0|  0|   2|           1|           1|
    |icmp_ln90_fu_243_p2                 |      icmp|   0|  0|  13|          32|          32|
    |ap_block_pp0_stage0_01001           |        or|   0|  0|   2|           1|           1|
    |ap_block_pp0_stage0_11001           |        or|   0|  0|   2|           1|           1|
    |ap_block_state1                     |        or|   0|  0|   2|           1|           1|
    |ap_block_state2_pp0_stage0_iter0    |        or|   0|  0|   2|           1|           1|
    |ap_enable_pp0                       |       xor|   0|  0|   2|           1|           2|
    +------------------------------------+----------+----+---+----+------------+------------+
    |Total                               |          |   0|  0| 163|         171|         141|
    +------------------------------------+----------+----+---+----+------------+------------+

    * Multiplexer: 
    +----------------------------------------------+----+-----------+-----+-----------+
    |                     Name                     | LUT| Input Size| Bits| Total Bits|
    +----------------------------------------------+----+-----------+-----+-----------+
    |addr_out_blk_n                                |   8|          2|    1|          2|
    |addr_out_load_phi_reg_205                     |  32|          3|   32|         96|
    |ap_NS_fsm                                     |   8|          3|    1|          3|
    |ap_done                                       |   8|          2|    1|          2|
    |ap_enable_reg_pp0_iter1                       |   8|          2|    1|          2|
    |ap_enable_reg_pp0_iter76                      |   8|          2|    1|          2|
    |ap_phi_mux_addr_out_load_phi_phi_fu_209_p4    |  32|          3|   32|         96|
    |ap_phi_mux_do_init_phi_fu_124_p6              |   8|          3|    1|          3|
    |ap_phi_mux_i_phi_fu_182_p6                    |  32|          3|   32|         96|
    |ap_phi_mux_num_pixels_load_phi_phi_fu_222_p4  |  32|          3|   32|         96|
    |gmem_out_blk_n_AW                             |   8|          2|    1|          2|
    |gmem_out_blk_n_B                              |   8|          2|    1|          2|
    |gmem_out_blk_n_W                              |   8|          2|    1|          2|
    |i_reg_178                                     |  32|          2|   32|         64|
    |m_axi_out_1_phi_reg_192                       |  64|          3|   64|        192|
    |m_axi_out_blk_n                               |   8|          2|    1|          2|
    |num_pixels_blk_n                              |   8|          2|    1|          2|
    |num_pixels_load_phi_reg_218                   |  32|          3|   32|         96|
    |stream_gray_blk_n                             |   8|          2|    1|          2|
    +----------------------------------------------+----+-----------+-----+-----------+
    |Total                                         | 352|         46|  268|        762|
    +----------------------------------------------+----+-----------+-----+-----------+

    * Register: 
    +-----------------------------+----+----+-----+-----------+
    |             Name            | FF | LUT| Bits| Const Bits|
    +-----------------------------+----+----+-----+-----------+
    |add_ln90_reg_306             |  32|   0|   32|          0|
    |addr_out_load_phi_reg_205    |  32|   0|   32|          0|
    |ap_CS_fsm                    |   2|   0|    2|          0|
    |ap_done_reg                  |   1|   0|    1|          0|
    |ap_enable_reg_pp0_iter1      |   1|   0|    1|          0|
    |ap_enable_reg_pp0_iter10     |   1|   0|    1|          0|
    |ap_enable_reg_pp0_iter11     |   1|   0|    1|          0|
    |ap_enable_reg_pp0_iter12     |   1|   0|    1|          0|
    |ap_enable_reg_pp0_iter13     |   1|   0|    1|          0|
    |ap_enable_reg_pp0_iter14     |   1|   0|    1|          0|
    |ap_enable_reg_pp0_iter15     |   1|   0|    1|          0|
    |ap_enable_reg_pp0_iter16     |   1|   0|    1|          0|
    |ap_enable_reg_pp0_iter17     |   1|   0|    1|          0|
    |ap_enable_reg_pp0_iter18     |   1|   0|    1|          0|
    |ap_enable_reg_pp0_iter19     |   1|   0|    1|          0|
    |ap_enable_reg_pp0_iter2      |   1|   0|    1|          0|
    |ap_enable_reg_pp0_iter20     |   1|   0|    1|          0|
    |ap_enable_reg_pp0_iter21     |   1|   0|    1|          0|
    |ap_enable_reg_pp0_iter22     |   1|   0|    1|          0|
    |ap_enable_reg_pp0_iter23     |   1|   0|    1|          0|
    |ap_enable_reg_pp0_iter24     |   1|   0|    1|          0|
    |ap_enable_reg_pp0_iter25     |   1|   0|    1|          0|
    |ap_enable_reg_pp0_iter26     |   1|   0|    1|          0|
    |ap_enable_reg_pp0_iter27     |   1|   0|    1|          0|
    |ap_enable_reg_pp0_iter28     |   1|   0|    1|          0|
    |ap_enable_reg_pp0_iter29     |   1|   0|    1|          0|
    |ap_enable_reg_pp0_iter3      |   1|   0|    1|          0|
    |ap_enable_reg_pp0_iter30     |   1|   0|    1|          0|
    |ap_enable_reg_pp0_iter31     |   1|   0|    1|          0|
    |ap_enable_reg_pp0_iter32     |   1|   0|    1|          0|
    |ap_enable_reg_pp0_iter33     |   1|   0|    1|          0|
    |ap_enable_reg_pp0_iter34     |   1|   0|    1|          0|
    |ap_enable_reg_pp0_iter35     |   1|   0|    1|          0|
    |ap_enable_reg_pp0_iter36     |   1|   0|    1|          0|
    |ap_enable_reg_pp0_iter37     |   1|   0|    1|          0|
    |ap_enable_reg_pp0_iter38     |   1|   0|    1|          0|
    |ap_enable_reg_pp0_iter39     |   1|   0|    1|          0|
    |ap_enable_reg_pp0_iter4      |   1|   0|    1|          0|
    |ap_enable_reg_pp0_iter40     |   1|   0|    1|          0|
    |ap_enable_reg_pp0_iter41     |   1|   0|    1|          0|
    |ap_enable_reg_pp0_iter42     |   1|   0|    1|          0|
    |ap_enable_reg_pp0_iter43     |   1|   0|    1|          0|
    |ap_enable_reg_pp0_iter44     |   1|   0|    1|          0|
    |ap_enable_reg_pp0_iter45     |   1|   0|    1|          0|
    |ap_enable_reg_pp0_iter46     |   1|   0|    1|          0|
    |ap_enable_reg_pp0_iter47     |   1|   0|    1|          0|
    |ap_enable_reg_pp0_iter48     |   1|   0|    1|          0|
    |ap_enable_reg_pp0_iter49     |   1|   0|    1|          0|
    |ap_enable_reg_pp0_iter5      |   1|   0|    1|          0|
    |ap_enable_reg_pp0_iter50     |   1|   0|    1|          0|
    |ap_enable_reg_pp0_iter51     |   1|   0|    1|          0|
    |ap_enable_reg_pp0_iter52     |   1|   0|    1|          0|
    |ap_enable_reg_pp0_iter53     |   1|   0|    1|          0|
    |ap_enable_reg_pp0_iter54     |   1|   0|    1|          0|
    |ap_enable_reg_pp0_iter55     |   1|   0|    1|          0|
    |ap_enable_reg_pp0_iter56     |   1|   0|    1|          0|
    |ap_enable_reg_pp0_iter57     |   1|   0|    1|          0|
    |ap_enable_reg_pp0_iter58     |   1|   0|    1|          0|
    |ap_enable_reg_pp0_iter59     |   1|   0|    1|          0|
    |ap_enable_reg_pp0_iter6      |   1|   0|    1|          0|
    |ap_enable_reg_pp0_iter60     |   1|   0|    1|          0|
    |ap_enable_reg_pp0_iter61     |   1|   0|    1|          0|
    |ap_enable_reg_pp0_iter62     |   1|   0|    1|          0|
    |ap_enable_reg_pp0_iter63     |   1|   0|    1|          0|
    |ap_enable_reg_pp0_iter64     |   1|   0|    1|          0|
    |ap_enable_reg_pp0_iter65     |   1|   0|    1|          0|
    |ap_enable_reg_pp0_iter66     |   1|   0|    1|          0|
    |ap_enable_reg_pp0_iter67     |   1|   0|    1|          0|
    |ap_enable_reg_pp0_iter68     |   1|   0|    1|          0|
    |ap_enable_reg_pp0_iter69     |   1|   0|    1|          0|
    |ap_enable_reg_pp0_iter7      |   1|   0|    1|          0|
    |ap_enable_reg_pp0_iter70     |   1|   0|    1|          0|
    |ap_enable_reg_pp0_iter71     |   1|   0|    1|          0|
    |ap_enable_reg_pp0_iter72     |   1|   0|    1|          0|
    |ap_enable_reg_pp0_iter73     |   1|   0|    1|          0|
    |ap_enable_reg_pp0_iter74     |   1|   0|    1|          0|
    |ap_enable_reg_pp0_iter75     |   1|   0|    1|          0|
    |ap_enable_reg_pp0_iter76     |   1|   0|    1|          0|
    |ap_enable_reg_pp0_iter8      |   1|   0|    1|          0|
    |ap_enable_reg_pp0_iter9      |   1|   0|    1|          0|
    |do_init_reg_120              |   1|   0|    1|          0|
    |i_reg_178                    |  32|   0|   32|          0|
    |icmp_ln90_reg_311            |   1|   0|    1|          0|
    |m_axi_out_1_phi_reg_192      |  64|   0|   64|          0|
    |num_pixels_load_phi_reg_218  |  32|   0|   32|          0|
    |out_addr_reg_315             |  32|   0|   32|          0|
    |icmp_ln90_reg_311            |   2|  10|    1|          0|
    +-----------------------------+----+----+-----+-----------+
    |Total                        | 307|  10|  306|          0|
    +-----------------------------+----+----+-----+-----------+



================================================================
== Interface
================================================================
* Summary: 
+----------------------------+-----+-----+------------+--------------+--------------+
|          RTL Ports         | Dir | Bits|  Protocol  | Source Object|    C Type    |
+----------------------------+-----+-----+------------+--------------+--------------+
|ap_clk                      |   in|    1|  ap_ctrl_hs|    store_gray|  return value|
|ap_rst                      |   in|    1|  ap_ctrl_hs|    store_gray|  return value|
|ap_start                    |   in|    1|  ap_ctrl_hs|    store_gray|  return value|
|ap_done                     |  out|    1|  ap_ctrl_hs|    store_gray|  return value|
|ap_continue                 |   in|    1|  ap_ctrl_hs|    store_gray|  return value|
|ap_idle                     |  out|    1|  ap_ctrl_hs|    store_gray|  return value|
|ap_ready                    |  out|    1|  ap_ctrl_hs|    store_gray|  return value|
|num_pixels_dout             |   in|   32|     ap_fifo|    num_pixels|       pointer|
|num_pixels_num_data_valid   |   in|    3|     ap_fifo|    num_pixels|       pointer|
|num_pixels_fifo_cap         |   in|    3|     ap_fifo|    num_pixels|       pointer|
|num_pixels_empty_n          |   in|    1|     ap_fifo|    num_pixels|       pointer|
|num_pixels_read             |  out|    1|     ap_fifo|    num_pixels|       pointer|
|addr_out_dout               |   in|   32|     ap_fifo|      addr_out|       pointer|
|addr_out_num_data_valid     |   in|    3|     ap_fifo|      addr_out|       pointer|
|addr_out_fifo_cap           |   in|    3|     ap_fifo|      addr_out|       pointer|
|addr_out_empty_n            |   in|    1|     ap_fifo|      addr_out|       pointer|
|addr_out_read               |  out|    1|     ap_fifo|      addr_out|       pointer|
|m_axi_out_dout              |   in|   64|     ap_fifo|     m_axi_out|       pointer|
|m_axi_out_num_data_valid    |   in|    3|     ap_fifo|     m_axi_out|       pointer|
|m_axi_out_fifo_cap          |   in|    3|     ap_fifo|     m_axi_out|       pointer|
|m_axi_out_empty_n           |   in|    1|     ap_fifo|     m_axi_out|       pointer|
|m_axi_out_read              |  out|    1|     ap_fifo|     m_axi_out|       pointer|
|m_axi_gmem_out_AWVALID      |  out|    1|       m_axi|      gmem_out|       pointer|
|m_axi_gmem_out_AWREADY      |   in|    1|       m_axi|      gmem_out|       pointer|
|m_axi_gmem_out_AWADDR       |  out|   64|       m_axi|      gmem_out|       pointer|
|m_axi_gmem_out_AWID         |  out|    1|       m_axi|      gmem_out|       pointer|
|m_axi_gmem_out_AWLEN        |  out|   32|       m_axi|      gmem_out|       pointer|
|m_axi_gmem_out_AWSIZE       |  out|    3|       m_axi|      gmem_out|       pointer|
|m_axi_gmem_out_AWBURST      |  out|    2|       m_axi|      gmem_out|       pointer|
|m_axi_gmem_out_AWLOCK       |  out|    2|       m_axi|      gmem_out|       pointer|
|m_axi_gmem_out_AWCACHE      |  out|    4|       m_axi|      gmem_out|       pointer|
|m_axi_gmem_out_AWPROT       |  out|    3|       m_axi|      gmem_out|       pointer|
|m_axi_gmem_out_AWQOS        |  out|    4|       m_axi|      gmem_out|       pointer|
|m_axi_gmem_out_AWREGION     |  out|    4|       m_axi|      gmem_out|       pointer|
|m_axi_gmem_out_AWUSER       |  out|    1|       m_axi|      gmem_out|       pointer|
|m_axi_gmem_out_WVALID       |  out|    1|       m_axi|      gmem_out|       pointer|
|m_axi_gmem_out_WREADY       |   in|    1|       m_axi|      gmem_out|       pointer|
|m_axi_gmem_out_WDATA        |  out|   32|       m_axi|      gmem_out|       pointer|
|m_axi_gmem_out_WSTRB        |  out|    4|       m_axi|      gmem_out|       pointer|
|m_axi_gmem_out_WLAST        |  out|    1|       m_axi|      gmem_out|       pointer|
|m_axi_gmem_out_WID          |  out|    1|       m_axi|      gmem_out|       pointer|
|m_axi_gmem_out_WUSER        |  out|    1|       m_axi|      gmem_out|       pointer|
|m_axi_gmem_out_ARVALID      |  out|    1|       m_axi|      gmem_out|       pointer|
|m_axi_gmem_out_ARREADY      |   in|    1|       m_axi|      gmem_out|       pointer|
|m_axi_gmem_out_ARADDR       |  out|   64|       m_axi|      gmem_out|       pointer|
|m_axi_gmem_out_ARID         |  out|    1|       m_axi|      gmem_out|       pointer|
|m_axi_gmem_out_ARLEN        |  out|   32|       m_axi|      gmem_out|       pointer|
|m_axi_gmem_out_ARSIZE       |  out|    3|       m_axi|      gmem_out|       pointer|
|m_axi_gmem_out_ARBURST      |  out|    2|       m_axi|      gmem_out|       pointer|
|m_axi_gmem_out_ARLOCK       |  out|    2|       m_axi|      gmem_out|       pointer|
|m_axi_gmem_out_ARCACHE      |  out|    4|       m_axi|      gmem_out|       pointer|
|m_axi_gmem_out_ARPROT       |  out|    3|       m_axi|      gmem_out|       pointer|
|m_axi_gmem_out_ARQOS        |  out|    4|       m_axi|      gmem_out|       pointer|
|m_axi_gmem_out_ARREGION     |  out|    4|       m_axi|      gmem_out|       pointer|
|m_axi_gmem_out_ARUSER       |  out|    1|       m_axi|      gmem_out|       pointer|
|m_axi_gmem_out_RVALID       |   in|    1|       m_axi|      gmem_out|       pointer|
|m_axi_gmem_out_RREADY       |  out|    1|       m_axi|      gmem_out|       pointer|
|m_axi_gmem_out_RDATA        |   in|   32|       m_axi|      gmem_out|       pointer|
|m_axi_gmem_out_RLAST        |   in|    1|       m_axi|      gmem_out|       pointer|
|m_axi_gmem_out_RID          |   in|    1|       m_axi|      gmem_out|       pointer|
|m_axi_gmem_out_RFIFONUM     |   in|    9|       m_axi|      gmem_out|       pointer|
|m_axi_gmem_out_RUSER        |   in|    1|       m_axi|      gmem_out|       pointer|
|m_axi_gmem_out_RRESP        |   in|    2|       m_axi|      gmem_out|       pointer|
|m_axi_gmem_out_BVALID       |   in|    1|       m_axi|      gmem_out|       pointer|
|m_axi_gmem_out_BREADY       |  out|    1|       m_axi|      gmem_out|       pointer|
|m_axi_gmem_out_BRESP        |   in|    2|       m_axi|      gmem_out|       pointer|
|m_axi_gmem_out_BID          |   in|    1|       m_axi|      gmem_out|       pointer|
|m_axi_gmem_out_BUSER        |   in|    1|       m_axi|      gmem_out|       pointer|
|stream_gray_dout            |   in|    8|     ap_fifo|   stream_gray|       pointer|
|stream_gray_num_data_valid  |   in|    5|     ap_fifo|   stream_gray|       pointer|
|stream_gray_fifo_cap        |   in|    5|     ap_fifo|   stream_gray|       pointer|
|stream_gray_empty_n         |   in|    1|     ap_fifo|   stream_gray|       pointer|
|stream_gray_read            |  out|    1|     ap_fifo|   stream_gray|       pointer|
+----------------------------+-----+-----+------------+--------------+--------------+

