#-----------------------------------------------------------
# xsim v2024.1 (64-bit)
# SW Build 5076996 on Wed May 22 18:36:09 MDT 2024
# IP Build 5075265 on Wed May 22 21:45:21 MDT 2024
# SharedData Build 5076995 on Wed May 22 18:29:18 MDT 2024
# Start of session at: Sat Jul 25 23:31:23 2026
# Process ID: 49558
# Current directory: /home/shark/Documents/MP6160_grupo_5-tarea3/tarea3_integracion/build_cosim_final
# Command line: xsim -mode tcl -source {xsim.dir/systemc_dpi_cosim_sim/xsim_script.tcl}
# Log file: /home/shark/Documents/MP6160_grupo_5-tarea3/tarea3_integracion/build_cosim_final/xsim.log
# Journal file: /home/shark/Documents/MP6160_grupo_5-tarea3/tarea3_integracion/build_cosim_final/xsim.jou
# Running On        :linux
# Platform          :Ubuntu
# Operating System  :Ubuntu 22.04.5 LTS
# Processor Detail  :AMD Ryzen 9 3950X 16-Core Processor
# CPU Frequency     :3493.448 MHz
# CPU Physical cores:8
# CPU Logical cores :8
# Host memory       :16769 MB
# Swap memory       :2147 MB
# Total Virtual     :18916 MB
# Available Virtual :14642 MB
#-----------------------------------------------------------
source xsim.dir/systemc_dpi_cosim_sim/xsim_script.tcl
# xsim {systemc_dpi_cosim_sim} -autoloadwcfg -runall
Time resolution is 1 ps
run -all
[SYSTEMC DPI] Controlador cooperativo creado.

========================================
 INTEGRACION DPI + AXI COOPERATIVA
========================================
[TEST] Salida gris: 0 255 54 182
[TEST] ACCELERATOR_ADAPTER_PASS
[SYSTEMC DPI] Controlador destruido.

======================================
 RESET AXI FINALIZADO
======================================

======================================
 INICIANDO CONTROLADOR DPI COOPERATIVO
======================================

======================================
 INTEGRACION FINALIZADA CORRECTAMENTE
======================================
$finish called at time : 425 ns : File "/home/shark/Documents/MP6160_grupo_5-tarea3/tarea3_integracion/sv/tb_systemc_dpi_step_launcher.sv" Line 67
exit
INFO: [Common 17-206] Exiting xsim at Sat Jul 25 23:31:32 2026...
