==============================================================
Vitis HLS - High-Level Synthesis from C, C++ and OpenCL v2024.1 (64-bit)
Tool Version Limit: 2024.05
Copyright 1986-2022 Xilinx, Inc. All Rights Reserved.
Copyright 2022-2024 Advanced Micro Devices, Inc. All Rights Reserved.

==============================================================
INFO: [HLS 200-1505] Using flow_target 'vitis'
INFO: [HLS 200-435] Setting 'open_solution -flow_target vitis' configuration: config_interface -m_axi_latency=64
INFO: [HLS 200-435] Setting 'open_solution -flow_target vitis' configuration: config_interface -m_axi_alignment_byte_size=64
INFO: [HLS 200-435] Setting 'open_solution -flow_target vitis' configuration: config_interface -m_axi_max_widen_bitwidth=512
INFO: [HLS 200-435] Setting 'open_solution -flow_target vitis' configuration: config_rtl -register_reset_num=3
INFO: [HLS 200-1510] Running: set_part xcvc1902-vsva2197-2MP-e-S 
INFO: [HLS 200-1611] Setting target device to 'xcvc1902-vsva2197-2MP-e-S'
INFO: [HLS 200-1510] Running: create_clock -period 250MHz -name default 
INFO: [SYN 201-201] Setting up clock 'default' with a period of 4ns.
INFO: [HLS 200-1510] Running: config_dataflow -strict_mode warning 
INFO: [HLS 200-1510] Running: config_rtl -deadlock_detection sim 
INFO: [HLS 200-1510] Running: config_interface -m_axi_conservative_mode=1 
INFO: [HLS 200-1510] Running: config_interface -m_axi_addr64 
INFO: [HLS 200-1510] Running: config_interface -m_axi_auto_max_ports=0 
INFO: [HLS 200-1510] Running: config_export -format xo -ipname rgb2gray_top 
INFO: [HLS 200-1510] Running: csim_design -clean 
INFO: [SIM 211-2] *************** CSIM start ***************
INFO: [SIM 211-4] CSIM will launch CLANG as the compiler.
INFO: [HLS 200-2036] Building debug C Simulation binaries
INFO: [SIM 211-1] CSim done with 0 errors.
INFO: [SIM 211-3] *************** CSIM finish ***************
INFO: [HLS 200-2161] Finished Command csim_design Elapsed time: 00:00:06; Allocated memory: 0.934 MB.
INFO: [HLS 200-1510] Running: csynth_design 
INFO: [HLS 200-111] Finished File checks and directory preparation: CPU user time: 0 seconds. CPU system time: 0 seconds. Elapsed time: 0.159 seconds; current allocated memory: 188.191 MB.
INFO: [HLS 200-10] Analyzing design file '../rgb2gray_kernel.cpp' ... 
INFO: [HLS 200-111] Finished Source Code Analysis and Preprocessing: CPU user time: 0 seconds. CPU system time: 0 seconds. Elapsed time: 5.003 seconds; current allocated memory: 190.551 MB.
INFO: [HLS 200-777] Using interface defaults for 'Vitis' flow target.
INFO: [HLS 200-1995] There were 1,822 instructions in the design after the 'Compile/Link' phase of compilation. See the Design Size Report for more details: C:/Users/sfv02/Documents/TEC/Maestria/2026-2C/Alto_Nivel/Evaluaciones_Cortas/3-HLS/MP6160_grupo_5/hls/rgb2gray_hls_work/rgb2gray_hls/solution/syn/report/csynth_design_size.rpt
INFO: [HLS 200-1995] There were 119 instructions in the design after the 'Unroll/Inline (step 1)' phase of compilation. See the Design Size Report for more details: C:/Users/sfv02/Documents/TEC/Maestria/2026-2C/Alto_Nivel/Evaluaciones_Cortas/3-HLS/MP6160_grupo_5/hls/rgb2gray_hls_work/rgb2gray_hls/solution/syn/report/csynth_design_size.rpt
INFO: [HLS 200-1995] There were 104 instructions in the design after the 'Unroll/Inline (step 2)' phase of compilation. See the Design Size Report for more details: C:/Users/sfv02/Documents/TEC/Maestria/2026-2C/Alto_Nivel/Evaluaciones_Cortas/3-HLS/MP6160_grupo_5/hls/rgb2gray_hls_work/rgb2gray_hls/solution/syn/report/csynth_design_size.rpt
INFO: [HLS 200-1995] There were 111 instructions in the design after the 'Unroll/Inline (step 3)' phase of compilation. See the Design Size Report for more details: C:/Users/sfv02/Documents/TEC/Maestria/2026-2C/Alto_Nivel/Evaluaciones_Cortas/3-HLS/MP6160_grupo_5/hls/rgb2gray_hls_work/rgb2gray_hls/solution/syn/report/csynth_design_size.rpt
INFO: [HLS 200-1995] There were 106 instructions in the design after the 'Unroll/Inline (step 4)' phase of compilation. See the Design Size Report for more details: C:/Users/sfv02/Documents/TEC/Maestria/2026-2C/Alto_Nivel/Evaluaciones_Cortas/3-HLS/MP6160_grupo_5/hls/rgb2gray_hls_work/rgb2gray_hls/solution/syn/report/csynth_design_size.rpt
INFO: [HLS 200-1995] There were 97 instructions in the design after the 'Array/Struct (step 1)' phase of compilation. See the Design Size Report for more details: C:/Users/sfv02/Documents/TEC/Maestria/2026-2C/Alto_Nivel/Evaluaciones_Cortas/3-HLS/MP6160_grupo_5/hls/rgb2gray_hls_work/rgb2gray_hls/solution/syn/report/csynth_design_size.rpt
INFO: [HLS 200-1995] There were 97 instructions in the design after the 'Array/Struct (step 2)' phase of compilation. See the Design Size Report for more details: C:/Users/sfv02/Documents/TEC/Maestria/2026-2C/Alto_Nivel/Evaluaciones_Cortas/3-HLS/MP6160_grupo_5/hls/rgb2gray_hls_work/rgb2gray_hls/solution/syn/report/csynth_design_size.rpt
INFO: [HLS 200-1995] There were 99 instructions in the design after the 'Array/Struct (step 3)' phase of compilation. See the Design Size Report for more details: C:/Users/sfv02/Documents/TEC/Maestria/2026-2C/Alto_Nivel/Evaluaciones_Cortas/3-HLS/MP6160_grupo_5/hls/rgb2gray_hls_work/rgb2gray_hls/solution/syn/report/csynth_design_size.rpt
INFO: [HLS 200-1995] There were 135 instructions in the design after the 'Array/Struct (step 4)' phase of compilation. See the Design Size Report for more details: C:/Users/sfv02/Documents/TEC/Maestria/2026-2C/Alto_Nivel/Evaluaciones_Cortas/3-HLS/MP6160_grupo_5/hls/rgb2gray_hls_work/rgb2gray_hls/solution/syn/report/csynth_design_size.rpt
INFO: [HLS 200-1995] There were 139 instructions in the design after the 'Array/Struct (step 5)' phase of compilation. See the Design Size Report for more details: C:/Users/sfv02/Documents/TEC/Maestria/2026-2C/Alto_Nivel/Evaluaciones_Cortas/3-HLS/MP6160_grupo_5/hls/rgb2gray_hls_work/rgb2gray_hls/solution/syn/report/csynth_design_size.rpt
INFO: [HLS 200-1995] There were 139 instructions in the design after the 'Performance (step 1)' phase of compilation. See the Design Size Report for more details: C:/Users/sfv02/Documents/TEC/Maestria/2026-2C/Alto_Nivel/Evaluaciones_Cortas/3-HLS/MP6160_grupo_5/hls/rgb2gray_hls_work/rgb2gray_hls/solution/syn/report/csynth_design_size.rpt
INFO: [HLS 200-1995] There were 139 instructions in the design after the 'Performance (step 2)' phase of compilation. See the Design Size Report for more details: C:/Users/sfv02/Documents/TEC/Maestria/2026-2C/Alto_Nivel/Evaluaciones_Cortas/3-HLS/MP6160_grupo_5/hls/rgb2gray_hls_work/rgb2gray_hls/solution/syn/report/csynth_design_size.rpt
INFO: [HLS 200-1995] There were 138 instructions in the design after the 'Performance (step 3)' phase of compilation. See the Design Size Report for more details: C:/Users/sfv02/Documents/TEC/Maestria/2026-2C/Alto_Nivel/Evaluaciones_Cortas/3-HLS/MP6160_grupo_5/hls/rgb2gray_hls_work/rgb2gray_hls/solution/syn/report/csynth_design_size.rpt
INFO: [HLS 200-1995] There were 138 instructions in the design after the 'Performance (step 4)' phase of compilation. See the Design Size Report for more details: C:/Users/sfv02/Documents/TEC/Maestria/2026-2C/Alto_Nivel/Evaluaciones_Cortas/3-HLS/MP6160_grupo_5/hls/rgb2gray_hls_work/rgb2gray_hls/solution/syn/report/csynth_design_size.rpt
INFO: [HLS 200-1995] There were 138 instructions in the design after the 'HW Transforms (step 1)' phase of compilation. See the Design Size Report for more details: C:/Users/sfv02/Documents/TEC/Maestria/2026-2C/Alto_Nivel/Evaluaciones_Cortas/3-HLS/MP6160_grupo_5/hls/rgb2gray_hls_work/rgb2gray_hls/solution/syn/report/csynth_design_size.rpt
INFO: [HLS 200-1995] There were 141 instructions in the design after the 'HW Transforms (step 2)' phase of compilation. See the Design Size Report for more details: C:/Users/sfv02/Documents/TEC/Maestria/2026-2C/Alto_Nivel/Evaluaciones_Cortas/3-HLS/MP6160_grupo_5/hls/rgb2gray_hls_work/rgb2gray_hls/solution/syn/report/csynth_design_size.rpt
INFO: [HLS 214-178] Inlining function 'rgb_to_gray_pixel(ap_uint<8>, ap_uint<8>, ap_uint<8>)' into 'process_gray(hls::stream<rgb_t, 0>&, hls::stream<ap_uint<8>, 0>&, ap_uint<32>)' (../rgb2gray_kernel.cpp:65:0)
INFO: [HLS 214-241] Aggregating fifo (hls::stream) variable 'stream_rgb' with compact=bit mode in 24-bits (../rgb2gray_kernel.cpp:134:21)
INFO: [HLS 214-115] Multiple burst reads of variable length and bit width 32 in loop 'load_loop'(../rgb2gray_kernel.cpp:37:13) has been inferred on bundle 'gmem_in'. These burst requests might be further partitioned into multiple requests during RTL generation, based on max_read_burst_length or max_write_burst_length settings. (../rgb2gray_kernel.cpp:37:18)
INFO: [HLS 200-111] Finished Compiling Optimization and Transform: CPU user time: 1 seconds. CPU system time: 1 seconds. Elapsed time: 8.412 seconds; current allocated memory: 192.660 MB.
INFO: [HLS 200-111] Finished Checking Pragmas: CPU user time: 0 seconds. CPU system time: 0 seconds. Elapsed time: 0.01 seconds; current allocated memory: 192.664 MB.
INFO: [HLS 200-10] Starting code transformations ...
INFO: [HLS 200-111] Finished Standard Transforms: CPU user time: 0 seconds. CPU system time: 0 seconds. Elapsed time: 0.064 seconds; current allocated memory: 197.453 MB.
INFO: [HLS 200-10] Checking synthesizability ...
INFO: [HLS 200-111] Finished Checking Synthesizability: CPU user time: 0 seconds. CPU system time: 0 seconds. Elapsed time: 0.051 seconds; current allocated memory: 199.520 MB.
INFO: [XFORM 203-712] Applying dataflow to function 'rgb2gray_top' (../rgb2gray_kernel.cpp:114:1), detected/extracted 4 process function(s): 
	 'entry_proc'
	 'load_rgb'
	 'process_gray'
	 'store_gray'.
INFO: [XFORM 203-11] Balancing expressions in function 'process_gray' (../rgb2gray_kernel.cpp:18:16)...3 expression(s) balanced.
INFO: [HLS 200-111] Finished Loop, function and other optimizations: CPU user time: 0 seconds. CPU system time: 0 seconds. Elapsed time: 0.105 seconds; current allocated memory: 221.672 MB.
WARNING: [HLS 200-1990] Performance of loop 'store_loop'(../rgb2gray_kernel.cpp:90:14) in function 'store_gray' can be improved with loop rewind inference if the loop bound can be asserted to execute at least once.
WARNING: [HLS 200-1990] Performance of loop 'load_loop'(../rgb2gray_kernel.cpp:37:13) in function 'load_rgb' can be improved with loop rewind inference if the loop bound can be asserted to execute at least once.
INFO: [XFORM 203-531] Rewinding loop 'store_loop' (../rgb2gray_kernel.cpp:90) in function 'store_gray'.
INFO: [XFORM 203-531] Rewinding loop 'load_loop' (../rgb2gray_kernel.cpp:37) in function 'load_rgb'.
INFO: [HLS 200-111] Finished Architecture Synthesis: CPU user time: 0 seconds. CPU system time: 0 seconds. Elapsed time: 0.137 seconds; current allocated memory: 259.859 MB.
INFO: [HLS 200-10] Starting hardware synthesis ...
INFO: [HLS 200-10] Synthesizing 'rgb2gray_top' ...
INFO: [HLS 200-10] ----------------------------------------------------------------
INFO: [HLS 200-42] -- Implementing module 'entry_proc' 
INFO: [HLS 200-10] ----------------------------------------------------------------
INFO: [SCHED 204-11] Starting scheduling ...
INFO: [SCHED 204-11] Finished scheduling.
INFO: [HLS 200-111] Finished Scheduling: CPU user time: 0 seconds. CPU system time: 0 seconds. Elapsed time: 0.189 seconds; current allocated memory: 262.484 MB.
INFO: [BIND 205-100] Starting micro-architecture generation ...
INFO: [BIND 205-101] Performing variable lifetime analysis.
INFO: [BIND 205-101] Exploring resource sharing.
INFO: [BIND 205-101] Binding ...
INFO: [BIND 205-100] Finished micro-architecture generation.
INFO: [HLS 200-111] Finished Binding: CPU user time: 0 seconds. CPU system time: 0 seconds. Elapsed time: 0.069 seconds; current allocated memory: 263.656 MB.
INFO: [HLS 200-10] ----------------------------------------------------------------
INFO: [HLS 200-42] -- Implementing module 'load_rgb' 
INFO: [HLS 200-10] ----------------------------------------------------------------
INFO: [SCHED 204-11] Starting scheduling ...
INFO: [SCHED 204-61] Pipelining loop 'load_loop'.
WARNING: [HLS 200-880] The II Violation in module 'load_rgb' (loop 'load_loop'): Unable to enforce a carried dependence constraint (II = 1, distance = 1, offset = 1) between bus read operation ('gmem_in_addr_1_read_2', ../rgb2gray_kernel.cpp:43) on port 'gmem_in' (../rgb2gray_kernel.cpp:43) and bus read operation ('gmem_in_addr_1_read', ../rgb2gray_kernel.cpp:43) on port 'gmem_in' (../rgb2gray_kernel.cpp:43).
WARNING: [HLS 200-880] The II Violation in module 'load_rgb' (loop 'load_loop'): Unable to enforce a carried dependence constraint (II = 2, distance = 1, offset = 1) between bus read operation ('gmem_in_addr_1_read_2', ../rgb2gray_kernel.cpp:43) on port 'gmem_in' (../rgb2gray_kernel.cpp:43) and bus read operation ('gmem_in_addr_1_read', ../rgb2gray_kernel.cpp:43) on port 'gmem_in' (../rgb2gray_kernel.cpp:43).
INFO: [HLS 200-1470] Pipelining result : Target II = 1, Final II = 3, Depth = 78, loop 'load_loop'
INFO: [SCHED 204-11] Finished scheduling.
INFO: [HLS 200-111] Finished Scheduling: CPU user time: 2 seconds. CPU system time: 0 seconds. Elapsed time: 2.139 seconds; current allocated memory: 264.898 MB.
INFO: [BIND 205-100] Starting micro-architecture generation ...
INFO: [BIND 205-101] Performing variable lifetime analysis.
INFO: [BIND 205-101] Exploring resource sharing.
INFO: [BIND 205-101] Binding ...
INFO: [BIND 205-100] Finished micro-architecture generation.
INFO: [HLS 200-111] Finished Binding: CPU user time: 1 seconds. CPU system time: 0 seconds. Elapsed time: 0.925 seconds; current allocated memory: 265.180 MB.
INFO: [HLS 200-10] ----------------------------------------------------------------
INFO: [HLS 200-42] -- Implementing module 'process_gray_Pipeline_process_loop' 
INFO: [HLS 200-10] ----------------------------------------------------------------
INFO: [SCHED 204-11] Starting scheduling ...
INFO: [HLS 200-486] Changing DSP latency (root=mul_ln20) to 3 in order to utilize available DSP registers.
INFO: [HLS 200-486] Changing DSP latency (root=add_ln20_2) to 3 in order to utilize available DSP registers.
INFO: [HLS 200-486] Changing DSP latency (root=add_ln20_1) to 3 in order to utilize available DSP registers.
INFO: [SCHED 204-61] Pipelining loop 'process_loop'.
INFO: [HLS 200-1470] Pipelining result : Target II = 1, Final II = 1, Depth = 8, loop 'process_loop'
INFO: [SCHED 204-11] Finished scheduling.
INFO: [HLS 200-111] Finished Scheduling: CPU user time: 1 seconds. CPU system time: 0 seconds. Elapsed time: 1.995 seconds; current allocated memory: 265.777 MB.
INFO: [BIND 205-100] Starting micro-architecture generation ...
INFO: [BIND 205-101] Performing variable lifetime analysis.
INFO: [BIND 205-101] Exploring resource sharing.
INFO: [BIND 205-101] Binding ...
INFO: [BIND 205-100] Finished micro-architecture generation.
INFO: [HLS 200-111] Finished Binding: CPU user time: 0 seconds. CPU system time: 0 seconds. Elapsed time: 0.247 seconds; current allocated memory: 265.805 MB.
INFO: [HLS 200-10] ----------------------------------------------------------------
INFO: [HLS 200-42] -- Implementing module 'process_gray' 
INFO: [HLS 200-10] ----------------------------------------------------------------
INFO: [SCHED 204-11] Starting scheduling ...
INFO: [SCHED 204-11] Finished scheduling.
INFO: [HLS 200-111] Finished Scheduling: CPU user time: 0 seconds. CPU system time: 0 seconds. Elapsed time: 0.583 seconds; current allocated memory: 265.977 MB.
INFO: [BIND 205-100] Starting micro-architecture generation ...
INFO: [BIND 205-101] Performing variable lifetime analysis.
INFO: [BIND 205-101] Exploring resource sharing.
INFO: [BIND 205-101] Binding ...
INFO: [BIND 205-100] Finished micro-architecture generation.
INFO: [HLS 200-111] Finished Binding: CPU user time: 0 seconds. CPU system time: 0 seconds. Elapsed time: 0.222 seconds; current allocated memory: 266.090 MB.
INFO: [HLS 200-10] ----------------------------------------------------------------
INFO: [HLS 200-42] -- Implementing module 'store_gray' 
INFO: [HLS 200-10] ----------------------------------------------------------------
INFO: [SCHED 204-11] Starting scheduling ...
INFO: [SCHED 204-61] Pipelining loop 'store_loop'.
INFO: [HLS 200-1470] Pipelining result : Target II = 1, Final II = 1, Depth = 77, loop 'store_loop'
INFO: [SCHED 204-11] Finished scheduling.
INFO: [HLS 200-111] Finished Scheduling: CPU user time: 3 seconds. CPU system time: 0 seconds. Elapsed time: 2.948 seconds; current allocated memory: 267.137 MB.
INFO: [BIND 205-100] Starting micro-architecture generation ...
INFO: [BIND 205-101] Performing variable lifetime analysis.
INFO: [BIND 205-101] Exploring resource sharing.
INFO: [BIND 205-101] Binding ...
INFO: [BIND 205-100] Finished micro-architecture generation.
INFO: [HLS 200-111] Finished Binding: CPU user time: 1 seconds. CPU system time: 0 seconds. Elapsed time: 0.679 seconds; current allocated memory: 267.359 MB.
INFO: [HLS 200-10] ----------------------------------------------------------------
INFO: [HLS 200-42] -- Implementing module 'rgb2gray_top' 
INFO: [HLS 200-10] ----------------------------------------------------------------
INFO: [SCHED 204-11] Starting scheduling ...
INFO: [SCHED 204-11] Finished scheduling.
WARNING: [HLS 200-1020] Increasing the depth of FIFO start_for_store_gray_U0 (from entry_proc_U0 to store_gray_U0) to 3 to improve performance and/or avoid deadlocks.
INFO: [HLS 200-111] Finished Scheduling: CPU user time: 1 seconds. CPU system time: 0 seconds. Elapsed time: 1.004 seconds; current allocated memory: 267.652 MB.
INFO: [BIND 205-100] Starting micro-architecture generation ...
INFO: [BIND 205-101] Performing variable lifetime analysis.
INFO: [BIND 205-101] Exploring resource sharing.
INFO: [BIND 205-101] Binding ...
INFO: [BIND 205-100] Finished micro-architecture generation.
INFO: [HLS 200-111] Finished Binding: CPU user time: 1 seconds. CPU system time: 0 seconds. Elapsed time: 0.961 seconds; current allocated memory: 267.863 MB.
INFO: [HLS 200-10] ----------------------------------------------------------------
INFO: [HLS 200-10] -- Generating RTL for module 'entry_proc' 
INFO: [HLS 200-10] ----------------------------------------------------------------
INFO: [RTGEN 206-100] Finished creating RTL model for 'entry_proc'.
INFO: [HLS 200-111] Finished Creating RTL model: CPU user time: 2 seconds. CPU system time: 0 seconds. Elapsed time: 2.488 seconds; current allocated memory: 269.055 MB.
INFO: [HLS 200-10] ----------------------------------------------------------------
INFO: [HLS 200-10] -- Generating RTL for module 'load_rgb' 
INFO: [HLS 200-10] ----------------------------------------------------------------
INFO: [RTGEN 206-100] Finished creating RTL model for 'load_rgb'.
INFO: [HLS 200-111] Finished Creating RTL model: CPU user time: 0 seconds. CPU system time: 0 seconds. Elapsed time: 0.235 seconds; current allocated memory: 271.230 MB.
INFO: [HLS 200-10] ----------------------------------------------------------------
INFO: [HLS 200-10] -- Generating RTL for module 'process_gray_Pipeline_process_loop' 
INFO: [HLS 200-10] ----------------------------------------------------------------
INFO: [HLS 200-1030] Apply Unified Pipeline Control on module 'process_gray_Pipeline_process_loop' pipeline 'process_loop' pipeline type 'loop pipeline'
INFO: [RTGEN 206-100] Generating core module 'am_addmul_18ns_22ns_23ns_45_4_1': 1 instance(s).
INFO: [RTGEN 206-100] Generating core module 'mac_muladd_10ns_8ns_13ns_18_4_1': 1 instance(s).
INFO: [RTGEN 206-100] Generating core module 'mac_muladd_12ns_8ns_21ns_22_4_1': 1 instance(s).
INFO: [RTGEN 206-100] Generating core module 'mul_8ns_14ns_21_1_1': 1 instance(s).
INFO: [RTGEN 206-100] Finished creating RTL model for 'process_gray_Pipeline_process_loop'.
INFO: [HLS 200-111] Finished Creating RTL model: CPU user time: 6 seconds. CPU system time: 0 seconds. Elapsed time: 6.374 seconds; current allocated memory: 273.445 MB.
INFO: [HLS 200-10] ----------------------------------------------------------------
INFO: [HLS 200-10] -- Generating RTL for module 'process_gray' 
INFO: [HLS 200-10] ----------------------------------------------------------------
INFO: [RTGEN 206-100] Finished creating RTL model for 'process_gray'.
INFO: [HLS 200-111] Finished Creating RTL model: CPU user time: 2 seconds. CPU system time: 0 seconds. Elapsed time: 1.66 seconds; current allocated memory: 274.406 MB.
INFO: [HLS 200-10] ----------------------------------------------------------------
INFO: [HLS 200-10] -- Generating RTL for module 'store_gray' 
INFO: [HLS 200-10] ----------------------------------------------------------------
INFO: [RTGEN 206-100] Finished creating RTL model for 'store_gray'.
INFO: [HLS 200-111] Finished Creating RTL model: CPU user time: 1 seconds. CPU system time: 0 seconds. Elapsed time: 1.46 seconds; current allocated memory: 276.145 MB.
INFO: [HLS 200-10] ----------------------------------------------------------------
INFO: [HLS 200-10] -- Generating RTL for module 'rgb2gray_top' 
INFO: [HLS 200-10] ----------------------------------------------------------------
WARNING: [RTGEN 206-101] Design contains AXI ports. Reset is fixed to synchronous and active low.
INFO: [RTGEN 206-500] Setting interface mode on port 'rgb2gray_top/gmem_in' to 'm_axi'.
INFO: [RTGEN 206-500] Setting interface mode on port 'rgb2gray_top/gmem_out' to 'm_axi'.
INFO: [RTGEN 206-500] Setting interface mode on port 'rgb2gray_top/m_axi_in' to 's_axilite & ap_none'.
INFO: [RTGEN 206-500] Setting interface mode on port 'rgb2gray_top/m_axi_out' to 's_axilite & ap_none'.
INFO: [RTGEN 206-500] Setting interface mode on port 'rgb2gray_top/addr_in' to 's_axilite & ap_none'.
INFO: [RTGEN 206-500] Setting interface mode on port 'rgb2gray_top/addr_out' to 's_axilite & ap_none'.
INFO: [RTGEN 206-500] Setting interface mode on port 'rgb2gray_top/num_pixels' to 's_axilite & ap_none'.
INFO: [RTGEN 206-500] Setting interface mode on function 'rgb2gray_top' to 's_axilite & ap_ctrl_chain'.
INFO: [RTGEN 206-100] Bundling port 'm_axi_in', 'm_axi_out', 'addr_in', 'addr_out', 'num_pixels' to AXI-Lite port control.
WARNING: [HLS 200-656] Deadlocks can occur since process load_rgb is instantiated in a dataflow region with ap_ctrl_none or without start propagation and contains a rewind pipeline.
INFO: [RTGEN 206-100] Finished creating RTL model for 'rgb2gray_top'.
INFO: [RTMG 210-285] Implementing FIFO 'm_axi_out_c_U(rgb2gray_top_fifo_w64_d4_S)' using Shift Registers.
INFO: [RTMG 210-285] Implementing FIFO 'addr_out_c_U(rgb2gray_top_fifo_w32_d4_S)' using Shift Registers.
INFO: [RTMG 210-285] Implementing FIFO 'stream_rgb_U(rgb2gray_top_fifo_w24_d16_S)' using Shift Registers.
INFO: [RTMG 210-285] Implementing FIFO 'num_pixels_c1_U(rgb2gray_top_fifo_w32_d2_S)' using Shift Registers.
INFO: [RTMG 210-285] Implementing FIFO 'stream_gray_U(rgb2gray_top_fifo_w8_d16_S)' using Shift Registers.
INFO: [RTMG 210-285] Implementing FIFO 'num_pixels_c_U(rgb2gray_top_fifo_w32_d2_S)' using Shift Registers.
INFO: [RTMG 210-285] Implementing FIFO 'start_for_store_gray_U0_U(rgb2gray_top_start_for_store_gray_U0)' using Shift Registers.
INFO: [RTMG 210-285] Implementing FIFO 'start_for_process_gray_U0_U(rgb2gray_top_start_for_process_gray_U0)' using Shift Registers.
INFO: [HLS 200-111] Finished Creating RTL model: CPU user time: 7 seconds. CPU system time: 0 seconds. Elapsed time: 6.831 seconds; current allocated memory: 279.566 MB.
INFO: [HLS 200-111] Finished Generating all RTL models: CPU user time: 7 seconds. CPU system time: 1 seconds. Elapsed time: 7.942 seconds; current allocated memory: 283.168 MB.
INFO: [HLS 200-1603] Design has inferred MAXI bursts and missed bursts, see Vitis HLS GUI synthesis summary report for detailed information.
INFO: [HLS 200-111] Finished Updating report files: CPU user time: 1 seconds. CPU system time: 0 seconds. Elapsed time: 1.842 seconds; current allocated memory: 290.469 MB.
INFO: [VHDL 208-304] Generating VHDL RTL for rgb2gray_top.
INFO: [VLOG 209-307] Generating Verilog RTL for rgb2gray_top.
INFO: [HLS 200-790] **** Loop Constraint Status: All loop constraints were NOT satisfied.
INFO: [HLS 200-789] **** Estimated Fmax: 342.47 MHz
INFO: [HLS 200-2161] Finished Command csynth_design Elapsed time: 00:00:54; Allocated memory: 102.652 MB.
INFO: [HLS 200-1510] Running: close_project 
==============================================================
Vitis HLS - High-Level Synthesis from C, C++ and OpenCL v2024.1 (64-bit)
Tool Version Limit: 2024.05
Copyright 1986-2022 Xilinx, Inc. All Rights Reserved.
Copyright 2022-2024 Advanced Micro Devices, Inc. All Rights Reserved.

==============================================================
INFO: [SYN 201-201] Setting up clock 'default' with a period of 4ns.
INFO: [HLS 200-1611] Setting target device to 'xcvc1902-vsva2197-2MP-e-S'
INFO: [HLS 200-1505] Using flow_target 'vitis'
INFO: [HLS 200-1464] Running solution command: config_interface -m_axi_latency=64
INFO: [HLS 200-1464] Running solution command: config_interface -m_axi_alignment_byte_size=64
INFO: [HLS 200-1464] Running solution command: config_interface -m_axi_max_widen_bitwidth=512
INFO: [HLS 200-1464] Running solution command: config_interface -default_interface=kernel
INFO: [HLS 200-1464] Running solution command: config_interface -m_axi_conservative_mode=1
INFO: [HLS 200-1464] Running solution command: config_interface -m_axi_addr64=1
INFO: [HLS 200-1464] Running solution command: config_interface -m_axi_auto_max_ports=0
INFO: [HLS 200-1464] Running solution command: config_rtl -register_reset_num=3
INFO: [HLS 200-1464] Running solution command: config_rtl -deadlock_detection=sim
INFO: [HLS 200-1464] Running solution command: config_dataflow -strict_mode=warning
INFO: [HLS 200-1464] Running solution command: config_export -format=xo
INFO: [HLS 200-1464] Running solution command: config_export -ipname=rgb2gray_top
INFO: [HLS 200-1510] Running: set_part xcvc1902-vsva2197-2MP-e-S 
INFO: [HLS 200-1510] Running: create_clock -period 250MHz -name default 
INFO: [HLS 200-1510] Running: config_dataflow -strict_mode warning 
INFO: [HLS 200-1510] Running: config_rtl -deadlock_detection sim 
INFO: [HLS 200-1510] Running: config_interface -m_axi_conservative_mode=1 
INFO: [HLS 200-1510] Running: config_interface -m_axi_addr64 
INFO: [HLS 200-1510] Running: config_interface -m_axi_auto_max_ports=0 
INFO: [HLS 200-1510] Running: config_export -format xo -ipname rgb2gray_top 
INFO: [HLS 200-1510] Running: csim_design -clean 
INFO: [SIM 211-2] *************** CSIM start ***************
INFO: [SIM 211-4] CSIM will launch CLANG as the compiler.
INFO: [HLS 200-2036] Building debug C Simulation binaries
INFO: [SIM 211-1] CSim done with 0 errors.
INFO: [SIM 211-3] *************** CSIM finish ***************
INFO: [HLS 200-2161] Finished Command csim_design Elapsed time: 00:00:12; Allocated memory: 0.434 MB.
INFO: [HLS 200-1510] Running: csynth_design 
INFO: [HLS 200-111] Finished File checks and directory preparation: CPU user time: 1 seconds. CPU system time: 0 seconds. Elapsed time: 0.213 seconds; current allocated memory: 241.215 MB.
INFO: [HLS 200-10] Analyzing design file '../rgb2gray_kernel.cpp' ... 
INFO: [HLS 200-111] Finished Source Code Analysis and Preprocessing: CPU user time: 0 seconds. CPU system time: 0 seconds. Elapsed time: 5.086 seconds; current allocated memory: 242.949 MB.
INFO: [HLS 200-777] Using interface defaults for 'Vitis' flow target.
INFO: [HLS 200-1995] There were 1,822 instructions in the design after the 'Compile/Link' phase of compilation. See the Design Size Report for more details: C:/Users/sfv02/Documents/TEC/Maestria/2026-2C/Alto_Nivel/Evaluaciones_Cortas/3-HLS/MP6160_grupo_5/hls/rgb2gray_hls_work/rgb2gray_hls/solution/syn/report/csynth_design_size.rpt
INFO: [HLS 200-1995] There were 119 instructions in the design after the 'Unroll/Inline (step 1)' phase of compilation. See the Design Size Report for more details: C:/Users/sfv02/Documents/TEC/Maestria/2026-2C/Alto_Nivel/Evaluaciones_Cortas/3-HLS/MP6160_grupo_5/hls/rgb2gray_hls_work/rgb2gray_hls/solution/syn/report/csynth_design_size.rpt
INFO: [HLS 200-1995] There were 104 instructions in the design after the 'Unroll/Inline (step 2)' phase of compilation. See the Design Size Report for more details: C:/Users/sfv02/Documents/TEC/Maestria/2026-2C/Alto_Nivel/Evaluaciones_Cortas/3-HLS/MP6160_grupo_5/hls/rgb2gray_hls_work/rgb2gray_hls/solution/syn/report/csynth_design_size.rpt
INFO: [HLS 200-1995] There were 111 instructions in the design after the 'Unroll/Inline (step 3)' phase of compilation. See the Design Size Report for more details: C:/Users/sfv02/Documents/TEC/Maestria/2026-2C/Alto_Nivel/Evaluaciones_Cortas/3-HLS/MP6160_grupo_5/hls/rgb2gray_hls_work/rgb2gray_hls/solution/syn/report/csynth_design_size.rpt
INFO: [HLS 200-1995] There were 106 instructions in the design after the 'Unroll/Inline (step 4)' phase of compilation. See the Design Size Report for more details: C:/Users/sfv02/Documents/TEC/Maestria/2026-2C/Alto_Nivel/Evaluaciones_Cortas/3-HLS/MP6160_grupo_5/hls/rgb2gray_hls_work/rgb2gray_hls/solution/syn/report/csynth_design_size.rpt
INFO: [HLS 200-1995] There were 97 instructions in the design after the 'Array/Struct (step 1)' phase of compilation. See the Design Size Report for more details: C:/Users/sfv02/Documents/TEC/Maestria/2026-2C/Alto_Nivel/Evaluaciones_Cortas/3-HLS/MP6160_grupo_5/hls/rgb2gray_hls_work/rgb2gray_hls/solution/syn/report/csynth_design_size.rpt
INFO: [HLS 200-1995] There were 97 instructions in the design after the 'Array/Struct (step 2)' phase of compilation. See the Design Size Report for more details: C:/Users/sfv02/Documents/TEC/Maestria/2026-2C/Alto_Nivel/Evaluaciones_Cortas/3-HLS/MP6160_grupo_5/hls/rgb2gray_hls_work/rgb2gray_hls/solution/syn/report/csynth_design_size.rpt
INFO: [HLS 200-1995] There were 99 instructions in the design after the 'Array/Struct (step 3)' phase of compilation. See the Design Size Report for more details: C:/Users/sfv02/Documents/TEC/Maestria/2026-2C/Alto_Nivel/Evaluaciones_Cortas/3-HLS/MP6160_grupo_5/hls/rgb2gray_hls_work/rgb2gray_hls/solution/syn/report/csynth_design_size.rpt
INFO: [HLS 200-1995] There were 135 instructions in the design after the 'Array/Struct (step 4)' phase of compilation. See the Design Size Report for more details: C:/Users/sfv02/Documents/TEC/Maestria/2026-2C/Alto_Nivel/Evaluaciones_Cortas/3-HLS/MP6160_grupo_5/hls/rgb2gray_hls_work/rgb2gray_hls/solution/syn/report/csynth_design_size.rpt
INFO: [HLS 200-1995] There were 139 instructions in the design after the 'Array/Struct (step 5)' phase of compilation. See the Design Size Report for more details: C:/Users/sfv02/Documents/TEC/Maestria/2026-2C/Alto_Nivel/Evaluaciones_Cortas/3-HLS/MP6160_grupo_5/hls/rgb2gray_hls_work/rgb2gray_hls/solution/syn/report/csynth_design_size.rpt
INFO: [HLS 200-1995] There were 139 instructions in the design after the 'Performance (step 1)' phase of compilation. See the Design Size Report for more details: C:/Users/sfv02/Documents/TEC/Maestria/2026-2C/Alto_Nivel/Evaluaciones_Cortas/3-HLS/MP6160_grupo_5/hls/rgb2gray_hls_work/rgb2gray_hls/solution/syn/report/csynth_design_size.rpt
INFO: [HLS 200-1995] There were 139 instructions in the design after the 'Performance (step 2)' phase of compilation. See the Design Size Report for more details: C:/Users/sfv02/Documents/TEC/Maestria/2026-2C/Alto_Nivel/Evaluaciones_Cortas/3-HLS/MP6160_grupo_5/hls/rgb2gray_hls_work/rgb2gray_hls/solution/syn/report/csynth_design_size.rpt
INFO: [HLS 200-1995] There were 138 instructions in the design after the 'Performance (step 3)' phase of compilation. See the Design Size Report for more details: C:/Users/sfv02/Documents/TEC/Maestria/2026-2C/Alto_Nivel/Evaluaciones_Cortas/3-HLS/MP6160_grupo_5/hls/rgb2gray_hls_work/rgb2gray_hls/solution/syn/report/csynth_design_size.rpt
INFO: [HLS 200-1995] There were 138 instructions in the design after the 'Performance (step 4)' phase of compilation. See the Design Size Report for more details: C:/Users/sfv02/Documents/TEC/Maestria/2026-2C/Alto_Nivel/Evaluaciones_Cortas/3-HLS/MP6160_grupo_5/hls/rgb2gray_hls_work/rgb2gray_hls/solution/syn/report/csynth_design_size.rpt
INFO: [HLS 200-1995] There were 138 instructions in the design after the 'HW Transforms (step 1)' phase of compilation. See the Design Size Report for more details: C:/Users/sfv02/Documents/TEC/Maestria/2026-2C/Alto_Nivel/Evaluaciones_Cortas/3-HLS/MP6160_grupo_5/hls/rgb2gray_hls_work/rgb2gray_hls/solution/syn/report/csynth_design_size.rpt
INFO: [HLS 200-1995] There were 141 instructions in the design after the 'HW Transforms (step 2)' phase of compilation. See the Design Size Report for more details: C:/Users/sfv02/Documents/TEC/Maestria/2026-2C/Alto_Nivel/Evaluaciones_Cortas/3-HLS/MP6160_grupo_5/hls/rgb2gray_hls_work/rgb2gray_hls/solution/syn/report/csynth_design_size.rpt
INFO: [HLS 214-178] Inlining function 'rgb_to_gray_pixel(ap_uint<8>, ap_uint<8>, ap_uint<8>)' into 'process_gray(hls::stream<rgb_t, 0>&, hls::stream<ap_uint<8>, 0>&, ap_uint<32>)' (../rgb2gray_kernel.cpp:65:0)
INFO: [HLS 214-241] Aggregating fifo (hls::stream) variable 'stream_rgb' with compact=bit mode in 24-bits (../rgb2gray_kernel.cpp:134:21)
INFO: [HLS 214-115] Multiple burst reads of variable length and bit width 32 in loop 'load_loop'(../rgb2gray_kernel.cpp:37:13) has been inferred on bundle 'gmem_in'. These burst requests might be further partitioned into multiple requests during RTL generation, based on max_read_burst_length or max_write_burst_length settings. (../rgb2gray_kernel.cpp:37:18)
INFO: [HLS 200-111] Finished Compiling Optimization and Transform: CPU user time: 0 seconds. CPU system time: 1 seconds. Elapsed time: 8.346 seconds; current allocated memory: 244.727 MB.
INFO: [HLS 200-111] Finished Checking Pragmas: CPU user time: 0 seconds. CPU system time: 0 seconds. Elapsed time: 0.009 seconds; current allocated memory: 244.727 MB.
INFO: [HLS 200-10] Starting code transformations ...
INFO: [HLS 200-111] Finished Standard Transforms: CPU user time: 0 seconds. CPU system time: 0 seconds. Elapsed time: 0.056 seconds; current allocated memory: 249.527 MB.
INFO: [HLS 200-10] Checking synthesizability ...
INFO: [HLS 200-111] Finished Checking Synthesizability: CPU user time: 0 seconds. CPU system time: 0 seconds. Elapsed time: 0.039 seconds; current allocated memory: 251.465 MB.
INFO: [XFORM 203-712] Applying dataflow to function 'rgb2gray_top' (../rgb2gray_kernel.cpp:114:1), detected/extracted 4 process function(s): 
	 'entry_proc'
	 'load_rgb'
	 'process_gray'
	 'store_gray'.
INFO: [XFORM 203-11] Balancing expressions in function 'process_gray' (../rgb2gray_kernel.cpp:18:16)...3 expression(s) balanced.
INFO: [HLS 200-111] Finished Loop, function and other optimizations: CPU user time: 0 seconds. CPU system time: 0 seconds. Elapsed time: 0.1 seconds; current allocated memory: 274.148 MB.
WARNING: [HLS 200-1990] Performance of loop 'store_loop'(../rgb2gray_kernel.cpp:90:14) in function 'store_gray' can be improved with loop rewind inference if the loop bound can be asserted to execute at least once.
WARNING: [HLS 200-1990] Performance of loop 'load_loop'(../rgb2gray_kernel.cpp:37:13) in function 'load_rgb' can be improved with loop rewind inference if the loop bound can be asserted to execute at least once.
INFO: [XFORM 203-531] Rewinding loop 'store_loop' (../rgb2gray_kernel.cpp:90) in function 'store_gray'.
INFO: [XFORM 203-531] Rewinding loop 'load_loop' (../rgb2gray_kernel.cpp:37) in function 'load_rgb'.
INFO: [HLS 200-111] Finished Architecture Synthesis: CPU user time: 0 seconds. CPU system time: 0 seconds. Elapsed time: 0.131 seconds; current allocated memory: 311.926 MB.
INFO: [HLS 200-10] Starting hardware synthesis ...
INFO: [HLS 200-10] Synthesizing 'rgb2gray_top' ...
INFO: [HLS 200-10] ----------------------------------------------------------------
INFO: [HLS 200-42] -- Implementing module 'entry_proc' 
INFO: [HLS 200-10] ----------------------------------------------------------------
INFO: [SCHED 204-11] Starting scheduling ...
INFO: [SCHED 204-11] Finished scheduling.
INFO: [HLS 200-111] Finished Scheduling: CPU user time: 0 seconds. CPU system time: 0 seconds. Elapsed time: 0.172 seconds; current allocated memory: 314.566 MB.
INFO: [BIND 205-100] Starting micro-architecture generation ...
INFO: [BIND 205-101] Performing variable lifetime analysis.
INFO: [BIND 205-101] Exploring resource sharing.
INFO: [BIND 205-101] Binding ...
INFO: [BIND 205-100] Finished micro-architecture generation.
INFO: [HLS 200-111] Finished Binding: CPU user time: 0 seconds. CPU system time: 0 seconds. Elapsed time: 0.064 seconds; current allocated memory: 315.723 MB.
INFO: [HLS 200-10] ----------------------------------------------------------------
INFO: [HLS 200-42] -- Implementing module 'load_rgb' 
INFO: [HLS 200-10] ----------------------------------------------------------------
INFO: [SCHED 204-11] Starting scheduling ...
INFO: [SCHED 204-61] Pipelining loop 'load_loop'.
WARNING: [HLS 200-880] The II Violation in module 'load_rgb' (loop 'load_loop'): Unable to enforce a carried dependence constraint (II = 1, distance = 1, offset = 1) between bus read operation ('gmem_in_addr_1_read_2', ../rgb2gray_kernel.cpp:43) on port 'gmem_in' (../rgb2gray_kernel.cpp:43) and bus read operation ('gmem_in_addr_1_read', ../rgb2gray_kernel.cpp:43) on port 'gmem_in' (../rgb2gray_kernel.cpp:43).
WARNING: [HLS 200-880] The II Violation in module 'load_rgb' (loop 'load_loop'): Unable to enforce a carried dependence constraint (II = 2, distance = 1, offset = 1) between bus read operation ('gmem_in_addr_1_read_2', ../rgb2gray_kernel.cpp:43) on port 'gmem_in' (../rgb2gray_kernel.cpp:43) and bus read operation ('gmem_in_addr_1_read', ../rgb2gray_kernel.cpp:43) on port 'gmem_in' (../rgb2gray_kernel.cpp:43).
INFO: [HLS 200-1470] Pipelining result : Target II = 1, Final II = 3, Depth = 78, loop 'load_loop'
INFO: [SCHED 204-11] Finished scheduling.
INFO: [HLS 200-111] Finished Scheduling: CPU user time: 2 seconds. CPU system time: 0 seconds. Elapsed time: 2.175 seconds; current allocated memory: 317.008 MB.
INFO: [BIND 205-100] Starting micro-architecture generation ...
INFO: [BIND 205-101] Performing variable lifetime analysis.
INFO: [BIND 205-101] Exploring resource sharing.
INFO: [BIND 205-101] Binding ...
INFO: [BIND 205-100] Finished micro-architecture generation.
INFO: [HLS 200-111] Finished Binding: CPU user time: 1 seconds. CPU system time: 0 seconds. Elapsed time: 0.888 seconds; current allocated memory: 317.113 MB.
INFO: [HLS 200-10] ----------------------------------------------------------------
INFO: [HLS 200-42] -- Implementing module 'process_gray_Pipeline_process_loop' 
INFO: [HLS 200-10] ----------------------------------------------------------------
INFO: [SCHED 204-11] Starting scheduling ...
INFO: [HLS 200-486] Changing DSP latency (root=mul_ln20) to 3 in order to utilize available DSP registers.
INFO: [HLS 200-486] Changing DSP latency (root=add_ln20_2) to 3 in order to utilize available DSP registers.
INFO: [HLS 200-486] Changing DSP latency (root=add_ln20_1) to 3 in order to utilize available DSP registers.
INFO: [SCHED 204-61] Pipelining loop 'process_loop'.
INFO: [HLS 200-1470] Pipelining result : Target II = 1, Final II = 1, Depth = 8, loop 'process_loop'
INFO: [SCHED 204-11] Finished scheduling.
INFO: [HLS 200-111] Finished Scheduling: CPU user time: 2 seconds. CPU system time: 0 seconds. Elapsed time: 1.948 seconds; current allocated memory: 317.512 MB.
INFO: [BIND 205-100] Starting micro-architecture generation ...
INFO: [BIND 205-101] Performing variable lifetime analysis.
INFO: [BIND 205-101] Exploring resource sharing.
INFO: [BIND 205-101] Binding ...
INFO: [BIND 205-100] Finished micro-architecture generation.
INFO: [HLS 200-111] Finished Binding: CPU user time: 0 seconds. CPU system time: 0 seconds. Elapsed time: 0.234 seconds; current allocated memory: 317.621 MB.
INFO: [HLS 200-10] ----------------------------------------------------------------
INFO: [HLS 200-42] -- Implementing module 'process_gray' 
INFO: [HLS 200-10] ----------------------------------------------------------------
INFO: [SCHED 204-11] Starting scheduling ...
INFO: [SCHED 204-11] Finished scheduling.
INFO: [HLS 200-111] Finished Scheduling: CPU user time: 0 seconds. CPU system time: 0 seconds. Elapsed time: 0.566 seconds; current allocated memory: 317.738 MB.
INFO: [BIND 205-100] Starting micro-architecture generation ...
INFO: [BIND 205-101] Performing variable lifetime analysis.
INFO: [BIND 205-101] Exploring resource sharing.
INFO: [BIND 205-101] Binding ...
INFO: [BIND 205-100] Finished micro-architecture generation.
INFO: [HLS 200-111] Finished Binding: CPU user time: 1 seconds. CPU system time: 0 seconds. Elapsed time: 0.223 seconds; current allocated memory: 317.750 MB.
INFO: [HLS 200-10] ----------------------------------------------------------------
INFO: [HLS 200-42] -- Implementing module 'store_gray' 
INFO: [HLS 200-10] ----------------------------------------------------------------
INFO: [SCHED 204-11] Starting scheduling ...
INFO: [SCHED 204-61] Pipelining loop 'store_loop'.
INFO: [HLS 200-1470] Pipelining result : Target II = 1, Final II = 1, Depth = 77, loop 'store_loop'
INFO: [SCHED 204-11] Finished scheduling.
INFO: [HLS 200-111] Finished Scheduling: CPU user time: 3 seconds. CPU system time: 0 seconds. Elapsed time: 2.946 seconds; current allocated memory: 318.922 MB.
INFO: [BIND 205-100] Starting micro-architecture generation ...
INFO: [BIND 205-101] Performing variable lifetime analysis.
INFO: [BIND 205-101] Exploring resource sharing.
INFO: [BIND 205-101] Binding ...
INFO: [BIND 205-100] Finished micro-architecture generation.
INFO: [HLS 200-111] Finished Binding: CPU user time: 0 seconds. CPU system time: 0 seconds. Elapsed time: 0.641 seconds; current allocated memory: 319.121 MB.
INFO: [HLS 200-10] ----------------------------------------------------------------
INFO: [HLS 200-42] -- Implementing module 'rgb2gray_top' 
INFO: [HLS 200-10] ----------------------------------------------------------------
INFO: [SCHED 204-11] Starting scheduling ...
INFO: [SCHED 204-11] Finished scheduling.
WARNING: [HLS 200-1020] Increasing the depth of FIFO start_for_store_gray_U0 (from entry_proc_U0 to store_gray_U0) to 3 to improve performance and/or avoid deadlocks.
INFO: [HLS 200-111] Finished Scheduling: CPU user time: 1 seconds. CPU system time: 0 seconds. Elapsed time: 1.015 seconds; current allocated memory: 319.398 MB.
INFO: [BIND 205-100] Starting micro-architecture generation ...
INFO: [BIND 205-101] Performing variable lifetime analysis.
INFO: [BIND 205-101] Exploring resource sharing.
INFO: [BIND 205-101] Binding ...
INFO: [BIND 205-100] Finished micro-architecture generation.
INFO: [HLS 200-111] Finished Binding: CPU user time: 1 seconds. CPU system time: 0 seconds. Elapsed time: 0.956 seconds; current allocated memory: 319.504 MB.
INFO: [HLS 200-10] ----------------------------------------------------------------
INFO: [HLS 200-10] -- Generating RTL for module 'entry_proc' 
INFO: [HLS 200-10] ----------------------------------------------------------------
INFO: [RTGEN 206-100] Finished creating RTL model for 'entry_proc'.
INFO: [HLS 200-111] Finished Creating RTL model: CPU user time: 2 seconds. CPU system time: 0 seconds. Elapsed time: 2.463 seconds; current allocated memory: 320.750 MB.
INFO: [HLS 200-10] ----------------------------------------------------------------
INFO: [HLS 200-10] -- Generating RTL for module 'load_rgb' 
INFO: [HLS 200-10] ----------------------------------------------------------------
INFO: [RTGEN 206-100] Finished creating RTL model for 'load_rgb'.
INFO: [HLS 200-111] Finished Creating RTL model: CPU user time: 1 seconds. CPU system time: 0 seconds. Elapsed time: 0.227 seconds; current allocated memory: 322.895 MB.
INFO: [HLS 200-10] ----------------------------------------------------------------
INFO: [HLS 200-10] -- Generating RTL for module 'process_gray_Pipeline_process_loop' 
INFO: [HLS 200-10] ----------------------------------------------------------------
INFO: [HLS 200-1030] Apply Unified Pipeline Control on module 'process_gray_Pipeline_process_loop' pipeline 'process_loop' pipeline type 'loop pipeline'
INFO: [RTGEN 206-100] Generating core module 'am_addmul_18ns_22ns_23ns_45_4_1': 1 instance(s).
INFO: [RTGEN 206-100] Generating core module 'mac_muladd_10ns_8ns_13ns_18_4_1': 1 instance(s).
INFO: [RTGEN 206-100] Generating core module 'mac_muladd_12ns_8ns_21ns_22_4_1': 1 instance(s).
INFO: [RTGEN 206-100] Generating core module 'mul_8ns_14ns_21_1_1': 1 instance(s).
INFO: [RTGEN 206-100] Finished creating RTL model for 'process_gray_Pipeline_process_loop'.
INFO: [HLS 200-111] Finished Creating RTL model: CPU user time: 6 seconds. CPU system time: 0 seconds. Elapsed time: 6.338 seconds; current allocated memory: 325.223 MB.
INFO: [HLS 200-10] ----------------------------------------------------------------
INFO: [HLS 200-10] -- Generating RTL for module 'process_gray' 
INFO: [HLS 200-10] ----------------------------------------------------------------
INFO: [RTGEN 206-100] Finished creating RTL model for 'process_gray'.
INFO: [HLS 200-111] Finished Creating RTL model: CPU user time: 1 seconds. CPU system time: 0 seconds. Elapsed time: 1.645 seconds; current allocated memory: 326.148 MB.
INFO: [HLS 200-10] ----------------------------------------------------------------
INFO: [HLS 200-10] -- Generating RTL for module 'store_gray' 
INFO: [HLS 200-10] ----------------------------------------------------------------
INFO: [RTGEN 206-100] Finished creating RTL model for 'store_gray'.
INFO: [HLS 200-111] Finished Creating RTL model: CPU user time: 2 seconds. CPU system time: 0 seconds. Elapsed time: 1.515 seconds; current allocated memory: 328.035 MB.
INFO: [HLS 200-10] ----------------------------------------------------------------
INFO: [HLS 200-10] -- Generating RTL for module 'rgb2gray_top' 
INFO: [HLS 200-10] ----------------------------------------------------------------
WARNING: [RTGEN 206-101] Design contains AXI ports. Reset is fixed to synchronous and active low.
INFO: [RTGEN 206-500] Setting interface mode on port 'rgb2gray_top/gmem_in' to 'm_axi'.
INFO: [RTGEN 206-500] Setting interface mode on port 'rgb2gray_top/gmem_out' to 'm_axi'.
INFO: [RTGEN 206-500] Setting interface mode on port 'rgb2gray_top/m_axi_in' to 's_axilite & ap_none'.
INFO: [RTGEN 206-500] Setting interface mode on port 'rgb2gray_top/m_axi_out' to 's_axilite & ap_none'.
INFO: [RTGEN 206-500] Setting interface mode on port 'rgb2gray_top/addr_in' to 's_axilite & ap_none'.
INFO: [RTGEN 206-500] Setting interface mode on port 'rgb2gray_top/addr_out' to 's_axilite & ap_none'.
INFO: [RTGEN 206-500] Setting interface mode on port 'rgb2gray_top/num_pixels' to 's_axilite & ap_none'.
INFO: [RTGEN 206-500] Setting interface mode on function 'rgb2gray_top' to 's_axilite & ap_ctrl_chain'.
INFO: [RTGEN 206-100] Bundling port 'm_axi_in', 'm_axi_out', 'addr_in', 'addr_out', 'num_pixels' to AXI-Lite port control.
WARNING: [HLS 200-656] Deadlocks can occur since process load_rgb is instantiated in a dataflow region with ap_ctrl_none or without start propagation and contains a rewind pipeline.
INFO: [RTGEN 206-100] Finished creating RTL model for 'rgb2gray_top'.
INFO: [RTMG 210-285] Implementing FIFO 'm_axi_out_c_U(rgb2gray_top_fifo_w64_d4_S)' using Shift Registers.
INFO: [RTMG 210-285] Implementing FIFO 'addr_out_c_U(rgb2gray_top_fifo_w32_d4_S)' using Shift Registers.
INFO: [RTMG 210-285] Implementing FIFO 'stream_rgb_U(rgb2gray_top_fifo_w24_d16_S)' using Shift Registers.
INFO: [RTMG 210-285] Implementing FIFO 'num_pixels_c1_U(rgb2gray_top_fifo_w32_d2_S)' using Shift Registers.
INFO: [RTMG 210-285] Implementing FIFO 'stream_gray_U(rgb2gray_top_fifo_w8_d16_S)' using Shift Registers.
INFO: [RTMG 210-285] Implementing FIFO 'num_pixels_c_U(rgb2gray_top_fifo_w32_d2_S)' using Shift Registers.
INFO: [RTMG 210-285] Implementing FIFO 'start_for_store_gray_U0_U(rgb2gray_top_start_for_store_gray_U0)' using Shift Registers.
INFO: [RTMG 210-285] Implementing FIFO 'start_for_process_gray_U0_U(rgb2gray_top_start_for_process_gray_U0)' using Shift Registers.
INFO: [HLS 200-111] Finished Creating RTL model: CPU user time: 6 seconds. CPU system time: 0 seconds. Elapsed time: 6.793 seconds; current allocated memory: 331.270 MB.
INFO: [HLS 200-111] Finished Generating all RTL models: CPU user time: 7 seconds. CPU system time: 1 seconds. Elapsed time: 7.863 seconds; current allocated memory: 335.105 MB.
INFO: [HLS 200-1603] Design has inferred MAXI bursts and missed bursts, see Vitis HLS GUI synthesis summary report for detailed information.
INFO: [HLS 200-111] Finished Updating report files: CPU user time: 1 seconds. CPU system time: 1 seconds. Elapsed time: 1.652 seconds; current allocated memory: 342.195 MB.
INFO: [VHDL 208-304] Generating VHDL RTL for rgb2gray_top.
INFO: [VLOG 209-307] Generating Verilog RTL for rgb2gray_top.
INFO: [HLS 200-790] **** Loop Constraint Status: All loop constraints were NOT satisfied.
INFO: [HLS 200-789] **** Estimated Fmax: 342.47 MHz
INFO: [HLS 200-2161] Finished Command csynth_design Elapsed time: 00:00:54; Allocated memory: 100.984 MB.
INFO: [HLS 200-1510] Running: close_project 
==============================================================
Vitis HLS - High-Level Synthesis from C, C++ and OpenCL v2024.1 (64-bit)
Tool Version Limit: 2024.05
Copyright 1986-2022 Xilinx, Inc. All Rights Reserved.
Copyright 2022-2024 Advanced Micro Devices, Inc. All Rights Reserved.

==============================================================
INFO: [SYN 201-201] Setting up clock 'default' with a period of 4ns.
INFO: [HLS 200-1611] Setting target device to 'xcvc1902-vsva2197-2MP-e-S'
INFO: [HLS 200-1505] Using flow_target 'vitis'
INFO: [HLS 200-1464] Running solution command: config_interface -m_axi_latency=64
INFO: [HLS 200-1464] Running solution command: config_interface -m_axi_alignment_byte_size=64
INFO: [HLS 200-1464] Running solution command: config_interface -m_axi_max_widen_bitwidth=512
INFO: [HLS 200-1464] Running solution command: config_interface -default_interface=kernel
INFO: [HLS 200-1464] Running solution command: config_interface -m_axi_conservative_mode=1
INFO: [HLS 200-1464] Running solution command: config_interface -m_axi_addr64=1
INFO: [HLS 200-1464] Running solution command: config_interface -m_axi_auto_max_ports=0
INFO: [HLS 200-1464] Running solution command: config_rtl -register_reset_num=3
INFO: [HLS 200-1464] Running solution command: config_rtl -deadlock_detection=sim
INFO: [HLS 200-1464] Running solution command: config_dataflow -strict_mode=warning
INFO: [HLS 200-1464] Running solution command: config_export -format=xo
INFO: [HLS 200-1464] Running solution command: config_export -ipname=rgb2gray_top
INFO: [HLS 200-1510] Running: set_part xcvc1902-vsva2197-2MP-e-S 
INFO: [HLS 200-1510] Running: create_clock -period 250MHz -name default 
INFO: [HLS 200-1510] Running: config_dataflow -strict_mode warning 
INFO: [HLS 200-1510] Running: config_rtl -deadlock_detection sim 
INFO: [HLS 200-1510] Running: config_interface -m_axi_conservative_mode=1 
INFO: [HLS 200-1510] Running: config_interface -m_axi_addr64 
INFO: [HLS 200-1510] Running: config_interface -m_axi_auto_max_ports=0 
INFO: [HLS 200-1510] Running: config_export -format xo -ipname rgb2gray_top 
INFO: [HLS 200-1510] Running: csim_design -clean 
INFO: [SIM 211-2] *************** CSIM start ***************
INFO: [SIM 211-4] CSIM will launch CLANG as the compiler.
INFO: [HLS 200-2036] Building debug C Simulation binaries
INFO: [SIM 211-1] CSim done with 0 errors.
INFO: [SIM 211-3] *************** CSIM finish ***************
INFO: [HLS 200-2161] Finished Command csim_design Elapsed time: 00:00:12; Allocated memory: 0.379 MB.
INFO: [HLS 200-1510] Running: csynth_design 
INFO: [HLS 200-111] Finished File checks and directory preparation: CPU user time: 0 seconds. CPU system time: 0 seconds. Elapsed time: 0.19 seconds; current allocated memory: 240.594 MB.
INFO: [HLS 200-10] Analyzing design file '../rgb2gray_kernel.cpp' ... 
INFO: [HLS 200-111] Finished Source Code Analysis and Preprocessing: CPU user time: 0 seconds. CPU system time: 0 seconds. Elapsed time: 5.117 seconds; current allocated memory: 242.602 MB.
INFO: [HLS 200-777] Using interface defaults for 'Vitis' flow target.
INFO: [HLS 200-1995] There were 1,822 instructions in the design after the 'Compile/Link' phase of compilation. See the Design Size Report for more details: C:/Users/sfv02/Documents/TEC/Maestria/2026-2C/Alto_Nivel/Evaluaciones_Cortas/3-HLS/MP6160_grupo_5/hls/rgb2gray_hls_work/rgb2gray_hls/solution/syn/report/csynth_design_size.rpt
INFO: [HLS 200-1995] There were 119 instructions in the design after the 'Unroll/Inline (step 1)' phase of compilation. See the Design Size Report for more details: C:/Users/sfv02/Documents/TEC/Maestria/2026-2C/Alto_Nivel/Evaluaciones_Cortas/3-HLS/MP6160_grupo_5/hls/rgb2gray_hls_work/rgb2gray_hls/solution/syn/report/csynth_design_size.rpt
INFO: [HLS 200-1995] There were 104 instructions in the design after the 'Unroll/Inline (step 2)' phase of compilation. See the Design Size Report for more details: C:/Users/sfv02/Documents/TEC/Maestria/2026-2C/Alto_Nivel/Evaluaciones_Cortas/3-HLS/MP6160_grupo_5/hls/rgb2gray_hls_work/rgb2gray_hls/solution/syn/report/csynth_design_size.rpt
INFO: [HLS 200-1995] There were 111 instructions in the design after the 'Unroll/Inline (step 3)' phase of compilation. See the Design Size Report for more details: C:/Users/sfv02/Documents/TEC/Maestria/2026-2C/Alto_Nivel/Evaluaciones_Cortas/3-HLS/MP6160_grupo_5/hls/rgb2gray_hls_work/rgb2gray_hls/solution/syn/report/csynth_design_size.rpt
INFO: [HLS 200-1995] There were 106 instructions in the design after the 'Unroll/Inline (step 4)' phase of compilation. See the Design Size Report for more details: C:/Users/sfv02/Documents/TEC/Maestria/2026-2C/Alto_Nivel/Evaluaciones_Cortas/3-HLS/MP6160_grupo_5/hls/rgb2gray_hls_work/rgb2gray_hls/solution/syn/report/csynth_design_size.rpt
INFO: [HLS 200-1995] There were 97 instructions in the design after the 'Array/Struct (step 1)' phase of compilation. See the Design Size Report for more details: C:/Users/sfv02/Documents/TEC/Maestria/2026-2C/Alto_Nivel/Evaluaciones_Cortas/3-HLS/MP6160_grupo_5/hls/rgb2gray_hls_work/rgb2gray_hls/solution/syn/report/csynth_design_size.rpt
INFO: [HLS 200-1995] There were 97 instructions in the design after the 'Array/Struct (step 2)' phase of compilation. See the Design Size Report for more details: C:/Users/sfv02/Documents/TEC/Maestria/2026-2C/Alto_Nivel/Evaluaciones_Cortas/3-HLS/MP6160_grupo_5/hls/rgb2gray_hls_work/rgb2gray_hls/solution/syn/report/csynth_design_size.rpt
INFO: [HLS 200-1995] There were 99 instructions in the design after the 'Array/Struct (step 3)' phase of compilation. See the Design Size Report for more details: C:/Users/sfv02/Documents/TEC/Maestria/2026-2C/Alto_Nivel/Evaluaciones_Cortas/3-HLS/MP6160_grupo_5/hls/rgb2gray_hls_work/rgb2gray_hls/solution/syn/report/csynth_design_size.rpt
INFO: [HLS 200-1995] There were 135 instructions in the design after the 'Array/Struct (step 4)' phase of compilation. See the Design Size Report for more details: C:/Users/sfv02/Documents/TEC/Maestria/2026-2C/Alto_Nivel/Evaluaciones_Cortas/3-HLS/MP6160_grupo_5/hls/rgb2gray_hls_work/rgb2gray_hls/solution/syn/report/csynth_design_size.rpt
INFO: [HLS 200-1995] There were 139 instructions in the design after the 'Array/Struct (step 5)' phase of compilation. See the Design Size Report for more details: C:/Users/sfv02/Documents/TEC/Maestria/2026-2C/Alto_Nivel/Evaluaciones_Cortas/3-HLS/MP6160_grupo_5/hls/rgb2gray_hls_work/rgb2gray_hls/solution/syn/report/csynth_design_size.rpt
INFO: [HLS 200-1995] There were 139 instructions in the design after the 'Performance (step 1)' phase of compilation. See the Design Size Report for more details: C:/Users/sfv02/Documents/TEC/Maestria/2026-2C/Alto_Nivel/Evaluaciones_Cortas/3-HLS/MP6160_grupo_5/hls/rgb2gray_hls_work/rgb2gray_hls/solution/syn/report/csynth_design_size.rpt
INFO: [HLS 200-1995] There were 139 instructions in the design after the 'Performance (step 2)' phase of compilation. See the Design Size Report for more details: C:/Users/sfv02/Documents/TEC/Maestria/2026-2C/Alto_Nivel/Evaluaciones_Cortas/3-HLS/MP6160_grupo_5/hls/rgb2gray_hls_work/rgb2gray_hls/solution/syn/report/csynth_design_size.rpt
INFO: [HLS 200-1995] There were 138 instructions in the design after the 'Performance (step 3)' phase of compilation. See the Design Size Report for more details: C:/Users/sfv02/Documents/TEC/Maestria/2026-2C/Alto_Nivel/Evaluaciones_Cortas/3-HLS/MP6160_grupo_5/hls/rgb2gray_hls_work/rgb2gray_hls/solution/syn/report/csynth_design_size.rpt
INFO: [HLS 200-1995] There were 138 instructions in the design after the 'Performance (step 4)' phase of compilation. See the Design Size Report for more details: C:/Users/sfv02/Documents/TEC/Maestria/2026-2C/Alto_Nivel/Evaluaciones_Cortas/3-HLS/MP6160_grupo_5/hls/rgb2gray_hls_work/rgb2gray_hls/solution/syn/report/csynth_design_size.rpt
INFO: [HLS 200-1995] There were 138 instructions in the design after the 'HW Transforms (step 1)' phase of compilation. See the Design Size Report for more details: C:/Users/sfv02/Documents/TEC/Maestria/2026-2C/Alto_Nivel/Evaluaciones_Cortas/3-HLS/MP6160_grupo_5/hls/rgb2gray_hls_work/rgb2gray_hls/solution/syn/report/csynth_design_size.rpt
INFO: [HLS 200-1995] There were 141 instructions in the design after the 'HW Transforms (step 2)' phase of compilation. See the Design Size Report for more details: C:/Users/sfv02/Documents/TEC/Maestria/2026-2C/Alto_Nivel/Evaluaciones_Cortas/3-HLS/MP6160_grupo_5/hls/rgb2gray_hls_work/rgb2gray_hls/solution/syn/report/csynth_design_size.rpt
INFO: [HLS 214-178] Inlining function 'rgb_to_gray_pixel(ap_uint<8>, ap_uint<8>, ap_uint<8>)' into 'process_gray(hls::stream<rgb_t, 0>&, hls::stream<ap_uint<8>, 0>&, ap_uint<32>)' (../rgb2gray_kernel.cpp:65:0)
INFO: [HLS 214-241] Aggregating fifo (hls::stream) variable 'stream_rgb' with compact=bit mode in 24-bits (../rgb2gray_kernel.cpp:134:21)
INFO: [HLS 214-115] Multiple burst reads of variable length and bit width 32 in loop 'load_loop'(../rgb2gray_kernel.cpp:37:13) has been inferred on bundle 'gmem_in'. These burst requests might be further partitioned into multiple requests during RTL generation, based on max_read_burst_length or max_write_burst_length settings. (../rgb2gray_kernel.cpp:37:18)
INFO: [HLS 200-111] Finished Compiling Optimization and Transform: CPU user time: 0 seconds. CPU system time: 0 seconds. Elapsed time: 8.346 seconds; current allocated memory: 244.152 MB.
INFO: [HLS 200-111] Finished Checking Pragmas: CPU user time: 0 seconds. CPU system time: 0 seconds. Elapsed time: 0.009 seconds; current allocated memory: 244.152 MB.
INFO: [HLS 200-10] Starting code transformations ...
INFO: [HLS 200-111] Finished Standard Transforms: CPU user time: 0 seconds. CPU system time: 0 seconds. Elapsed time: 0.054 seconds; current allocated memory: 249.051 MB.
INFO: [HLS 200-10] Checking synthesizability ...
INFO: [HLS 200-111] Finished Checking Synthesizability: CPU user time: 0 seconds. CPU system time: 0 seconds. Elapsed time: 0.037 seconds; current allocated memory: 251.066 MB.
INFO: [XFORM 203-712] Applying dataflow to function 'rgb2gray_top' (../rgb2gray_kernel.cpp:114:1), detected/extracted 4 process function(s): 
	 'entry_proc'
	 'load_rgb'
	 'process_gray'
	 'store_gray'.
INFO: [XFORM 203-11] Balancing expressions in function 'process_gray' (../rgb2gray_kernel.cpp:18:16)...3 expression(s) balanced.
INFO: [HLS 200-111] Finished Loop, function and other optimizations: CPU user time: 0 seconds. CPU system time: 0 seconds. Elapsed time: 0.11 seconds; current allocated memory: 273.957 MB.
WARNING: [HLS 200-1990] Performance of loop 'store_loop'(../rgb2gray_kernel.cpp:90:14) in function 'store_gray' can be improved with loop rewind inference if the loop bound can be asserted to execute at least once.
WARNING: [HLS 200-1990] Performance of loop 'load_loop'(../rgb2gray_kernel.cpp:37:13) in function 'load_rgb' can be improved with loop rewind inference if the loop bound can be asserted to execute at least once.
INFO: [XFORM 203-531] Rewinding loop 'store_loop' (../rgb2gray_kernel.cpp:90) in function 'store_gray'.
INFO: [XFORM 203-531] Rewinding loop 'load_loop' (../rgb2gray_kernel.cpp:37) in function 'load_rgb'.
INFO: [HLS 200-111] Finished Architecture Synthesis: CPU user time: 0 seconds. CPU system time: 0 seconds. Elapsed time: 0.131 seconds; current allocated memory: 311.656 MB.
INFO: [HLS 200-10] Starting hardware synthesis ...
INFO: [HLS 200-10] Synthesizing 'rgb2gray_top' ...
INFO: [HLS 200-10] ----------------------------------------------------------------
INFO: [HLS 200-42] -- Implementing module 'entry_proc' 
INFO: [HLS 200-10] ----------------------------------------------------------------
INFO: [SCHED 204-11] Starting scheduling ...
INFO: [SCHED 204-11] Finished scheduling.
INFO: [HLS 200-111] Finished Scheduling: CPU user time: 0 seconds. CPU system time: 0 seconds. Elapsed time: 0.171 seconds; current allocated memory: 314.270 MB.
INFO: [BIND 205-100] Starting micro-architecture generation ...
INFO: [BIND 205-101] Performing variable lifetime analysis.
INFO: [BIND 205-101] Exploring resource sharing.
INFO: [BIND 205-101] Binding ...
INFO: [BIND 205-100] Finished micro-architecture generation.
INFO: [HLS 200-111] Finished Binding: CPU user time: 0 seconds. CPU system time: 0 seconds. Elapsed time: 0.07 seconds; current allocated memory: 315.418 MB.
INFO: [HLS 200-10] ----------------------------------------------------------------
INFO: [HLS 200-42] -- Implementing module 'load_rgb' 
INFO: [HLS 200-10] ----------------------------------------------------------------
INFO: [SCHED 204-11] Starting scheduling ...
INFO: [SCHED 204-61] Pipelining loop 'load_loop'.
WARNING: [HLS 200-880] The II Violation in module 'load_rgb' (loop 'load_loop'): Unable to enforce a carried dependence constraint (II = 1, distance = 1, offset = 1) between bus read operation ('gmem_in_addr_1_read_2', ../rgb2gray_kernel.cpp:43) on port 'gmem_in' (../rgb2gray_kernel.cpp:43) and bus read operation ('gmem_in_addr_1_read', ../rgb2gray_kernel.cpp:43) on port 'gmem_in' (../rgb2gray_kernel.cpp:43).
WARNING: [HLS 200-880] The II Violation in module 'load_rgb' (loop 'load_loop'): Unable to enforce a carried dependence constraint (II = 2, distance = 1, offset = 1) between bus read operation ('gmem_in_addr_1_read_2', ../rgb2gray_kernel.cpp:43) on port 'gmem_in' (../rgb2gray_kernel.cpp:43) and bus read operation ('gmem_in_addr_1_read', ../rgb2gray_kernel.cpp:43) on port 'gmem_in' (../rgb2gray_kernel.cpp:43).
INFO: [HLS 200-1470] Pipelining result : Target II = 1, Final II = 3, Depth = 78, loop 'load_loop'
INFO: [SCHED 204-11] Finished scheduling.
INFO: [HLS 200-111] Finished Scheduling: CPU user time: 3 seconds. CPU system time: 0 seconds. Elapsed time: 2.184 seconds; current allocated memory: 316.773 MB.
INFO: [BIND 205-100] Starting micro-architecture generation ...
INFO: [BIND 205-101] Performing variable lifetime analysis.
INFO: [BIND 205-101] Exploring resource sharing.
INFO: [BIND 205-101] Binding ...
INFO: [BIND 205-100] Finished micro-architecture generation.
INFO: [HLS 200-111] Finished Binding: CPU user time: 0 seconds. CPU system time: 0 seconds. Elapsed time: 0.887 seconds; current allocated memory: 317.023 MB.
INFO: [HLS 200-10] ----------------------------------------------------------------
INFO: [HLS 200-42] -- Implementing module 'process_gray_Pipeline_process_loop' 
INFO: [HLS 200-10] ----------------------------------------------------------------
INFO: [SCHED 204-11] Starting scheduling ...
INFO: [HLS 200-486] Changing DSP latency (root=mul_ln20) to 3 in order to utilize available DSP registers.
INFO: [HLS 200-486] Changing DSP latency (root=add_ln20_2) to 3 in order to utilize available DSP registers.
INFO: [HLS 200-486] Changing DSP latency (root=add_ln20_1) to 3 in order to utilize available DSP registers.
INFO: [SCHED 204-61] Pipelining loop 'process_loop'.
INFO: [HLS 200-1470] Pipelining result : Target II = 1, Final II = 1, Depth = 8, loop 'process_loop'
INFO: [SCHED 204-11] Finished scheduling.
INFO: [HLS 200-111] Finished Scheduling: CPU user time: 2 seconds. CPU system time: 0 seconds. Elapsed time: 1.943 seconds; current allocated memory: 317.398 MB.
INFO: [BIND 205-100] Starting micro-architecture generation ...
INFO: [BIND 205-101] Performing variable lifetime analysis.
INFO: [BIND 205-101] Exploring resource sharing.
INFO: [BIND 205-101] Binding ...
INFO: [BIND 205-100] Finished micro-architecture generation.
INFO: [HLS 200-111] Finished Binding: CPU user time: 0 seconds. CPU system time: 0 seconds. Elapsed time: 0.227 seconds; current allocated memory: 317.426 MB.
INFO: [HLS 200-10] ----------------------------------------------------------------
INFO: [HLS 200-42] -- Implementing module 'process_gray' 
INFO: [HLS 200-10] ----------------------------------------------------------------
INFO: [SCHED 204-11] Starting scheduling ...
INFO: [SCHED 204-11] Finished scheduling.
INFO: [HLS 200-111] Finished Scheduling: CPU user time: 1 seconds. CPU system time: 0 seconds. Elapsed time: 0.567 seconds; current allocated memory: 317.594 MB.
INFO: [BIND 205-100] Starting micro-architecture generation ...
INFO: [BIND 205-101] Performing variable lifetime analysis.
INFO: [BIND 205-101] Exploring resource sharing.
INFO: [BIND 205-101] Binding ...
INFO: [BIND 205-100] Finished micro-architecture generation.
INFO: [HLS 200-111] Finished Binding: CPU user time: 0 seconds. CPU system time: 0 seconds. Elapsed time: 0.223 seconds; current allocated memory: 317.676 MB.
INFO: [HLS 200-10] ----------------------------------------------------------------
INFO: [HLS 200-42] -- Implementing module 'store_gray' 
INFO: [HLS 200-10] ----------------------------------------------------------------
INFO: [SCHED 204-11] Starting scheduling ...
INFO: [SCHED 204-61] Pipelining loop 'store_loop'.
INFO: [HLS 200-1470] Pipelining result : Target II = 1, Final II = 1, Depth = 77, loop 'store_loop'
INFO: [SCHED 204-11] Finished scheduling.
INFO: [HLS 200-111] Finished Scheduling: CPU user time: 3 seconds. CPU system time: 0 seconds. Elapsed time: 2.945 seconds; current allocated memory: 318.418 MB.
INFO: [BIND 205-100] Starting micro-architecture generation ...
INFO: [BIND 205-101] Performing variable lifetime analysis.
INFO: [BIND 205-101] Exploring resource sharing.
INFO: [BIND 205-101] Binding ...
INFO: [BIND 205-100] Finished micro-architecture generation.
INFO: [HLS 200-111] Finished Binding: CPU user time: 1 seconds. CPU system time: 0 seconds. Elapsed time: 0.661 seconds; current allocated memory: 318.637 MB.
INFO: [HLS 200-10] ----------------------------------------------------------------
INFO: [HLS 200-42] -- Implementing module 'rgb2gray_top' 
INFO: [HLS 200-10] ----------------------------------------------------------------
INFO: [SCHED 204-11] Starting scheduling ...
INFO: [SCHED 204-11] Finished scheduling.
WARNING: [HLS 200-1020] Increasing the depth of FIFO start_for_store_gray_U0 (from entry_proc_U0 to store_gray_U0) to 3 to improve performance and/or avoid deadlocks.
INFO: [HLS 200-111] Finished Scheduling: CPU user time: 1 seconds. CPU system time: 0 seconds. Elapsed time: 1.015 seconds; current allocated memory: 318.875 MB.
INFO: [BIND 205-100] Starting micro-architecture generation ...
INFO: [BIND 205-101] Performing variable lifetime analysis.
INFO: [BIND 205-101] Exploring resource sharing.
INFO: [BIND 205-101] Binding ...
INFO: [BIND 205-100] Finished micro-architecture generation.
INFO: [HLS 200-111] Finished Binding: CPU user time: 0 seconds. CPU system time: 0 seconds. Elapsed time: 0.962 seconds; current allocated memory: 319.137 MB.
INFO: [HLS 200-10] ----------------------------------------------------------------
INFO: [HLS 200-10] -- Generating RTL for module 'entry_proc' 
INFO: [HLS 200-10] ----------------------------------------------------------------
INFO: [RTGEN 206-100] Finished creating RTL model for 'entry_proc'.
INFO: [HLS 200-111] Finished Creating RTL model: CPU user time: 3 seconds. CPU system time: 0 seconds. Elapsed time: 2.421 seconds; current allocated memory: 320.375 MB.
INFO: [HLS 200-10] ----------------------------------------------------------------
INFO: [HLS 200-10] -- Generating RTL for module 'load_rgb' 
INFO: [HLS 200-10] ----------------------------------------------------------------
INFO: [RTGEN 206-100] Finished creating RTL model for 'load_rgb'.
INFO: [HLS 200-111] Finished Creating RTL model: CPU user time: 0 seconds. CPU system time: 1 seconds. Elapsed time: 0.224 seconds; current allocated memory: 322.703 MB.
INFO: [HLS 200-10] ----------------------------------------------------------------
INFO: [HLS 200-10] -- Generating RTL for module 'process_gray_Pipeline_process_loop' 
INFO: [HLS 200-10] ----------------------------------------------------------------
INFO: [HLS 200-1030] Apply Unified Pipeline Control on module 'process_gray_Pipeline_process_loop' pipeline 'process_loop' pipeline type 'loop pipeline'
INFO: [RTGEN 206-100] Generating core module 'am_addmul_18ns_22ns_23ns_45_4_1': 1 instance(s).
INFO: [RTGEN 206-100] Generating core module 'mac_muladd_10ns_8ns_13ns_18_4_1': 1 instance(s).
INFO: [RTGEN 206-100] Generating core module 'mac_muladd_12ns_8ns_21ns_22_4_1': 1 instance(s).
INFO: [RTGEN 206-100] Generating core module 'mul_8ns_14ns_21_1_1': 1 instance(s).
INFO: [RTGEN 206-100] Finished creating RTL model for 'process_gray_Pipeline_process_loop'.
INFO: [HLS 200-111] Finished Creating RTL model: CPU user time: 6 seconds. CPU system time: 0 seconds. Elapsed time: 6.323 seconds; current allocated memory: 325.055 MB.
INFO: [HLS 200-10] ----------------------------------------------------------------
INFO: [HLS 200-10] -- Generating RTL for module 'process_gray' 
INFO: [HLS 200-10] ----------------------------------------------------------------
INFO: [RTGEN 206-100] Finished creating RTL model for 'process_gray'.
INFO: [HLS 200-111] Finished Creating RTL model: CPU user time: 2 seconds. CPU system time: 0 seconds. Elapsed time: 1.645 seconds; current allocated memory: 325.941 MB.
INFO: [HLS 200-10] ----------------------------------------------------------------
INFO: [HLS 200-10] -- Generating RTL for module 'store_gray' 
INFO: [HLS 200-10] ----------------------------------------------------------------
INFO: [RTGEN 206-100] Finished creating RTL model for 'store_gray'.
INFO: [HLS 200-111] Finished Creating RTL model: CPU user time: 1 seconds. CPU system time: 0 seconds. Elapsed time: 1.457 seconds; current allocated memory: 327.594 MB.
INFO: [HLS 200-10] ----------------------------------------------------------------
INFO: [HLS 200-10] -- Generating RTL for module 'rgb2gray_top' 
INFO: [HLS 200-10] ----------------------------------------------------------------
WARNING: [RTGEN 206-101] Design contains AXI ports. Reset is fixed to synchronous and active low.
INFO: [RTGEN 206-500] Setting interface mode on port 'rgb2gray_top/gmem_in' to 'm_axi'.
INFO: [RTGEN 206-500] Setting interface mode on port 'rgb2gray_top/gmem_out' to 'm_axi'.
INFO: [RTGEN 206-500] Setting interface mode on port 'rgb2gray_top/m_axi_in' to 's_axilite & ap_none'.
INFO: [RTGEN 206-500] Setting interface mode on port 'rgb2gray_top/m_axi_out' to 's_axilite & ap_none'.
INFO: [RTGEN 206-500] Setting interface mode on port 'rgb2gray_top/addr_in' to 's_axilite & ap_none'.
INFO: [RTGEN 206-500] Setting interface mode on port 'rgb2gray_top/addr_out' to 's_axilite & ap_none'.
INFO: [RTGEN 206-500] Setting interface mode on port 'rgb2gray_top/num_pixels' to 's_axilite & ap_none'.
INFO: [RTGEN 206-500] Setting interface mode on function 'rgb2gray_top' to 's_axilite & ap_ctrl_chain'.
INFO: [RTGEN 206-100] Bundling port 'm_axi_in', 'm_axi_out', 'addr_in', 'addr_out', 'num_pixels' to AXI-Lite port control.
WARNING: [HLS 200-656] Deadlocks can occur since process load_rgb is instantiated in a dataflow region with ap_ctrl_none or without start propagation and contains a rewind pipeline.
INFO: [RTGEN 206-100] Finished creating RTL model for 'rgb2gray_top'.
INFO: [RTMG 210-285] Implementing FIFO 'm_axi_out_c_U(rgb2gray_top_fifo_w64_d4_S)' using Shift Registers.
INFO: [RTMG 210-285] Implementing FIFO 'addr_out_c_U(rgb2gray_top_fifo_w32_d4_S)' using Shift Registers.
INFO: [RTMG 210-285] Implementing FIFO 'stream_rgb_U(rgb2gray_top_fifo_w24_d16_S)' using Shift Registers.
INFO: [RTMG 210-285] Implementing FIFO 'num_pixels_c1_U(rgb2gray_top_fifo_w32_d2_S)' using Shift Registers.
INFO: [RTMG 210-285] Implementing FIFO 'stream_gray_U(rgb2gray_top_fifo_w8_d16_S)' using Shift Registers.
INFO: [RTMG 210-285] Implementing FIFO 'num_pixels_c_U(rgb2gray_top_fifo_w32_d2_S)' using Shift Registers.
INFO: [RTMG 210-285] Implementing FIFO 'start_for_store_gray_U0_U(rgb2gray_top_start_for_store_gray_U0)' using Shift Registers.
INFO: [RTMG 210-285] Implementing FIFO 'start_for_process_gray_U0_U(rgb2gray_top_start_for_process_gray_U0)' using Shift Registers.
INFO: [HLS 200-111] Finished Creating RTL model: CPU user time: 6 seconds. CPU system time: 0 seconds. Elapsed time: 6.769 seconds; current allocated memory: 331.145 MB.
INFO: [HLS 200-111] Finished Generating all RTL models: CPU user time: 7 seconds. CPU system time: 0 seconds. Elapsed time: 7.836 seconds; current allocated memory: 334.656 MB.
INFO: [HLS 200-1603] Design has inferred MAXI bursts and missed bursts, see Vitis HLS GUI synthesis summary report for detailed information.
INFO: [HLS 200-111] Finished Updating report files: CPU user time: 1 seconds. CPU system time: 1 seconds. Elapsed time: 1.701 seconds; current allocated memory: 342.102 MB.
INFO: [VHDL 208-304] Generating VHDL RTL for rgb2gray_top.
INFO: [VLOG 209-307] Generating Verilog RTL for rgb2gray_top.
INFO: [HLS 200-790] **** Loop Constraint Status: All loop constraints were NOT satisfied.
INFO: [HLS 200-789] **** Estimated Fmax: 342.47 MHz
INFO: [HLS 200-2161] Finished Command csynth_design Elapsed time: 00:00:54; Allocated memory: 101.516 MB.
INFO: [HLS 200-1510] Running: close_project 
