Copyright 1986-2022 Xilinx, Inc. All Rights Reserved. Copyright 2022-2024 Advanced Micro Devices, Inc. All Rights Reserved.
------------------------------------------------------------------------------------------------------------------------------------------------------------------------------------------------------------------------------------------------
| Tool Version      : Vivado v.2024.1 (lin64) Build 5076996 Wed May 22 18:36:09 MDT 2024
| Date              : Thu Aug  6 01:20:55 2026
| Host              : linux running 64-bit Ubuntu 22.04.5 LTS
| Command           : report_timing -delay_type max -max_paths 1 -file ${PROJECT_ROOT}/ProyectoFinal/HLS/reports/isolated_forward/timing_sweep/4p5ns/timing_critical_path.rpt
| Design            : wht_lossless_forward_isolated
| Device            : xck26-sfvc784
| Speed File        : -2LV  PRODUCTION 1.30 05-15-2022
| Design State      : Routed
| Temperature Grade : C
------------------------------------------------------------------------------------------------------------------------------------------------------------------------------------------------------------------------------------------------

Timing Report

Slack (MET) :             0.327ns  (required time - arrival time)
  Source:                 reg_214_reg[2]/C
                            (rising edge-triggered cell FDRE clocked by ap_clk  {rise@0.000ns fall@2.250ns period=4.500ns})
  Destination:            control_s_axi_U/int_block_out/mem_reg/DINADIN[15]
                            (rising edge-triggered cell RAMB18E2 clocked by ap_clk  {rise@0.000ns fall@2.250ns period=4.500ns})
  Path Group:             ap_clk
  Path Type:              Setup (Max at Slow Process Corner)
  Requirement:            4.500ns  (ap_clk rise@4.500ns - ap_clk rise@0.000ns)
  Data Path Delay:        3.545ns  (logic 1.384ns (39.041%)  route 2.161ns (60.959%))
  Logic Levels:           9  (CARRY8=4 LUT2=1 LUT3=2 LUT6=2)
  Clock Path Skew:        0.007ns (DCD - SCD + CPR)
    Destination Clock Delay (DCD):    0.049ns = ( 4.549 - 4.500 ) 
    Source Clock Delay      (SCD):    0.042ns
    Clock Pessimism Removal (CPR):    0.000ns
  Clock Uncertainty:      0.035ns  ((TSJ^2 + TIJ^2)^1/2 + DJ) / 2 + PE
    Total System Jitter     (TSJ):    0.071ns
    Total Input Jitter      (TIJ):    0.000ns
    Discrete Jitter          (DJ):    0.000ns
    Phase Error              (PE):    0.000ns

    Location             Delay type                Incr(ns)  Path(ns)    Netlist Resource(s)
  -------------------------------------------------------------------    -------------------
                         (clock ap_clk rise edge)     0.000     0.000 r  
                                                      0.000     0.000 r  ap_clk (IN)
                         net (fo=427, unset)          0.042     0.042    ap_clk
    SLICE_X30Y74         FDRE                                         r  reg_214_reg[2]/C
  -------------------------------------------------------------------    -------------------
    SLICE_X30Y74         FDRE (Prop_GFF2_SLICEL_C_Q)
                                                      0.116     0.158 r  reg_214_reg[2]/Q
                         net (fo=7, routed)           0.310     0.468    control_s_axi_U/int_block_out/reg_238_reg[15][2]
    SLICE_X31Y71         LUT2 (Prop_C6LUT_SLICEM_I0_O)
                                                      0.056     0.524 r  control_s_axi_U/int_block_out/reg_238[7]_i_7/O
                         net (fo=1, routed)           0.029     0.553    control_s_axi_U/int_block_out/reg_238[7]_i_7_n_0
    SLICE_X31Y71         CARRY8 (Prop_CARRY8_SLICEM_S[2]_O[5])
                                                      0.294     0.847 r  control_s_axi_U/int_block_out/reg_238_reg[7]_i_1/O[5]
                         net (fo=5, routed)           0.280     1.127    control_s_axi_U/int_block_out/O[5]
    SLICE_X30Y73         LUT3 (Prop_C6LUT_SLICEL_I2_O)
                                                      0.150     1.277 r  control_s_axi_U/int_block_out/b_6_reg_611[7]_i_4/O
                         net (fo=1, routed)           0.276     1.553    control_s_axi_U/int_block_out/b_6_reg_611[7]_i_4_n_0
    SLICE_X30Y71         CARRY8 (Prop_CARRY8_SLICEL_DI[5]_CO[7])
                                                      0.108     1.661 r  control_s_axi_U/int_block_out/b_6_reg_611_reg[7]_i_1/CO[7]
                         net (fo=1, routed)           0.030     1.691    control_s_axi_U/int_block_out/b_6_reg_611_reg[7]_i_1_n_0
    SLICE_X30Y72         CARRY8 (Prop_CARRY8_SLICEL_CI_O[7])
                                                      0.179     1.870 r  control_s_axi_U/int_block_out/b_6_reg_611_reg[15]_i_2/O[7]
                         net (fo=4, routed)           0.212     2.082    control_s_axi_U/int_block_out/reg_214_reg[14]_0[7]
    SLICE_X30Y74         LUT3 (Prop_D5LUT_SLICEL_I2_O)
                                                      0.152     2.234 r  control_s_axi_U/int_block_out/trunc_ln11_8_reg_626[14]_i_2/O
                         net (fo=1, routed)           0.479     2.713    control_s_axi_U/int_block_out/trunc_ln11_8_reg_626[14]_i_2_n_0
    SLICE_X30Y70         CARRY8 (Prop_CARRY8_SLICEL_DI[6]_O[7])
                                                      0.135     2.848 r  control_s_axi_U/int_block_out/trunc_ln11_8_reg_626_reg[14]_i_1/O[7]
                         net (fo=2, routed)           0.199     3.047    control_s_axi_U/int_block_out/a_6_reg_581_reg[14][14]
    SLICE_X30Y67         LUT6 (Prop_H6LUT_SLICEL_I0_O)
                                                      0.058     3.105 r  control_s_axi_U/int_block_out/mem_reg_i_31/O
                         net (fo=1, routed)           0.045     3.150    control_s_axi_U/int_block_out/mem_reg_i_31_n_0
    SLICE_X30Y67         LUT6 (Prop_F6LUT_SLICEL_I4_O)
                                                      0.136     3.286 r  control_s_axi_U/int_block_out/mem_reg_i_5/O
                         net (fo=1, routed)           0.301     3.587    control_s_axi_U/int_block_out/mem_reg_i_5_n_0
    RAMB18_X0Y28         RAMB18E2                                     r  control_s_axi_U/int_block_out/mem_reg/DINADIN[15]
  -------------------------------------------------------------------    -------------------

                         (clock ap_clk rise edge)     4.500     4.500 r  
                                                      0.000     4.500 r  ap_clk (IN)
                         net (fo=427, unset)          0.049     4.549    control_s_axi_U/int_block_out/ap_clk
    RAMB18_X0Y28         RAMB18E2                                     r  control_s_axi_U/int_block_out/mem_reg/CLKBWRCLK
                         clock pessimism              0.000     4.549    
                         clock uncertainty           -0.035     4.514    
    RAMB18_X0Y28         RAMB18E2 (Setup_RAMB18E2_L_RAMB180_CLKBWRCLK_DINADIN[15])
                                                     -0.600     3.914    control_s_axi_U/int_block_out/mem_reg
  -------------------------------------------------------------------
                         required time                          3.914    
                         arrival time                          -3.587    
  -------------------------------------------------------------------
                         slack                                  0.327    




