Copyright 1986-2022 Xilinx, Inc. All Rights Reserved. Copyright 2022-2024 Advanced Micro Devices, Inc. All Rights Reserved.
------------------------------------------------------------------------------------------------------------------------------------------------------------------------------------------------------------------------------------
| Tool Version      : Vivado v.2024.1 (lin64) Build 5076996 Wed May 22 18:36:09 MDT 2024
| Date              : Thu Aug  6 02:54:24 2026
| Host              : linux running 64-bit Ubuntu 22.04.5 LTS
| Command           : report_timing -delay_type max -max_paths 1 -file ${PROJECT_ROOT}/ProyectoFinal/HLS/reports/main_forward/post_route/timing_critical_path.rpt
| Design            : wht_lossless_core
| Device            : xck26-sfvc784
| Speed File        : -2LV  PRODUCTION 1.30 05-15-2022
| Design State      : Routed
| Temperature Grade : C
------------------------------------------------------------------------------------------------------------------------------------------------------------------------------------------------------------------------------------

Timing Report

Slack (MET) :             4.292ns  (required time - arrival time)
  Source:                 a_6_reg_626_reg[4]/C
                            (rising edge-triggered cell FDRE clocked by ap_clk  {rise@0.000ns fall@5.000ns period=10.000ns})
  Destination:            sub_ln27_reg_670_reg[15]/D
                            (rising edge-triggered cell FDRE clocked by ap_clk  {rise@0.000ns fall@5.000ns period=10.000ns})
  Path Group:             ap_clk
  Path Type:              Setup (Max at Slow Process Corner)
  Requirement:            10.000ns  (ap_clk rise@10.000ns - ap_clk rise@0.000ns)
  Data Path Delay:        5.703ns  (logic 1.820ns (31.915%)  route 3.883ns (68.085%))
  Logic Levels:           11  (CARRY8=4 LUT3=3 LUT4=2 LUT5=1 LUT6=1)
  Clock Path Skew:        -0.014ns (DCD - SCD + CPR)
    Destination Clock Delay (DCD):    0.029ns = ( 10.029 - 10.000 ) 
    Source Clock Delay      (SCD):    0.043ns
    Clock Pessimism Removal (CPR):    0.000ns
  Clock Uncertainty:      0.035ns  ((TSJ^2 + TIJ^2)^1/2 + DJ) / 2 + PE
    Total System Jitter     (TSJ):    0.071ns
    Total Input Jitter      (TIJ):    0.000ns
    Discrete Jitter          (DJ):    0.000ns
    Phase Error              (PE):    0.000ns

    Location             Delay type                Incr(ns)  Path(ns)    Netlist Resource(s)
  -------------------------------------------------------------------    -------------------
                         (clock ap_clk rise edge)     0.000     0.000 r  
                                                      0.000     0.000 r  ap_clk (IN)
                         net (fo=3485, unset)         0.043     0.043    ap_clk
    SLICE_X45Y149        FDRE                                         r  a_6_reg_626_reg[4]/C
  -------------------------------------------------------------------    -------------------
    SLICE_X45Y149        FDRE (Prop_EFF_SLICEM_C_Q)
                                                      0.113     0.156 r  a_6_reg_626_reg[4]/Q
                         net (fo=5, routed)           0.609     0.765    a_6_reg_626[4]
    SLICE_X49Y150        LUT3 (Prop_C6LUT_SLICEL_I2_O)
                                                      0.150     0.915 r  add_ln23_2_reg_665[15]_i_45/O
                         net (fo=2, routed)           0.512     1.427    add_ln23_2_reg_665[15]_i_45_n_0
    SLICE_X48Y148        LUT4 (Prop_F6LUT_SLICEL_I3_O)
                                                      0.136     1.563 r  add_ln23_2_reg_665[15]_i_52/O
                         net (fo=1, routed)           0.015     1.578    add_ln23_2_reg_665[15]_i_52_n_0
    SLICE_X48Y148        CARRY8 (Prop_CARRY8_SLICEL_S[5]_CO[7])
                                                      0.232     1.810 r  add_ln23_2_reg_665_reg[15]_i_25/CO[7]
                         net (fo=1, routed)           0.030     1.840    add_ln23_2_reg_665_reg[15]_i_25_n_0
    SLICE_X48Y149        CARRY8 (Prop_CARRY8_SLICEL_CI_O[0])
                                                      0.078     1.918 r  add_ln23_2_reg_665_reg[15]_i_18/O[0]
                         net (fo=4, routed)           0.588     2.506    sext_ln27_6_fu_402_p1[7]
    SLICE_X50Y149        LUT3 (Prop_D5LUT_SLICEL_I0_O)
                                                      0.217     2.723 r  add_ln23_2_reg_665[15]_i_24/O
                         net (fo=2, routed)           0.545     3.268    add_ln23_2_reg_665[15]_i_24_n_0
    SLICE_X47Y146        LUT5 (Prop_H6LUT_SLICEL_I1_O)
                                                      0.058     3.326 r  add_ln23_2_reg_665[15]_i_8/O
                         net (fo=2, routed)           0.503     3.829    add_ln23_2_reg_665[15]_i_8_n_0
    SLICE_X49Y147        LUT6 (Prop_A6LUT_SLICEL_I0_O)
                                                      0.058     3.887 r  add_ln23_2_reg_665[15]_i_16/O
                         net (fo=1, routed)           0.014     3.901    add_ln23_2_reg_665[15]_i_16_n_0
    SLICE_X49Y147        CARRY8 (Prop_CARRY8_SLICEL_S[0]_O[5])
                                                      0.339     4.240 f  add_ln23_2_reg_665_reg[15]_i_1/O[5]
                         net (fo=3, routed)           0.506     4.745    add_ln23_2_fu_429_p2[13]
    SLICE_X48Y145        LUT3 (Prop_H6LUT_SLICEL_I1_O)
                                                      0.058     4.803 r  sub_ln27_reg_670[15]_i_3/O
                         net (fo=2, routed)           0.512     5.316    sub_ln27_reg_670[15]_i_3_n_0
    SLICE_X49Y145        LUT4 (Prop_F6LUT_SLICEL_I3_O)
                                                      0.187     5.503 r  sub_ln27_reg_670[15]_i_11/O
                         net (fo=1, routed)           0.015     5.518    sub_ln27_reg_670[15]_i_11_n_0
    SLICE_X49Y145        CARRY8 (Prop_CARRY8_SLICEL_S[5]_O[7])
                                                      0.194     5.712 r  sub_ln27_reg_670_reg[15]_i_1/O[7]
                         net (fo=1, routed)           0.034     5.746    sub_ln27_fu_449_p2[15]
    SLICE_X49Y145        FDRE                                         r  sub_ln27_reg_670_reg[15]/D
  -------------------------------------------------------------------    -------------------

                         (clock ap_clk rise edge)    10.000    10.000 r  
                                                      0.000    10.000 r  ap_clk (IN)
                         net (fo=3485, unset)         0.029    10.029    ap_clk
    SLICE_X49Y145        FDRE                                         r  sub_ln27_reg_670_reg[15]/C
                         clock pessimism              0.000    10.029    
                         clock uncertainty           -0.035     9.994    
    SLICE_X49Y145        FDRE (Setup_HFF_SLICEL_C_D)
                                                      0.044    10.038    sub_ln27_reg_670_reg[15]
  -------------------------------------------------------------------
                         required time                         10.038    
                         arrival time                          -5.746    
  -------------------------------------------------------------------
                         slack                                  4.292    




