Copyright 1986-2022 Xilinx, Inc. All Rights Reserved. Copyright 2022-2024 Advanced Micro Devices, Inc. All Rights Reserved.
------------------------------------------------------------------------------------------------------------------------------------------------------------------------------------------------------------------------------------------------
| Tool Version      : Vivado v.2024.1 (lin64) Build 5076996 Wed May 22 18:36:09 MDT 2024
| Date              : Thu Aug  6 01:11:53 2026
| Host              : linux running 64-bit Ubuntu 22.04.5 LTS
| Command           : report_timing -delay_type max -max_paths 1 -file ${PROJECT_ROOT}/ProyectoFinal/HLS/reports/isolated_forward/timing_sweep/6p0ns/timing_critical_path.rpt
| Design            : wht_lossless_forward_isolated
| Device            : xck26-sfvc784
| Speed File        : -2LV  PRODUCTION 1.30 05-15-2022
| Design State      : Routed
| Temperature Grade : C
------------------------------------------------------------------------------------------------------------------------------------------------------------------------------------------------------------------------------------------------

Timing Report

Slack (MET) :             1.616ns  (required time - arrival time)
  Source:                 reg_214_reg[1]/C
                            (rising edge-triggered cell FDRE clocked by ap_clk  {rise@0.000ns fall@3.000ns period=6.000ns})
  Destination:            control_s_axi_U/int_block_out/mem_reg/DINADIN[15]
                            (rising edge-triggered cell RAMB18E2 clocked by ap_clk  {rise@0.000ns fall@3.000ns period=6.000ns})
  Path Group:             ap_clk
  Path Type:              Setup (Max at Slow Process Corner)
  Requirement:            6.000ns  (ap_clk rise@6.000ns - ap_clk rise@0.000ns)
  Data Path Delay:        3.755ns  (logic 1.678ns (44.687%)  route 2.077ns (55.313%))
  Logic Levels:           9  (CARRY8=4 LUT2=1 LUT3=2 LUT6=2)
  Clock Path Skew:        0.006ns (DCD - SCD + CPR)
    Destination Clock Delay (DCD):    0.049ns = ( 6.049 - 6.000 ) 
    Source Clock Delay      (SCD):    0.043ns
    Clock Pessimism Removal (CPR):    0.000ns
  Clock Uncertainty:      0.035ns  ((TSJ^2 + TIJ^2)^1/2 + DJ) / 2 + PE
    Total System Jitter     (TSJ):    0.071ns
    Total Input Jitter      (TIJ):    0.000ns
    Discrete Jitter          (DJ):    0.000ns
    Phase Error              (PE):    0.000ns

    Location             Delay type                Incr(ns)  Path(ns)    Netlist Resource(s)
  -------------------------------------------------------------------    -------------------
                         (clock ap_clk rise edge)     0.000     0.000 r  
                                                      0.000     0.000 r  ap_clk (IN)
                         net (fo=427, unset)          0.043     0.043    ap_clk
    SLICE_X29Y49         FDRE                                         r  reg_214_reg[1]/C
  -------------------------------------------------------------------    -------------------
    SLICE_X29Y49         FDRE (Prop_AFF_SLICEM_C_Q)
                                                      0.113     0.156 r  reg_214_reg[1]/Q
                         net (fo=7, routed)           0.218     0.374    control_s_axi_U/int_block_out/reg_238_reg[15][1]
    SLICE_X31Y51         LUT2 (Prop_B6LUT_SLICEM_I0_O)
                                                      0.152     0.526 r  control_s_axi_U/int_block_out/reg_238[7]_i_8/O
                         net (fo=1, routed)           0.022     0.548    control_s_axi_U/int_block_out/reg_238[7]_i_8_n_0
    SLICE_X31Y51         CARRY8 (Prop_CARRY8_SLICEM_S[1]_O[5])
                                                      0.341     0.889 r  control_s_axi_U/int_block_out/reg_238_reg[7]_i_1/O[5]
                         net (fo=5, routed)           0.306     1.195    control_s_axi_U/int_block_out/O[5]
    SLICE_X29Y49         LUT3 (Prop_H6LUT_SLICEM_I2_O)
                                                      0.154     1.349 r  control_s_axi_U/int_block_out/b_6_reg_611[7]_i_4/O
                         net (fo=1, routed)           0.199     1.548    control_s_axi_U/int_block_out/b_6_reg_611[7]_i_4_n_0
    SLICE_X29Y50         CARRY8 (Prop_CARRY8_SLICEM_DI[5]_CO[7])
                                                      0.116     1.664 r  control_s_axi_U/int_block_out/b_6_reg_611_reg[7]_i_1/CO[7]
                         net (fo=1, routed)           0.030     1.694    control_s_axi_U/int_block_out/b_6_reg_611_reg[7]_i_1_n_0
    SLICE_X29Y51         CARRY8 (Prop_CARRY8_SLICEM_CI_O[0])
                                                      0.086     1.780 r  control_s_axi_U/int_block_out/b_6_reg_611_reg[15]_i_2/O[0]
                         net (fo=4, routed)           0.268     2.048    control_s_axi_U/int_block_out/reg_214_reg[14]_0[0]
    SLICE_X28Y51         LUT3 (Prop_A5LUT_SLICEM_I2_O)
                                                      0.194     2.242 r  control_s_axi_U/int_block_out/trunc_ln11_8_reg_626[14]_i_8/O
                         net (fo=1, routed)           0.402     2.644    control_s_axi_U/int_block_out/trunc_ln11_8_reg_626[14]_i_8_n_0
    SLICE_X30Y51         CARRY8 (Prop_CARRY8_SLICEL_DI[0]_O[7])
                                                      0.327     2.971 r  control_s_axi_U/int_block_out/trunc_ln11_8_reg_626_reg[14]_i_1/O[7]
                         net (fo=2, routed)           0.269     3.240    control_s_axi_U/int_block_out/a_6_reg_581_reg[14][14]
    SLICE_X29Y46         LUT6 (Prop_H6LUT_SLICEM_I0_O)
                                                      0.060     3.300 r  control_s_axi_U/int_block_out/mem_reg_i_31/O
                         net (fo=1, routed)           0.049     3.349    control_s_axi_U/int_block_out/mem_reg_i_31_n_0
    SLICE_X29Y46         LUT6 (Prop_F6LUT_SLICEM_I4_O)
                                                      0.135     3.484 r  control_s_axi_U/int_block_out/mem_reg_i_5/O
                         net (fo=1, routed)           0.314     3.798    control_s_axi_U/int_block_out/mem_reg_i_5_n_0
    RAMB18_X0Y16         RAMB18E2                                     r  control_s_axi_U/int_block_out/mem_reg/DINADIN[15]
  -------------------------------------------------------------------    -------------------

                         (clock ap_clk rise edge)     6.000     6.000 r  
                                                      0.000     6.000 r  ap_clk (IN)
                         net (fo=427, unset)          0.049     6.049    control_s_axi_U/int_block_out/ap_clk
    RAMB18_X0Y16         RAMB18E2                                     r  control_s_axi_U/int_block_out/mem_reg/CLKBWRCLK
                         clock pessimism              0.000     6.049    
                         clock uncertainty           -0.035     6.014    
    RAMB18_X0Y16         RAMB18E2 (Setup_RAMB18E2_L_RAMB180_CLKBWRCLK_DINADIN[15])
                                                     -0.600     5.414    control_s_axi_U/int_block_out/mem_reg
  -------------------------------------------------------------------
                         required time                          5.414    
                         arrival time                          -3.798    
  -------------------------------------------------------------------
                         slack                                  1.616    




