Copyright 1986-2022 Xilinx, Inc. All Rights Reserved. Copyright 2022-2024 Advanced Micro Devices, Inc. All Rights Reserved.
----------------------------------------------------------------------------------------------------------------------------------------------------------------------------------------------------------------------------------------
| Tool Version : Vivado v.2024.1 (lin64) Build 5076996 Wed May 22 18:36:09 MDT 2024
| Date         : Thu Aug  6 01:11:51 2026
| Host         : linux running 64-bit Ubuntu 22.04.5 LTS
| Command      : report_utilization -hierarchical -file ${PROJECT_ROOT}/ProyectoFinal/HLS/reports/isolated_forward/timing_sweep/6p0ns/utilization_hier_post_route.rpt
| Design       : wht_lossless_forward_isolated
| Device       : xck26-sfvc784-2LV-c
| Speed File   : -2LV
| Design State : Routed
----------------------------------------------------------------------------------------------------------------------------------------------------------------------------------------------------------------------------------------

Utilization Design Information

Table of Contents
-----------------
1. Utilization by Hierarchy

1. Utilization by Hierarchy
---------------------------

+-----------------------------------+-----------------------------------------------------------------+------------+------------+---------+------+-----+--------+--------+------+------------+
|              Instance             |                              Module                             | Total LUTs | Logic LUTs | LUTRAMs | SRLs | FFs | RAMB36 | RAMB18 | URAM | DSP Blocks |
+-----------------------------------+-----------------------------------------------------------------+------------+------------+---------+------+-----+--------+--------+------+------------+
| wht_lossless_forward_isolated     |                                                           (top) |        501 |        501 |       0 |    0 | 424 |      1 |      1 |    0 |          0 |
|   (wht_lossless_forward_isolated) |                                                           (top) |        195 |        195 |       0 |    0 | 366 |      0 |      0 |    0 |          0 |
|   control_s_axi_U                 |                     wht_lossless_forward_isolated_control_s_axi |        307 |        307 |       0 |    0 |  58 |      1 |      1 |    0 |          0 |
|     (control_s_axi_U)             |                     wht_lossless_forward_isolated_control_s_axi |         48 |         48 |       0 |    0 |  58 |      0 |      0 |    0 |          0 |
|     int_block_in                  |                 wht_lossless_forward_isolated_control_s_axi_ram |         40 |         40 |       0 |    0 |   0 |      1 |      0 |    0 |          0 |
|     int_block_out                 | wht_lossless_forward_isolated_control_s_axi_ram__parameterized0 |        220 |        220 |       0 |    0 |   0 |      0 |      1 |    0 |          0 |
+-----------------------------------+-----------------------------------------------------------------+------------+------------+---------+------+-----+--------+--------+------+------------+
* Note: The sum of lower-level cells may be larger than their parent cells total, due to cross-hierarchy LUT combining


