

================================================================
== Vitis HLS Report for 'load_rgb'
================================================================
* Date:           Mon Jul 20 18:48:29 2026

* Version:        2024.1 (Build 5069499 on May 21 2024)
* Project:        rgb2gray_hls
* Solution:       solution (Vitis Kernel Flow Target)
* Product family: versalaicore
* Target device:  xcvc1902-vsva2197-2MP-e-S


================================================================
== Performance Estimates
================================================================
+ Timing: 
    * Summary: 
    +--------+---------+----------+------------+
    |  Clock |  Target | Estimated| Uncertainty|
    +--------+---------+----------+------------+
    |ap_clk  |  4.00 ns|  2.920 ns|     1.08 ns|
    +--------+---------+----------+------------+

+ Latency: 
    * Summary: 
    +---------+---------+----------+----------+-----+-----+------------------------------------------+
    |  Latency (cycles) |  Latency (absolute) |  Interval |                 Pipeline                 |
    |   min   |   max   |    min   |    max   | min | max |                   Type                   |
    +---------+---------+----------+----------+-----+-----+------------------------------------------+
    |        ?|        ?|         ?|         ?|    0|    0|  loop rewind stp(delay=0 clock cycles(s))|
    +---------+---------+----------+----------+-----+-----+------------------------------------------+

    + Detail: 
        * Instance: 
        N/A

        * Loop: 
        +-------------+---------+---------+----------+-----------+-----------+------+----------+
        |             |  Latency (cycles) | Iteration|  Initiation Interval  | Trip |          |
        |  Loop Name  |   min   |   max   |  Latency |  achieved |   target  | Count| Pipelined|
        +-------------+---------+---------+----------+-----------+-----------+------+----------+
        |- load_loop  |        ?|        ?|        78|          3|          1|     ?|       yes|
        +-------------+---------+---------+----------+-----------+-----------+------+----------+



================================================================
== Utilization Estimates
================================================================
* Summary: 
+-----------------+---------+------+---------+--------+-----+
|       Name      | BRAM_18K|  DSP |    FF   |   LUT  | URAM|
+-----------------+---------+------+---------+--------+-----+
|DSP              |        -|     -|        -|       -|    -|
|Expression       |        -|     -|        0|     169|    -|
|FIFO             |        -|     -|        -|       -|    -|
|Instance         |        -|     -|        -|       -|    -|
|Memory           |        -|     -|        -|       -|    -|
|Multiplexer      |        -|     -|        0|     384|    -|
|Register         |        -|     -|      372|       2|    -|
+-----------------+---------+------+---------+--------+-----+
|Total            |        0|     0|      372|     555|    0|
+-----------------+---------+------+---------+--------+-----+
|Available        |     1934|  1968|  1799680|  899840|  463|
+-----------------+---------+------+---------+--------+-----+
|Utilization (%)  |        0|     0|       ~0|      ~0|    0|
+-----------------+---------+------+---------+--------+-----+

+ Detail: 
    * Instance: 
    N/A

    * DSP: 
    N/A

    * Memory: 
    N/A

    * FIFO: 
    N/A

    * Expression: 
    +------------------------------------+----------+----+---+----+------------+------------+
    |            Variable Name           | Operation| DSP| FF| LUT| Bitwidth P0| Bitwidth P1|
    +------------------------------------+----------+----+---+----+------------+------------+
    |add_ln37_fu_254_p2                  |         +|   0|  0|  64|          64|          64|
    |i_3_fu_287_p2                       |         +|   0|  0|  32|          32|           1|
    |sub_ln37_fu_231_p2                  |         -|   0|  0|  34|          34|          34|
    |ap_block_pp0_stage2_01001           |       and|   0|  0|   2|           1|           1|
    |ap_block_state3_io                  |       and|   0|  0|   2|           1|           1|
    |ap_block_state3_pp0_stage1_iter0    |       and|   0|  0|   2|           1|           1|
    |ap_block_state77_pp0_stage0_iter25  |       and|   0|  0|   2|           1|           1|
    |ap_condition_454                    |       and|   0|  0|   2|           1|           1|
    |ap_condition_466                    |       and|   0|  0|   2|           1|           1|
    |ap_condition_473                    |       and|   0|  0|   2|           1|           1|
    |icmp_ln37_fu_293_p2                 |      icmp|   0|  0|  13|          32|          32|
    |ap_block_pp0_stage0_11001           |        or|   0|  0|   2|           1|           1|
    |ap_block_pp0_stage1_01001           |        or|   0|  0|   2|           1|           1|
    |ap_block_pp0_stage1_11001           |        or|   0|  0|   2|           1|           1|
    |ap_block_state1                     |        or|   0|  0|   2|           1|           1|
    |ap_block_state79_pp0_stage2_iter25  |        or|   0|  0|   2|           1|           1|
    |ap_enable_pp0                       |       xor|   0|  0|   2|           1|           2|
    +------------------------------------+----------+----+---+----+------------+------------+
    |Total                               |          |   0|  0| 169|         175|         145|
    +------------------------------------+----------+----+---+----+------------+------------+

    * Multiplexer: 
    +---------------------------------------------------+----+-----------+-----+-----------+
    |                        Name                       | LUT| Input Size| Bits| Total Bits|
    +---------------------------------------------------+----+-----------+-----+-----------+
    |ap_NS_fsm                                          |  24|          5|    1|          5|
    |ap_done                                            |   8|          2|    1|          2|
    |ap_enable_reg_pp0_iter0                            |   8|          2|    1|          2|
    |ap_enable_reg_pp0_iter25                           |   8|          2|    1|          2|
    |ap_phi_mux_do_init_phi_fu_129_p6                   |   8|          3|    1|          3|
    |ap_phi_mux_gmem_in_addr_rewind_idx_phi_fu_145_p6   |  64|          3|   64|        192|
    |ap_phi_mux_i_phi_fu_175_p6                         |  32|          3|   32|         96|
    |ap_phi_reg_pp0_iter0_gmem_in_addr_phi_idx_reg_185  |  64|          2|   64|        128|
    |ap_phi_reg_pp0_iter0_num_pixels6_phi_reg_197       |  32|          2|   32|         64|
    |gmem_in_addr_rewind_idx_reg_141                    |  64|          2|   64|        128|
    |gmem_in_blk_n_AR                                   |   8|          2|    1|          2|
    |gmem_in_blk_n_R                                    |   8|          2|    1|          2|
    |i_reg_171                                          |  32|          2|   32|         64|
    |num_pixels_c1_blk_n                                |   8|          2|    1|          2|
    |real_start                                         |   8|          2|    1|          2|
    |stream_rgb_blk_n                                   |   8|          2|    1|          2|
    +---------------------------------------------------+----+-----------+-----+-----------+
    |Total                                              | 384|         38|  298|        696|
    +---------------------------------------------------+----+-----------+-----+-----------+

    * Register: 
    +---------------------------------------------------+----+----+-----+-----------+
    |                        Name                       | FF | LUT| Bits| Const Bits|
    +---------------------------------------------------+----+----+-----+-----------+
    |ap_CS_fsm                                          |   4|   0|    4|          0|
    |ap_done_reg                                        |   1|   0|    1|          0|
    |ap_enable_reg_pp0_iter0_reg                        |   1|   0|    1|          0|
    |ap_enable_reg_pp0_iter1                            |   1|   0|    1|          0|
    |ap_enable_reg_pp0_iter10                           |   1|   0|    1|          0|
    |ap_enable_reg_pp0_iter11                           |   1|   0|    1|          0|
    |ap_enable_reg_pp0_iter12                           |   1|   0|    1|          0|
    |ap_enable_reg_pp0_iter13                           |   1|   0|    1|          0|
    |ap_enable_reg_pp0_iter14                           |   1|   0|    1|          0|
    |ap_enable_reg_pp0_iter15                           |   1|   0|    1|          0|
    |ap_enable_reg_pp0_iter16                           |   1|   0|    1|          0|
    |ap_enable_reg_pp0_iter17                           |   1|   0|    1|          0|
    |ap_enable_reg_pp0_iter18                           |   1|   0|    1|          0|
    |ap_enable_reg_pp0_iter19                           |   1|   0|    1|          0|
    |ap_enable_reg_pp0_iter2                            |   1|   0|    1|          0|
    |ap_enable_reg_pp0_iter20                           |   1|   0|    1|          0|
    |ap_enable_reg_pp0_iter21                           |   1|   0|    1|          0|
    |ap_enable_reg_pp0_iter22                           |   1|   0|    1|          0|
    |ap_enable_reg_pp0_iter23                           |   1|   0|    1|          0|
    |ap_enable_reg_pp0_iter24                           |   1|   0|    1|          0|
    |ap_enable_reg_pp0_iter25                           |   1|   0|    1|          0|
    |ap_enable_reg_pp0_iter3                            |   1|   0|    1|          0|
    |ap_enable_reg_pp0_iter4                            |   1|   0|    1|          0|
    |ap_enable_reg_pp0_iter5                            |   1|   0|    1|          0|
    |ap_enable_reg_pp0_iter6                            |   1|   0|    1|          0|
    |ap_enable_reg_pp0_iter7                            |   1|   0|    1|          0|
    |ap_enable_reg_pp0_iter8                            |   1|   0|    1|          0|
    |ap_enable_reg_pp0_iter9                            |   1|   0|    1|          0|
    |ap_phi_reg_pp0_iter0_gmem_in_addr_phi_idx_reg_185  |  64|   0|   64|          0|
    |ap_phi_reg_pp0_iter0_num_pixels6_phi_reg_197       |  32|   0|   32|          0|
    |do_init_reg_124                                    |   1|   0|    1|          0|
    |g_reg_367                                          |   8|   0|    8|          0|
    |gmem_in_addr_phi_idx_reg_185                       |  64|   0|   64|          0|
    |gmem_in_addr_rewind_idx_reg_141                    |  64|   0|   64|          0|
    |i_3_reg_353                                        |  32|   0|   32|          0|
    |i_reg_171                                          |  32|   0|   32|          0|
    |icmp_ln37_reg_358                                  |   1|   0|    1|          0|
    |num_pixels6_phi_reg_197                            |  32|   0|   32|          0|
    |r_reg_362                                          |   8|   0|    8|          0|
    |start_once_reg                                     |   1|   0|    1|          0|
    |icmp_ln37_reg_358                                  |   2|   2|    1|          0|
    +---------------------------------------------------+----+----+-----+-----------+
    |Total                                              | 372|   2|  371|          0|
    +---------------------------------------------------+----+----+-----+-----------+



================================================================
== Interface
================================================================
* Summary: 
+------------------------------+-----+-----+------------+---------------+--------------+
|           RTL Ports          | Dir | Bits|  Protocol  | Source Object |    C Type    |
+------------------------------+-----+-----+------------+---------------+--------------+
|ap_clk                        |   in|    1|  ap_ctrl_hs|       load_rgb|  return value|
|ap_rst                        |   in|    1|  ap_ctrl_hs|       load_rgb|  return value|
|ap_start                      |   in|    1|  ap_ctrl_hs|       load_rgb|  return value|
|start_full_n                  |   in|    1|  ap_ctrl_hs|       load_rgb|  return value|
|ap_done                       |  out|    1|  ap_ctrl_hs|       load_rgb|  return value|
|ap_continue                   |   in|    1|  ap_ctrl_hs|       load_rgb|  return value|
|ap_idle                       |  out|    1|  ap_ctrl_hs|       load_rgb|  return value|
|ap_ready                      |  out|    1|  ap_ctrl_hs|       load_rgb|  return value|
|start_out                     |  out|    1|  ap_ctrl_hs|       load_rgb|  return value|
|start_write                   |  out|    1|  ap_ctrl_hs|       load_rgb|  return value|
|m_axi_gmem_in_AWVALID         |  out|    1|       m_axi|        gmem_in|       pointer|
|m_axi_gmem_in_AWREADY         |   in|    1|       m_axi|        gmem_in|       pointer|
|m_axi_gmem_in_AWADDR          |  out|   64|       m_axi|        gmem_in|       pointer|
|m_axi_gmem_in_AWID            |  out|    1|       m_axi|        gmem_in|       pointer|
|m_axi_gmem_in_AWLEN           |  out|   32|       m_axi|        gmem_in|       pointer|
|m_axi_gmem_in_AWSIZE          |  out|    3|       m_axi|        gmem_in|       pointer|
|m_axi_gmem_in_AWBURST         |  out|    2|       m_axi|        gmem_in|       pointer|
|m_axi_gmem_in_AWLOCK          |  out|    2|       m_axi|        gmem_in|       pointer|
|m_axi_gmem_in_AWCACHE         |  out|    4|       m_axi|        gmem_in|       pointer|
|m_axi_gmem_in_AWPROT          |  out|    3|       m_axi|        gmem_in|       pointer|
|m_axi_gmem_in_AWQOS           |  out|    4|       m_axi|        gmem_in|       pointer|
|m_axi_gmem_in_AWREGION        |  out|    4|       m_axi|        gmem_in|       pointer|
|m_axi_gmem_in_AWUSER          |  out|    1|       m_axi|        gmem_in|       pointer|
|m_axi_gmem_in_WVALID          |  out|    1|       m_axi|        gmem_in|       pointer|
|m_axi_gmem_in_WREADY          |   in|    1|       m_axi|        gmem_in|       pointer|
|m_axi_gmem_in_WDATA           |  out|   32|       m_axi|        gmem_in|       pointer|
|m_axi_gmem_in_WSTRB           |  out|    4|       m_axi|        gmem_in|       pointer|
|m_axi_gmem_in_WLAST           |  out|    1|       m_axi|        gmem_in|       pointer|
|m_axi_gmem_in_WID             |  out|    1|       m_axi|        gmem_in|       pointer|
|m_axi_gmem_in_WUSER           |  out|    1|       m_axi|        gmem_in|       pointer|
|m_axi_gmem_in_ARVALID         |  out|    1|       m_axi|        gmem_in|       pointer|
|m_axi_gmem_in_ARREADY         |   in|    1|       m_axi|        gmem_in|       pointer|
|m_axi_gmem_in_ARADDR          |  out|   64|       m_axi|        gmem_in|       pointer|
|m_axi_gmem_in_ARID            |  out|    1|       m_axi|        gmem_in|       pointer|
|m_axi_gmem_in_ARLEN           |  out|   32|       m_axi|        gmem_in|       pointer|
|m_axi_gmem_in_ARSIZE          |  out|    3|       m_axi|        gmem_in|       pointer|
|m_axi_gmem_in_ARBURST         |  out|    2|       m_axi|        gmem_in|       pointer|
|m_axi_gmem_in_ARLOCK          |  out|    2|       m_axi|        gmem_in|       pointer|
|m_axi_gmem_in_ARCACHE         |  out|    4|       m_axi|        gmem_in|       pointer|
|m_axi_gmem_in_ARPROT          |  out|    3|       m_axi|        gmem_in|       pointer|
|m_axi_gmem_in_ARQOS           |  out|    4|       m_axi|        gmem_in|       pointer|
|m_axi_gmem_in_ARREGION        |  out|    4|       m_axi|        gmem_in|       pointer|
|m_axi_gmem_in_ARUSER          |  out|    1|       m_axi|        gmem_in|       pointer|
|m_axi_gmem_in_RVALID          |   in|    1|       m_axi|        gmem_in|       pointer|
|m_axi_gmem_in_RREADY          |  out|    1|       m_axi|        gmem_in|       pointer|
|m_axi_gmem_in_RDATA           |   in|   32|       m_axi|        gmem_in|       pointer|
|m_axi_gmem_in_RLAST           |   in|    1|       m_axi|        gmem_in|       pointer|
|m_axi_gmem_in_RID             |   in|    1|       m_axi|        gmem_in|       pointer|
|m_axi_gmem_in_RFIFONUM        |   in|    9|       m_axi|        gmem_in|       pointer|
|m_axi_gmem_in_RUSER           |   in|    1|       m_axi|        gmem_in|       pointer|
|m_axi_gmem_in_RRESP           |   in|    2|       m_axi|        gmem_in|       pointer|
|m_axi_gmem_in_BVALID          |   in|    1|       m_axi|        gmem_in|       pointer|
|m_axi_gmem_in_BREADY          |  out|    1|       m_axi|        gmem_in|       pointer|
|m_axi_gmem_in_BRESP           |   in|    2|       m_axi|        gmem_in|       pointer|
|m_axi_gmem_in_BID             |   in|    1|       m_axi|        gmem_in|       pointer|
|m_axi_gmem_in_BUSER           |   in|    1|       m_axi|        gmem_in|       pointer|
|stream_rgb_din                |  out|   24|     ap_fifo|     stream_rgb|       pointer|
|stream_rgb_num_data_valid     |   in|    5|     ap_fifo|     stream_rgb|       pointer|
|stream_rgb_fifo_cap           |   in|    5|     ap_fifo|     stream_rgb|       pointer|
|stream_rgb_full_n             |   in|    1|     ap_fifo|     stream_rgb|       pointer|
|stream_rgb_write              |  out|    1|     ap_fifo|     stream_rgb|       pointer|
|m_axi_in                      |   in|   64|     ap_none|       m_axi_in|        scalar|
|addr_in                       |   in|   32|     ap_none|        addr_in|        scalar|
|num_pixels                    |   in|   32|     ap_none|     num_pixels|        scalar|
|num_pixels_c1_din             |  out|   32|     ap_fifo|  num_pixels_c1|       pointer|
|num_pixels_c1_num_data_valid  |   in|    3|     ap_fifo|  num_pixels_c1|       pointer|
|num_pixels_c1_fifo_cap        |   in|    3|     ap_fifo|  num_pixels_c1|       pointer|
|num_pixels_c1_full_n          |   in|    1|     ap_fifo|  num_pixels_c1|       pointer|
|num_pixels_c1_write           |  out|    1|     ap_fifo|  num_pixels_c1|       pointer|
+------------------------------+-----+-----+------------+---------------+--------------+

