Copyright 1986-2022 Xilinx, Inc. All Rights Reserved. Copyright 2022-2024 Advanced Micro Devices, Inc. All Rights Reserved.
------------------------------------------------------------------------------------------------------------------------------------------------------------------------------------------------------------------------------------------------
| Tool Version      : Vivado v.2024.1 (lin64) Build 5076996 Wed May 22 18:36:09 MDT 2024
| Date              : Thu Aug  6 01:43:31 2026
| Host              : linux running 64-bit Ubuntu 22.04.5 LTS
| Command           : report_timing -delay_type max -max_paths 1 -file ${PROJECT_ROOT}/ProyectoFinal/HLS/reports/baseline_forward/timing_sweep/6p0ns/timing_critical_path.rpt
| Design            : wht_multiplier_forward
| Device            : xck26-sfvc784
| Speed File        : -2LV  PRODUCTION 1.30 05-15-2022
| Design State      : Routed
| Temperature Grade : C
------------------------------------------------------------------------------------------------------------------------------------------------------------------------------------------------------------------------------------------------

Timing Report

Slack (MET) :             1.647ns  (required time - arrival time)
  Source:                 control_s_axi_U/int_input_r/mem_reg/CLKBWRCLK
                            (rising edge-triggered cell RAMB36E2 clocked by ap_clk  {rise@0.000ns fall@3.000ns period=6.000ns})
  Destination:            mul_16s_16s_31_1_1_U7/tmp_product/DSP_A_B_DATA_INST/A[13]
                            (rising edge-triggered cell DSP_A_B_DATA clocked by ap_clk  {rise@0.000ns fall@3.000ns period=6.000ns})
  Path Group:             ap_clk
  Path Type:              Setup (Max at Slow Process Corner)
  Requirement:            6.000ns  (ap_clk rise@6.000ns - ap_clk rise@0.000ns)
  Data Path Delay:        3.741ns  (logic 2.286ns (61.112%)  route 1.455ns (38.888%))
  Logic Levels:           5  (CARRY8=3 LUT2=1 LUT4=1)
  Clock Path Skew:        -0.051ns (DCD - SCD + CPR)
    Destination Clock Delay (DCD):    0.055ns = ( 6.055 - 6.000 ) 
    Source Clock Delay      (SCD):    0.106ns
    Clock Pessimism Removal (CPR):    0.000ns
  Clock Uncertainty:      0.035ns  ((TSJ^2 + TIJ^2)^1/2 + DJ) / 2 + PE
    Total System Jitter     (TSJ):    0.071ns
    Total Input Jitter      (TIJ):    0.000ns
    Discrete Jitter          (DJ):    0.000ns
    Phase Error              (PE):    0.000ns

    Location             Delay type                Incr(ns)  Path(ns)    Netlist Resource(s)
  -------------------------------------------------------------------    -------------------
                         (clock ap_clk rise edge)     0.000     0.000 r  
                                                      0.000     0.000 r  ap_clk (IN)
                         net (fo=446, unset)          0.106     0.106    control_s_axi_U/int_input_r/ap_clk
    RAMB36_X0Y1          RAMB36E2                                     r  control_s_axi_U/int_input_r/mem_reg/CLKBWRCLK
  -------------------------------------------------------------------    -------------------
    RAMB36_X0Y1          RAMB36E2 (Prop_RAMB36E2_RAMB36_CLKBWRCLK_DOUTBDOUT[0])
                                                      1.382     1.488 r  control_s_axi_U/int_input_r/mem_reg/DOUTBDOUT[0]
                         net (fo=3, routed)           0.475     1.963    control_s_axi_U/int_input_r/int_input_r_q0[0]
    SLICE_X27Y8          LUT4 (Prop_A6LUT_SLICEL_I1_O)
                                                      0.082     2.045 r  control_s_axi_U/int_input_r/tmp_product_i_19__0/O
                         net (fo=1, routed)           0.014     2.059    control_s_axi_U/int_input_r/tmp_product_i_19__0_n_0
    SLICE_X27Y8          CARRY8 (Prop_CARRY8_SLICEL_S[0]_O[7])
                                                      0.332     2.391 r  control_s_axi_U/int_input_r/tmp_product_i_3__0/O[7]
                         net (fo=2, routed)           0.389     2.780    control_s_axi_U/int_input_r/A[7]
    SLICE_X28Y10         LUT2 (Prop_H6LUT_SLICEM_I1_O)
                                                      0.138     2.918 r  control_s_axi_U/int_input_r/trunc_ln15_5_reg_648_reg_i_12/O
                         net (fo=1, routed)           0.021     2.939    control_s_axi_U/int_input_r/trunc_ln15_5_reg_648_reg_i_12_n_0
    SLICE_X28Y10         CARRY8 (Prop_CARRY8_SLICEM_S[7]_CO[7])
                                                      0.175     3.114 r  control_s_axi_U/int_input_r/trunc_ln15_5_reg_648_reg_i_3/CO[7]
                         net (fo=1, routed)           0.030     3.144    control_s_axi_U/int_input_r/trunc_ln15_5_reg_648_reg_i_3_n_0
    SLICE_X28Y11         CARRY8 (Prop_CARRY8_SLICEM_CI_O[5])
                                                      0.177     3.321 r  control_s_axi_U/int_input_r/trunc_ln15_5_reg_648_reg_i_2/O[5]
                         net (fo=4, routed)           0.525     3.847    mul_16s_16s_31_1_1_U7/tmp_product/A[13]
    DSP48E2_X7Y2         DSP_A_B_DATA                                 r  mul_16s_16s_31_1_1_U7/tmp_product/DSP_A_B_DATA_INST/A[13]
  -------------------------------------------------------------------    -------------------

                         (clock ap_clk rise edge)     6.000     6.000 r  
                                                      0.000     6.000 r  ap_clk (IN)
                         net (fo=446, unset)          0.055     6.055    mul_16s_16s_31_1_1_U7/tmp_product/CLK
    DSP48E2_X7Y2         DSP_A_B_DATA                                 r  mul_16s_16s_31_1_1_U7/tmp_product/DSP_A_B_DATA_INST/CLK
                         clock pessimism              0.000     6.055    
                         clock uncertainty           -0.035     6.020    
    DSP48E2_X7Y2         DSP_A_B_DATA (Setup_DSP_A_B_DATA_DSP48E2_CLK_A[13])
                                                     -0.526     5.494    mul_16s_16s_31_1_1_U7/tmp_product/DSP_A_B_DATA_INST
  -------------------------------------------------------------------
                         required time                          5.494    
                         arrival time                          -3.847    
  -------------------------------------------------------------------
                         slack                                  1.647    




