Copyright 1986-2022 Xilinx, Inc. All Rights Reserved. Copyright 2022-2024 Advanced Micro Devices, Inc. All Rights Reserved.
----------------------------------------------------------------------------------------------------------------------------------------------------------------------------------------------------------------------------------------
| Tool Version : Vivado v.2024.1 (lin64) Build 5076996 Wed May 22 18:36:09 MDT 2024
| Date         : Thu Aug  6 01:43:29 2026
| Host         : linux running 64-bit Ubuntu 22.04.5 LTS
| Command      : report_utilization -hierarchical -file ${PROJECT_ROOT}/ProyectoFinal/HLS/reports/baseline_forward/timing_sweep/6p0ns/utilization_hier_post_route.rpt
| Design       : wht_multiplier_forward
| Device       : xck26-sfvc784-2LV-c
| Speed File   : -2LV
| Design State : Routed
----------------------------------------------------------------------------------------------------------------------------------------------------------------------------------------------------------------------------------------

Utilization Design Information

Table of Contents
-----------------
1. Utilization by Hierarchy

1. Utilization by Hierarchy
---------------------------

+----------------------------+----------------------------------------------------------+------------+------------+---------+------+-----+--------+--------+------+------------+
|          Instance          |                          Module                          | Total LUTs | Logic LUTs | LUTRAMs | SRLs | FFs | RAMB36 | RAMB18 | URAM | DSP Blocks |
+----------------------------+----------------------------------------------------------+------------+------------+---------+------+-----+--------+--------+------+------------+
| wht_multiplier_forward     |                                                    (top) |        500 |        500 |       0 |    0 | 377 |      1 |      1 |    0 |         11 |
|   (wht_multiplier_forward) |                                                    (top) |        158 |        158 |       0 |    0 | 303 |      0 |      0 |    0 |          8 |
|   control_s_axi_U          |                     wht_multiplier_forward_control_s_axi |        221 |        221 |       0 |    0 |  74 |      1 |      1 |    0 |          0 |
|     (control_s_axi_U)      |                     wht_multiplier_forward_control_s_axi |         50 |         50 |       0 |    0 |  74 |      0 |      0 |    0 |          0 |
|     int_input_r            |                 wht_multiplier_forward_control_s_axi_ram |         97 |         97 |       0 |    0 |   0 |      1 |      0 |    0 |          0 |
|     int_output_r           | wht_multiplier_forward_control_s_axi_ram__parameterized0 |         74 |         74 |       0 |    0 |   0 |      0 |      1 |    0 |          0 |
|   mul_16s_16s_31_1_1_U2    |                wht_multiplier_forward_mul_16s_16s_31_1_1 |          0 |          0 |       0 |    0 |   0 |      0 |      0 |    0 |          1 |
|   mul_16s_16s_31_1_1_U7    |              wht_multiplier_forward_mul_16s_16s_31_1_1_0 |         77 |         77 |       0 |    0 |   0 |      0 |      0 |    0 |          1 |
|   mul_16s_16s_31_1_1_U9    |              wht_multiplier_forward_mul_16s_16s_31_1_1_1 |         56 |         56 |       0 |    0 |   0 |      0 |      0 |    0 |          1 |
+----------------------------+----------------------------------------------------------+------------+------------+---------+------+-----+--------+--------+------+------------+
* Note: The sum of lower-level cells may be larger than their parent cells total, due to cross-hierarchy LUT combining


