Copyright 1986-2022 Xilinx, Inc. All Rights Reserved. Copyright 2022-2024 Advanced Micro Devices, Inc. All Rights Reserved.
------------------------------------------------------------------------------------------------------------------------------------------------------------------------------------------------------------------------------------------------
| Tool Version      : Vivado v.2024.1 (lin64) Build 5076996 Wed May 22 18:36:09 MDT 2024
| Date              : Thu Aug  6 02:01:20 2026
| Host              : linux running 64-bit Ubuntu 22.04.5 LTS
| Command           : report_timing -delay_type max -max_paths 1 -file ${PROJECT_ROOT}/ProyectoFinal/HLS/reports/baseline_forward/timing_sweep/3p5ns/timing_critical_path.rpt
| Design            : wht_multiplier_forward
| Device            : xck26-sfvc784
| Speed File        : -2LV  PRODUCTION 1.30 05-15-2022
| Design State      : Routed
| Temperature Grade : C
------------------------------------------------------------------------------------------------------------------------------------------------------------------------------------------------------------------------------------------------

Timing Report

Slack (MET) :             0.089ns  (required time - arrival time)
  Source:                 control_s_axi_U/int_input_r/mem_reg/CLKBWRCLK
                            (rising edge-triggered cell RAMB36E2 clocked by ap_clk  {rise@0.000ns fall@1.750ns period=3.500ns})
  Destination:            trunc_ln_reg_615_reg/DSP_A_B_DATA_INST/A[23]
                            (rising edge-triggered cell DSP_A_B_DATA clocked by ap_clk  {rise@0.000ns fall@1.750ns period=3.500ns})
  Path Group:             ap_clk
  Path Type:              Setup (Max at Slow Process Corner)
  Requirement:            3.500ns  (ap_clk rise@3.500ns - ap_clk rise@0.000ns)
  Data Path Delay:        2.784ns  (logic 1.965ns (70.594%)  route 0.819ns (29.406%))
  Logic Levels:           3  (CARRY8=2 LUT4=1)
  Clock Path Skew:        -0.051ns (DCD - SCD + CPR)
    Destination Clock Delay (DCD):    0.055ns = ( 3.555 - 3.500 ) 
    Source Clock Delay      (SCD):    0.106ns
    Clock Pessimism Removal (CPR):    0.000ns
  Clock Uncertainty:      0.035ns  ((TSJ^2 + TIJ^2)^1/2 + DJ) / 2 + PE
    Total System Jitter     (TSJ):    0.071ns
    Total Input Jitter      (TIJ):    0.000ns
    Discrete Jitter          (DJ):    0.000ns
    Phase Error              (PE):    0.000ns

    Location             Delay type                Incr(ns)  Path(ns)    Netlist Resource(s)
  -------------------------------------------------------------------    -------------------
                         (clock ap_clk rise edge)     0.000     0.000 r  
                                                      0.000     0.000 r  ap_clk (IN)
                         net (fo=478, unset)          0.106     0.106    control_s_axi_U/int_input_r/ap_clk
    RAMB36_X0Y3          RAMB36E2                                     r  control_s_axi_U/int_input_r/mem_reg/CLKBWRCLK
  -------------------------------------------------------------------    -------------------
    RAMB36_X0Y3          RAMB36E2 (Prop_RAMB36E2_RAMB36_CLKBWRCLK_DOUTBDOUT[1])
                                                      1.331     1.437 r  control_s_axi_U/int_input_r/mem_reg/DOUTBDOUT[1]
                         net (fo=3, routed)           0.302     1.739    control_s_axi_U/int_input_r/int_input_r_q0[1]
    SLICE_X28Y16         LUT4 (Prop_B6LUT_SLICEM_I1_O)
                                                      0.188     1.927 r  control_s_axi_U/int_input_r/trunc_ln15_2_reg_676_reg_i_18/O
                         net (fo=1, routed)           0.022     1.949    control_s_axi_U/int_input_r/trunc_ln15_2_reg_676_reg_i_18_n_0
    SLICE_X28Y16         CARRY8 (Prop_CARRY8_SLICEM_S[1]_CO[7])
                                                      0.267     2.216 r  control_s_axi_U/int_input_r/trunc_ln15_2_reg_676_reg_i_3/CO[7]
                         net (fo=1, routed)           0.030     2.246    control_s_axi_U/int_input_r/trunc_ln15_2_reg_676_reg_i_3_n_0
    SLICE_X28Y17         CARRY8 (Prop_CARRY8_SLICEM_CI_O[7])
                                                      0.179     2.425 r  control_s_axi_U/int_input_r/trunc_ln15_2_reg_676_reg_i_2/O[7]
                         net (fo=31, routed)          0.464     2.890    trunc_ln_reg_615_reg/A[23]
    DSP48E2_X7Y4         DSP_A_B_DATA                                 r  trunc_ln_reg_615_reg/DSP_A_B_DATA_INST/A[23]
  -------------------------------------------------------------------    -------------------

                         (clock ap_clk rise edge)     3.500     3.500 r  
                                                      0.000     3.500 r  ap_clk (IN)
                         net (fo=478, unset)          0.055     3.555    trunc_ln_reg_615_reg/CLK
    DSP48E2_X7Y4         DSP_A_B_DATA                                 r  trunc_ln_reg_615_reg/DSP_A_B_DATA_INST/CLK
                         clock pessimism              0.000     3.555    
                         clock uncertainty           -0.035     3.520    
    DSP48E2_X7Y4         DSP_A_B_DATA (Setup_DSP_A_B_DATA_DSP48E2_CLK_A[23])
                                                     -0.541     2.979    trunc_ln_reg_615_reg/DSP_A_B_DATA_INST
  -------------------------------------------------------------------
                         required time                          2.979    
                         arrival time                          -2.890    
  -------------------------------------------------------------------
                         slack                                  0.089    




