================================================================
== Design Size Report
================================================================

* Total Instructions per Compilation Phase
+---------------+-----------------------------+--------------+----------------------------------------------------------------------------------------+
| Phase         | Step                        | Instructions | Description                                                                            |
+---------------+-----------------------------+--------------+----------------------------------------------------------------------------------------+
| Compile/Link  |                             | 2,799        | After all functions are compiled and linked into a single design                       |
|               |                             |              |                                                                                        |
| Unroll/Inline |                             |              | After user unroll and inline pragmas are applied                                       |
|               | (1) unroll                  |   168        | user unroll pragmas are applied                                                        |
|               | (2) simplification          |    98        | simplification of applied user unroll pragmas                                          |
|               | (3) inline                  |   103        | user inline pragmas are applied                                                        |
|               | (4) simplification          |   103        | simplification of applied user inline pragmas                                          |
|               |                             |              |                                                                                        |
| Array/Struct  |                             |              | After user array partition and struct aggregate/disaggregate pragmas are applied       |
|               | (1) array partition         |    90        | user array partition pragmas are applied                                               |
|               | (2) simplification          |    90        | simplification of applied user array partition & struct aggregate/disaggregate pragmas |
|               | (3) aggregate/disaggregate  |    92        | user struct aggregate/disaggregate pragmas are applied                                 |
|               | (4) array reshape           |   110        | apply array reshape pragmas                                                            |
|               | (5) access patterns         |   113        | array access pattern optmizations                                                      |
|               |                             |              |                                                                                        |
| Performance   |                             |              | After transformations are applied to meet performance pragma targets                   |
|               | (1) loop simplification     |   113        | loop and instruction simplification                                                    |
|               | (2) parallelization         |   113        | loops are unrolled or pipelined to meet performance targets                            |
|               | (3) array partition         |   110        | arrays are partitioned to meet performance targets                                     |
|               | (4) simplification          |   110        | simplification of design after performance transformations                             |
|               |                             |              |                                                                                        |
| HW Transforms |                             |              | After hardware transfomations                                                          |
|               | (1) lowering                |   107        | initial conversion to HW specific instructions                                         |
|               | (2) optimizations           |   120        | high level synthesis optimizations                                                     |
+---------------+-----------------------------+--------------+----------------------------------------------------------------------------------------+

* Instructions per Function for each Compilation Phase
+-----------------+------------------------+--------------+---------------+--------------+-------------+---------------+
| Function        | Location               | Compile/Link | Unroll/Inline | Array/Struct | Performance | HW Transforms |
+-----------------+------------------------+--------------+---------------+--------------+-------------+---------------+
| + rgb2gray_top  | rgb2gray_kernel.cpp:55 | 2,799        | 103           | 113          | 110         | 120           |
|    load_rgb     | rgb2gray_kernel.cpp:10 |   38         |  28           |  39          |  38         |  27           |
|    process_gray | rgb2gray_kernel.cpp:25 | 2,707        |  42           |  51          |  50         |  56           |
|    store_gray   | rgb2gray_kernel.cpp:47 |   24         |  13           |  13          |  12         |  18           |
+-----------------+------------------------+--------------+---------------+--------------+-------------+---------------+

* Design Size Message Settings
+---------------------------------------------+--------+------------------------------------------------------------------+
| Message Setting                             | Value  | Description                                                      |
+---------------------------------------------+--------+------------------------------------------------------------------+
| config_compile -design_size_maximum_warning | 100000 | Show a warning when total design instructions exceeds this value |
+---------------------------------------------+--------+------------------------------------------------------------------+


