

================================================================
== Vitis HLS Report for 'load_rgb_Pipeline_load_loop'
================================================================
* Date:           Sat Jul 11 13:45:47 2026

* Version:        2024.1 (Build 5069499 on May 21 2024)
* Project:        tarea3_rgb2gray
* Solution:       solution1 (Vivado IP Flow Target)
* Product family: zynquplus
* Target device:  xck26-sfvc784-2LV-c


================================================================
== Performance Estimates
================================================================
+ Timing: 
    * Summary: 
    +--------+---------+----------+------------+
    |  Clock |  Target | Estimated| Uncertainty|
    +--------+---------+----------+------------+
    |ap_clk  |  4.00 ns|  1.870 ns|     1.08 ns|
    +--------+---------+----------+------------+

+ Latency: 
    * Summary: 
    +---------+---------+----------+----------+-----+-----+-----------------------------------------------+
    |  Latency (cycles) |  Latency (absolute) |  Interval |                    Pipeline                   |
    |   min   |   max   |    min   |    max   | min | max |                      Type                     |
    +---------+---------+----------+----------+-----+-----+-----------------------------------------------+
    |        ?|        ?|         ?|         ?|    0|    0|  loop auto-rewind stp(delay=0 clock cycles(s))|
    +---------+---------+----------+----------+-----+-----+-----------------------------------------------+

    + Detail: 
        * Instance: 
        N/A

        * Loop: 
        +-------------+---------+---------+----------+-----------+-----------+------+----------+
        |             |  Latency (cycles) | Iteration|  Initiation Interval  | Trip |          |
        |  Loop Name  |   min   |   max   |  Latency |  achieved |   target  | Count| Pipelined|
        +-------------+---------+---------+----------+-----------+-----------+------+----------+
        |- load_loop  |        ?|        ?|         2|          1|          1|     ?|       yes|
        +-------------+---------+---------+----------+-----------+-----------+------+----------+



================================================================
== Utilization Estimates
================================================================
* Summary: 
+-----------------+---------+------+--------+--------+-----+
|       Name      | BRAM_18K|  DSP |   FF   |   LUT  | URAM|
+-----------------+---------+------+--------+--------+-----+
|DSP              |        -|     -|       -|       -|    -|
|Expression       |        -|     -|       0|      82|    -|
|FIFO             |        -|     -|       -|       -|    -|
|Instance         |        -|     -|       -|       -|    -|
|Memory           |        -|     -|       -|       -|    -|
|Multiplexer      |        -|     -|       0|      45|    -|
|Register         |        -|     -|      35|       -|    -|
+-----------------+---------+------+--------+--------+-----+
|Total            |        0|     0|      35|     127|    0|
+-----------------+---------+------+--------+--------+-----+
|Available        |      288|  1248|  234240|  117120|   64|
+-----------------+---------+------+--------+--------+-----+
|Utilization (%)  |        0|     0|      ~0|      ~0|    0|
+-----------------+---------+------+--------+--------+-----+

+ Detail: 
    * Instance: 
    N/A

    * DSP: 
    N/A

    * Memory: 
    N/A

    * FIFO: 
    N/A

    * Expression: 
    +---------------------------+----------+----+---+----+------------+------------+
    |       Variable Name       | Operation| DSP| FF| LUT| Bitwidth P0| Bitwidth P1|
    +---------------------------+----------+----+---+----+------------+------------+
    |add_ln12_fu_67_p2          |         +|   0|  0|  39|          32|           1|
    |ap_block_pp0_stage0_01001  |       and|   0|  0|   2|           1|           1|
    |icmp_ln12_fu_61_p2         |      icmp|   0|  0|  39|          32|          32|
    |ap_enable_pp0              |       xor|   0|  0|   2|           1|           2|
    +---------------------------+----------+----+---+----+------------+------------+
    |Total                      |          |   0|  0|  82|          66|          36|
    +---------------------------+----------+----+---+----+------------+------------+

    * Multiplexer: 
    +-------------------------+----+-----------+-----+-----------+
    |           Name          | LUT| Input Size| Bits| Total Bits|
    +-------------------------+----+-----------+-----+-----------+
    |ap_done_int              |   9|          2|    1|          2|
    |ap_enable_reg_pp0_iter1  |   9|          2|    1|          2|
    |ap_sig_allocacmp_i_4     |   9|          2|   32|         64|
    |i_fu_30                  |   9|          2|   32|         64|
    |stream_rgb_blk_n         |   9|          2|    1|          2|
    +-------------------------+----+-----------+-----+-----------+
    |Total                    |  45|         10|   67|        134|
    +-------------------------+----+-----------+-----+-----------+

    * Register: 
    +-------------------------+----+----+-----+-----------+
    |           Name          | FF | LUT| Bits| Const Bits|
    +-------------------------+----+----+-----+-----------+
    |ap_CS_fsm                |   1|   0|    1|          0|
    |ap_done_reg              |   1|   0|    1|          0|
    |ap_enable_reg_pp0_iter1  |   1|   0|    1|          0|
    |i_fu_30                  |  32|   0|   32|          0|
    +-------------------------+----+----+-----+-----------+
    |Total                    |  35|   0|   35|          0|
    +-------------------------+----+----+-----+-----------+



================================================================
== Interface
================================================================
* Summary: 
+---------------------------+-----+-----+------------+-----------------------------+--------------+
|         RTL Ports         | Dir | Bits|  Protocol  |        Source Object        |    C Type    |
+---------------------------+-----+-----+------------+-----------------------------+--------------+
|ap_clk                     |   in|    1|  ap_ctrl_hs|  load_rgb_Pipeline_load_loop|  return value|
|ap_rst                     |   in|    1|  ap_ctrl_hs|  load_rgb_Pipeline_load_loop|  return value|
|ap_start                   |   in|    1|  ap_ctrl_hs|  load_rgb_Pipeline_load_loop|  return value|
|ap_done                    |  out|    1|  ap_ctrl_hs|  load_rgb_Pipeline_load_loop|  return value|
|ap_idle                    |  out|    1|  ap_ctrl_hs|  load_rgb_Pipeline_load_loop|  return value|
|ap_ready                   |  out|    1|  ap_ctrl_hs|  load_rgb_Pipeline_load_loop|  return value|
|stream_rgb_din             |  out|   24|     ap_fifo|                   stream_rgb|       pointer|
|stream_rgb_num_data_valid  |   in|    5|     ap_fifo|                   stream_rgb|       pointer|
|stream_rgb_fifo_cap        |   in|    5|     ap_fifo|                   stream_rgb|       pointer|
|stream_rgb_full_n          |   in|    1|     ap_fifo|                   stream_rgb|       pointer|
|stream_rgb_write           |  out|    1|     ap_fifo|                   stream_rgb|       pointer|
|num_pixels                 |   in|   32|     ap_none|                   num_pixels|        scalar|
|or_ln20_3                  |   in|   24|     ap_none|                    or_ln20_3|        scalar|
+---------------------------+-----+-----+------------+-----------------------------+--------------+

