

================================================================
== Vitis HLS Report for 'process_gray_Pipeline_process_loop'
================================================================
* Date:           Sat Jul 11 13:45:47 2026

* Version:        2024.1 (Build 5069499 on May 21 2024)
* Project:        tarea3_rgb2gray
* Solution:       solution1 (Vivado IP Flow Target)
* Product family: zynquplus
* Target device:  xck26-sfvc784-2LV-c


================================================================
== Performance Estimates
================================================================
+ Timing: 
    * Summary: 
    +--------+---------+----------+------------+
    |  Clock |  Target | Estimated| Uncertainty|
    +--------+---------+----------+------------+
    |ap_clk  |  4.00 ns|  2.456 ns|     1.08 ns|
    +--------+---------+----------+------------+

+ Latency: 
    * Summary: 
    +---------+---------+----------+----------+-----+-----+-----------------------------------------------+
    |  Latency (cycles) |  Latency (absolute) |  Interval |                    Pipeline                   |
    |   min   |   max   |    min   |    max   | min | max |                      Type                     |
    +---------+---------+----------+----------+-----+-----+-----------------------------------------------+
    |        ?|        ?|         ?|         ?|    0|    0|  loop auto-rewind stp(delay=0 clock cycles(s))|
    +---------+---------+----------+----------+-----+-----+-----------------------------------------------+

    + Detail: 
        * Instance: 
        N/A

        * Loop: 
        +----------------+---------+---------+----------+-----------+-----------+------+----------+
        |                |  Latency (cycles) | Iteration|  Initiation Interval  | Trip |          |
        |    Loop Name   |   min   |   max   |  Latency |  achieved |   target  | Count| Pipelined|
        +----------------+---------+---------+----------+-----------+-----------+------+----------+
        |- process_loop  |        ?|        ?|         6|          1|          1|     ?|       yes|
        +----------------+---------+---------+----------+-----------+-----------+------+----------+



================================================================
== Utilization Estimates
================================================================
* Summary: 
+-----------------+---------+------+--------+--------+-----+
|       Name      | BRAM_18K|  DSP |   FF   |   LUT  | URAM|
+-----------------+---------+------+--------+--------+-----+
|DSP              |        -|     2|       -|       -|    -|
|Expression       |        -|     -|       0|     112|    -|
|FIFO             |        -|     -|       -|       -|    -|
|Instance         |        -|     1|       0|       5|    -|
|Memory           |        -|     -|       -|       -|    -|
|Multiplexer      |        -|     -|       0|      54|    -|
|Register         |        -|     -|      82|       -|    -|
+-----------------+---------+------+--------+--------+-----+
|Total            |        0|     3|      82|     171|    0|
+-----------------+---------+------+--------+--------+-----+
|Available        |      288|  1248|  234240|  117120|   64|
+-----------------+---------+------+--------+--------+-----+
|Utilization (%)  |        0|    ~0|      ~0|      ~0|    0|
+-----------------+---------+------+--------+--------+-----+

+ Detail: 
    * Instance: 
    +------------------------+---------------------+---------+----+---+----+-----+
    |        Instance        |        Module       | BRAM_18K| DSP| FF| LUT| URAM|
    +------------------------+---------------------+---------+----+---+----+-----+
    |mul_8ns_16ns_23_1_1_U8  |mul_8ns_16ns_23_1_1  |        0|   1|  0|   5|    0|
    +------------------------+---------------------+---------+----+---+----+-----+
    |Total                   |                     |        0|   1|  0|   5|    0|
    +------------------------+---------------------+---------+----+---+----+-----+

    * DSP: 
    +-------------------------------------+---------------------------------+--------------+
    |               Instance              |              Module             |  Expression  |
    +-------------------------------------+---------------------------------+--------------+
    |mac_muladd_12ns_8ns_15ns_20_4_1_U10  |mac_muladd_12ns_8ns_15ns_20_4_1  |  i0 * i1 + i2|
    |mac_muladd_13ns_8ns_23ns_23_4_1_U9   |mac_muladd_13ns_8ns_23ns_23_4_1  |  i0 + i1 * i2|
    +-------------------------------------+---------------------------------+--------------+

    * Memory: 
    N/A

    * FIFO: 
    N/A

    * Expression: 
    +---------------------------+----------+----+---+----+------------+------------+
    |       Variable Name       | Operation| DSP| FF| LUT| Bitwidth P0| Bitwidth P1|
    +---------------------------+----------+----+---+----+------------+------------+
    |add_ln40_fu_144_p2         |         +|   0|  0|  30|          23|          23|
    |i_2_fu_89_p2               |         +|   0|  0|  39|          32|           1|
    |icmp_ln32_fu_83_p2         |      icmp|   0|  0|  39|          32|          32|
    |ap_block_pp0_stage0_01001  |        or|   0|  0|   2|           1|           1|
    |ap_enable_pp0              |       xor|   0|  0|   2|           1|           2|
    +---------------------------+----------+----+---+----+------------+------------+
    |Total                      |          |   0|  0| 112|          89|          59|
    +---------------------------+----------+----+---+----+------------+------------+

    * Multiplexer: 
    +-------------------------+----+-----------+-----+-----------+
    |           Name          | LUT| Input Size| Bits| Total Bits|
    +-------------------------+----+-----------+-----+-----------+
    |ap_done_int              |   9|          2|    1|          2|
    |ap_enable_reg_pp0_iter1  |   9|          2|    1|          2|
    |ap_sig_allocacmp_i_3     |   9|          2|   32|         64|
    |i_fu_52                  |   9|          2|   32|         64|
    |stream_gray_blk_n        |   9|          2|    1|          2|
    |stream_rgb_blk_n         |   9|          2|    1|          2|
    +-------------------------+----+-----------+-----+-----------+
    |Total                    |  54|         12|   68|        136|
    +-------------------------+----+-----------+-----+-----------+

    * Register: 
    +----------------------------------+----+----+-----+-----------+
    |               Name               | FF | LUT| Bits| Const Bits|
    +----------------------------------+----+----+-----+-----------+
    |ap_CS_fsm                         |   1|   0|    1|          0|
    |ap_done_reg                       |   1|   0|    1|          0|
    |ap_enable_reg_pp0_iter1           |   1|   0|    1|          0|
    |ap_enable_reg_pp0_iter2           |   1|   0|    1|          0|
    |ap_enable_reg_pp0_iter3           |   1|   0|    1|          0|
    |ap_enable_reg_pp0_iter4           |   1|   0|    1|          0|
    |ap_enable_reg_pp0_iter5           |   1|   0|    1|          0|
    |ap_loop_exit_ready_pp0_iter1_reg  |   1|   0|    1|          0|
    |ap_loop_exit_ready_pp0_iter2_reg  |   1|   0|    1|          0|
    |ap_loop_exit_ready_pp0_iter3_reg  |   1|   0|    1|          0|
    |ap_loop_exit_ready_pp0_iter4_reg  |   1|   0|    1|          0|
    |gray_reg_207                      |   8|   0|    8|          0|
    |i_fu_52                           |  32|   0|   32|          0|
    |mul_ln37_1_reg_202                |  23|   0|   23|          0|
    |pixel_g_reg_187                   |   8|   0|    8|          0|
    +----------------------------------+----+----+-----+-----------+
    |Total                             |  82|   0|   82|          0|
    +----------------------------------+----+----+-----+-----------+



================================================================
== Interface
================================================================
* Summary: 
+----------------------------+-----+-----+------------+------------------------------------+--------------+
|          RTL Ports         | Dir | Bits|  Protocol  |            Source Object           |    C Type    |
+----------------------------+-----+-----+------------+------------------------------------+--------------+
|ap_clk                      |   in|    1|  ap_ctrl_hs|  process_gray_Pipeline_process_loop|  return value|
|ap_rst                      |   in|    1|  ap_ctrl_hs|  process_gray_Pipeline_process_loop|  return value|
|ap_start                    |   in|    1|  ap_ctrl_hs|  process_gray_Pipeline_process_loop|  return value|
|ap_done                     |  out|    1|  ap_ctrl_hs|  process_gray_Pipeline_process_loop|  return value|
|ap_idle                     |  out|    1|  ap_ctrl_hs|  process_gray_Pipeline_process_loop|  return value|
|ap_ready                    |  out|    1|  ap_ctrl_hs|  process_gray_Pipeline_process_loop|  return value|
|stream_rgb_dout             |   in|   24|     ap_fifo|                          stream_rgb|       pointer|
|stream_rgb_num_data_valid   |   in|    5|     ap_fifo|                          stream_rgb|       pointer|
|stream_rgb_fifo_cap         |   in|    5|     ap_fifo|                          stream_rgb|       pointer|
|stream_rgb_empty_n          |   in|    1|     ap_fifo|                          stream_rgb|       pointer|
|stream_rgb_read             |  out|    1|     ap_fifo|                          stream_rgb|       pointer|
|stream_gray_din             |  out|    8|     ap_fifo|                         stream_gray|       pointer|
|stream_gray_num_data_valid  |   in|    5|     ap_fifo|                         stream_gray|       pointer|
|stream_gray_fifo_cap        |   in|    5|     ap_fifo|                         stream_gray|       pointer|
|stream_gray_full_n          |   in|    1|     ap_fifo|                         stream_gray|       pointer|
|stream_gray_write           |  out|    1|     ap_fifo|                         stream_gray|       pointer|
|num_pixels_2                |   in|   32|     ap_none|                        num_pixels_2|        scalar|
+----------------------------+-----+-----+------------+------------------------------------+--------------+

