

================================================================
== Vitis HLS Report for 'rgb2gray_top'
================================================================
* Date:           Sat Jul 11 13:45:48 2026

* Version:        2024.1 (Build 5069499 on May 21 2024)
* Project:        tarea3_rgb2gray
* Solution:       solution1 (Vivado IP Flow Target)
* Product family: zynquplus
* Target device:  xck26-sfvc784-2LV-c


================================================================
== Performance Estimates
================================================================
+ Timing: 
    * Summary: 
    +--------+---------+----------+------------+
    |  Clock |  Target | Estimated| Uncertainty|
    +--------+---------+----------+------------+
    |ap_clk  |  4.00 ns|  2.920 ns|     1.08 ns|
    +--------+---------+----------+------------+

+ Latency: 
    * Summary: 
    +---------+---------+----------+----------+-----+-----+----------+
    |  Latency (cycles) |  Latency (absolute) |  Interval | Pipeline |
    |   min   |   max   |    min   |    max   | min | max |   Type   |
    +---------+---------+----------+----------+-----+-----+----------+
    |        ?|        ?|         ?|         ?|    ?|    ?|  dataflow|
    +---------+---------+----------+----------+-----+-----+----------+

    + Detail: 
        * Instance: 
        +-----------------+--------------+---------+---------+----------+----------+-----+-----+---------+
        |                 |              |  Latency (cycles) |  Latency (absolute) |  Interval | Pipeline|
        |     Instance    |    Module    |   min   |   max   |    min   |    max   | min | max |   Type  |
        +-----------------+--------------+---------+---------+----------+----------+-----+-----+---------+
        |load_rgb_U0      |load_rgb      |        ?|        ?|         ?|         ?|    ?|    ?|       no|
        |process_gray_U0  |process_gray  |        ?|        ?|         ?|         ?|    ?|    ?|       no|
        |store_gray_U0    |store_gray    |        ?|        ?|         ?|         ?|    ?|    ?|       no|
        +-----------------+--------------+---------+---------+----------+----------+-----+-----+---------+

        * Loop: 
        N/A



================================================================
== Utilization Estimates
================================================================
* Summary: 
+-----------------+---------+------+--------+--------+-----+
|       Name      | BRAM_18K|  DSP |   FF   |   LUT  | URAM|
+-----------------+---------+------+--------+--------+-----+
|DSP              |        -|     -|       -|       -|    -|
|Expression       |        -|     -|       0|       2|    -|
|FIFO             |        -|     -|     396|     268|    -|
|Instance         |        -|     3|     275|     662|    -|
|Memory           |        -|     -|       -|       -|    -|
|Multiplexer      |        -|     -|       -|       -|    -|
|Register         |        -|     -|       -|       -|    -|
+-----------------+---------+------+--------+--------+-----+
|Total            |        0|     3|     671|     932|    0|
+-----------------+---------+------+--------+--------+-----+
|Available        |      288|  1248|  234240|  117120|   64|
+-----------------+---------+------+--------+--------+-----+
|Utilization (%)  |        0|    ~0|      ~0|      ~0|    0|
+-----------------+---------+------+--------+--------+-----+

+ Detail: 
    * Instance: 
    +-----------------+--------------+---------+----+-----+-----+-----+
    |     Instance    |    Module    | BRAM_18K| DSP|  FF | LUT | URAM|
    +-----------------+--------------+---------+----+-----+-----+-----+
    |load_rgb_U0      |load_rgb      |        0|   0|   65|  185|    0|
    |process_gray_U0  |process_gray  |        0|   3|  120|  247|    0|
    |store_gray_U0    |store_gray    |        0|   0|   90|  230|    0|
    +-----------------+--------------+---------+----+-----+-----+-----+
    |Total            |              |        0|   3|  275|  662|    0|
    +-----------------+--------------+---------+----+-----+-----+-----+

    * DSP: 
    N/A

    * Memory: 
    N/A

    * FIFO: 
    +-----------------+---------+----+----+-----+------+-----+---------+
    |       Name      | BRAM_18K| FF | LUT| URAM| Depth| Bits| Size:D*B|
    +-----------------+---------+----+----+-----+------+-----+---------+
    |num_pixels_c1_U  |        0|  99|   0|    -|     2|   32|       64|
    |num_pixels_c_U   |        0|  99|   0|    -|     2|   32|       64|
    |stream_gray_U    |        0|  99|   0|    -|    16|    8|      128|
    |stream_rgb_U     |        0|  99|   0|    -|    16|   24|      384|
    +-----------------+---------+----+----+-----+------+-----+---------+
    |Total            |        0| 396|   0|    0|    36|   96|      640|
    +-----------------+---------+----+----+-----+------+-----+---------+

    * Expression: 
    +--------------+----------+----+---+----+------------+------------+
    | Variable Name| Operation| DSP| FF| LUT| Bitwidth P0| Bitwidth P1|
    +--------------+----------+----+---+----+------------+------------+
    |ap_idle       |       and|   0|  0|   2|           1|           1|
    +--------------+----------+----+---+----+------------+------------+
    |Total         |          |   0|  0|   2|           1|           1|
    +--------------+----------+----+---+----+------------+------------+

    * Multiplexer: 
    N/A

    * Register: 
    N/A



================================================================
== Interface
================================================================
* Summary: 
+------------------+-----+-----+------------+--------------+--------------+
|     RTL Ports    | Dir | Bits|  Protocol  | Source Object|    C Type    |
+------------------+-----+-----+------------+--------------+--------------+
|image_in          |   in|    8|     ap_none|      image_in|       pointer|
|image_out         |  out|    8|      ap_vld|     image_out|       pointer|
|image_out_ap_vld  |  out|    1|      ap_vld|     image_out|       pointer|
|num_pixels        |   in|   32|     ap_none|    num_pixels|        scalar|
|ap_clk            |   in|    1|  ap_ctrl_hs|  rgb2gray_top|  return value|
|ap_rst            |   in|    1|  ap_ctrl_hs|  rgb2gray_top|  return value|
|ap_start          |   in|    1|  ap_ctrl_hs|  rgb2gray_top|  return value|
|ap_done           |  out|    1|  ap_ctrl_hs|  rgb2gray_top|  return value|
|ap_ready          |  out|    1|  ap_ctrl_hs|  rgb2gray_top|  return value|
|ap_idle           |  out|    1|  ap_ctrl_hs|  rgb2gray_top|  return value|
+------------------+-----+-----+------------+--------------+--------------+

