

================================================================
== Vitis HLS Report for 'store_gray'
================================================================
* Date:           Sat Jul 11 13:45:48 2026

* Version:        2024.1 (Build 5069499 on May 21 2024)
* Project:        tarea3_rgb2gray
* Solution:       solution1 (Vivado IP Flow Target)
* Product family: zynquplus
* Target device:  xck26-sfvc784-2LV-c


================================================================
== Performance Estimates
================================================================
+ Timing: 
    * Summary: 
    +--------+---------+----------+------------+
    |  Clock |  Target | Estimated| Uncertainty|
    +--------+---------+----------+------------+
    |ap_clk  |  4.00 ns|  1.870 ns|     1.08 ns|
    +--------+---------+----------+------------+

+ Latency: 
    * Summary: 
    +---------+---------+----------+----------+-----+-----+---------+
    |  Latency (cycles) |  Latency (absolute) |  Interval | Pipeline|
    |   min   |   max   |    min   |    max   | min | max |   Type  |
    +---------+---------+----------+----------+-----+-----+---------+
    |        ?|        ?|         ?|         ?|    ?|    ?|       no|
    +---------+---------+----------+----------+-----+-----+---------+

    + Detail: 
        * Instance: 
        +------------------------------------------+--------------------------------+---------+---------+----------+----------+-----+-----+-----------------------------------------------+
        |                                          |                                |  Latency (cycles) |  Latency (absolute) |  Interval |                    Pipeline                   |
        |                 Instance                 |             Module             |   min   |   max   |    min   |    max   | min | max |                      Type                     |
        +------------------------------------------+--------------------------------+---------+---------+----------+----------+-----+-----+-----------------------------------------------+
        |grp_store_gray_Pipeline_store_loop_fu_53  |store_gray_Pipeline_store_loop  |        ?|        ?|         ?|         ?|    0|    0|  loop auto-rewind stp(delay=0 clock cycles(s))|
        +------------------------------------------+--------------------------------+---------+---------+----------+----------+-----+-----+-----------------------------------------------+

        * Loop: 
        N/A



================================================================
== Utilization Estimates
================================================================
* Summary: 
+-----------------+---------+------+--------+--------+-----+
|       Name      | BRAM_18K|  DSP |   FF   |   LUT  | URAM|
+-----------------+---------+------+--------+--------+-----+
|DSP              |        -|     -|       -|       -|    -|
|Expression       |        -|     -|       0|      41|    -|
|FIFO             |        -|     -|       -|       -|    -|
|Instance         |        -|     -|      43|     127|    -|
|Memory           |        -|     -|       -|       -|    -|
|Multiplexer      |        -|     -|       0|      62|    -|
|Register         |        -|     -|      47|       -|    -|
+-----------------+---------+------+--------+--------+-----+
|Total            |        0|     0|      90|     230|    0|
+-----------------+---------+------+--------+--------+-----+
|Available        |      288|  1248|  234240|  117120|   64|
+-----------------+---------+------+--------+--------+-----+
|Utilization (%)  |        0|     0|      ~0|      ~0|    0|
+-----------------+---------+------+--------+--------+-----+

+ Detail: 
    * Instance: 
    +------------------------------------------+--------------------------------+---------+----+----+-----+-----+
    |                 Instance                 |             Module             | BRAM_18K| DSP| FF | LUT | URAM|
    +------------------------------------------+--------------------------------+---------+----+----+-----+-----+
    |grp_store_gray_Pipeline_store_loop_fu_53  |store_gray_Pipeline_store_loop  |        0|   0|  43|  127|    0|
    +------------------------------------------+--------------------------------+---------+----+----+-----+-----+
    |Total                                     |                                |        0|   0|  43|  127|    0|
    +------------------------------------------+--------------------------------+---------+----+----+-----+-----+

    * DSP: 
    N/A

    * Memory: 
    N/A

    * FIFO: 
    N/A

    * Expression: 
    +--------------------+----------+----+---+----+------------+------------+
    |    Variable Name   | Operation| DSP| FF| LUT| Bitwidth P0| Bitwidth P1|
    +--------------------+----------+----+---+----+------------+------------+
    |icmp_ln48_fu_61_p2  |      icmp|   0|  0|  39|          32|           1|
    |ap_block_state1     |        or|   0|  0|   2|           1|           1|
    +--------------------+----------+----+---+----+------------+------------+
    |Total               |          |   0|  0|  41|          33|           2|
    +--------------------+----------+----+---+----+------------+------------+

    * Multiplexer: 
    +------------------+----+-----------+-----+-----------+
    |       Name       | LUT| Input Size| Bits| Total Bits|
    +------------------+----+-----------+-----+-----------+
    |ap_NS_fsm         |  26|          5|    1|          5|
    |ap_done           |   9|          2|    1|          2|
    |image_out         |   9|          2|    8|         16|
    |num_pixels_blk_n  |   9|          2|    1|          2|
    |stream_gray_read  |   9|          2|    1|          2|
    +------------------+----+-----------+-----+-----------+
    |Total             |  62|         13|   12|         27|
    +------------------+----+-----------+-----+-----------+

    * Register: 
    +-------------------------------------------------------+----+----+-----+-----------+
    |                          Name                         | FF | LUT| Bits| Const Bits|
    +-------------------------------------------------------+----+----+-----+-----------+
    |ap_CS_fsm                                              |   4|   0|    4|          0|
    |ap_done_reg                                            |   1|   0|    1|          0|
    |grp_store_gray_Pipeline_store_loop_fu_53_ap_start_reg  |   1|   0|    1|          0|
    |icmp_ln48_reg_82                                       |   1|   0|    1|          0|
    |image_out_preg                                         |   8|   0|    8|          0|
    |num_pixels_1_reg_76                                    |  32|   0|   32|          0|
    +-------------------------------------------------------+----+----+-----+-----------+
    |Total                                                  |  47|   0|   47|          0|
    +-------------------------------------------------------+----+----+-----+-----------+



================================================================
== Interface
================================================================
* Summary: 
+----------------------------+-----+-----+------------+--------------+--------------+
|          RTL Ports         | Dir | Bits|  Protocol  | Source Object|    C Type    |
+----------------------------+-----+-----+------------+--------------+--------------+
|ap_clk                      |   in|    1|  ap_ctrl_hs|    store_gray|  return value|
|ap_rst                      |   in|    1|  ap_ctrl_hs|    store_gray|  return value|
|ap_start                    |   in|    1|  ap_ctrl_hs|    store_gray|  return value|
|ap_done                     |  out|    1|  ap_ctrl_hs|    store_gray|  return value|
|ap_continue                 |   in|    1|  ap_ctrl_hs|    store_gray|  return value|
|ap_idle                     |  out|    1|  ap_ctrl_hs|    store_gray|  return value|
|ap_ready                    |  out|    1|  ap_ctrl_hs|    store_gray|  return value|
|stream_gray_dout            |   in|    8|     ap_fifo|   stream_gray|       pointer|
|stream_gray_num_data_valid  |   in|    5|     ap_fifo|   stream_gray|       pointer|
|stream_gray_fifo_cap        |   in|    5|     ap_fifo|   stream_gray|       pointer|
|stream_gray_empty_n         |   in|    1|     ap_fifo|   stream_gray|       pointer|
|stream_gray_read            |  out|    1|     ap_fifo|   stream_gray|       pointer|
|image_out                   |  out|    8|      ap_vld|     image_out|       pointer|
|image_out_ap_vld            |  out|    1|      ap_vld|     image_out|       pointer|
|num_pixels_dout             |   in|   32|     ap_fifo|    num_pixels|       pointer|
|num_pixels_num_data_valid   |   in|    3|     ap_fifo|    num_pixels|       pointer|
|num_pixels_fifo_cap         |   in|    3|     ap_fifo|    num_pixels|       pointer|
|num_pixels_empty_n          |   in|    1|     ap_fifo|    num_pixels|       pointer|
|num_pixels_read             |  out|    1|     ap_fifo|    num_pixels|       pointer|
+----------------------------+-----+-----+------------+--------------+--------------+

