

================================================================
== Vitis HLS Report for 'wht_lossless_inverse_isolated'
================================================================
* Date:           Thu Aug  6 02:22:05 2026

* Version:        2024.1 (Build 5069499 on May 21 2024)
* Project:        wht_isolated_inverse
* Solution:       solution_isolated_inverse (Vitis Kernel Flow Target)
* Product family: zynquplus
* Target device:  xck26-sfvc784-2LV-c


================================================================
== Performance Estimates
================================================================
+ Timing: 
    * Summary: 
    +--------+---------+----------+------------+
    |  Clock |  Target | Estimated| Uncertainty|
    +--------+---------+----------+------------+
    |ap_clk  |  4.00 ns|  2.559 ns|     1.08 ns|
    +--------+---------+----------+------------+

+ Latency: 
    * Summary: 
    +---------+---------+-----------+-----------+-----+-----+---------+
    |  Latency (cycles) |   Latency (absolute)  |  Interval | Pipeline|
    |   min   |   max   |    min    |    max    | min | max |   Type  |
    +---------+---------+-----------+-----------+-----+-----+---------+
    |       17|       17|  68.000 ns|  68.000 ns|    9|    9|      yes|
    +---------+---------+-----------+-----------+-----+-----+---------+

    + Detail: 
        * Instance: 
        N/A

        * Loop: 
        N/A



================================================================
== Utilization Estimates
================================================================
* Summary: 
+-----------------+---------+------+--------+--------+-----+
|       Name      | BRAM_18K|  DSP |   FF   |   LUT  | URAM|
+-----------------+---------+------+--------+--------+-----+
|DSP              |        -|     -|       -|       -|    -|
|Expression       |        -|     -|       0|     500|    -|
|FIFO             |        -|     -|       -|       -|    -|
|Instance         |        0|     -|     196|     184|    0|
|Memory           |        -|     -|       -|       -|    -|
|Multiplexer      |        -|     -|       0|     219|    -|
|Register         |        -|     -|     411|       -|    -|
+-----------------+---------+------+--------+--------+-----+
|Total            |        0|     0|     607|     903|    0|
+-----------------+---------+------+--------+--------+-----+
|Available        |      288|  1248|  234240|  117120|   64|
+-----------------+---------+------+--------+--------+-----+
|Utilization (%)  |        0|     0|      ~0|      ~0|    0|
+-----------------+---------+------+--------+--------+-----+

+ Detail: 
    * Instance: 
    +-----------------+---------------+---------+----+-----+-----+-----+
    |     Instance    |     Module    | BRAM_18K| DSP|  FF | LUT | URAM|
    +-----------------+---------------+---------+----+-----+-----+-----+
    |control_s_axi_U  |control_s_axi  |        0|   0|  196|  184|    0|
    +-----------------+---------------+---------+----+-----+-----+-----+
    |Total            |               |        0|   0|  196|  184|    0|
    +-----------------+---------------+---------+----+-----+-----+-----+

    * DSP: 
    N/A

    * Memory: 
    N/A

    * FIFO: 
    N/A

    * Expression: 
    +---------------------------+----------+----+---+----+------------+------------+
    |       Variable Name       | Operation| DSP| FF| LUT| Bitwidth P0| Bitwidth P1|
    +---------------------------+----------+----+---+----+------------+------------+
    |add_ln21_7_fu_434_p2       |         +|   0|  0|  16|          16|          16|
    |add_ln21_8_fu_443_p2       |         +|   0|  0|  23|          16|          16|
    |add_ln21_9_fu_462_p2       |         +|   0|  0|  16|          16|          16|
    |add_ln21_fu_408_p2         |         +|   0|  0|  23|          16|          16|
    |d_10_fu_353_p2             |         +|   0|  0|  16|          16|          16|
    |d_4_fu_246_p2              |         +|   0|  0|  23|          16|          16|
    |d_5_fu_290_p2              |         +|   0|  0|  23|          16|          16|
    |d_8_fu_376_p2              |         +|   0|  0|  23|          16|          16|
    |s_10_fu_333_p2             |         +|   0|  0|  16|          16|          16|
    |s_4_fu_266_p2              |         +|   0|  0|  23|          16|          16|
    |s_5_fu_236_p2              |         +|   0|  0|  23|          16|          16|
    |s_8_fu_303_p2              |         +|   0|  0|  23|          16|          16|
    |d_11_fu_390_p2             |         -|   0|  0|  23|          16|          16|
    |d_6_fu_282_p2              |         -|   0|  0|  23|          16|          16|
    |d_7_fu_295_p2              |         -|   0|  0|  23|          16|          16|
    |d_9_fu_381_p2              |         -|   0|  0|  23|          16|          16|
    |s_11_fu_386_p2             |         -|   0|  0|  16|          16|          16|
    |s_6_fu_271_p2              |         -|   0|  0|  16|          16|          16|
    |s_7_fu_277_p2              |         -|   0|  0|  16|          16|          16|
    |s_9_fu_369_p2              |         -|   0|  0|  16|          16|          16|
    |sub_ln22_7_fu_414_p2       |         -|   0|  0|  23|          16|          16|
    |sub_ln22_8_fu_474_p2       |         -|   0|  0|  23|          16|          16|
    |sub_ln22_9_fu_478_p2       |         -|   0|  0|  23|          16|          16|
    |sub_ln22_fu_468_p2         |         -|   0|  0|  23|          16|          16|
    |ap_block_pp0_stage0_11001  |        or|   0|  0|   2|           1|           1|
    |ap_enable_pp0              |       xor|   0|  0|   2|           1|           2|
    +---------------------------+----------+----+---+----+------------+------------+
    |Total                      |          |   0|  0| 500|         386|         387|
    +---------------------------+----------+----+---+----+------------+------------+

    * Multiplexer: 
    +--------------------------+----+-----------+-----+-----------+
    |           Name           | LUT| Input Size| Bits| Total Bits|
    +--------------------------+----+-----------+-----+-----------+
    |ap_NS_fsm                 |  54|         10|    1|         10|
    |ap_done                   |   9|          2|    1|          2|
    |ap_enable_reg_pp0_iter0   |   9|          2|    1|          2|
    |block_in_address0_local   |  49|          9|    3|         27|
    |block_out_address0_local  |  49|          9|    3|         27|
    |block_out_d0_local        |  49|          9|   16|        144|
    +--------------------------+----+-----------+-----+-----------+
    |Total                     | 219|         41|   25|        212|
    +--------------------------+----+-----------+-----+-----------+

    * Register: 
    +-----------------------------+----+----+-----+-----------+
    |             Name            | FF | LUT| Bits| Const Bits|
    +-----------------------------+----+----+-----+-----------+
    |add_ln21_7_reg_622           |  16|   0|   16|          0|
    |add_ln21_8_reg_628           |  16|   0|   16|          0|
    |add_ln21_9_reg_634           |  16|   0|   16|          0|
    |ap_CS_fsm                    |   9|   0|    9|          0|
    |ap_done_reg                  |   1|   0|    1|          0|
    |ap_enable_reg_pp0_iter0_reg  |   1|   0|    1|          0|
    |ap_enable_reg_pp0_iter1      |   1|   0|    1|          0|
    |ap_rst_n_inv                 |   1|   0|    1|          0|
    |ap_rst_reg_1                 |   1|   0|    1|          0|
    |ap_rst_reg_2                 |   1|   0|    1|          0|
    |d_10_reg_591                 |  16|   0|   16|          0|
    |d_3_reg_539                  |  16|   0|   16|          0|
    |d_4_reg_523                  |  16|   0|   16|          0|
    |d_5_reg_564                  |  16|   0|   16|          0|
    |d_6_reg_559                  |  16|   0|   16|          0|
    |d_7_reg_569                  |  16|   0|   16|          0|
    |d_9_reg_602                  |  16|   0|   16|          0|
    |reg_224                      |  16|   0|   16|          0|
    |reg_228                      |  16|   0|   16|          0|
    |s_10_reg_585                 |  16|   0|   16|          0|
    |s_3_reg_497                  |  16|   0|   16|          0|
    |s_5_reg_512                  |  16|   0|   16|          0|
    |s_8_reg_574                  |  16|   0|   16|          0|
    |s_reg_549                    |  16|   0|   16|          0|
    |sub_ln22_7_reg_617           |  16|   0|   16|          0|
    |sub_ln22_8_reg_654           |  16|   0|   16|          0|
    |sub_ln22_9_reg_664           |  16|   0|   16|          0|
    |sub_ln22_reg_639             |  16|   0|   16|          0|
    |trunc_ln21_3_reg_544         |  15|   0|   15|          0|
    |trunc_ln21_4_reg_529         |  15|   0|   15|          0|
    |trunc_ln21_5_reg_580         |  15|   0|   15|          0|
    |trunc_ln21_s_reg_597         |  15|   0|   15|          0|
    +-----------------------------+----+----+-----+-----------+
    |Total                        | 411|   0|  411|          0|
    +-----------------------------+----+----+-----+-----------+



================================================================
== Interface
================================================================
* Summary: 
+-----------------------+-----+-----+---------------+-------------------------------+--------------+
|       RTL Ports       | Dir | Bits|    Protocol   |         Source Object         |    C Type    |
+-----------------------+-----+-----+---------------+-------------------------------+--------------+
|s_axi_control_AWVALID  |   in|    1|          s_axi|                        control|         array|
|s_axi_control_AWREADY  |  out|    1|          s_axi|                        control|         array|
|s_axi_control_AWADDR   |   in|    6|          s_axi|                        control|         array|
|s_axi_control_WVALID   |   in|    1|          s_axi|                        control|         array|
|s_axi_control_WREADY   |  out|    1|          s_axi|                        control|         array|
|s_axi_control_WDATA    |   in|   32|          s_axi|                        control|         array|
|s_axi_control_WSTRB    |   in|    4|          s_axi|                        control|         array|
|s_axi_control_ARVALID  |   in|    1|          s_axi|                        control|         array|
|s_axi_control_ARREADY  |  out|    1|          s_axi|                        control|         array|
|s_axi_control_ARADDR   |   in|    6|          s_axi|                        control|         array|
|s_axi_control_RVALID   |  out|    1|          s_axi|                        control|         array|
|s_axi_control_RREADY   |   in|    1|          s_axi|                        control|         array|
|s_axi_control_RDATA    |  out|   32|          s_axi|                        control|         array|
|s_axi_control_RRESP    |  out|    2|          s_axi|                        control|         array|
|s_axi_control_BVALID   |  out|    1|          s_axi|                        control|         array|
|s_axi_control_BREADY   |   in|    1|          s_axi|                        control|         array|
|s_axi_control_BRESP    |  out|    2|          s_axi|                        control|         array|
|ap_clk                 |   in|    1|  ap_ctrl_chain|  wht_lossless_inverse_isolated|  return value|
|ap_rst_n               |   in|    1|  ap_ctrl_chain|  wht_lossless_inverse_isolated|  return value|
|interrupt              |  out|    1|  ap_ctrl_chain|  wht_lossless_inverse_isolated|  return value|
+-----------------------+-----+-----+---------------+-------------------------------+--------------+

