
        SystemC 2.3.4-Accellera --- Jul 29 2026 19:57:40
        Copyright (c) 1996-2022 by all Contributors,
        ALL RIGHTS RESERVED
RAM: ram creada con 64 MB
PersistentStorage: storage creado
CPU: cpu creada con sockets para RAM y Acelerador

========================================
  SystemC Accelerator Testbench
========================================

PersistentStorage: leidos 192 bytes desde input.rgb
CPU: cargados 192 bytes en RAM desde input.rgb
--- Job 1: Imagen sintetica 8x8 ---
CPU: procesando job 'sintetica' (src=0x0 dst=0x2000000 num=64)
CPU: Acelerador ha terminado en 1 ciclos
CPU: job 'sintetica' completado
PersistentStorage: escritos 64 bytes en output.gray
CPU: guardados 64 bytes desde RAM en output.gray

--- Verificacion de Resultado ---
  px0 negro  RGB(0,0,0) -> gris 0
  px1 blanco RGB(255,255,255) -> gris 255
  px2 rojo   RGB(255,0,0) -> gris 54
  px3 verde  RGB(0,255,0) -> gris 182
  px4 azul   RGB(0,0,255) -> gris 18

========================================
RESULTADO: PASA  (64/64 pixeles correctos)
========================================

--- Job 2: Imagen real sapo perro 1920x1080 ---
PersistentStorage: leidos 6220800 bytes desde sapo_perro.rgb
CPU: cargados 6220800 bytes en RAM desde sapo_perro.rgb
CPU: procesando job 'sapo_perro' (src=0x10000 dst=0x1000000 num=2073600)
CPU: Acelerador ha terminado en 2074 ciclos
CPU: job 'sapo_perro' completado
PersistentStorage: escritos 2073600 bytes en sapo_perro_gray.raw
CPU: guardados 2073600 bytes desde RAM en sapo_perro_gray.raw
Imagen sapo perro procesada correctamente
Salida: sapo_perro_gray.raw

Info: /OSCI/SystemC: Simulation stopped by user.
