

================================================================
== Vitis HLS Report for 'load_rgb'
================================================================
* Date:           Mon Jul 20 18:48:17 2026

* Version:        2024.1 (Build 5069499 on May 21 2024)
* Project:        rgb2gray_hls
* Solution:       solution (Vitis Kernel Flow Target)
* Product family: versalaicore
* Target device:  xcvc1902-vsva2197-2MP-e-S


================================================================
== Performance Estimates
================================================================
+ Timing: 
    * Summary: 
    +--------+---------+----------+------------+
    |  Clock |  Target | Estimated| Uncertainty|
    +--------+---------+----------+------------+
    |ap_clk  |  4.00 ns|  2.920 ns|     1.08 ns|
    +--------+---------+----------+------------+

+ Latency: 
    * Summary: 
    +---------+---------+----------+----------+-----+-----+------------------------------------------+
    |  Latency (cycles) |  Latency (absolute) |  Interval |                 Pipeline                 |
    |   min   |   max   |    min   |    max   | min | max |                   Type                   |
    +---------+---------+----------+----------+-----+-----+------------------------------------------+
    |        ?|        ?|         ?|         ?|    0|    0|  loop rewind stp(delay=0 clock cycles(s))|
    +---------+---------+----------+----------+-----+-----+------------------------------------------+

    + Detail: 
        * Instance: 
        N/A

        * Loop: 
        +-------------+---------+---------+----------+-----------+-----------+------+----------+
        |             |  Latency (cycles) | Iteration|  Initiation Interval  | Trip |          |
        |  Loop Name  |   min   |   max   |  Latency |  achieved |   target  | Count| Pipelined|
        +-------------+---------+---------+----------+-----------+-----------+------+----------+
        |- load_loop  |        ?|        ?|        78|          3|          1|     ?|       yes|
        +-------------+---------+---------+----------+-----------+-----------+------+----------+

============================================================
+ Verbose Summary: Synthesis Manager
============================================================
InlineROM: 1
ExposeGlobal: 0
============================================================
+ Verbose Summary: CDFG Model
============================================================
IsTopModel: 0
ResetActiveHigh: 1
IsCombinational: 2
IsDatapathOnly: 0
HasWiredReturn: 1
HasMFsm: 2
HasVarLatency: 1
IsPipeline: 0
IsRtlPipelined: 0
IsInstanceOverlapped: 0
IsDontTouch: 0
HasImplIP: 0
IsGatedGlobalClock: 0

+ Individual pipeline summary: 
  * Pipeline-0: initiation interval (II) = 3, depth = 78


============================================================
+ Verbose Summary: Schedule
============================================================
* Number of FSM states : 79
* Pipeline : 1
  Pipeline-0 : II = 3, D = 78, States = { 2 3 4 5 6 7 8 9 10 11 12 13 14 15 16 17 18 19 20 21 22 23 24 25 26 27 28 29 30 31 32 33 34 35 36 37 38 39 40 41 42 43 44 45 46 47 48 49 50 51 52 53 54 55 56 57 58 59 60 61 62 63 64 65 66 67 68 69 70 71 72 73 74 75 76 77 78 79 }
* Dataflow Pipeline: 0

* FSM state transitions: 
1 --> 2 
2 --> 3 
3 --> 4 
4 --> 5 
5 --> 6 
6 --> 7 
7 --> 8 
8 --> 9 
9 --> 10 
10 --> 11 
11 --> 12 
12 --> 13 
13 --> 14 
14 --> 15 
15 --> 16 
16 --> 17 
17 --> 18 
18 --> 19 
19 --> 20 
20 --> 21 
21 --> 22 
22 --> 23 
23 --> 24 
24 --> 25 
25 --> 26 
26 --> 27 
27 --> 28 
28 --> 29 
29 --> 30 
30 --> 31 
31 --> 32 
32 --> 33 
33 --> 34 
34 --> 35 
35 --> 36 
36 --> 37 
37 --> 38 
38 --> 39 
39 --> 40 
40 --> 41 
41 --> 42 
42 --> 43 
43 --> 44 
44 --> 45 
45 --> 46 
46 --> 47 
47 --> 48 
48 --> 49 
49 --> 50 
50 --> 51 
51 --> 52 
52 --> 53 
53 --> 54 
54 --> 55 
55 --> 56 
56 --> 57 
57 --> 58 
58 --> 59 
59 --> 60 
60 --> 61 
61 --> 62 
62 --> 63 
63 --> 64 
64 --> 65 
65 --> 66 
66 --> 67 
67 --> 68 
68 --> 69 
69 --> 70 
70 --> 71 
71 --> 72 
72 --> 73 
73 --> 74 
74 --> 75 
75 --> 76 
76 --> 77 
77 --> 78 
78 --> 79 
79 --> 2 

* FSM state operations: 

State 1 <SV = 0> <Delay = 0.45>
ST_1 : Operation 80 [1/1] (0.00ns)   --->   "%specinterface_ln0 = specinterface void @_ssdm_op_SpecInterface, i32 %num_pixels_c1, void @ap_fifo_str, i32 0, i32 0, void @p_str, i32 0, i32 0, void @p_str, void @p_str, void @p_str, i32 2, i32 2, i32 16, i32 16, void @p_str, void @ScalarProp_str, i32 4294967295, i32 0, i32 0"   --->   Operation 80 'specinterface' 'specinterface_ln0' <Predicate = true> <Delay = 0.00>
ST_1 : Operation 81 [1/1] (0.00ns)   --->   "%specinterface_ln0 = specinterface void @_ssdm_op_SpecInterface, i24 %stream_rgb, void @empty_14, i32 0, i32 0, void @empty_0, i32 0, i32 0, void @empty_0, void @empty_0, void @empty_0, i32 0, i32 0, i32 0, i32 0, void @empty_0, void @empty_0, i32 4294967295, i32 0, i32 0"   --->   Operation 81 'specinterface' 'specinterface_ln0' <Predicate = true> <Delay = 0.00>
ST_1 : Operation 82 [1/1] (0.00ns)   --->   "%specinterface_ln0 = specinterface void @_ssdm_op_SpecInterface, i32 %gmem_in, void @empty, i32 0, i32 0, void @empty_0, i32 64, i32 512, void @empty_1, void @empty_2, void @empty_0, i32 16, i32 16, i32 16, i32 16, void @empty_0, void @empty_0, i32 4294967295, i32 0, i32 0"   --->   Operation 82 'specinterface' 'specinterface_ln0' <Predicate = true> <Delay = 0.00>
ST_1 : Operation 83 [1/1] (0.45ns)   --->   "%br_ln37 = br void %rewind_header" [../rgb2gray_kernel.cpp:37]   --->   Operation 83 'br' 'br_ln37' <Predicate = true> <Delay = 0.45>

State 2 <SV = 1> <Delay = 0.00>
ST_2 : Operation 84 [1/1] (0.00ns)   --->   "%do_init = phi i1 1, void %entry, i1 0, void %for.inc, i1 1, void %for.end"   --->   Operation 84 'phi' 'do_init' <Predicate = true> <Delay = 0.00>

State 3 <SV = 2> <Delay = 2.31>
ST_3 : Operation 85 [1/1] (0.00ns)   --->   "%gmem_in_addr_rewind_idx = phi i64 0, void %entry, i64 %gmem_in_addr_phi_idx, void %for.inc, i64 0, void %for.end" [../rgb2gray_kernel.cpp:37]   --->   Operation 85 'phi' 'gmem_in_addr_rewind_idx' <Predicate = true> <Delay = 0.00>
ST_3 : Operation 86 [1/1] (0.00ns)   --->   "%num_pixels6_rewind = phi i32 0, void %entry, i32 %num_pixels6_phi, void %for.inc, i32 0, void %for.end"   --->   Operation 86 'phi' 'num_pixels6_rewind' <Predicate = true> <Delay = 0.00>
ST_3 : Operation 87 [1/1] (0.45ns)   --->   "%br_ln0 = br i1 %do_init, void %for.cond, void %rewind_init"   --->   Operation 87 'br' 'br_ln0' <Predicate = true> <Delay = 0.45>
ST_3 : Operation 88 [1/1] (0.00ns)   --->   "%muxLogicCE_to_num_pixels_read = muxlogic"   --->   Operation 88 'muxlogic' 'muxLogicCE_to_num_pixels_read' <Predicate = (do_init)> <Delay = 0.00>
ST_3 : Operation 89 [1/1] (0.00ns)   --->   "%num_pixels_read = read i32 @_ssdm_op_Read.ap_auto.i32, i32 %num_pixels"   --->   Operation 89 'read' 'num_pixels_read' <Predicate = (do_init)> <Delay = 0.00>
ST_3 : Operation 90 [1/1] (0.00ns)   --->   "%muxLogicCE_to_addr_in_read = muxlogic"   --->   Operation 90 'muxlogic' 'muxLogicCE_to_addr_in_read' <Predicate = (do_init)> <Delay = 0.00>
ST_3 : Operation 91 [1/1] (0.00ns)   --->   "%addr_in_read = read i32 @_ssdm_op_Read.ap_auto.i32, i32 %addr_in"   --->   Operation 91 'read' 'addr_in_read' <Predicate = (do_init)> <Delay = 0.00>
ST_3 : Operation 92 [1/1] (0.00ns)   --->   "%muxLogicCE_to_m_axi_in_read = muxlogic"   --->   Operation 92 'muxlogic' 'muxLogicCE_to_m_axi_in_read' <Predicate = (do_init)> <Delay = 0.00>
ST_3 : Operation 93 [1/1] (0.00ns)   --->   "%m_axi_in_read = read i64 @_ssdm_op_Read.ap_auto.i64, i64 %m_axi_in"   --->   Operation 93 'read' 'm_axi_in_read' <Predicate = (do_init)> <Delay = 0.00>
ST_3 : Operation 94 [1/1] (0.00ns)   --->   "%muxLogicData_to_write_ln0 = muxlogic i32 %num_pixels_read"   --->   Operation 94 'muxlogic' 'muxLogicData_to_write_ln0' <Predicate = (do_init)> <Delay = 0.00>
ST_3 : Operation 95 [1/1] (0.71ns)   --->   "%write_ln0 = write void @_ssdm_op_Write.ap_fifo.i32P0A, i32 %num_pixels_c1, i32 %num_pixels_read"   --->   Operation 95 'write' 'write_ln0' <Predicate = (do_init)> <Delay = 0.71> <CoreInst = "FIFO_SRL">   --->   Core 84 'FIFO_SRL' <Latency = 0> <II = 1> <Delay = 0.71> <Storage> <Opcode : 'read' 'write' 'nbread' 'nbwrite'> <Ports = 0> <Width = 32> <Depth = 2> <FIFO>
ST_3 : Operation 96 [1/1] (0.00ns)   --->   "%zext_ln37 = zext i32 %num_pixels_read" [../rgb2gray_kernel.cpp:37]   --->   Operation 96 'zext' 'zext_ln37' <Predicate = (do_init)> <Delay = 0.00>
ST_3 : Operation 97 [1/1] (0.00ns)   --->   "%p_shl = bitconcatenate i34 @_ssdm_op_BitConcatenate.i34.i32.i2, i32 %num_pixels_read, i2 0" [../rgb2gray_kernel.cpp:37]   --->   Operation 97 'bitconcatenate' 'p_shl' <Predicate = (do_init)> <Delay = 0.00>
ST_3 : Operation 98 [1/1] (0.87ns)   --->   "%sub_ln37 = sub i34 %p_shl, i34 %zext_ln37" [../rgb2gray_kernel.cpp:37]   --->   Operation 98 'sub' 'sub_ln37' <Predicate = (do_init)> <Delay = 0.87> <CoreInst = "Adder">   --->   Core 1 'Adder' <Latency = 0> <II = 1> <Delay = 0.87> <FuncUnit> <Opcode : 'add' 'sub'> <InPorts = 2> <OutPorts = 1>
ST_3 : Operation 99 [1/1] (0.00ns)   --->   "%zext_ln37_1 = zext i34 %sub_ln37" [../rgb2gray_kernel.cpp:37]   --->   Operation 99 'zext' 'zext_ln37_1' <Predicate = (do_init)> <Delay = 0.00>
ST_3 : Operation 100 [1/1] (0.00ns)   --->   "%shl_ln = bitconcatenate i34 @_ssdm_op_BitConcatenate.i34.i32.i2, i32 %addr_in_read, i2 0" [../rgb2gray_kernel.cpp:37]   --->   Operation 100 'bitconcatenate' 'shl_ln' <Predicate = (do_init)> <Delay = 0.00>
ST_3 : Operation 101 [1/1] (0.00ns)   --->   "%zext_ln37_2 = zext i34 %shl_ln" [../rgb2gray_kernel.cpp:37]   --->   Operation 101 'zext' 'zext_ln37_2' <Predicate = (do_init)> <Delay = 0.00>
ST_3 : Operation 102 [1/1] (1.01ns)   --->   "%add_ln37 = add i64 %zext_ln37_2, i64 %m_axi_in_read" [../rgb2gray_kernel.cpp:37]   --->   Operation 102 'add' 'add_ln37' <Predicate = (do_init)> <Delay = 1.01> <CoreInst = "Adder">   --->   Core 1 'Adder' <Latency = 0> <II = 1> <Delay = 1.01> <FuncUnit> <Opcode : 'add' 'sub'> <InPorts = 2> <OutPorts = 1>
ST_3 : Operation 103 [1/1] (0.00ns)   --->   "%trunc_ln = partselect i62 @_ssdm_op_PartSelect.i62.i64.i32.i32, i64 %add_ln37, i32 2, i32 63" [../rgb2gray_kernel.cpp:37]   --->   Operation 103 'partselect' 'trunc_ln' <Predicate = (do_init)> <Delay = 0.00>
ST_3 : Operation 104 [1/1] (0.00ns)   --->   "%sext_ln37 = sext i62 %trunc_ln" [../rgb2gray_kernel.cpp:37]   --->   Operation 104 'sext' 'sext_ln37' <Predicate = (do_init)> <Delay = 0.00>
ST_3 : Operation 105 [1/1] (0.00ns)   --->   "%gmem_in_addr = getelementptr i32 %gmem_in, i64 %sext_ln37" [../rgb2gray_kernel.cpp:37]   --->   Operation 105 'getelementptr' 'gmem_in_addr' <Predicate = (do_init)> <Delay = 0.00>
ST_3 : Operation 106 [74/74] (1.30ns)   --->   "%empty = readreq i1 @_ssdm_op_ReadReq.m_axi.p1i32, i32 %gmem_in_addr, i64 %zext_ln37_1" [../rgb2gray_kernel.cpp:37]   --->   Operation 106 'readreq' 'empty' <Predicate = (do_init)> <Delay = 1.30> <CoreInst = "m_axi">   --->   Core 123 'm_axi' <Latency = 9> <II = 1> <Delay = 1.41> <Adapter> <Opcode : 'read' 'write' 'readreq' 'writereq' 'writeresp'>
ST_3 : Operation 107 [1/1] (0.45ns)   --->   "%br_ln37 = br void %for.cond" [../rgb2gray_kernel.cpp:37]   --->   Operation 107 'br' 'br_ln37' <Predicate = (do_init)> <Delay = 0.45>

State 4 <SV = 3> <Delay = 2.92>
ST_4 : Operation 108 [1/1] (0.00ns)   --->   "%i = phi i32 0, void %entry, i32 %i_3, void %for.inc, i32 0, void %for.end"   --->   Operation 108 'phi' 'i' <Predicate = true> <Delay = 0.00>
ST_4 : Operation 109 [73/74] (2.92ns)   --->   "%empty = readreq i1 @_ssdm_op_ReadReq.m_axi.p1i32, i32 %gmem_in_addr, i64 %zext_ln37_1" [../rgb2gray_kernel.cpp:37]   --->   Operation 109 'readreq' 'empty' <Predicate = (do_init)> <Delay = 2.92> <CoreInst = "m_axi">   --->   Core 123 'm_axi' <Latency = 9> <II = 1> <Delay = 1.41> <Adapter> <Opcode : 'read' 'write' 'readreq' 'writereq' 'writeresp'>
ST_4 : Operation 110 [1/1] (0.00ns)   --->   "%gmem_in_addr_phi_idx = phi i64 %sext_ln37, void %rewind_init, i64 %gmem_in_addr_rewind_idx, void %rewind_header" [../rgb2gray_kernel.cpp:37]   --->   Operation 110 'phi' 'gmem_in_addr_phi_idx' <Predicate = true> <Delay = 0.00>
ST_4 : Operation 111 [1/1] (0.00ns)   --->   "%num_pixels6_phi = phi i32 %num_pixels_read, void %rewind_init, i32 %num_pixels6_rewind, void %rewind_header"   --->   Operation 111 'phi' 'num_pixels6_phi' <Predicate = true> <Delay = 0.00>
ST_4 : Operation 112 [1/1] (0.00ns)   --->   "%gmem_in_addr_1 = getelementptr i32 %gmem_in, i64 %gmem_in_addr_phi_idx" [../rgb2gray_kernel.cpp:37]   --->   Operation 112 'getelementptr' 'gmem_in_addr_1' <Predicate = true> <Delay = 0.00>
ST_4 : Operation 113 [1/1] (0.86ns)   --->   "%i_3 = add i32 %i, i32 1" [../rgb2gray_kernel.cpp:37]   --->   Operation 113 'add' 'i_3' <Predicate = true> <Delay = 0.86> <CoreInst = "Adder">   --->   Core 1 'Adder' <Latency = 0> <II = 1> <Delay = 0.86> <FuncUnit> <Opcode : 'add' 'sub'> <InPorts = 2> <OutPorts = 1>
ST_4 : Operation 114 [1/1] (0.71ns)   --->   "%icmp_ln37 = icmp_eq  i32 %i, i32 %num_pixels6_phi" [../rgb2gray_kernel.cpp:37]   --->   Operation 114 'icmp' 'icmp_ln37' <Predicate = true> <Delay = 0.71> <CoreInst = "ICmp_EQ">   --->   Core 156 'ICmp_EQ' <Latency = 0> <II = 1> <Delay = 0.71> <FuncUnit> <Opcode : 'seteq' 'setne'> <InPorts = 2> <OutPorts = 1>
ST_4 : Operation 115 [1/1] (0.00ns)   --->   "%br_ln37 = br i1 %icmp_ln37, void %for.inc, void %for.end" [../rgb2gray_kernel.cpp:37]   --->   Operation 115 'br' 'br_ln37' <Predicate = true> <Delay = 0.00>
ST_4 : Operation 116 [1/1] (0.00ns)   --->   "%br_ln37 = br void %rewind_header" [../rgb2gray_kernel.cpp:37]   --->   Operation 116 'br' 'br_ln37' <Predicate = (!icmp_ln37)> <Delay = 0.00>
ST_4 : Operation 117 [1/1] (0.00ns)   --->   "%br_ln54 = br void %rewind_header" [../rgb2gray_kernel.cpp:54]   --->   Operation 117 'br' 'br_ln54' <Predicate = (icmp_ln37)> <Delay = 0.00>

State 5 <SV = 4> <Delay = 2.92>
ST_5 : Operation 118 [72/74] (2.92ns)   --->   "%empty = readreq i1 @_ssdm_op_ReadReq.m_axi.p1i32, i32 %gmem_in_addr, i64 %zext_ln37_1" [../rgb2gray_kernel.cpp:37]   --->   Operation 118 'readreq' 'empty' <Predicate = (do_init)> <Delay = 2.92> <CoreInst = "m_axi">   --->   Core 123 'm_axi' <Latency = 9> <II = 1> <Delay = 1.41> <Adapter> <Opcode : 'read' 'write' 'readreq' 'writereq' 'writeresp'>

State 6 <SV = 5> <Delay = 2.92>
ST_6 : Operation 119 [71/74] (2.92ns)   --->   "%empty = readreq i1 @_ssdm_op_ReadReq.m_axi.p1i32, i32 %gmem_in_addr, i64 %zext_ln37_1" [../rgb2gray_kernel.cpp:37]   --->   Operation 119 'readreq' 'empty' <Predicate = (do_init)> <Delay = 2.92> <CoreInst = "m_axi">   --->   Core 123 'm_axi' <Latency = 9> <II = 1> <Delay = 1.41> <Adapter> <Opcode : 'read' 'write' 'readreq' 'writereq' 'writeresp'>

State 7 <SV = 6> <Delay = 2.92>
ST_7 : Operation 120 [70/74] (2.92ns)   --->   "%empty = readreq i1 @_ssdm_op_ReadReq.m_axi.p1i32, i32 %gmem_in_addr, i64 %zext_ln37_1" [../rgb2gray_kernel.cpp:37]   --->   Operation 120 'readreq' 'empty' <Predicate = (do_init)> <Delay = 2.92> <CoreInst = "m_axi">   --->   Core 123 'm_axi' <Latency = 9> <II = 1> <Delay = 1.41> <Adapter> <Opcode : 'read' 'write' 'readreq' 'writereq' 'writeresp'>

State 8 <SV = 7> <Delay = 2.92>
ST_8 : Operation 121 [69/74] (2.92ns)   --->   "%empty = readreq i1 @_ssdm_op_ReadReq.m_axi.p1i32, i32 %gmem_in_addr, i64 %zext_ln37_1" [../rgb2gray_kernel.cpp:37]   --->   Operation 121 'readreq' 'empty' <Predicate = (do_init)> <Delay = 2.92> <CoreInst = "m_axi">   --->   Core 123 'm_axi' <Latency = 9> <II = 1> <Delay = 1.41> <Adapter> <Opcode : 'read' 'write' 'readreq' 'writereq' 'writeresp'>

State 9 <SV = 8> <Delay = 2.92>
ST_9 : Operation 122 [68/74] (2.92ns)   --->   "%empty = readreq i1 @_ssdm_op_ReadReq.m_axi.p1i32, i32 %gmem_in_addr, i64 %zext_ln37_1" [../rgb2gray_kernel.cpp:37]   --->   Operation 122 'readreq' 'empty' <Predicate = (do_init)> <Delay = 2.92> <CoreInst = "m_axi">   --->   Core 123 'm_axi' <Latency = 9> <II = 1> <Delay = 1.41> <Adapter> <Opcode : 'read' 'write' 'readreq' 'writereq' 'writeresp'>

State 10 <SV = 9> <Delay = 2.92>
ST_10 : Operation 123 [67/74] (2.92ns)   --->   "%empty = readreq i1 @_ssdm_op_ReadReq.m_axi.p1i32, i32 %gmem_in_addr, i64 %zext_ln37_1" [../rgb2gray_kernel.cpp:37]   --->   Operation 123 'readreq' 'empty' <Predicate = (do_init)> <Delay = 2.92> <CoreInst = "m_axi">   --->   Core 123 'm_axi' <Latency = 9> <II = 1> <Delay = 1.41> <Adapter> <Opcode : 'read' 'write' 'readreq' 'writereq' 'writeresp'>

State 11 <SV = 10> <Delay = 2.92>
ST_11 : Operation 124 [66/74] (2.92ns)   --->   "%empty = readreq i1 @_ssdm_op_ReadReq.m_axi.p1i32, i32 %gmem_in_addr, i64 %zext_ln37_1" [../rgb2gray_kernel.cpp:37]   --->   Operation 124 'readreq' 'empty' <Predicate = (do_init)> <Delay = 2.92> <CoreInst = "m_axi">   --->   Core 123 'm_axi' <Latency = 9> <II = 1> <Delay = 1.41> <Adapter> <Opcode : 'read' 'write' 'readreq' 'writereq' 'writeresp'>

State 12 <SV = 11> <Delay = 2.92>
ST_12 : Operation 125 [65/74] (2.92ns)   --->   "%empty = readreq i1 @_ssdm_op_ReadReq.m_axi.p1i32, i32 %gmem_in_addr, i64 %zext_ln37_1" [../rgb2gray_kernel.cpp:37]   --->   Operation 125 'readreq' 'empty' <Predicate = (do_init)> <Delay = 2.92> <CoreInst = "m_axi">   --->   Core 123 'm_axi' <Latency = 9> <II = 1> <Delay = 1.41> <Adapter> <Opcode : 'read' 'write' 'readreq' 'writereq' 'writeresp'>

State 13 <SV = 12> <Delay = 2.92>
ST_13 : Operation 126 [64/74] (2.92ns)   --->   "%empty = readreq i1 @_ssdm_op_ReadReq.m_axi.p1i32, i32 %gmem_in_addr, i64 %zext_ln37_1" [../rgb2gray_kernel.cpp:37]   --->   Operation 126 'readreq' 'empty' <Predicate = (do_init)> <Delay = 2.92> <CoreInst = "m_axi">   --->   Core 123 'm_axi' <Latency = 9> <II = 1> <Delay = 1.41> <Adapter> <Opcode : 'read' 'write' 'readreq' 'writereq' 'writeresp'>

State 14 <SV = 13> <Delay = 2.92>
ST_14 : Operation 127 [63/74] (2.92ns)   --->   "%empty = readreq i1 @_ssdm_op_ReadReq.m_axi.p1i32, i32 %gmem_in_addr, i64 %zext_ln37_1" [../rgb2gray_kernel.cpp:37]   --->   Operation 127 'readreq' 'empty' <Predicate = (do_init)> <Delay = 2.92> <CoreInst = "m_axi">   --->   Core 123 'm_axi' <Latency = 9> <II = 1> <Delay = 1.41> <Adapter> <Opcode : 'read' 'write' 'readreq' 'writereq' 'writeresp'>

State 15 <SV = 14> <Delay = 2.92>
ST_15 : Operation 128 [62/74] (2.92ns)   --->   "%empty = readreq i1 @_ssdm_op_ReadReq.m_axi.p1i32, i32 %gmem_in_addr, i64 %zext_ln37_1" [../rgb2gray_kernel.cpp:37]   --->   Operation 128 'readreq' 'empty' <Predicate = (do_init)> <Delay = 2.92> <CoreInst = "m_axi">   --->   Core 123 'm_axi' <Latency = 9> <II = 1> <Delay = 1.41> <Adapter> <Opcode : 'read' 'write' 'readreq' 'writereq' 'writeresp'>

State 16 <SV = 15> <Delay = 2.92>
ST_16 : Operation 129 [61/74] (2.92ns)   --->   "%empty = readreq i1 @_ssdm_op_ReadReq.m_axi.p1i32, i32 %gmem_in_addr, i64 %zext_ln37_1" [../rgb2gray_kernel.cpp:37]   --->   Operation 129 'readreq' 'empty' <Predicate = (do_init)> <Delay = 2.92> <CoreInst = "m_axi">   --->   Core 123 'm_axi' <Latency = 9> <II = 1> <Delay = 1.41> <Adapter> <Opcode : 'read' 'write' 'readreq' 'writereq' 'writeresp'>

State 17 <SV = 16> <Delay = 2.92>
ST_17 : Operation 130 [60/74] (2.92ns)   --->   "%empty = readreq i1 @_ssdm_op_ReadReq.m_axi.p1i32, i32 %gmem_in_addr, i64 %zext_ln37_1" [../rgb2gray_kernel.cpp:37]   --->   Operation 130 'readreq' 'empty' <Predicate = (do_init)> <Delay = 2.92> <CoreInst = "m_axi">   --->   Core 123 'm_axi' <Latency = 9> <II = 1> <Delay = 1.41> <Adapter> <Opcode : 'read' 'write' 'readreq' 'writereq' 'writeresp'>

State 18 <SV = 17> <Delay = 2.92>
ST_18 : Operation 131 [59/74] (2.92ns)   --->   "%empty = readreq i1 @_ssdm_op_ReadReq.m_axi.p1i32, i32 %gmem_in_addr, i64 %zext_ln37_1" [../rgb2gray_kernel.cpp:37]   --->   Operation 131 'readreq' 'empty' <Predicate = (do_init)> <Delay = 2.92> <CoreInst = "m_axi">   --->   Core 123 'm_axi' <Latency = 9> <II = 1> <Delay = 1.41> <Adapter> <Opcode : 'read' 'write' 'readreq' 'writereq' 'writeresp'>

State 19 <SV = 18> <Delay = 2.92>
ST_19 : Operation 132 [58/74] (2.92ns)   --->   "%empty = readreq i1 @_ssdm_op_ReadReq.m_axi.p1i32, i32 %gmem_in_addr, i64 %zext_ln37_1" [../rgb2gray_kernel.cpp:37]   --->   Operation 132 'readreq' 'empty' <Predicate = (do_init)> <Delay = 2.92> <CoreInst = "m_axi">   --->   Core 123 'm_axi' <Latency = 9> <II = 1> <Delay = 1.41> <Adapter> <Opcode : 'read' 'write' 'readreq' 'writereq' 'writeresp'>

State 20 <SV = 19> <Delay = 2.92>
ST_20 : Operation 133 [57/74] (2.92ns)   --->   "%empty = readreq i1 @_ssdm_op_ReadReq.m_axi.p1i32, i32 %gmem_in_addr, i64 %zext_ln37_1" [../rgb2gray_kernel.cpp:37]   --->   Operation 133 'readreq' 'empty' <Predicate = (do_init)> <Delay = 2.92> <CoreInst = "m_axi">   --->   Core 123 'm_axi' <Latency = 9> <II = 1> <Delay = 1.41> <Adapter> <Opcode : 'read' 'write' 'readreq' 'writereq' 'writeresp'>

State 21 <SV = 20> <Delay = 2.92>
ST_21 : Operation 134 [56/74] (2.92ns)   --->   "%empty = readreq i1 @_ssdm_op_ReadReq.m_axi.p1i32, i32 %gmem_in_addr, i64 %zext_ln37_1" [../rgb2gray_kernel.cpp:37]   --->   Operation 134 'readreq' 'empty' <Predicate = (do_init)> <Delay = 2.92> <CoreInst = "m_axi">   --->   Core 123 'm_axi' <Latency = 9> <II = 1> <Delay = 1.41> <Adapter> <Opcode : 'read' 'write' 'readreq' 'writereq' 'writeresp'>

State 22 <SV = 21> <Delay = 2.92>
ST_22 : Operation 135 [55/74] (2.92ns)   --->   "%empty = readreq i1 @_ssdm_op_ReadReq.m_axi.p1i32, i32 %gmem_in_addr, i64 %zext_ln37_1" [../rgb2gray_kernel.cpp:37]   --->   Operation 135 'readreq' 'empty' <Predicate = (do_init)> <Delay = 2.92> <CoreInst = "m_axi">   --->   Core 123 'm_axi' <Latency = 9> <II = 1> <Delay = 1.41> <Adapter> <Opcode : 'read' 'write' 'readreq' 'writereq' 'writeresp'>

State 23 <SV = 22> <Delay = 2.92>
ST_23 : Operation 136 [54/74] (2.92ns)   --->   "%empty = readreq i1 @_ssdm_op_ReadReq.m_axi.p1i32, i32 %gmem_in_addr, i64 %zext_ln37_1" [../rgb2gray_kernel.cpp:37]   --->   Operation 136 'readreq' 'empty' <Predicate = (do_init)> <Delay = 2.92> <CoreInst = "m_axi">   --->   Core 123 'm_axi' <Latency = 9> <II = 1> <Delay = 1.41> <Adapter> <Opcode : 'read' 'write' 'readreq' 'writereq' 'writeresp'>

State 24 <SV = 23> <Delay = 2.92>
ST_24 : Operation 137 [53/74] (2.92ns)   --->   "%empty = readreq i1 @_ssdm_op_ReadReq.m_axi.p1i32, i32 %gmem_in_addr, i64 %zext_ln37_1" [../rgb2gray_kernel.cpp:37]   --->   Operation 137 'readreq' 'empty' <Predicate = (do_init)> <Delay = 2.92> <CoreInst = "m_axi">   --->   Core 123 'm_axi' <Latency = 9> <II = 1> <Delay = 1.41> <Adapter> <Opcode : 'read' 'write' 'readreq' 'writereq' 'writeresp'>

State 25 <SV = 24> <Delay = 2.92>
ST_25 : Operation 138 [52/74] (2.92ns)   --->   "%empty = readreq i1 @_ssdm_op_ReadReq.m_axi.p1i32, i32 %gmem_in_addr, i64 %zext_ln37_1" [../rgb2gray_kernel.cpp:37]   --->   Operation 138 'readreq' 'empty' <Predicate = (do_init)> <Delay = 2.92> <CoreInst = "m_axi">   --->   Core 123 'm_axi' <Latency = 9> <II = 1> <Delay = 1.41> <Adapter> <Opcode : 'read' 'write' 'readreq' 'writereq' 'writeresp'>

State 26 <SV = 25> <Delay = 2.92>
ST_26 : Operation 139 [51/74] (2.92ns)   --->   "%empty = readreq i1 @_ssdm_op_ReadReq.m_axi.p1i32, i32 %gmem_in_addr, i64 %zext_ln37_1" [../rgb2gray_kernel.cpp:37]   --->   Operation 139 'readreq' 'empty' <Predicate = (do_init)> <Delay = 2.92> <CoreInst = "m_axi">   --->   Core 123 'm_axi' <Latency = 9> <II = 1> <Delay = 1.41> <Adapter> <Opcode : 'read' 'write' 'readreq' 'writereq' 'writeresp'>

State 27 <SV = 26> <Delay = 2.92>
ST_27 : Operation 140 [50/74] (2.92ns)   --->   "%empty = readreq i1 @_ssdm_op_ReadReq.m_axi.p1i32, i32 %gmem_in_addr, i64 %zext_ln37_1" [../rgb2gray_kernel.cpp:37]   --->   Operation 140 'readreq' 'empty' <Predicate = (do_init)> <Delay = 2.92> <CoreInst = "m_axi">   --->   Core 123 'm_axi' <Latency = 9> <II = 1> <Delay = 1.41> <Adapter> <Opcode : 'read' 'write' 'readreq' 'writereq' 'writeresp'>

State 28 <SV = 27> <Delay = 2.92>
ST_28 : Operation 141 [49/74] (2.92ns)   --->   "%empty = readreq i1 @_ssdm_op_ReadReq.m_axi.p1i32, i32 %gmem_in_addr, i64 %zext_ln37_1" [../rgb2gray_kernel.cpp:37]   --->   Operation 141 'readreq' 'empty' <Predicate = (do_init)> <Delay = 2.92> <CoreInst = "m_axi">   --->   Core 123 'm_axi' <Latency = 9> <II = 1> <Delay = 1.41> <Adapter> <Opcode : 'read' 'write' 'readreq' 'writereq' 'writeresp'>

State 29 <SV = 28> <Delay = 2.92>
ST_29 : Operation 142 [48/74] (2.92ns)   --->   "%empty = readreq i1 @_ssdm_op_ReadReq.m_axi.p1i32, i32 %gmem_in_addr, i64 %zext_ln37_1" [../rgb2gray_kernel.cpp:37]   --->   Operation 142 'readreq' 'empty' <Predicate = (do_init)> <Delay = 2.92> <CoreInst = "m_axi">   --->   Core 123 'm_axi' <Latency = 9> <II = 1> <Delay = 1.41> <Adapter> <Opcode : 'read' 'write' 'readreq' 'writereq' 'writeresp'>

State 30 <SV = 29> <Delay = 2.92>
ST_30 : Operation 143 [47/74] (2.92ns)   --->   "%empty = readreq i1 @_ssdm_op_ReadReq.m_axi.p1i32, i32 %gmem_in_addr, i64 %zext_ln37_1" [../rgb2gray_kernel.cpp:37]   --->   Operation 143 'readreq' 'empty' <Predicate = (do_init)> <Delay = 2.92> <CoreInst = "m_axi">   --->   Core 123 'm_axi' <Latency = 9> <II = 1> <Delay = 1.41> <Adapter> <Opcode : 'read' 'write' 'readreq' 'writereq' 'writeresp'>

State 31 <SV = 30> <Delay = 2.92>
ST_31 : Operation 144 [46/74] (2.92ns)   --->   "%empty = readreq i1 @_ssdm_op_ReadReq.m_axi.p1i32, i32 %gmem_in_addr, i64 %zext_ln37_1" [../rgb2gray_kernel.cpp:37]   --->   Operation 144 'readreq' 'empty' <Predicate = (do_init)> <Delay = 2.92> <CoreInst = "m_axi">   --->   Core 123 'm_axi' <Latency = 9> <II = 1> <Delay = 1.41> <Adapter> <Opcode : 'read' 'write' 'readreq' 'writereq' 'writeresp'>

State 32 <SV = 31> <Delay = 2.92>
ST_32 : Operation 145 [45/74] (2.92ns)   --->   "%empty = readreq i1 @_ssdm_op_ReadReq.m_axi.p1i32, i32 %gmem_in_addr, i64 %zext_ln37_1" [../rgb2gray_kernel.cpp:37]   --->   Operation 145 'readreq' 'empty' <Predicate = (do_init)> <Delay = 2.92> <CoreInst = "m_axi">   --->   Core 123 'm_axi' <Latency = 9> <II = 1> <Delay = 1.41> <Adapter> <Opcode : 'read' 'write' 'readreq' 'writereq' 'writeresp'>

State 33 <SV = 32> <Delay = 2.92>
ST_33 : Operation 146 [44/74] (2.92ns)   --->   "%empty = readreq i1 @_ssdm_op_ReadReq.m_axi.p1i32, i32 %gmem_in_addr, i64 %zext_ln37_1" [../rgb2gray_kernel.cpp:37]   --->   Operation 146 'readreq' 'empty' <Predicate = (do_init)> <Delay = 2.92> <CoreInst = "m_axi">   --->   Core 123 'm_axi' <Latency = 9> <II = 1> <Delay = 1.41> <Adapter> <Opcode : 'read' 'write' 'readreq' 'writereq' 'writeresp'>

State 34 <SV = 33> <Delay = 2.92>
ST_34 : Operation 147 [43/74] (2.92ns)   --->   "%empty = readreq i1 @_ssdm_op_ReadReq.m_axi.p1i32, i32 %gmem_in_addr, i64 %zext_ln37_1" [../rgb2gray_kernel.cpp:37]   --->   Operation 147 'readreq' 'empty' <Predicate = (do_init)> <Delay = 2.92> <CoreInst = "m_axi">   --->   Core 123 'm_axi' <Latency = 9> <II = 1> <Delay = 1.41> <Adapter> <Opcode : 'read' 'write' 'readreq' 'writereq' 'writeresp'>

State 35 <SV = 34> <Delay = 2.92>
ST_35 : Operation 148 [42/74] (2.92ns)   --->   "%empty = readreq i1 @_ssdm_op_ReadReq.m_axi.p1i32, i32 %gmem_in_addr, i64 %zext_ln37_1" [../rgb2gray_kernel.cpp:37]   --->   Operation 148 'readreq' 'empty' <Predicate = (do_init)> <Delay = 2.92> <CoreInst = "m_axi">   --->   Core 123 'm_axi' <Latency = 9> <II = 1> <Delay = 1.41> <Adapter> <Opcode : 'read' 'write' 'readreq' 'writereq' 'writeresp'>

State 36 <SV = 35> <Delay = 2.92>
ST_36 : Operation 149 [41/74] (2.92ns)   --->   "%empty = readreq i1 @_ssdm_op_ReadReq.m_axi.p1i32, i32 %gmem_in_addr, i64 %zext_ln37_1" [../rgb2gray_kernel.cpp:37]   --->   Operation 149 'readreq' 'empty' <Predicate = (do_init)> <Delay = 2.92> <CoreInst = "m_axi">   --->   Core 123 'm_axi' <Latency = 9> <II = 1> <Delay = 1.41> <Adapter> <Opcode : 'read' 'write' 'readreq' 'writereq' 'writeresp'>

State 37 <SV = 36> <Delay = 2.92>
ST_37 : Operation 150 [40/74] (2.92ns)   --->   "%empty = readreq i1 @_ssdm_op_ReadReq.m_axi.p1i32, i32 %gmem_in_addr, i64 %zext_ln37_1" [../rgb2gray_kernel.cpp:37]   --->   Operation 150 'readreq' 'empty' <Predicate = (do_init)> <Delay = 2.92> <CoreInst = "m_axi">   --->   Core 123 'm_axi' <Latency = 9> <II = 1> <Delay = 1.41> <Adapter> <Opcode : 'read' 'write' 'readreq' 'writereq' 'writeresp'>

State 38 <SV = 37> <Delay = 2.92>
ST_38 : Operation 151 [39/74] (2.92ns)   --->   "%empty = readreq i1 @_ssdm_op_ReadReq.m_axi.p1i32, i32 %gmem_in_addr, i64 %zext_ln37_1" [../rgb2gray_kernel.cpp:37]   --->   Operation 151 'readreq' 'empty' <Predicate = (do_init)> <Delay = 2.92> <CoreInst = "m_axi">   --->   Core 123 'm_axi' <Latency = 9> <II = 1> <Delay = 1.41> <Adapter> <Opcode : 'read' 'write' 'readreq' 'writereq' 'writeresp'>

State 39 <SV = 38> <Delay = 2.92>
ST_39 : Operation 152 [38/74] (2.92ns)   --->   "%empty = readreq i1 @_ssdm_op_ReadReq.m_axi.p1i32, i32 %gmem_in_addr, i64 %zext_ln37_1" [../rgb2gray_kernel.cpp:37]   --->   Operation 152 'readreq' 'empty' <Predicate = (do_init)> <Delay = 2.92> <CoreInst = "m_axi">   --->   Core 123 'm_axi' <Latency = 9> <II = 1> <Delay = 1.41> <Adapter> <Opcode : 'read' 'write' 'readreq' 'writereq' 'writeresp'>

State 40 <SV = 39> <Delay = 2.92>
ST_40 : Operation 153 [37/74] (2.92ns)   --->   "%empty = readreq i1 @_ssdm_op_ReadReq.m_axi.p1i32, i32 %gmem_in_addr, i64 %zext_ln37_1" [../rgb2gray_kernel.cpp:37]   --->   Operation 153 'readreq' 'empty' <Predicate = (do_init)> <Delay = 2.92> <CoreInst = "m_axi">   --->   Core 123 'm_axi' <Latency = 9> <II = 1> <Delay = 1.41> <Adapter> <Opcode : 'read' 'write' 'readreq' 'writereq' 'writeresp'>

State 41 <SV = 40> <Delay = 2.92>
ST_41 : Operation 154 [36/74] (2.92ns)   --->   "%empty = readreq i1 @_ssdm_op_ReadReq.m_axi.p1i32, i32 %gmem_in_addr, i64 %zext_ln37_1" [../rgb2gray_kernel.cpp:37]   --->   Operation 154 'readreq' 'empty' <Predicate = (do_init)> <Delay = 2.92> <CoreInst = "m_axi">   --->   Core 123 'm_axi' <Latency = 9> <II = 1> <Delay = 1.41> <Adapter> <Opcode : 'read' 'write' 'readreq' 'writereq' 'writeresp'>

State 42 <SV = 41> <Delay = 2.92>
ST_42 : Operation 155 [35/74] (2.92ns)   --->   "%empty = readreq i1 @_ssdm_op_ReadReq.m_axi.p1i32, i32 %gmem_in_addr, i64 %zext_ln37_1" [../rgb2gray_kernel.cpp:37]   --->   Operation 155 'readreq' 'empty' <Predicate = (do_init)> <Delay = 2.92> <CoreInst = "m_axi">   --->   Core 123 'm_axi' <Latency = 9> <II = 1> <Delay = 1.41> <Adapter> <Opcode : 'read' 'write' 'readreq' 'writereq' 'writeresp'>

State 43 <SV = 42> <Delay = 2.92>
ST_43 : Operation 156 [34/74] (2.92ns)   --->   "%empty = readreq i1 @_ssdm_op_ReadReq.m_axi.p1i32, i32 %gmem_in_addr, i64 %zext_ln37_1" [../rgb2gray_kernel.cpp:37]   --->   Operation 156 'readreq' 'empty' <Predicate = (do_init)> <Delay = 2.92> <CoreInst = "m_axi">   --->   Core 123 'm_axi' <Latency = 9> <II = 1> <Delay = 1.41> <Adapter> <Opcode : 'read' 'write' 'readreq' 'writereq' 'writeresp'>

State 44 <SV = 43> <Delay = 2.92>
ST_44 : Operation 157 [33/74] (2.92ns)   --->   "%empty = readreq i1 @_ssdm_op_ReadReq.m_axi.p1i32, i32 %gmem_in_addr, i64 %zext_ln37_1" [../rgb2gray_kernel.cpp:37]   --->   Operation 157 'readreq' 'empty' <Predicate = (do_init)> <Delay = 2.92> <CoreInst = "m_axi">   --->   Core 123 'm_axi' <Latency = 9> <II = 1> <Delay = 1.41> <Adapter> <Opcode : 'read' 'write' 'readreq' 'writereq' 'writeresp'>

State 45 <SV = 44> <Delay = 2.92>
ST_45 : Operation 158 [32/74] (2.92ns)   --->   "%empty = readreq i1 @_ssdm_op_ReadReq.m_axi.p1i32, i32 %gmem_in_addr, i64 %zext_ln37_1" [../rgb2gray_kernel.cpp:37]   --->   Operation 158 'readreq' 'empty' <Predicate = (do_init)> <Delay = 2.92> <CoreInst = "m_axi">   --->   Core 123 'm_axi' <Latency = 9> <II = 1> <Delay = 1.41> <Adapter> <Opcode : 'read' 'write' 'readreq' 'writereq' 'writeresp'>

State 46 <SV = 45> <Delay = 2.92>
ST_46 : Operation 159 [31/74] (2.92ns)   --->   "%empty = readreq i1 @_ssdm_op_ReadReq.m_axi.p1i32, i32 %gmem_in_addr, i64 %zext_ln37_1" [../rgb2gray_kernel.cpp:37]   --->   Operation 159 'readreq' 'empty' <Predicate = (do_init)> <Delay = 2.92> <CoreInst = "m_axi">   --->   Core 123 'm_axi' <Latency = 9> <II = 1> <Delay = 1.41> <Adapter> <Opcode : 'read' 'write' 'readreq' 'writereq' 'writeresp'>

State 47 <SV = 46> <Delay = 2.92>
ST_47 : Operation 160 [30/74] (2.92ns)   --->   "%empty = readreq i1 @_ssdm_op_ReadReq.m_axi.p1i32, i32 %gmem_in_addr, i64 %zext_ln37_1" [../rgb2gray_kernel.cpp:37]   --->   Operation 160 'readreq' 'empty' <Predicate = (do_init)> <Delay = 2.92> <CoreInst = "m_axi">   --->   Core 123 'm_axi' <Latency = 9> <II = 1> <Delay = 1.41> <Adapter> <Opcode : 'read' 'write' 'readreq' 'writereq' 'writeresp'>

State 48 <SV = 47> <Delay = 2.92>
ST_48 : Operation 161 [29/74] (2.92ns)   --->   "%empty = readreq i1 @_ssdm_op_ReadReq.m_axi.p1i32, i32 %gmem_in_addr, i64 %zext_ln37_1" [../rgb2gray_kernel.cpp:37]   --->   Operation 161 'readreq' 'empty' <Predicate = (do_init)> <Delay = 2.92> <CoreInst = "m_axi">   --->   Core 123 'm_axi' <Latency = 9> <II = 1> <Delay = 1.41> <Adapter> <Opcode : 'read' 'write' 'readreq' 'writereq' 'writeresp'>

State 49 <SV = 48> <Delay = 2.92>
ST_49 : Operation 162 [28/74] (2.92ns)   --->   "%empty = readreq i1 @_ssdm_op_ReadReq.m_axi.p1i32, i32 %gmem_in_addr, i64 %zext_ln37_1" [../rgb2gray_kernel.cpp:37]   --->   Operation 162 'readreq' 'empty' <Predicate = (do_init)> <Delay = 2.92> <CoreInst = "m_axi">   --->   Core 123 'm_axi' <Latency = 9> <II = 1> <Delay = 1.41> <Adapter> <Opcode : 'read' 'write' 'readreq' 'writereq' 'writeresp'>

State 50 <SV = 49> <Delay = 2.92>
ST_50 : Operation 163 [27/74] (2.92ns)   --->   "%empty = readreq i1 @_ssdm_op_ReadReq.m_axi.p1i32, i32 %gmem_in_addr, i64 %zext_ln37_1" [../rgb2gray_kernel.cpp:37]   --->   Operation 163 'readreq' 'empty' <Predicate = (do_init)> <Delay = 2.92> <CoreInst = "m_axi">   --->   Core 123 'm_axi' <Latency = 9> <II = 1> <Delay = 1.41> <Adapter> <Opcode : 'read' 'write' 'readreq' 'writereq' 'writeresp'>

State 51 <SV = 50> <Delay = 2.92>
ST_51 : Operation 164 [26/74] (2.92ns)   --->   "%empty = readreq i1 @_ssdm_op_ReadReq.m_axi.p1i32, i32 %gmem_in_addr, i64 %zext_ln37_1" [../rgb2gray_kernel.cpp:37]   --->   Operation 164 'readreq' 'empty' <Predicate = (do_init)> <Delay = 2.92> <CoreInst = "m_axi">   --->   Core 123 'm_axi' <Latency = 9> <II = 1> <Delay = 1.41> <Adapter> <Opcode : 'read' 'write' 'readreq' 'writereq' 'writeresp'>

State 52 <SV = 51> <Delay = 2.92>
ST_52 : Operation 165 [25/74] (2.92ns)   --->   "%empty = readreq i1 @_ssdm_op_ReadReq.m_axi.p1i32, i32 %gmem_in_addr, i64 %zext_ln37_1" [../rgb2gray_kernel.cpp:37]   --->   Operation 165 'readreq' 'empty' <Predicate = (do_init)> <Delay = 2.92> <CoreInst = "m_axi">   --->   Core 123 'm_axi' <Latency = 9> <II = 1> <Delay = 1.41> <Adapter> <Opcode : 'read' 'write' 'readreq' 'writereq' 'writeresp'>

State 53 <SV = 52> <Delay = 2.92>
ST_53 : Operation 166 [24/74] (2.92ns)   --->   "%empty = readreq i1 @_ssdm_op_ReadReq.m_axi.p1i32, i32 %gmem_in_addr, i64 %zext_ln37_1" [../rgb2gray_kernel.cpp:37]   --->   Operation 166 'readreq' 'empty' <Predicate = (do_init)> <Delay = 2.92> <CoreInst = "m_axi">   --->   Core 123 'm_axi' <Latency = 9> <II = 1> <Delay = 1.41> <Adapter> <Opcode : 'read' 'write' 'readreq' 'writereq' 'writeresp'>

State 54 <SV = 53> <Delay = 2.92>
ST_54 : Operation 167 [23/74] (2.92ns)   --->   "%empty = readreq i1 @_ssdm_op_ReadReq.m_axi.p1i32, i32 %gmem_in_addr, i64 %zext_ln37_1" [../rgb2gray_kernel.cpp:37]   --->   Operation 167 'readreq' 'empty' <Predicate = (do_init)> <Delay = 2.92> <CoreInst = "m_axi">   --->   Core 123 'm_axi' <Latency = 9> <II = 1> <Delay = 1.41> <Adapter> <Opcode : 'read' 'write' 'readreq' 'writereq' 'writeresp'>

State 55 <SV = 54> <Delay = 2.92>
ST_55 : Operation 168 [22/74] (2.92ns)   --->   "%empty = readreq i1 @_ssdm_op_ReadReq.m_axi.p1i32, i32 %gmem_in_addr, i64 %zext_ln37_1" [../rgb2gray_kernel.cpp:37]   --->   Operation 168 'readreq' 'empty' <Predicate = (do_init)> <Delay = 2.92> <CoreInst = "m_axi">   --->   Core 123 'm_axi' <Latency = 9> <II = 1> <Delay = 1.41> <Adapter> <Opcode : 'read' 'write' 'readreq' 'writereq' 'writeresp'>

State 56 <SV = 55> <Delay = 2.92>
ST_56 : Operation 169 [21/74] (2.92ns)   --->   "%empty = readreq i1 @_ssdm_op_ReadReq.m_axi.p1i32, i32 %gmem_in_addr, i64 %zext_ln37_1" [../rgb2gray_kernel.cpp:37]   --->   Operation 169 'readreq' 'empty' <Predicate = (do_init)> <Delay = 2.92> <CoreInst = "m_axi">   --->   Core 123 'm_axi' <Latency = 9> <II = 1> <Delay = 1.41> <Adapter> <Opcode : 'read' 'write' 'readreq' 'writereq' 'writeresp'>

State 57 <SV = 56> <Delay = 2.92>
ST_57 : Operation 170 [20/74] (2.92ns)   --->   "%empty = readreq i1 @_ssdm_op_ReadReq.m_axi.p1i32, i32 %gmem_in_addr, i64 %zext_ln37_1" [../rgb2gray_kernel.cpp:37]   --->   Operation 170 'readreq' 'empty' <Predicate = (do_init)> <Delay = 2.92> <CoreInst = "m_axi">   --->   Core 123 'm_axi' <Latency = 9> <II = 1> <Delay = 1.41> <Adapter> <Opcode : 'read' 'write' 'readreq' 'writereq' 'writeresp'>

State 58 <SV = 57> <Delay = 2.92>
ST_58 : Operation 171 [19/74] (2.92ns)   --->   "%empty = readreq i1 @_ssdm_op_ReadReq.m_axi.p1i32, i32 %gmem_in_addr, i64 %zext_ln37_1" [../rgb2gray_kernel.cpp:37]   --->   Operation 171 'readreq' 'empty' <Predicate = (do_init)> <Delay = 2.92> <CoreInst = "m_axi">   --->   Core 123 'm_axi' <Latency = 9> <II = 1> <Delay = 1.41> <Adapter> <Opcode : 'read' 'write' 'readreq' 'writereq' 'writeresp'>

State 59 <SV = 58> <Delay = 2.92>
ST_59 : Operation 172 [18/74] (2.92ns)   --->   "%empty = readreq i1 @_ssdm_op_ReadReq.m_axi.p1i32, i32 %gmem_in_addr, i64 %zext_ln37_1" [../rgb2gray_kernel.cpp:37]   --->   Operation 172 'readreq' 'empty' <Predicate = (do_init)> <Delay = 2.92> <CoreInst = "m_axi">   --->   Core 123 'm_axi' <Latency = 9> <II = 1> <Delay = 1.41> <Adapter> <Opcode : 'read' 'write' 'readreq' 'writereq' 'writeresp'>

State 60 <SV = 59> <Delay = 2.92>
ST_60 : Operation 173 [17/74] (2.92ns)   --->   "%empty = readreq i1 @_ssdm_op_ReadReq.m_axi.p1i32, i32 %gmem_in_addr, i64 %zext_ln37_1" [../rgb2gray_kernel.cpp:37]   --->   Operation 173 'readreq' 'empty' <Predicate = (do_init)> <Delay = 2.92> <CoreInst = "m_axi">   --->   Core 123 'm_axi' <Latency = 9> <II = 1> <Delay = 1.41> <Adapter> <Opcode : 'read' 'write' 'readreq' 'writereq' 'writeresp'>

State 61 <SV = 60> <Delay = 2.92>
ST_61 : Operation 174 [16/74] (2.92ns)   --->   "%empty = readreq i1 @_ssdm_op_ReadReq.m_axi.p1i32, i32 %gmem_in_addr, i64 %zext_ln37_1" [../rgb2gray_kernel.cpp:37]   --->   Operation 174 'readreq' 'empty' <Predicate = (do_init)> <Delay = 2.92> <CoreInst = "m_axi">   --->   Core 123 'm_axi' <Latency = 9> <II = 1> <Delay = 1.41> <Adapter> <Opcode : 'read' 'write' 'readreq' 'writereq' 'writeresp'>

State 62 <SV = 61> <Delay = 2.92>
ST_62 : Operation 175 [15/74] (2.92ns)   --->   "%empty = readreq i1 @_ssdm_op_ReadReq.m_axi.p1i32, i32 %gmem_in_addr, i64 %zext_ln37_1" [../rgb2gray_kernel.cpp:37]   --->   Operation 175 'readreq' 'empty' <Predicate = (do_init)> <Delay = 2.92> <CoreInst = "m_axi">   --->   Core 123 'm_axi' <Latency = 9> <II = 1> <Delay = 1.41> <Adapter> <Opcode : 'read' 'write' 'readreq' 'writereq' 'writeresp'>

State 63 <SV = 62> <Delay = 2.92>
ST_63 : Operation 176 [14/74] (2.92ns)   --->   "%empty = readreq i1 @_ssdm_op_ReadReq.m_axi.p1i32, i32 %gmem_in_addr, i64 %zext_ln37_1" [../rgb2gray_kernel.cpp:37]   --->   Operation 176 'readreq' 'empty' <Predicate = (do_init)> <Delay = 2.92> <CoreInst = "m_axi">   --->   Core 123 'm_axi' <Latency = 9> <II = 1> <Delay = 1.41> <Adapter> <Opcode : 'read' 'write' 'readreq' 'writereq' 'writeresp'>

State 64 <SV = 63> <Delay = 2.92>
ST_64 : Operation 177 [13/74] (2.92ns)   --->   "%empty = readreq i1 @_ssdm_op_ReadReq.m_axi.p1i32, i32 %gmem_in_addr, i64 %zext_ln37_1" [../rgb2gray_kernel.cpp:37]   --->   Operation 177 'readreq' 'empty' <Predicate = (do_init)> <Delay = 2.92> <CoreInst = "m_axi">   --->   Core 123 'm_axi' <Latency = 9> <II = 1> <Delay = 1.41> <Adapter> <Opcode : 'read' 'write' 'readreq' 'writereq' 'writeresp'>

State 65 <SV = 64> <Delay = 2.92>
ST_65 : Operation 178 [12/74] (2.92ns)   --->   "%empty = readreq i1 @_ssdm_op_ReadReq.m_axi.p1i32, i32 %gmem_in_addr, i64 %zext_ln37_1" [../rgb2gray_kernel.cpp:37]   --->   Operation 178 'readreq' 'empty' <Predicate = (do_init)> <Delay = 2.92> <CoreInst = "m_axi">   --->   Core 123 'm_axi' <Latency = 9> <II = 1> <Delay = 1.41> <Adapter> <Opcode : 'read' 'write' 'readreq' 'writereq' 'writeresp'>

State 66 <SV = 65> <Delay = 2.92>
ST_66 : Operation 179 [11/74] (2.92ns)   --->   "%empty = readreq i1 @_ssdm_op_ReadReq.m_axi.p1i32, i32 %gmem_in_addr, i64 %zext_ln37_1" [../rgb2gray_kernel.cpp:37]   --->   Operation 179 'readreq' 'empty' <Predicate = (do_init)> <Delay = 2.92> <CoreInst = "m_axi">   --->   Core 123 'm_axi' <Latency = 9> <II = 1> <Delay = 1.41> <Adapter> <Opcode : 'read' 'write' 'readreq' 'writereq' 'writeresp'>

State 67 <SV = 66> <Delay = 2.92>
ST_67 : Operation 180 [10/74] (2.92ns)   --->   "%empty = readreq i1 @_ssdm_op_ReadReq.m_axi.p1i32, i32 %gmem_in_addr, i64 %zext_ln37_1" [../rgb2gray_kernel.cpp:37]   --->   Operation 180 'readreq' 'empty' <Predicate = (do_init)> <Delay = 2.92> <CoreInst = "m_axi">   --->   Core 123 'm_axi' <Latency = 9> <II = 1> <Delay = 1.41> <Adapter> <Opcode : 'read' 'write' 'readreq' 'writereq' 'writeresp'>

State 68 <SV = 67> <Delay = 2.92>
ST_68 : Operation 181 [9/74] (2.92ns)   --->   "%empty = readreq i1 @_ssdm_op_ReadReq.m_axi.p1i32, i32 %gmem_in_addr, i64 %zext_ln37_1" [../rgb2gray_kernel.cpp:37]   --->   Operation 181 'readreq' 'empty' <Predicate = (do_init)> <Delay = 2.92> <CoreInst = "m_axi">   --->   Core 123 'm_axi' <Latency = 9> <II = 1> <Delay = 1.41> <Adapter> <Opcode : 'read' 'write' 'readreq' 'writereq' 'writeresp'>

State 69 <SV = 68> <Delay = 2.92>
ST_69 : Operation 182 [8/74] (2.92ns)   --->   "%empty = readreq i1 @_ssdm_op_ReadReq.m_axi.p1i32, i32 %gmem_in_addr, i64 %zext_ln37_1" [../rgb2gray_kernel.cpp:37]   --->   Operation 182 'readreq' 'empty' <Predicate = (do_init)> <Delay = 2.92> <CoreInst = "m_axi">   --->   Core 123 'm_axi' <Latency = 9> <II = 1> <Delay = 1.41> <Adapter> <Opcode : 'read' 'write' 'readreq' 'writereq' 'writeresp'>

State 70 <SV = 69> <Delay = 2.92>
ST_70 : Operation 183 [7/74] (2.92ns)   --->   "%empty = readreq i1 @_ssdm_op_ReadReq.m_axi.p1i32, i32 %gmem_in_addr, i64 %zext_ln37_1" [../rgb2gray_kernel.cpp:37]   --->   Operation 183 'readreq' 'empty' <Predicate = (do_init)> <Delay = 2.92> <CoreInst = "m_axi">   --->   Core 123 'm_axi' <Latency = 9> <II = 1> <Delay = 1.41> <Adapter> <Opcode : 'read' 'write' 'readreq' 'writereq' 'writeresp'>

State 71 <SV = 70> <Delay = 2.92>
ST_71 : Operation 184 [6/74] (2.92ns)   --->   "%empty = readreq i1 @_ssdm_op_ReadReq.m_axi.p1i32, i32 %gmem_in_addr, i64 %zext_ln37_1" [../rgb2gray_kernel.cpp:37]   --->   Operation 184 'readreq' 'empty' <Predicate = (do_init)> <Delay = 2.92> <CoreInst = "m_axi">   --->   Core 123 'm_axi' <Latency = 9> <II = 1> <Delay = 1.41> <Adapter> <Opcode : 'read' 'write' 'readreq' 'writereq' 'writeresp'>

State 72 <SV = 71> <Delay = 2.92>
ST_72 : Operation 185 [5/74] (2.92ns)   --->   "%empty = readreq i1 @_ssdm_op_ReadReq.m_axi.p1i32, i32 %gmem_in_addr, i64 %zext_ln37_1" [../rgb2gray_kernel.cpp:37]   --->   Operation 185 'readreq' 'empty' <Predicate = (do_init)> <Delay = 2.92> <CoreInst = "m_axi">   --->   Core 123 'm_axi' <Latency = 9> <II = 1> <Delay = 1.41> <Adapter> <Opcode : 'read' 'write' 'readreq' 'writereq' 'writeresp'>

State 73 <SV = 72> <Delay = 2.92>
ST_73 : Operation 186 [4/74] (2.92ns)   --->   "%empty = readreq i1 @_ssdm_op_ReadReq.m_axi.p1i32, i32 %gmem_in_addr, i64 %zext_ln37_1" [../rgb2gray_kernel.cpp:37]   --->   Operation 186 'readreq' 'empty' <Predicate = (do_init)> <Delay = 2.92> <CoreInst = "m_axi">   --->   Core 123 'm_axi' <Latency = 9> <II = 1> <Delay = 1.41> <Adapter> <Opcode : 'read' 'write' 'readreq' 'writereq' 'writeresp'>

State 74 <SV = 73> <Delay = 2.92>
ST_74 : Operation 187 [3/74] (2.92ns)   --->   "%empty = readreq i1 @_ssdm_op_ReadReq.m_axi.p1i32, i32 %gmem_in_addr, i64 %zext_ln37_1" [../rgb2gray_kernel.cpp:37]   --->   Operation 187 'readreq' 'empty' <Predicate = (do_init)> <Delay = 2.92> <CoreInst = "m_axi">   --->   Core 123 'm_axi' <Latency = 9> <II = 1> <Delay = 1.41> <Adapter> <Opcode : 'read' 'write' 'readreq' 'writereq' 'writeresp'>

State 75 <SV = 74> <Delay = 2.92>
ST_75 : Operation 188 [2/74] (2.92ns)   --->   "%empty = readreq i1 @_ssdm_op_ReadReq.m_axi.p1i32, i32 %gmem_in_addr, i64 %zext_ln37_1" [../rgb2gray_kernel.cpp:37]   --->   Operation 188 'readreq' 'empty' <Predicate = (do_init)> <Delay = 2.92> <CoreInst = "m_axi">   --->   Core 123 'm_axi' <Latency = 9> <II = 1> <Delay = 1.41> <Adapter> <Opcode : 'read' 'write' 'readreq' 'writereq' 'writeresp'>

State 76 <SV = 75> <Delay = 1.30>
ST_76 : Operation 189 [1/74] (1.30ns)   --->   "%empty = readreq i1 @_ssdm_op_ReadReq.m_axi.p1i32, i32 %gmem_in_addr, i64 %zext_ln37_1" [../rgb2gray_kernel.cpp:37]   --->   Operation 189 'readreq' 'empty' <Predicate = (do_init)> <Delay = 1.30> <CoreInst = "m_axi">   --->   Core 123 'm_axi' <Latency = 9> <II = 1> <Delay = 1.41> <Adapter> <Opcode : 'read' 'write' 'readreq' 'writereq' 'writeresp'>

State 77 <SV = 76> <Delay = 0.81>
ST_77 : Operation 190 [1/1] (0.00ns)   --->   "%muxLogicCE_to_gmem_in_addr_1_read = muxlogic"   --->   Operation 190 'muxlogic' 'muxLogicCE_to_gmem_in_addr_1_read' <Predicate = (!icmp_ln37)> <Delay = 0.00>
ST_77 : Operation 191 [1/1] (0.81ns)   --->   "%gmem_in_addr_1_read = read i32 @_ssdm_op_Read.m_axi.p1i32, i32 %gmem_in_addr_1" [../rgb2gray_kernel.cpp:43]   --->   Operation 191 'read' 'gmem_in_addr_1_read' <Predicate = (!icmp_ln37)> <Delay = 0.81> <CoreInst = "m_axi">   --->   Core 123 'm_axi' <Latency = 9> <II = 1> <Delay = 1.34> <Adapter> <Opcode : 'read' 'write' 'readreq' 'writereq' 'writeresp'>
ST_77 : Operation 192 [1/1] (0.00ns)   --->   "%r = trunc i32 %gmem_in_addr_1_read" [../rgb2gray_kernel.cpp:43]   --->   Operation 192 'trunc' 'r' <Predicate = (!icmp_ln37)> <Delay = 0.00>

State 78 <SV = 77> <Delay = 0.81>
ST_78 : Operation 193 [1/1] (0.00ns)   --->   "%muxLogicCE_to_gmem_in_addr_1_read_1 = muxlogic"   --->   Operation 193 'muxlogic' 'muxLogicCE_to_gmem_in_addr_1_read_1' <Predicate = (!icmp_ln37)> <Delay = 0.00>
ST_78 : Operation 194 [1/1] (0.81ns)   --->   "%gmem_in_addr_1_read_1 = read i32 @_ssdm_op_Read.m_axi.p1i32, i32 %gmem_in_addr_1" [../rgb2gray_kernel.cpp:43]   --->   Operation 194 'read' 'gmem_in_addr_1_read_1' <Predicate = (!icmp_ln37)> <Delay = 0.81> <CoreInst = "m_axi">   --->   Core 123 'm_axi' <Latency = 9> <II = 1> <Delay = 1.34> <Adapter> <Opcode : 'read' 'write' 'readreq' 'writereq' 'writeresp'>
ST_78 : Operation 195 [1/1] (0.00ns)   --->   "%g = trunc i32 %gmem_in_addr_1_read_1" [../rgb2gray_kernel.cpp:44]   --->   Operation 195 'trunc' 'g' <Predicate = (!icmp_ln37)> <Delay = 0.00>

State 79 <SV = 78> <Delay = 1.58>
ST_79 : Operation 196 [1/1] (0.00ns)   --->   "%specpipeline_ln38 = specpipeline void @_ssdm_op_SpecPipeline, i32 1, i32 0, i32 0, i32 1, void @empty_0" [../rgb2gray_kernel.cpp:38]   --->   Operation 196 'specpipeline' 'specpipeline_ln38' <Predicate = (!icmp_ln37)> <Delay = 0.00>
ST_79 : Operation 197 [1/1] (0.00ns)   --->   "%specloopname_ln37 = specloopname void @_ssdm_op_SpecLoopName, void @empty_18" [../rgb2gray_kernel.cpp:37]   --->   Operation 197 'specloopname' 'specloopname_ln37' <Predicate = (!icmp_ln37)> <Delay = 0.00>
ST_79 : Operation 198 [1/1] (0.00ns)   --->   "%muxLogicCE_to_gmem_in_addr_1_read_2 = muxlogic"   --->   Operation 198 'muxlogic' 'muxLogicCE_to_gmem_in_addr_1_read_2' <Predicate = (!icmp_ln37)> <Delay = 0.00>
ST_79 : Operation 199 [1/1] (0.81ns)   --->   "%gmem_in_addr_1_read_2 = read i32 @_ssdm_op_Read.m_axi.p1i32, i32 %gmem_in_addr_1" [../rgb2gray_kernel.cpp:43]   --->   Operation 199 'read' 'gmem_in_addr_1_read_2' <Predicate = (!icmp_ln37)> <Delay = 0.81> <CoreInst = "m_axi">   --->   Core 123 'm_axi' <Latency = 9> <II = 1> <Delay = 1.34> <Adapter> <Opcode : 'read' 'write' 'readreq' 'writereq' 'writeresp'>
ST_79 : Operation 200 [1/1] (0.00ns)   --->   "%b = trunc i32 %gmem_in_addr_1_read_2" [../rgb2gray_kernel.cpp:45]   --->   Operation 200 'trunc' 'b' <Predicate = (!icmp_ln37)> <Delay = 0.00>
ST_79 : Operation 201 [1/1] (0.00ns)   --->   "%or_ln52_3 = bitconcatenate i24 @_ssdm_op_BitConcatenate.i24.i8.i8.i8, i8 %b, i8 %g, i8 %r" [../rgb2gray_kernel.cpp:52]   --->   Operation 201 'bitconcatenate' 'or_ln52_3' <Predicate = (!icmp_ln37)> <Delay = 0.00>
ST_79 : Operation 202 [1/1] (0.00ns)   --->   "%muxLogicData_to_write_ln52 = muxlogic i24 %or_ln52_3"   --->   Operation 202 'muxlogic' 'muxLogicData_to_write_ln52' <Predicate = (!icmp_ln37)> <Delay = 0.00>
ST_79 : Operation 203 [1/1] (0.77ns)   --->   "%write_ln52 = write void @_ssdm_op_Write.ap_fifo.volatile.i24P0A, i24 %stream_rgb, i24 %or_ln52_3" [../rgb2gray_kernel.cpp:52]   --->   Operation 203 'write' 'write_ln52' <Predicate = (!icmp_ln37)> <Delay = 0.77> <CoreInst = "FIFO_SRL">   --->   Core 84 'FIFO_SRL' <Latency = 0> <II = 1> <Delay = 0.77> <Storage> <Opcode : 'read' 'write' 'nbread' 'nbwrite'> <Ports = 0> <Width = 24> <Depth = 16> <FIFO>
ST_79 : Operation 204 [1/1] (0.00ns)   --->   "%return_ln54 = return void @_ssdm_op_Return" [../rgb2gray_kernel.cpp:54]   --->   Operation 204 'return' 'return_ln54' <Predicate = (icmp_ln37)> <Delay = 0.00>


============================================================
+ Verbose Summary: Binding
============================================================
STG Binding: 
---------------- STG Properties BEGIN ----------------
- Is combinational: 0
- Is one-state seq: 0
- Is datapath-only: 0
- Is pipelined: 0
- Is top level: 0
Port [ Return ] is wired: 1; IO mode=ap_ctrl_hs:ce=0
Port [ gmem_in]:  wired=1; compound=1; hidden=0; nouse=0; global=0; static=0; extern=0; dir=0; type=4; pingpong=0; private_global=0; IO mode=m_axi:ce=0
Port [ m_axi_in]:  wired=1; compound=0; hidden=0; nouse=0; global=0; static=0; extern=0; dir=0; type=0; pingpong=0; private_global=0; IO mode=ap_none:ce=0
Port [ addr_in]:  wired=1; compound=0; hidden=0; nouse=0; global=0; static=0; extern=0; dir=0; type=0; pingpong=0; private_global=0; IO mode=ap_none:ce=0
Port [ num_pixels]:  wired=1; compound=0; hidden=0; nouse=0; global=0; static=0; extern=0; dir=0; type=0; pingpong=0; private_global=0; IO mode=ap_none:ce=0
Port [ stream_rgb]:  wired=1; compound=1; hidden=0; nouse=0; global=0; static=0; extern=0; dir=1; type=3; pingpong=0; private_global=0; IO mode=ap_fifo:ce=0
Port [ num_pixels_c1]:  wired=1; compound=1; hidden=0; nouse=0; global=0; static=0; extern=0; dir=1; type=3; pingpong=0; private_global=0; IO mode=ap_fifo:ce=0
---------------- STG Properties END ------------------

---------------- Datapath Model BEGIN ----------------

<LifeTime>
<method=bitvector/>
specinterface_ln0                   (specinterface ) [ 00000000000000000000000000000000000000000000000000000000000000000000000000000000]
specinterface_ln0                   (specinterface ) [ 00000000000000000000000000000000000000000000000000000000000000000000000000000000]
specinterface_ln0                   (specinterface ) [ 00000000000000000000000000000000000000000000000000000000000000000000000000000000]
br_ln37                             (br            ) [ 01111111111111111111111111111111111111111111111111111111111111111111111111111111]
do_init                             (phi           ) [ 00111111111111111111111111111111111111111111111111111111111111111111111111111111]
gmem_in_addr_rewind_idx             (phi           ) [ 00111111111111111111111111111111111111111111111111111111111111111111111111111111]
num_pixels6_rewind                  (phi           ) [ 00111111111111111111111111111111111111111111111111111111111111111111111111111111]
br_ln0                              (br            ) [ 00111111111111111111111111111111111111111111111111111111111111111111111111111111]
muxLogicCE_to_num_pixels_read       (muxlogic      ) [ 00000000000000000000000000000000000000000000000000000000000000000000000000000000]
num_pixels_read                     (read          ) [ 00111111111111111111111111111111111111111111111111111111111111111111111111111111]
muxLogicCE_to_addr_in_read          (muxlogic      ) [ 00000000000000000000000000000000000000000000000000000000000000000000000000000000]
addr_in_read                        (read          ) [ 00000000000000000000000000000000000000000000000000000000000000000000000000000000]
muxLogicCE_to_m_axi_in_read         (muxlogic      ) [ 00000000000000000000000000000000000000000000000000000000000000000000000000000000]
m_axi_in_read                       (read          ) [ 00000000000000000000000000000000000000000000000000000000000000000000000000000000]
muxLogicData_to_write_ln0           (muxlogic      ) [ 00000000000000000000000000000000000000000000000000000000000000000000000000000000]
write_ln0                           (write         ) [ 00000000000000000000000000000000000000000000000000000000000000000000000000000000]
zext_ln37                           (zext          ) [ 00000000000000000000000000000000000000000000000000000000000000000000000000000000]
p_shl                               (bitconcatenate) [ 00000000000000000000000000000000000000000000000000000000000000000000000000000000]
sub_ln37                            (sub           ) [ 00000000000000000000000000000000000000000000000000000000000000000000000000000000]
zext_ln37_1                         (zext          ) [ 00111111111111111111111111111111111111111111111111111111111111111111111111111000]
shl_ln                              (bitconcatenate) [ 00000000000000000000000000000000000000000000000000000000000000000000000000000000]
zext_ln37_2                         (zext          ) [ 00000000000000000000000000000000000000000000000000000000000000000000000000000000]
add_ln37                            (add           ) [ 00000000000000000000000000000000000000000000000000000000000000000000000000000000]
trunc_ln                            (partselect    ) [ 00000000000000000000000000000000000000000000000000000000000000000000000000000000]
sext_ln37                           (sext          ) [ 00111111111111111111111111111111111111111111111111111111111111111111111111111111]
gmem_in_addr                        (getelementptr ) [ 00111111111111111111111111111111111111111111111111111111111111111111111111111000]
br_ln37                             (br            ) [ 00111111111111111111111111111111111111111111111111111111111111111111111111111111]
i                                   (phi           ) [ 00111111111111111111111111111111111111111111111111111111111111111111111111111111]
gmem_in_addr_phi_idx                (phi           ) [ 01111111111111111111111111111111111111111111111111111111111111111111111111111111]
num_pixels6_phi                     (phi           ) [ 01111111111111111111111111111111111111111111111111111111111111111111111111111111]
gmem_in_addr_1                      (getelementptr ) [ 00111111111111111111111111111111111111111111111111111111111111111111111111111111]
i_3                                 (add           ) [ 01111111111111111111111111111111111111111111111111111111111111111111111111111111]
icmp_ln37                           (icmp          ) [ 00111111111111111111111111111111111111111111111111111111111111111111111111111111]
br_ln37                             (br            ) [ 00000000000000000000000000000000000000000000000000000000000000000000000000000000]
br_ln37                             (br            ) [ 01111111111111111111111111111111111111111111111111111111111111111111111111111111]
br_ln54                             (br            ) [ 01111111111111111111111111111111111111111111111111111111111111111111111111111111]
empty                               (readreq       ) [ 00000000000000000000000000000000000000000000000000000000000000000000000000000000]
muxLogicCE_to_gmem_in_addr_1_read   (muxlogic      ) [ 00000000000000000000000000000000000000000000000000000000000000000000000000000000]
gmem_in_addr_1_read                 (read          ) [ 00000000000000000000000000000000000000000000000000000000000000000000000000000000]
r                                   (trunc         ) [ 00011000000000000000000000000000000000000000000000000000000000000000000000000011]
muxLogicCE_to_gmem_in_addr_1_read_1 (muxlogic      ) [ 00000000000000000000000000000000000000000000000000000000000000000000000000000000]
gmem_in_addr_1_read_1               (read          ) [ 00000000000000000000000000000000000000000000000000000000000000000000000000000000]
g                                   (trunc         ) [ 00001000000000000000000000000000000000000000000000000000000000000000000000000001]
specpipeline_ln38                   (specpipeline  ) [ 00000000000000000000000000000000000000000000000000000000000000000000000000000000]
specloopname_ln37                   (specloopname  ) [ 00000000000000000000000000000000000000000000000000000000000000000000000000000000]
muxLogicCE_to_gmem_in_addr_1_read_2 (muxlogic      ) [ 00000000000000000000000000000000000000000000000000000000000000000000000000000000]
gmem_in_addr_1_read_2               (read          ) [ 00000000000000000000000000000000000000000000000000000000000000000000000000000000]
b                                   (trunc         ) [ 00000000000000000000000000000000000000000000000000000000000000000000000000000000]
or_ln52_3                           (bitconcatenate) [ 00000000000000000000000000000000000000000000000000000000000000000000000000000000]
muxLogicData_to_write_ln52          (muxlogic      ) [ 00000000000000000000000000000000000000000000000000000000000000000000000000000000]
write_ln52                          (write         ) [ 00000000000000000000000000000000000000000000000000000000000000000000000000000000]
return_ln54                         (return        ) [ 00000000000000000000000000000000000000000000000000000000000000000000000000000000]
</LifeTime>

<model>

<comp_list>
<comp id="0" class="1000" name="gmem_in">
<pin_list>
<pin id="1" dir="1" index="0" bw="1" slack="0"/>
</pin_list>
<bind>
<StgValue><ssdm name="gmem_in"/></StgValue>
</bind>
</comp>

<comp id="2" class="1000" name="m_axi_in">
<pin_list>
<pin id="3" dir="1" index="0" bw="1" slack="0"/>
</pin_list>
<bind>
<StgValue><ssdm name="m_axi_in"/></StgValue>
</bind>
</comp>

<comp id="4" class="1000" name="addr_in">
<pin_list>
<pin id="5" dir="1" index="0" bw="1" slack="0"/>
</pin_list>
<bind>
<StgValue><ssdm name="addr_in"/></StgValue>
</bind>
</comp>

<comp id="6" class="1000" name="num_pixels">
<pin_list>
<pin id="7" dir="1" index="0" bw="1" slack="0"/>
</pin_list>
<bind>
<StgValue><ssdm name="num_pixels"/></StgValue>
</bind>
</comp>

<comp id="8" class="1000" name="stream_rgb">
<pin_list>
<pin id="9" dir="1" index="0" bw="1" slack="0"/>
</pin_list>
<bind>
<StgValue><ssdm name="stream_rgb"/></StgValue>
</bind>
</comp>

<comp id="10" class="1000" name="num_pixels_c1">
<pin_list>
<pin id="11" dir="1" index="0" bw="1" slack="0"/>
</pin_list>
<bind>
<StgValue><ssdm name="num_pixels_c1"/></StgValue>
</bind>
</comp>

<comp id="12" class="1001" name="const_12">
<pin_list>
<pin id="13" dir="1" index="0" bw="1" slack="2147483647"/>
</pin_list>
<bind>
<StgValue><ssdm name="_ssdm_op_SpecInterface"/></StgValue>
</bind>
</comp>

<comp id="14" class="1001" name="const_14">
<pin_list>
<pin id="15" dir="1" index="0" bw="1" slack="2147483647"/>
</pin_list>
<bind>
<StgValue><ssdm name="ap_fifo_str"/></StgValue>
</bind>
</comp>

<comp id="16" class="1001" name="const_16">
<pin_list>
<pin id="17" dir="1" index="0" bw="1" slack="0"/>
</pin_list>
<bind>
<StgValue><ssdm name=""/></StgValue>
</bind>
</comp>

<comp id="18" class="1001" name="const_18">
<pin_list>
<pin id="19" dir="1" index="0" bw="1" slack="2147483647"/>
</pin_list>
<bind>
<StgValue><ssdm name="p_str"/></StgValue>
</bind>
</comp>

<comp id="20" class="1001" name="const_20">
<pin_list>
<pin id="21" dir="1" index="0" bw="1" slack="0"/>
</pin_list>
<bind>
<StgValue><ssdm name=""/></StgValue>
</bind>
</comp>

<comp id="22" class="1001" name="const_22">
<pin_list>
<pin id="23" dir="1" index="0" bw="1" slack="2147483647"/>
</pin_list>
<bind>
<StgValue><ssdm name=""/></StgValue>
</bind>
</comp>

<comp id="24" class="1001" name="const_24">
<pin_list>
<pin id="25" dir="1" index="0" bw="1" slack="2147483647"/>
</pin_list>
<bind>
<StgValue><ssdm name="ScalarProp_str"/></StgValue>
</bind>
</comp>

<comp id="26" class="1001" name="const_26">
<pin_list>
<pin id="27" dir="1" index="0" bw="1" slack="2147483647"/>
</pin_list>
<bind>
<StgValue><ssdm name=""/></StgValue>
</bind>
</comp>

<comp id="28" class="1001" name="const_28">
<pin_list>
<pin id="29" dir="1" index="0" bw="1" slack="2147483647"/>
</pin_list>
<bind>
<StgValue><ssdm name="empty_14"/></StgValue>
</bind>
</comp>

<comp id="30" class="1001" name="const_30">
<pin_list>
<pin id="31" dir="1" index="0" bw="1" slack="2147483647"/>
</pin_list>
<bind>
<StgValue><ssdm name="empty_0"/></StgValue>
</bind>
</comp>

<comp id="32" class="1001" name="const_32">
<pin_list>
<pin id="33" dir="1" index="0" bw="1" slack="2147483647"/>
</pin_list>
<bind>
<StgValue><ssdm name="empty"/></StgValue>
</bind>
</comp>

<comp id="34" class="1001" name="const_34">
<pin_list>
<pin id="35" dir="1" index="0" bw="1" slack="2147483647"/>
</pin_list>
<bind>
<StgValue><ssdm name=""/></StgValue>
</bind>
</comp>

<comp id="36" class="1001" name="const_36">
<pin_list>
<pin id="37" dir="1" index="0" bw="1" slack="2147483647"/>
</pin_list>
<bind>
<StgValue><ssdm name=""/></StgValue>
</bind>
</comp>

<comp id="38" class="1001" name="const_38">
<pin_list>
<pin id="39" dir="1" index="0" bw="1" slack="2147483647"/>
</pin_list>
<bind>
<StgValue><ssdm name="empty_1"/></StgValue>
</bind>
</comp>

<comp id="40" class="1001" name="const_40">
<pin_list>
<pin id="41" dir="1" index="0" bw="1" slack="2147483647"/>
</pin_list>
<bind>
<StgValue><ssdm name="empty_2"/></StgValue>
</bind>
</comp>

<comp id="42" class="1001" name="const_42">
<pin_list>
<pin id="43" dir="1" index="0" bw="1" slack="1"/>
</pin_list>
<bind>
<StgValue><ssdm name=""/></StgValue>
</bind>
</comp>

<comp id="44" class="1001" name="const_44">
<pin_list>
<pin id="45" dir="1" index="0" bw="1" slack="1"/>
</pin_list>
<bind>
<StgValue><ssdm name=""/></StgValue>
</bind>
</comp>

<comp id="46" class="1001" name="const_46">
<pin_list>
<pin id="47" dir="1" index="0" bw="1" slack="1"/>
</pin_list>
<bind>
<StgValue><ssdm name=""/></StgValue>
</bind>
</comp>

<comp id="48" class="1001" name="const_48">
<pin_list>
<pin id="49" dir="1" index="0" bw="1" slack="1"/>
</pin_list>
<bind>
<StgValue><ssdm name=""/></StgValue>
</bind>
</comp>

<comp id="50" class="1001" name="const_50">
<pin_list>
<pin id="51" dir="1" index="0" bw="1" slack="0"/>
</pin_list>
<bind>
<StgValue><ssdm name="_ssdm_op_Read.ap_auto.i32"/></StgValue>
</bind>
</comp>

<comp id="52" class="1001" name="const_52">
<pin_list>
<pin id="53" dir="1" index="0" bw="1" slack="0"/>
</pin_list>
<bind>
<StgValue><ssdm name="_ssdm_op_Read.ap_auto.i64"/></StgValue>
</bind>
</comp>

<comp id="54" class="1001" name="const_54">
<pin_list>
<pin id="55" dir="1" index="0" bw="1" slack="0"/>
</pin_list>
<bind>
<StgValue><ssdm name="_ssdm_op_Write.ap_fifo.i32P0A"/></StgValue>
</bind>
</comp>

<comp id="56" class="1001" name="const_56">
<pin_list>
<pin id="57" dir="1" index="0" bw="1" slack="0"/>
</pin_list>
<bind>
<StgValue><ssdm name="_ssdm_op_BitConcatenate.i34.i32.i2"/></StgValue>
</bind>
</comp>

<comp id="58" class="1001" name="const_58">
<pin_list>
<pin id="59" dir="1" index="0" bw="1" slack="0"/>
</pin_list>
<bind>
<StgValue><ssdm name=""/></StgValue>
</bind>
</comp>

<comp id="60" class="1001" name="const_60">
<pin_list>
<pin id="61" dir="1" index="0" bw="1" slack="0"/>
</pin_list>
<bind>
<StgValue><ssdm name="_ssdm_op_PartSelect.i62.i64.i32.i32"/></StgValue>
</bind>
</comp>

<comp id="62" class="1001" name="const_62">
<pin_list>
<pin id="63" dir="1" index="0" bw="1" slack="0"/>
</pin_list>
<bind>
<StgValue><ssdm name=""/></StgValue>
</bind>
</comp>

<comp id="64" class="1001" name="const_64">
<pin_list>
<pin id="65" dir="1" index="0" bw="1" slack="0"/>
</pin_list>
<bind>
<StgValue><ssdm name="_ssdm_op_ReadReq.m_axi.p1i32"/></StgValue>
</bind>
</comp>

<comp id="66" class="1001" name="const_66">
<pin_list>
<pin id="67" dir="1" index="0" bw="1" slack="0"/>
</pin_list>
<bind>
<StgValue><ssdm name=""/></StgValue>
</bind>
</comp>

<comp id="68" class="1001" name="const_68">
<pin_list>
<pin id="69" dir="1" index="0" bw="1" slack="0"/>
</pin_list>
<bind>
<StgValue><ssdm name="_ssdm_op_Read.m_axi.p1i32"/></StgValue>
</bind>
</comp>

<comp id="70" class="1001" name="const_70">
<pin_list>
<pin id="71" dir="1" index="0" bw="1" slack="2147483647"/>
</pin_list>
<bind>
<StgValue><ssdm name="_ssdm_op_SpecPipeline"/></StgValue>
</bind>
</comp>

<comp id="72" class="1001" name="const_72">
<pin_list>
<pin id="73" dir="1" index="0" bw="1" slack="2147483647"/>
</pin_list>
<bind>
<StgValue><ssdm name="_ssdm_op_SpecLoopName"/></StgValue>
</bind>
</comp>

<comp id="74" class="1001" name="const_74">
<pin_list>
<pin id="75" dir="1" index="0" bw="1" slack="2147483647"/>
</pin_list>
<bind>
<StgValue><ssdm name="empty_18"/></StgValue>
</bind>
</comp>

<comp id="76" class="1001" name="const_76">
<pin_list>
<pin id="77" dir="1" index="0" bw="1" slack="0"/>
</pin_list>
<bind>
<StgValue><ssdm name="_ssdm_op_BitConcatenate.i24.i8.i8.i8"/></StgValue>
</bind>
</comp>

<comp id="78" class="1001" name="const_78">
<pin_list>
<pin id="79" dir="1" index="0" bw="1" slack="0"/>
</pin_list>
<bind>
<StgValue><ssdm name="_ssdm_op_Write.ap_fifo.volatile.i24P0A"/></StgValue>
</bind>
</comp>

<comp id="80" class="1004" name="num_pixels_read_read_fu_80">
<pin_list>
<pin id="81" dir="0" index="0" bw="32" slack="0"/>
<pin id="82" dir="0" index="1" bw="32" slack="0"/>
<pin id="83" dir="1" index="2" bw="32" slack="0"/>
</pin_list>
<bind>
<opcode="read(1150) " fcode="read"/>
<opset="num_pixels_read/3 "/>
</bind>
</comp>

<comp id="86" class="1004" name="addr_in_read_read_fu_86">
<pin_list>
<pin id="87" dir="0" index="0" bw="32" slack="0"/>
<pin id="88" dir="0" index="1" bw="32" slack="0"/>
<pin id="89" dir="1" index="2" bw="32" slack="0"/>
</pin_list>
<bind>
<opcode="read(1150) " fcode="read"/>
<opset="addr_in_read/3 "/>
</bind>
</comp>

<comp id="92" class="1004" name="m_axi_in_read_read_fu_92">
<pin_list>
<pin id="93" dir="0" index="0" bw="64" slack="0"/>
<pin id="94" dir="0" index="1" bw="64" slack="0"/>
<pin id="95" dir="1" index="2" bw="64" slack="0"/>
</pin_list>
<bind>
<opcode="read(1150) " fcode="read"/>
<opset="m_axi_in_read/3 "/>
</bind>
</comp>

<comp id="98" class="1004" name="write_ln0_write_fu_98">
<pin_list>
<pin id="99" dir="0" index="0" bw="0" slack="0"/>
<pin id="100" dir="0" index="1" bw="32" slack="0"/>
<pin id="101" dir="0" index="2" bw="32" slack="0"/>
<pin id="102" dir="1" index="3" bw="0" slack="2147483647"/>
</pin_list>
<bind>
<opcode="write(1151) " fcode="write"/>
<opset="write_ln0/3 "/>
</bind>
</comp>

<comp id="106" class="1004" name="grp_readreq_fu_106">
<pin_list>
<pin id="107" dir="0" index="0" bw="1" slack="0"/>
<pin id="108" dir="0" index="1" bw="32" slack="0"/>
<pin id="109" dir="0" index="2" bw="34" slack="0"/>
<pin id="110" dir="1" index="3" bw="1" slack="2147483647"/>
</pin_list>
<bind>
<opcode="readreq(1154) " fcode="readreq"/>
<opset="empty/3 "/>
</bind>
</comp>

<comp id="112" class="1004" name="grp_read_fu_112">
<pin_list>
<pin id="113" dir="0" index="0" bw="32" slack="0"/>
<pin id="114" dir="0" index="1" bw="32" slack="73"/>
<pin id="115" dir="1" index="2" bw="32" slack="0"/>
</pin_list>
<bind>
<opcode="read(1150) " fcode="read"/>
<opset="gmem_in_addr_1_read/77 gmem_in_addr_1_read_1/78 gmem_in_addr_1_read_2/79 "/>
</bind>
</comp>

<comp id="117" class="1004" name="write_ln52_write_fu_117">
<pin_list>
<pin id="118" dir="0" index="0" bw="0" slack="0"/>
<pin id="119" dir="0" index="1" bw="24" slack="0"/>
<pin id="120" dir="0" index="2" bw="24" slack="0"/>
<pin id="121" dir="1" index="3" bw="0" slack="2147483647"/>
</pin_list>
<bind>
<opcode="write(1151) " fcode="write"/>
<opset="write_ln52/79 "/>
</bind>
</comp>

<comp id="124" class="1005" name="do_init_reg_124">
<pin_list>
<pin id="125" dir="0" index="0" bw="1" slack="1"/>
<pin id="126" dir="1" index="1" bw="1" slack="1"/>
</pin_list>
<bind>
<opset="do_init (phireg) "/>
</bind>
</comp>

<comp id="129" class="1004" name="do_init_phi_fu_129">
<pin_list>
<pin id="130" dir="0" index="0" bw="1" slack="1"/>
<pin id="131" dir="0" index="1" bw="0" slack="2147483647"/>
<pin id="132" dir="0" index="2" bw="1" slack="1"/>
<pin id="133" dir="0" index="3" bw="0" slack="2147483647"/>
<pin id="134" dir="0" index="4" bw="1" slack="1"/>
<pin id="135" dir="0" index="5" bw="0" slack="2147483647"/>
<pin id="136" dir="1" index="6" bw="1" slack="1"/>
</pin_list>
<bind>
<opcode="phi(47) " fcode="phi"/>
<opset="do_init/2 "/>
</bind>
</comp>

<comp id="141" class="1005" name="gmem_in_addr_rewind_idx_reg_141">
<pin_list>
<pin id="142" dir="0" index="0" bw="64" slack="1"/>
<pin id="143" dir="1" index="1" bw="64" slack="1"/>
</pin_list>
<bind>
<opset="gmem_in_addr_rewind_idx (phireg) "/>
</bind>
</comp>

<comp id="145" class="1004" name="gmem_in_addr_rewind_idx_phi_fu_145">
<pin_list>
<pin id="146" dir="0" index="0" bw="1" slack="2"/>
<pin id="147" dir="0" index="1" bw="0" slack="2147483647"/>
<pin id="148" dir="0" index="2" bw="64" slack="1"/>
<pin id="149" dir="0" index="3" bw="0" slack="2147483647"/>
<pin id="150" dir="0" index="4" bw="1" slack="1"/>
<pin id="151" dir="0" index="5" bw="0" slack="2147483647"/>
<pin id="152" dir="1" index="6" bw="64" slack="1"/>
</pin_list>
<bind>
<opcode="phi(47) " fcode="phi"/>
<opset="gmem_in_addr_rewind_idx/3 "/>
</bind>
</comp>

<comp id="156" class="1005" name="num_pixels6_rewind_reg_156">
<pin_list>
<pin id="157" dir="0" index="0" bw="32" slack="1"/>
<pin id="158" dir="1" index="1" bw="32" slack="1"/>
</pin_list>
<bind>
<opset="num_pixels6_rewind (phireg) "/>
</bind>
</comp>

<comp id="160" class="1004" name="num_pixels6_rewind_phi_fu_160">
<pin_list>
<pin id="161" dir="0" index="0" bw="1" slack="2"/>
<pin id="162" dir="0" index="1" bw="0" slack="2147483647"/>
<pin id="163" dir="0" index="2" bw="32" slack="1"/>
<pin id="164" dir="0" index="3" bw="0" slack="2147483647"/>
<pin id="165" dir="0" index="4" bw="1" slack="1"/>
<pin id="166" dir="0" index="5" bw="0" slack="2147483647"/>
<pin id="167" dir="1" index="6" bw="32" slack="1"/>
</pin_list>
<bind>
<opcode="phi(47) " fcode="phi"/>
<opset="num_pixels6_rewind/3 "/>
</bind>
</comp>

<comp id="171" class="1005" name="i_reg_171">
<pin_list>
<pin id="172" dir="0" index="0" bw="32" slack="3"/>
<pin id="173" dir="1" index="1" bw="32" slack="3"/>
</pin_list>
<bind>
<opset="i (phireg) "/>
</bind>
</comp>

<comp id="175" class="1004" name="i_phi_fu_175">
<pin_list>
<pin id="176" dir="0" index="0" bw="1" slack="3"/>
<pin id="177" dir="0" index="1" bw="0" slack="2147483647"/>
<pin id="178" dir="0" index="2" bw="32" slack="0"/>
<pin id="179" dir="0" index="3" bw="0" slack="2147483647"/>
<pin id="180" dir="0" index="4" bw="1" slack="0"/>
<pin id="181" dir="0" index="5" bw="0" slack="2147483647"/>
<pin id="182" dir="1" index="6" bw="32" slack="0"/>
</pin_list>
<bind>
<opcode="phi(47) " fcode="phi"/>
<opset="i/4 "/>
</bind>
</comp>

<comp id="185" class="1005" name="gmem_in_addr_phi_idx_reg_185">
<pin_list>
<pin id="186" dir="0" index="0" bw="64" slack="1"/>
<pin id="187" dir="1" index="1" bw="64" slack="1"/>
</pin_list>
<bind>
<opset="gmem_in_addr_phi_idx (phireg) "/>
</bind>
</comp>

<comp id="189" class="1004" name="gmem_in_addr_phi_idx_phi_fu_189">
<pin_list>
<pin id="190" dir="0" index="0" bw="62" slack="1"/>
<pin id="191" dir="0" index="1" bw="0" slack="2147483647"/>
<pin id="192" dir="0" index="2" bw="64" slack="1"/>
<pin id="193" dir="0" index="3" bw="0" slack="2147483647"/>
<pin id="194" dir="1" index="4" bw="64" slack="0"/>
</pin_list>
<bind>
<opcode="phi(47) " fcode="phi"/>
<opset="gmem_in_addr_phi_idx/4 "/>
</bind>
</comp>

<comp id="197" class="1005" name="num_pixels6_phi_reg_197">
<pin_list>
<pin id="198" dir="0" index="0" bw="32" slack="1"/>
<pin id="199" dir="1" index="1" bw="32" slack="1"/>
</pin_list>
<bind>
<opset="num_pixels6_phi (phireg) "/>
</bind>
</comp>

<comp id="201" class="1004" name="num_pixels6_phi_phi_fu_201">
<pin_list>
<pin id="202" dir="0" index="0" bw="32" slack="1"/>
<pin id="203" dir="0" index="1" bw="0" slack="2147483647"/>
<pin id="204" dir="0" index="2" bw="32" slack="1"/>
<pin id="205" dir="0" index="3" bw="0" slack="2147483647"/>
<pin id="206" dir="1" index="4" bw="32" slack="0"/>
</pin_list>
<bind>
<opcode="phi(47) " fcode="phi"/>
<opset="num_pixels6_phi/4 "/>
</bind>
</comp>

<comp id="209" class="1004" name="grp_fu_209">
<pin_list>
<pin id="210" dir="1" index="0" bw="32" slack="2147483647"/>
</pin_list>
<bind>
<opcode="muxlogic(592) " fcode="muxlogic"/>
<opset="muxLogicCE_to_num_pixels_read/3 muxLogicCE_to_gmem_in_addr_1_read/77 muxLogicCE_to_gmem_in_addr_1_read_2/79 "/>
</bind>
</comp>

<comp id="211" class="1004" name="muxLogicCE_to_addr_in_read_fu_211">
<pin_list>
<pin id="212" dir="1" index="0" bw="32" slack="2147483647"/>
</pin_list>
<bind>
<opcode="muxlogic(592) " fcode="muxlogic"/>
<opset="muxLogicCE_to_addr_in_read/3 "/>
</bind>
</comp>

<comp id="213" class="1004" name="muxLogicCE_to_m_axi_in_read_fu_213">
<pin_list>
<pin id="214" dir="1" index="0" bw="64" slack="2147483647"/>
</pin_list>
<bind>
<opcode="muxlogic(592) " fcode="muxlogic"/>
<opset="muxLogicCE_to_m_axi_in_read/3 "/>
</bind>
</comp>

<comp id="215" class="1004" name="muxLogicData_to_write_ln0_fu_215">
<pin_list>
<pin id="216" dir="0" index="0" bw="32" slack="0"/>
<pin id="217" dir="1" index="1" bw="0" slack="2147483647"/>
</pin_list>
<bind>
<opcode="muxlogic(592) " fcode="muxlogic"/>
<opset="muxLogicData_to_write_ln0/3 "/>
</bind>
</comp>

<comp id="219" class="1004" name="zext_ln37_fu_219">
<pin_list>
<pin id="220" dir="0" index="0" bw="32" slack="0"/>
<pin id="221" dir="1" index="1" bw="34" slack="0"/>
</pin_list>
<bind>
<opcode="zext(34) " fcode="zext"/>
<opset="zext_ln37/3 "/>
</bind>
</comp>

<comp id="223" class="1004" name="p_shl_fu_223">
<pin_list>
<pin id="224" dir="0" index="0" bw="34" slack="0"/>
<pin id="225" dir="0" index="1" bw="32" slack="0"/>
<pin id="226" dir="0" index="2" bw="1" slack="0"/>
<pin id="227" dir="1" index="3" bw="34" slack="0"/>
</pin_list>
<bind>
<opcode="bitconcatenate(1004) " fcode="bitconcatenate"/>
<opset="p_shl/3 "/>
</bind>
</comp>

<comp id="231" class="1004" name="sub_ln37_fu_231">
<pin_list>
<pin id="232" dir="0" index="0" bw="34" slack="0"/>
<pin id="233" dir="0" index="1" bw="32" slack="0"/>
<pin id="234" dir="1" index="2" bw="34" slack="0"/>
</pin_list>
<bind>
<opcode="sub(10) " fcode="sub"/>
<opset="sub_ln37/3 "/>
</bind>
</comp>

<comp id="237" class="1004" name="zext_ln37_1_fu_237">
<pin_list>
<pin id="238" dir="0" index="0" bw="34" slack="0"/>
<pin id="239" dir="1" index="1" bw="64" slack="0"/>
</pin_list>
<bind>
<opcode="zext(34) " fcode="zext"/>
<opset="zext_ln37_1/3 "/>
</bind>
</comp>

<comp id="242" class="1004" name="shl_ln_fu_242">
<pin_list>
<pin id="243" dir="0" index="0" bw="34" slack="0"/>
<pin id="244" dir="0" index="1" bw="32" slack="0"/>
<pin id="245" dir="0" index="2" bw="1" slack="0"/>
<pin id="246" dir="1" index="3" bw="34" slack="0"/>
</pin_list>
<bind>
<opcode="bitconcatenate(1004) " fcode="bitconcatenate"/>
<opset="shl_ln/3 "/>
</bind>
</comp>

<comp id="250" class="1004" name="zext_ln37_2_fu_250">
<pin_list>
<pin id="251" dir="0" index="0" bw="34" slack="0"/>
<pin id="252" dir="1" index="1" bw="64" slack="0"/>
</pin_list>
<bind>
<opcode="zext(34) " fcode="zext"/>
<opset="zext_ln37_2/3 "/>
</bind>
</comp>

<comp id="254" class="1004" name="add_ln37_fu_254">
<pin_list>
<pin id="255" dir="0" index="0" bw="34" slack="0"/>
<pin id="256" dir="0" index="1" bw="64" slack="0"/>
<pin id="257" dir="1" index="2" bw="64" slack="0"/>
</pin_list>
<bind>
<opcode="add(8) " fcode="add"/>
<opset="add_ln37/3 "/>
</bind>
</comp>

<comp id="260" class="1004" name="trunc_ln_fu_260">
<pin_list>
<pin id="261" dir="0" index="0" bw="62" slack="0"/>
<pin id="262" dir="0" index="1" bw="64" slack="0"/>
<pin id="263" dir="0" index="2" bw="3" slack="0"/>
<pin id="264" dir="0" index="3" bw="7" slack="0"/>
<pin id="265" dir="1" index="4" bw="62" slack="0"/>
</pin_list>
<bind>
<opcode="partselect(1002) " fcode="partselect"/>
<opset="trunc_ln/3 "/>
</bind>
</comp>

<comp id="270" class="1004" name="sext_ln37_fu_270">
<pin_list>
<pin id="271" dir="0" index="0" bw="62" slack="0"/>
<pin id="272" dir="1" index="1" bw="64" slack="0"/>
</pin_list>
<bind>
<opcode="sext(35) " fcode="sext"/>
<opset="sext_ln37/3 "/>
</bind>
</comp>

<comp id="274" class="1004" name="gmem_in_addr_fu_274">
<pin_list>
<pin id="275" dir="0" index="0" bw="32" slack="0"/>
<pin id="276" dir="0" index="1" bw="62" slack="0"/>
<pin id="277" dir="1" index="2" bw="32" slack="0"/>
</pin_list>
<bind>
<opcode="getelementptr(29) " fcode="getelementptr"/>
<opset="gmem_in_addr/3 "/>
</bind>
</comp>

<comp id="281" class="1004" name="gmem_in_addr_1_fu_281">
<pin_list>
<pin id="282" dir="0" index="0" bw="32" slack="0"/>
<pin id="283" dir="0" index="1" bw="64" slack="0"/>
<pin id="284" dir="1" index="2" bw="32" slack="73"/>
</pin_list>
<bind>
<opcode="getelementptr(29) " fcode="getelementptr"/>
<opset="gmem_in_addr_1/4 "/>
</bind>
</comp>

<comp id="287" class="1004" name="i_3_fu_287">
<pin_list>
<pin id="288" dir="0" index="0" bw="32" slack="0"/>
<pin id="289" dir="0" index="1" bw="1" slack="0"/>
<pin id="290" dir="1" index="2" bw="32" slack="0"/>
</pin_list>
<bind>
<opcode="add(8) " fcode="add"/>
<opset="i_3/4 "/>
</bind>
</comp>

<comp id="293" class="1004" name="icmp_ln37_fu_293">
<pin_list>
<pin id="294" dir="0" index="0" bw="32" slack="0"/>
<pin id="295" dir="0" index="1" bw="32" slack="0"/>
<pin id="296" dir="1" index="2" bw="1" slack="1"/>
</pin_list>
<bind>
<opcode="icmp(45) " fcode="icmp"/>
<opset="icmp_ln37/4 "/>
</bind>
</comp>

<comp id="299" class="1004" name="r_fu_299">
<pin_list>
<pin id="300" dir="0" index="0" bw="32" slack="0"/>
<pin id="301" dir="1" index="1" bw="8" slack="2"/>
</pin_list>
<bind>
<opcode="trunc(33) " fcode="trunc"/>
<opset="r/77 "/>
</bind>
</comp>

<comp id="303" class="1004" name="muxLogicCE_to_gmem_in_addr_1_read_1_fu_303">
<pin_list>
<pin id="304" dir="1" index="0" bw="32" slack="2147483647"/>
</pin_list>
<bind>
<opcode="muxlogic(592) " fcode="muxlogic"/>
<opset="muxLogicCE_to_gmem_in_addr_1_read_1/78 "/>
</bind>
</comp>

<comp id="305" class="1004" name="g_fu_305">
<pin_list>
<pin id="306" dir="0" index="0" bw="32" slack="0"/>
<pin id="307" dir="1" index="1" bw="8" slack="1"/>
</pin_list>
<bind>
<opcode="trunc(33) " fcode="trunc"/>
<opset="g/78 "/>
</bind>
</comp>

<comp id="309" class="1004" name="b_fu_309">
<pin_list>
<pin id="310" dir="0" index="0" bw="32" slack="0"/>
<pin id="311" dir="1" index="1" bw="8" slack="0"/>
</pin_list>
<bind>
<opcode="trunc(33) " fcode="trunc"/>
<opset="b/79 "/>
</bind>
</comp>

<comp id="313" class="1004" name="or_ln52_3_fu_313">
<pin_list>
<pin id="314" dir="0" index="0" bw="24" slack="0"/>
<pin id="315" dir="0" index="1" bw="8" slack="0"/>
<pin id="316" dir="0" index="2" bw="8" slack="1"/>
<pin id="317" dir="0" index="3" bw="8" slack="2"/>
<pin id="318" dir="1" index="4" bw="24" slack="0"/>
</pin_list>
<bind>
<opcode="bitconcatenate(1004) " fcode="bitconcatenate"/>
<opset="or_ln52_3/79 "/>
</bind>
</comp>

<comp id="322" class="1004" name="muxLogicData_to_write_ln52_fu_322">
<pin_list>
<pin id="323" dir="0" index="0" bw="24" slack="0"/>
<pin id="324" dir="1" index="1" bw="0" slack="2147483647"/>
</pin_list>
<bind>
<opcode="muxlogic(592) " fcode="muxlogic"/>
<opset="muxLogicData_to_write_ln52/79 "/>
</bind>
</comp>

<comp id="326" class="1004" name="return_ln54_fu_326">
<pin_list>
<pin id="327" dir="1" index="0" bw="0" slack="2147483647"/>
</pin_list>
<bind>
<opcode="return(1203) " fcode="return"/>
<opset="return_ln54/79 "/>
</bind>
</comp>

<comp id="328" class="1005" name="num_pixels_read_reg_328">
<pin_list>
<pin id="329" dir="0" index="0" bw="32" slack="1"/>
<pin id="330" dir="1" index="1" bw="32" slack="1"/>
</pin_list>
<bind>
<opset="num_pixels_read "/>
</bind>
</comp>

<comp id="333" class="1005" name="zext_ln37_1_reg_333">
<pin_list>
<pin id="334" dir="0" index="0" bw="64" slack="1"/>
<pin id="335" dir="1" index="1" bw="64" slack="1"/>
</pin_list>
<bind>
<opset="zext_ln37_1 "/>
</bind>
</comp>

<comp id="338" class="1005" name="sext_ln37_reg_338">
<pin_list>
<pin id="339" dir="0" index="0" bw="64" slack="1"/>
<pin id="340" dir="1" index="1" bw="64" slack="1"/>
</pin_list>
<bind>
<opset="sext_ln37 "/>
</bind>
</comp>

<comp id="343" class="1005" name="gmem_in_addr_reg_343">
<pin_list>
<pin id="344" dir="0" index="0" bw="32" slack="1"/>
<pin id="345" dir="1" index="1" bw="32" slack="1"/>
</pin_list>
<bind>
<opset="gmem_in_addr "/>
</bind>
</comp>

<comp id="348" class="1005" name="gmem_in_addr_1_reg_348">
<pin_list>
<pin id="349" dir="0" index="0" bw="32" slack="73"/>
<pin id="350" dir="1" index="1" bw="32" slack="73"/>
</pin_list>
<bind>
<opset="gmem_in_addr_1 "/>
</bind>
</comp>

<comp id="353" class="1005" name="i_3_reg_353">
<pin_list>
<pin id="354" dir="0" index="0" bw="32" slack="0"/>
<pin id="355" dir="1" index="1" bw="32" slack="0"/>
</pin_list>
<bind>
<opset="i_3 "/>
</bind>
</comp>

<comp id="358" class="1005" name="icmp_ln37_reg_358">
<pin_list>
<pin id="359" dir="0" index="0" bw="1" slack="1"/>
<pin id="360" dir="1" index="1" bw="1" slack="2147483647"/>
</pin_list>
<bind>
<opset="icmp_ln37 "/>
</bind>
</comp>

<comp id="362" class="1005" name="r_reg_362">
<pin_list>
<pin id="363" dir="0" index="0" bw="8" slack="2"/>
<pin id="364" dir="1" index="1" bw="8" slack="2"/>
</pin_list>
<bind>
<opset="r "/>
</bind>
</comp>

<comp id="367" class="1005" name="g_reg_367">
<pin_list>
<pin id="368" dir="0" index="0" bw="8" slack="1"/>
<pin id="369" dir="1" index="1" bw="8" slack="1"/>
</pin_list>
<bind>
<opset="g "/>
</bind>
</comp>

</comp_list>

<net_list>
<net id="84"><net_src comp="50" pin="0"/><net_sink comp="80" pin=0"/></net>

<net id="85"><net_src comp="6" pin="0"/><net_sink comp="80" pin=1"/></net>

<net id="90"><net_src comp="50" pin="0"/><net_sink comp="86" pin=0"/></net>

<net id="91"><net_src comp="4" pin="0"/><net_sink comp="86" pin=1"/></net>

<net id="96"><net_src comp="52" pin="0"/><net_sink comp="92" pin=0"/></net>

<net id="97"><net_src comp="2" pin="0"/><net_sink comp="92" pin=1"/></net>

<net id="103"><net_src comp="54" pin="0"/><net_sink comp="98" pin=0"/></net>

<net id="104"><net_src comp="10" pin="0"/><net_sink comp="98" pin=1"/></net>

<net id="105"><net_src comp="80" pin="2"/><net_sink comp="98" pin=2"/></net>

<net id="111"><net_src comp="64" pin="0"/><net_sink comp="106" pin=0"/></net>

<net id="116"><net_src comp="68" pin="0"/><net_sink comp="112" pin=0"/></net>

<net id="122"><net_src comp="78" pin="0"/><net_sink comp="117" pin=0"/></net>

<net id="123"><net_src comp="8" pin="0"/><net_sink comp="117" pin=1"/></net>

<net id="127"><net_src comp="42" pin="0"/><net_sink comp="124" pin=0"/></net>

<net id="128"><net_src comp="44" pin="0"/><net_sink comp="124" pin=0"/></net>

<net id="137"><net_src comp="124" pin="1"/><net_sink comp="129" pin=0"/></net>

<net id="138"><net_src comp="124" pin="1"/><net_sink comp="129" pin=2"/></net>

<net id="139"><net_src comp="124" pin="1"/><net_sink comp="129" pin=4"/></net>

<net id="140"><net_src comp="129" pin="6"/><net_sink comp="124" pin=0"/></net>

<net id="144"><net_src comp="46" pin="0"/><net_sink comp="141" pin=0"/></net>

<net id="153"><net_src comp="141" pin="1"/><net_sink comp="145" pin=0"/></net>

<net id="154"><net_src comp="141" pin="1"/><net_sink comp="145" pin=4"/></net>

<net id="155"><net_src comp="145" pin="6"/><net_sink comp="141" pin=0"/></net>

<net id="159"><net_src comp="48" pin="0"/><net_sink comp="156" pin=0"/></net>

<net id="168"><net_src comp="156" pin="1"/><net_sink comp="160" pin=0"/></net>

<net id="169"><net_src comp="156" pin="1"/><net_sink comp="160" pin=4"/></net>

<net id="170"><net_src comp="160" pin="6"/><net_sink comp="156" pin=0"/></net>

<net id="174"><net_src comp="16" pin="0"/><net_sink comp="171" pin=0"/></net>

<net id="183"><net_src comp="171" pin="1"/><net_sink comp="175" pin=0"/></net>

<net id="184"><net_src comp="16" pin="0"/><net_sink comp="175" pin=4"/></net>

<net id="188"><net_src comp="185" pin="1"/><net_sink comp="145" pin=2"/></net>

<net id="195"><net_src comp="141" pin="1"/><net_sink comp="189" pin=2"/></net>

<net id="196"><net_src comp="189" pin="4"/><net_sink comp="185" pin=0"/></net>

<net id="200"><net_src comp="197" pin="1"/><net_sink comp="160" pin=2"/></net>

<net id="207"><net_src comp="156" pin="1"/><net_sink comp="201" pin=2"/></net>

<net id="208"><net_src comp="201" pin="4"/><net_sink comp="197" pin=0"/></net>

<net id="218"><net_src comp="80" pin="2"/><net_sink comp="215" pin=0"/></net>

<net id="222"><net_src comp="80" pin="2"/><net_sink comp="219" pin=0"/></net>

<net id="228"><net_src comp="56" pin="0"/><net_sink comp="223" pin=0"/></net>

<net id="229"><net_src comp="80" pin="2"/><net_sink comp="223" pin=1"/></net>

<net id="230"><net_src comp="58" pin="0"/><net_sink comp="223" pin=2"/></net>

<net id="235"><net_src comp="223" pin="3"/><net_sink comp="231" pin=0"/></net>

<net id="236"><net_src comp="219" pin="1"/><net_sink comp="231" pin=1"/></net>

<net id="240"><net_src comp="231" pin="2"/><net_sink comp="237" pin=0"/></net>

<net id="241"><net_src comp="237" pin="1"/><net_sink comp="106" pin=2"/></net>

<net id="247"><net_src comp="56" pin="0"/><net_sink comp="242" pin=0"/></net>

<net id="248"><net_src comp="86" pin="2"/><net_sink comp="242" pin=1"/></net>

<net id="249"><net_src comp="58" pin="0"/><net_sink comp="242" pin=2"/></net>

<net id="253"><net_src comp="242" pin="3"/><net_sink comp="250" pin=0"/></net>

<net id="258"><net_src comp="250" pin="1"/><net_sink comp="254" pin=0"/></net>

<net id="259"><net_src comp="92" pin="2"/><net_sink comp="254" pin=1"/></net>

<net id="266"><net_src comp="60" pin="0"/><net_sink comp="260" pin=0"/></net>

<net id="267"><net_src comp="254" pin="2"/><net_sink comp="260" pin=1"/></net>

<net id="268"><net_src comp="20" pin="0"/><net_sink comp="260" pin=2"/></net>

<net id="269"><net_src comp="62" pin="0"/><net_sink comp="260" pin=3"/></net>

<net id="273"><net_src comp="260" pin="4"/><net_sink comp="270" pin=0"/></net>

<net id="278"><net_src comp="0" pin="0"/><net_sink comp="274" pin=0"/></net>

<net id="279"><net_src comp="270" pin="1"/><net_sink comp="274" pin=1"/></net>

<net id="280"><net_src comp="274" pin="2"/><net_sink comp="106" pin=1"/></net>

<net id="285"><net_src comp="0" pin="0"/><net_sink comp="281" pin=0"/></net>

<net id="286"><net_src comp="189" pin="4"/><net_sink comp="281" pin=1"/></net>

<net id="291"><net_src comp="175" pin="6"/><net_sink comp="287" pin=0"/></net>

<net id="292"><net_src comp="66" pin="0"/><net_sink comp="287" pin=1"/></net>

<net id="297"><net_src comp="175" pin="6"/><net_sink comp="293" pin=0"/></net>

<net id="298"><net_src comp="201" pin="4"/><net_sink comp="293" pin=1"/></net>

<net id="302"><net_src comp="112" pin="2"/><net_sink comp="299" pin=0"/></net>

<net id="308"><net_src comp="112" pin="2"/><net_sink comp="305" pin=0"/></net>

<net id="312"><net_src comp="112" pin="2"/><net_sink comp="309" pin=0"/></net>

<net id="319"><net_src comp="76" pin="0"/><net_sink comp="313" pin=0"/></net>

<net id="320"><net_src comp="309" pin="1"/><net_sink comp="313" pin=1"/></net>

<net id="321"><net_src comp="313" pin="4"/><net_sink comp="117" pin=2"/></net>

<net id="325"><net_src comp="313" pin="4"/><net_sink comp="322" pin=0"/></net>

<net id="331"><net_src comp="80" pin="2"/><net_sink comp="328" pin=0"/></net>

<net id="332"><net_src comp="328" pin="1"/><net_sink comp="201" pin=0"/></net>

<net id="336"><net_src comp="237" pin="1"/><net_sink comp="333" pin=0"/></net>

<net id="337"><net_src comp="333" pin="1"/><net_sink comp="106" pin=2"/></net>

<net id="341"><net_src comp="270" pin="1"/><net_sink comp="338" pin=0"/></net>

<net id="342"><net_src comp="338" pin="1"/><net_sink comp="189" pin=0"/></net>

<net id="346"><net_src comp="274" pin="2"/><net_sink comp="343" pin=0"/></net>

<net id="347"><net_src comp="343" pin="1"/><net_sink comp="106" pin=1"/></net>

<net id="351"><net_src comp="281" pin="2"/><net_sink comp="348" pin=0"/></net>

<net id="352"><net_src comp="348" pin="1"/><net_sink comp="112" pin=1"/></net>

<net id="356"><net_src comp="287" pin="2"/><net_sink comp="353" pin=0"/></net>

<net id="357"><net_src comp="353" pin="1"/><net_sink comp="175" pin=2"/></net>

<net id="361"><net_src comp="293" pin="2"/><net_sink comp="358" pin=0"/></net>

<net id="365"><net_src comp="299" pin="1"/><net_sink comp="362" pin=0"/></net>

<net id="366"><net_src comp="362" pin="1"/><net_sink comp="313" pin=3"/></net>

<net id="370"><net_src comp="305" pin="1"/><net_sink comp="367" pin=0"/></net>

<net id="371"><net_src comp="367" pin="1"/><net_sink comp="313" pin=2"/></net>

</net_list>

</model> 
---------------- Datapath Model END ------------------

* FSMD analyzer results:
  - Output states:
	Port: stream_rgb | {79 }
	Port: num_pixels_c1 | {3 }
 - Input state : 
	Port: load_rgb : gmem_in | {3 4 5 6 7 8 9 10 11 12 13 14 15 16 17 18 19 20 21 22 23 24 25 26 27 28 29 30 31 32 33 34 35 36 37 38 39 40 41 42 43 44 45 46 47 48 49 50 51 52 53 54 55 56 57 58 59 60 61 62 63 64 65 66 67 68 69 70 71 72 73 74 75 76 77 78 79 }
	Port: load_rgb : m_axi_in | {3 }
	Port: load_rgb : addr_in | {3 }
	Port: load_rgb : num_pixels | {3 }
  - Chain level:
	State 1
	State 2
	State 3
		sub_ln37 : 1
		zext_ln37_1 : 2
		zext_ln37_2 : 1
		add_ln37 : 2
		trunc_ln : 3
		sext_ln37 : 4
		gmem_in_addr : 5
		empty : 6
	State 4
		gmem_in_addr_1 : 1
		i_3 : 1
		icmp_ln37 : 1
		br_ln37 : 2
	State 5
	State 6
	State 7
	State 8
	State 9
	State 10
	State 11
	State 12
	State 13
	State 14
	State 15
	State 16
	State 17
	State 18
	State 19
	State 20
	State 21
	State 22
	State 23
	State 24
	State 25
	State 26
	State 27
	State 28
	State 29
	State 30
	State 31
	State 32
	State 33
	State 34
	State 35
	State 36
	State 37
	State 38
	State 39
	State 40
	State 41
	State 42
	State 43
	State 44
	State 45
	State 46
	State 47
	State 48
	State 49
	State 50
	State 51
	State 52
	State 53
	State 54
	State 55
	State 56
	State 57
	State 58
	State 59
	State 60
	State 61
	State 62
	State 63
	State 64
	State 65
	State 66
	State 67
	State 68
	State 69
	State 70
	State 71
	State 72
	State 73
	State 74
	State 75
	State 76
	State 77
	State 78
	State 79
		or_ln52_3 : 1
		muxLogicData_to_write_ln52 : 2
		write_ln52 : 2


============================================================
+ Verbose Summary: Datapath Resource usage 
============================================================

* Functional unit list:
|----------|--------------------------------------------|---------|---------|
| Operation|               Functional Unit              |    FF   |   LUT   |
|----------|--------------------------------------------|---------|---------|
|    add   |               add_ln37_fu_254              |    0    |    64   |
|          |                 i_3_fu_287                 |    0    |    32   |
|----------|--------------------------------------------|---------|---------|
|    sub   |               sub_ln37_fu_231              |    0    |    34   |
|----------|--------------------------------------------|---------|---------|
|   icmp   |              icmp_ln37_fu_293              |    0    |    13   |
|----------|--------------------------------------------|---------|---------|
|          |         num_pixels_read_read_fu_80         |    0    |    0    |
|   read   |           addr_in_read_read_fu_86          |    0    |    0    |
|          |          m_axi_in_read_read_fu_92          |    0    |    0    |
|          |               grp_read_fu_112              |    0    |    0    |
|----------|--------------------------------------------|---------|---------|
|   write  |            write_ln0_write_fu_98           |    0    |    0    |
|          |           write_ln52_write_fu_117          |    0    |    0    |
|----------|--------------------------------------------|---------|---------|
|  readreq |             grp_readreq_fu_106             |    0    |    0    |
|----------|--------------------------------------------|---------|---------|
|          |                 grp_fu_209                 |    0    |    0    |
|          |      muxLogicCE_to_addr_in_read_fu_211     |    0    |    0    |
| muxlogic |     muxLogicCE_to_m_axi_in_read_fu_213     |    0    |    0    |
|          |      muxLogicData_to_write_ln0_fu_215      |    0    |    0    |
|          | muxLogicCE_to_gmem_in_addr_1_read_1_fu_303 |    0    |    0    |
|          |      muxLogicData_to_write_ln52_fu_322     |    0    |    0    |
|----------|--------------------------------------------|---------|---------|
|          |              zext_ln37_fu_219              |    0    |    0    |
|   zext   |             zext_ln37_1_fu_237             |    0    |    0    |
|          |             zext_ln37_2_fu_250             |    0    |    0    |
|----------|--------------------------------------------|---------|---------|
|          |                p_shl_fu_223                |    0    |    0    |
|bitconcatenate|                shl_ln_fu_242               |    0    |    0    |
|          |              or_ln52_3_fu_313              |    0    |    0    |
|----------|--------------------------------------------|---------|---------|
|partselect|               trunc_ln_fu_260              |    0    |    0    |
|----------|--------------------------------------------|---------|---------|
|   sext   |              sext_ln37_fu_270              |    0    |    0    |
|----------|--------------------------------------------|---------|---------|
|          |                  r_fu_299                  |    0    |    0    |
|   trunc  |                  g_fu_305                  |    0    |    0    |
|          |                  b_fu_309                  |    0    |    0    |
|----------|--------------------------------------------|---------|---------|
|  return  |             return_ln54_fu_326             |    0    |    0    |
|----------|--------------------------------------------|---------|---------|
|   Total  |                                            |    0    |   143   |
|----------|--------------------------------------------|---------|---------|

Memories:
N/A

* Register list:
+-------------------------------+--------+
|                               |   FF   |
+-------------------------------+--------+
|        do_init_reg_124        |    1   |
|           g_reg_367           |    8   |
|     gmem_in_addr_1_reg_348    |   32   |
|  gmem_in_addr_phi_idx_reg_185 |   64   |
|      gmem_in_addr_reg_343     |   32   |
|gmem_in_addr_rewind_idx_reg_141|   64   |
|          i_3_reg_353          |   32   |
|           i_reg_171           |   32   |
|       icmp_ln37_reg_358       |    1   |
|    num_pixels6_phi_reg_197    |   32   |
|   num_pixels6_rewind_reg_156  |   32   |
|    num_pixels_read_reg_328    |   32   |
|           r_reg_362           |    8   |
|       sext_ln37_reg_338       |   64   |
|      zext_ln37_1_reg_333      |   64   |
+-------------------------------+--------+
|             Total             |   498  |
+-------------------------------+--------+

* Multiplexer (MUX) list: 
|---------------------------------|------|------|------|--------||---------||---------||---------|
|               Comp              |  Pin | Size |  BW  | S x BW ||  Delay  ||    FF   ||   LUT   |
|---------------------------------|------|------|------|--------||---------||---------||---------|
|        grp_readreq_fu_106       |  p1  |   2  |  32  |   64   ||    0    ||    32   |
|        grp_readreq_fu_106       |  p2  |   2  |  34  |   68   ||    0    ||    64   |
|         do_init_reg_124         |  p0  |   3  |   1  |    3   ||    0    ||    8    |
| gmem_in_addr_rewind_idx_reg_141 |  p0  |   2  |  64  |   128  ||    0    ||    64   |
|    num_pixels6_rewind_reg_156   |  p0  |   2  |  32  |   64   ||    0    ||    32   |
|---------------------------------|------|------|------|--------||---------||---------||---------|
|              Total              |      |      |      |   327  ||  2.114  ||    0    ||   200   |
|---------------------------------|------|------|------|--------||---------||---------||---------|



* Summary:
+-----------+--------+--------+--------+
|           |  Delay |   FF   |   LUT  |
+-----------+--------+--------+--------+
|  Function |    -   |    0   |   143  |
|   Memory  |    -   |    -   |    -   |
|Multiplexer|    2   |    0   |   200  |
|  Register |    -   |   498  |    -   |
+-----------+--------+--------+--------+
|   Total   |    2   |   498  |   343  |
+-----------+--------+--------+--------+
