

================================================================
== Vitis HLS Report for 'process_gray_Pipeline_process_loop'
================================================================
* Date:           Mon Jul 20 18:48:36 2026

* Version:        2024.1 (Build 5069499 on May 21 2024)
* Project:        rgb2gray_hls
* Solution:       solution (Vitis Kernel Flow Target)
* Product family: versalaicore
* Target device:  xcvc1902-vsva2197-2MP-e-S


================================================================
== Performance Estimates
================================================================
+ Timing: 
    * Summary: 
    +--------+---------+----------+------------+
    |  Clock |  Target | Estimated| Uncertainty|
    +--------+---------+----------+------------+
    |ap_clk  |  4.00 ns|  2.807 ns|     1.08 ns|
    +--------+---------+----------+------------+

+ Latency: 
    * Summary: 
    +---------+---------+----------+----------+-----+-----+-----------------------------------------------+
    |  Latency (cycles) |  Latency (absolute) |  Interval |                    Pipeline                   |
    |   min   |   max   |    min   |    max   | min | max |                      Type                     |
    +---------+---------+----------+----------+-----+-----+-----------------------------------------------+
    |        ?|        ?|         ?|         ?|    0|    0|  loop auto-rewind stp(delay=0 clock cycles(s))|
    +---------+---------+----------+----------+-----+-----+-----------------------------------------------+

    + Detail: 
        * Instance: 
        N/A

        * Loop: 
        +----------------+---------+---------+----------+-----------+-----------+------+----------+
        |                |  Latency (cycles) | Iteration|  Initiation Interval  | Trip |          |
        |    Loop Name   |   min   |   max   |  Latency |  achieved |   target  | Count| Pipelined|
        +----------------+---------+---------+----------+-----------+-----------+------+----------+
        |- process_loop  |        ?|        ?|         8|          1|          1|     ?|       yes|
        +----------------+---------+---------+----------+-----------+-----------+------+----------+



================================================================
== Utilization Estimates
================================================================
* Summary: 
+-----------------+---------+------+---------+--------+-----+
|       Name      | BRAM_18K|  DSP |    FF   |   LUT  | URAM|
+-----------------+---------+------+---------+--------+-----+
|DSP              |        -|     3|        -|       -|    -|
|Expression       |        -|     -|        0|      49|    -|
|FIFO             |        -|     -|        -|       -|    -|
|Instance         |        -|     1|        0|       0|    -|
|Memory           |        -|     -|        -|       -|    -|
|Multiplexer      |        -|     -|        0|      96|    -|
|Register         |        -|     -|       63|       -|    -|
+-----------------+---------+------+---------+--------+-----+
|Total            |        0|     4|       63|     145|    0|
+-----------------+---------+------+---------+--------+-----+
|Available        |     1934|  1968|  1799680|  899840|  463|
+-----------------+---------+------+---------+--------+-----+
|Utilization (%)  |        0|    ~0|       ~0|      ~0|    0|
+-----------------+---------+------+---------+--------+-----+

+ Detail: 
    * Instance: 
    +-------------------------+---------------------+---------+----+---+----+-----+
    |         Instance        |        Module       | BRAM_18K| DSP| FF| LUT| URAM|
    +-------------------------+---------------------+---------+----+---+----+-----+
    |mul_8ns_14ns_21_1_1_U11  |mul_8ns_14ns_21_1_1  |        0|   1|  0|   0|    0|
    +-------------------------+---------------------+---------+----+---+----+-----+
    |Total                    |                     |        0|   1|  0|   0|    0|
    +-------------------------+---------------------+---------+----+---+----+-----+

    * DSP: 
    +-------------------------------------+---------------------------------+----------------+
    |               Instance              |              Module             |   Expression   |
    +-------------------------------------+---------------------------------+----------------+
    |am_addmul_18ns_22ns_23ns_45_4_1_U14  |am_addmul_18ns_22ns_23ns_45_4_1  |  (i0 + i1) * i2|
    |mac_muladd_10ns_8ns_13ns_18_4_1_U13  |mac_muladd_10ns_8ns_13ns_18_4_1  |    i0 * i1 + i2|
    |mac_muladd_12ns_8ns_21ns_22_4_1_U12  |mac_muladd_12ns_8ns_21ns_22_4_1  |    i0 + i1 * i2|
    +-------------------------------------+---------------------------------+----------------+

    * Memory: 
    N/A

    * FIFO: 
    N/A

    * Expression: 
    +---------------------------+----------+----+---+----+------------+------------+
    |       Variable Name       | Operation| DSP| FF| LUT| Bitwidth P0| Bitwidth P1|
    +---------------------------+----------+----+---+----+------------+------------+
    |i_1_fu_105_p2              |         +|   0|  0|  32|          32|           1|
    |icmp_ln68_fu_99_p2         |      icmp|   0|  0|  13|          32|          32|
    |ap_block_pp0_stage0_01001  |        or|   0|  0|   2|           1|           1|
    |ap_enable_pp0              |       xor|   0|  0|   2|           1|           2|
    +---------------------------+----------+----+---+----+------------+------------+
    |Total                      |          |   0|  0|  49|          66|          36|
    +---------------------------+----------+----+---+----+------------+------------+

    * Multiplexer: 
    +-------------------------+----+-----------+-----+-----------+
    |           Name          | LUT| Input Size| Bits| Total Bits|
    +-------------------------+----+-----------+-----+-----------+
    |ap_done_int              |   8|          2|    1|          2|
    |ap_enable_reg_pp0_iter1  |   8|          2|    1|          2|
    |ap_sig_allocacmp_i_2     |  32|          2|   32|         64|
    |i_fu_56                  |  32|          2|   32|         64|
    |stream_gray_blk_n        |   8|          2|    1|          2|
    |stream_rgb_blk_n         |   8|          2|    1|          2|
    +-------------------------+----+-----------+-----+-----------+
    |Total                    |  96|         12|   68|        136|
    +-------------------------+----+-----------+-----+-----------+

    * Register: 
    +----------------------------------+----+----+-----+-----------+
    |               Name               | FF | LUT| Bits| Const Bits|
    +----------------------------------+----+----+-----+-----------+
    |ap_CS_fsm                         |   1|   0|    1|          0|
    |ap_done_reg                       |   1|   0|    1|          0|
    |ap_enable_reg_pp0_iter1           |   1|   0|    1|          0|
    |ap_enable_reg_pp0_iter2           |   1|   0|    1|          0|
    |ap_enable_reg_pp0_iter3           |   1|   0|    1|          0|
    |ap_enable_reg_pp0_iter4           |   1|   0|    1|          0|
    |ap_enable_reg_pp0_iter5           |   1|   0|    1|          0|
    |ap_enable_reg_pp0_iter6           |   1|   0|    1|          0|
    |ap_enable_reg_pp0_iter7           |   1|   0|    1|          0|
    |ap_loop_exit_ready_pp0_iter1_reg  |   1|   0|    1|          0|
    |ap_loop_exit_ready_pp0_iter2_reg  |   1|   0|    1|          0|
    |ap_loop_exit_ready_pp0_iter3_reg  |   1|   0|    1|          0|
    |ap_loop_exit_ready_pp0_iter4_reg  |   1|   0|    1|          0|
    |ap_loop_exit_ready_pp0_iter5_reg  |   1|   0|    1|          0|
    |ap_loop_exit_ready_pp0_iter6_reg  |   1|   0|    1|          0|
    |i_fu_56                           |  32|   0|   32|          0|
    |pixel_g_reg_258                   |   8|   0|    8|          0|
    |pixel_g_reg_258_pp0_iter2_reg     |   8|   0|    8|          0|
    +----------------------------------+----+----+-----+-----------+
    |Total                             |  63|   0|   63|          0|
    +----------------------------------+----+----+-----+-----------+



================================================================
== Interface
================================================================
* Summary: 
+----------------------------+-----+-----+------------+------------------------------------+--------------+
|          RTL Ports         | Dir | Bits|  Protocol  |            Source Object           |    C Type    |
+----------------------------+-----+-----+------------+------------------------------------+--------------+
|ap_clk                      |   in|    1|  ap_ctrl_hs|  process_gray_Pipeline_process_loop|  return value|
|ap_rst                      |   in|    1|  ap_ctrl_hs|  process_gray_Pipeline_process_loop|  return value|
|ap_start                    |   in|    1|  ap_ctrl_hs|  process_gray_Pipeline_process_loop|  return value|
|ap_done                     |  out|    1|  ap_ctrl_hs|  process_gray_Pipeline_process_loop|  return value|
|ap_idle                     |  out|    1|  ap_ctrl_hs|  process_gray_Pipeline_process_loop|  return value|
|ap_ready                    |  out|    1|  ap_ctrl_hs|  process_gray_Pipeline_process_loop|  return value|
|stream_rgb_dout             |   in|   24|     ap_fifo|                          stream_rgb|       pointer|
|stream_rgb_num_data_valid   |   in|    5|     ap_fifo|                          stream_rgb|       pointer|
|stream_rgb_fifo_cap         |   in|    5|     ap_fifo|                          stream_rgb|       pointer|
|stream_rgb_empty_n          |   in|    1|     ap_fifo|                          stream_rgb|       pointer|
|stream_rgb_read             |  out|    1|     ap_fifo|                          stream_rgb|       pointer|
|stream_gray_din             |  out|    8|     ap_fifo|                         stream_gray|       pointer|
|stream_gray_num_data_valid  |   in|    5|     ap_fifo|                         stream_gray|       pointer|
|stream_gray_fifo_cap        |   in|    5|     ap_fifo|                         stream_gray|       pointer|
|stream_gray_full_n          |   in|    1|     ap_fifo|                         stream_gray|       pointer|
|stream_gray_write           |  out|    1|     ap_fifo|                         stream_gray|       pointer|
|num_pixels_load             |   in|   32|     ap_none|                     num_pixels_load|        scalar|
+----------------------------+-----+-----+------------+------------------------------------+--------------+

============================================================
+ Verbose Summary: Synthesis Manager
============================================================
InlineROM: 1
ExposeGlobal: 0
============================================================
+ Verbose Summary: CDFG Model
============================================================
IsTopModel: 0
ResetActiveHigh: 1
IsCombinational: 2
IsDatapathOnly: 2
HasWiredReturn: 1
HasMFsm: 2
HasVarLatency: 1
IsPipeline: 0
IsRtlPipelined: 0
IsInstanceOverlapped: 0
IsDontTouch: 0
HasImplIP: 0
IsGatedGlobalClock: 0

+ Individual pipeline summary: 
  * Pipeline-0: initiation interval (II) = 1, depth = 8


============================================================
+ Verbose Summary: Schedule
============================================================
* Number of FSM states : 8
* Pipeline : 1
  Pipeline-0 : II = 1, D = 8, States = { 1 2 3 4 5 6 7 8 }
* Dataflow Pipeline: 0

* FSM state transitions: 
1 --> 2 
2 --> 3 
3 --> 4 
4 --> 5 
5 --> 6 
6 --> 7 
7 --> 8 
8 --> 

* FSM state operations: 

State 1 <SV = 0> <Delay = 1.66>
ST_1 : Operation 11 [1/1] (0.00ns)   --->   "%i = alloca i32 1" [../rgb2gray_kernel.cpp:68]   --->   Operation 11 'alloca' 'i' <Predicate = true> <Delay = 0.00>
ST_1 : Operation 12 [1/1] (0.00ns)   --->   "%specinterface_ln0 = specinterface void @_ssdm_op_SpecInterface, i24 %stream_rgb, void @empty_14, i32 0, i32 0, void @empty_0, i32 0, i32 0, void @empty_0, void @empty_0, void @empty_0, i32 0, i32 0, i32 0, i32 0, void @empty_0, void @empty_0, i32 4294967295, i32 0, i32 0"   --->   Operation 12 'specinterface' 'specinterface_ln0' <Predicate = true> <Delay = 0.00>
ST_1 : Operation 13 [1/1] (0.00ns)   --->   "%specinterface_ln0 = specinterface void @_ssdm_op_SpecInterface, i8 %stream_gray, void @empty_14, i32 0, i32 0, void @empty_0, i32 0, i32 0, void @empty_0, void @empty_0, void @empty_0, i32 0, i32 0, i32 0, i32 0, void @empty_0, void @empty_0, i32 4294967295, i32 0, i32 0"   --->   Operation 13 'specinterface' 'specinterface_ln0' <Predicate = true> <Delay = 0.00>
ST_1 : Operation 14 [1/1] (0.00ns)   --->   "%muxLogicCE_to_num_pixels_load_read = muxlogic"   --->   Operation 14 'muxlogic' 'muxLogicCE_to_num_pixels_load_read' <Predicate = true> <Delay = 0.00>
ST_1 : Operation 15 [1/1] (0.00ns)   --->   "%num_pixels_load_read = read i32 @_ssdm_op_Read.ap_auto.i32, i32 %num_pixels_load" [../rgb2gray_kernel.cpp:64]   --->   Operation 15 'read' 'num_pixels_load_read' <Predicate = true> <Delay = 0.00>
ST_1 : Operation 16 [1/1] (0.00ns)   --->   "%muxLogicData_to_store_ln68 = muxlogic i32 0"   --->   Operation 16 'muxlogic' 'muxLogicData_to_store_ln68' <Predicate = true> <Delay = 0.00>
ST_1 : Operation 17 [1/1] (0.00ns)   --->   "%muxLogicAddr_to_store_ln68 = muxlogic i32 %i"   --->   Operation 17 'muxlogic' 'muxLogicAddr_to_store_ln68' <Predicate = true> <Delay = 0.00>
ST_1 : Operation 18 [1/1] (0.40ns)   --->   "%store_ln68 = store i32 0, i32 %i" [../rgb2gray_kernel.cpp:68]   --->   Operation 18 'store' 'store_ln68' <Predicate = true> <Delay = 0.40>
ST_1 : Operation 19 [1/1] (0.00ns)   --->   "%br_ln68 = br void %for.inc" [../rgb2gray_kernel.cpp:68]   --->   Operation 19 'br' 'br_ln68' <Predicate = true> <Delay = 0.00>
ST_1 : Operation 20 [1/1] (0.00ns)   --->   "%MuxLogicAddr_to_i_2 = muxlogic i32 %i"   --->   Operation 20 'muxlogic' 'MuxLogicAddr_to_i_2' <Predicate = true> <Delay = 0.00>
ST_1 : Operation 21 [1/1] (0.00ns)   --->   "%i_2 = load i32 %i" [../rgb2gray_kernel.cpp:68]   --->   Operation 21 'load' 'i_2' <Predicate = true> <Delay = 0.00>
ST_1 : Operation 22 [1/1] (0.71ns)   --->   "%icmp_ln68 = icmp_eq  i32 %i_2, i32 %num_pixels_load_read" [../rgb2gray_kernel.cpp:68]   --->   Operation 22 'icmp' 'icmp_ln68' <Predicate = true> <Delay = 0.71> <CoreInst = "ICmp_EQ">   --->   Core 156 'ICmp_EQ' <Latency = 0> <II = 1> <Delay = 0.71> <FuncUnit> <Opcode : 'seteq' 'setne'> <InPorts = 2> <OutPorts = 1>
ST_1 : Operation 23 [1/1] (0.00ns)   --->   "%br_ln68 = br i1 %icmp_ln68, void %for.inc.split, void %for.end.loopexit.exitStub" [../rgb2gray_kernel.cpp:68]   --->   Operation 23 'br' 'br_ln68' <Predicate = true> <Delay = 0.00>
ST_1 : Operation 24 [1/1] (0.86ns)   --->   "%i_1 = add i32 %i_2, i32 1" [../rgb2gray_kernel.cpp:68]   --->   Operation 24 'add' 'i_1' <Predicate = (!icmp_ln68)> <Delay = 0.86> <CoreInst = "Adder">   --->   Core 1 'Adder' <Latency = 0> <II = 1> <Delay = 0.86> <FuncUnit> <Opcode : 'add' 'sub'> <InPorts = 2> <OutPorts = 1>
ST_1 : Operation 25 [1/1] (0.00ns)   --->   "%muxLogicData_to_store_ln68 = muxlogic i32 %i_1"   --->   Operation 25 'muxlogic' 'muxLogicData_to_store_ln68' <Predicate = (!icmp_ln68)> <Delay = 0.00>
ST_1 : Operation 26 [1/1] (0.00ns)   --->   "%muxLogicAddr_to_store_ln68 = muxlogic i32 %i"   --->   Operation 26 'muxlogic' 'muxLogicAddr_to_store_ln68' <Predicate = (!icmp_ln68)> <Delay = 0.00>
ST_1 : Operation 27 [1/1] (0.40ns)   --->   "%store_ln68 = store i32 %i_1, i32 %i" [../rgb2gray_kernel.cpp:68]   --->   Operation 27 'store' 'store_ln68' <Predicate = (!icmp_ln68)> <Delay = 0.40>

State 2 <SV = 1> <Delay = 1.20>
ST_2 : Operation 28 [1/1] (0.00ns)   --->   "%muxLogicCE_to_stream_rgb_read = muxlogic"   --->   Operation 28 'muxlogic' 'muxLogicCE_to_stream_rgb_read' <Predicate = true> <Delay = 0.00>
ST_2 : Operation 29 [1/1] (0.80ns)   --->   "%stream_rgb_read = read i24 @_ssdm_op_Read.ap_fifo.volatile.i24P0A, i24 %stream_rgb" [../rgb2gray_kernel.cpp:71]   --->   Operation 29 'read' 'stream_rgb_read' <Predicate = true> <Delay = 0.80> <CoreInst = "FIFO_SRL">   --->   Core 84 'FIFO_SRL' <Latency = 0> <II = 1> <Delay = 0.77> <Storage> <Opcode : 'read' 'write' 'nbread' 'nbwrite'> <Ports = 0> <Width = 24> <Depth = 16> <FIFO>
ST_2 : Operation 30 [1/1] (0.00ns)   --->   "%pixel_r = trunc i24 %stream_rgb_read" [../rgb2gray_kernel.cpp:71]   --->   Operation 30 'trunc' 'pixel_r' <Predicate = true> <Delay = 0.00>
ST_2 : Operation 31 [1/1] (0.00ns)   --->   "%pixel_g = partselect i8 @_ssdm_op_PartSelect.i8.i24.i32.i32, i24 %stream_rgb_read, i32 8, i32 15" [../rgb2gray_kernel.cpp:71]   --->   Operation 31 'partselect' 'pixel_g' <Predicate = true> <Delay = 0.00>
ST_2 : Operation 32 [1/1] (0.00ns)   --->   "%zext_ln18 = zext i8 %pixel_r" [../rgb2gray_kernel.cpp:18->../rgb2gray_kernel.cpp:72]   --->   Operation 32 'zext' 'zext_ln18' <Predicate = true> <Delay = 0.00>
ST_2 : Operation 33 [1/1] (0.00ns)   --->   "%tmp = partselect i8 @_ssdm_op_PartSelect.i8.i24.i32.i32, i24 %stream_rgb_read, i32 16, i32 23" [../rgb2gray_kernel.cpp:19->../rgb2gray_kernel.cpp:72]   --->   Operation 33 'partselect' 'tmp' <Predicate = true> <Delay = 0.00>
ST_2 : Operation 34 [1/1] (0.00ns)   --->   "%zext_ln19_3 = zext i8 %tmp" [../rgb2gray_kernel.cpp:19->../rgb2gray_kernel.cpp:72]   --->   Operation 34 'zext' 'zext_ln19_3' <Predicate = true> <Delay = 0.00>
ST_2 : Operation 35 [1/1] (0.00ns)   --->   "%muxLogicI0_to_mul_ln19 = muxlogic i20 %zext_ln18"   --->   Operation 35 'muxlogic' 'muxLogicI0_to_mul_ln19' <Predicate = true> <Delay = 0.00>
ST_2 : Operation 36 [1/1] (0.00ns)   --->   "%muxLogicI1_to_mul_ln19 = muxlogic i20 2126"   --->   Operation 36 'muxlogic' 'muxLogicI1_to_mul_ln19' <Predicate = true> <Delay = 0.00>
ST_2 : Operation 37 [3/3] (0.39ns) (grouped into DSP with root node add_ln20_1)   --->   "%mul_ln19 = mul i20 %zext_ln18, i20 2126" [../rgb2gray_kernel.cpp:19->../rgb2gray_kernel.cpp:72]   --->   Operation 37 'mul' 'mul_ln19' <Predicate = true> <Delay = 0.39> <CoreInst = "DSP48">   --->   Core 129 'DSP48' <Latency = 3> <II = 1> <Delay = 0.79> <IPBlock> <Opcode : '' 'add' 'sub' 'mul' 'select'> <InPorts = 0> <OutPorts = 1> <Sync> <CReg>
ST_2 : Operation 38 [1/1] (0.00ns)   --->   "%muxLogicI0_to_mul_ln19_2 = muxlogic i18 %zext_ln19_3"   --->   Operation 38 'muxlogic' 'muxLogicI0_to_mul_ln19_2' <Predicate = true> <Delay = 0.00>
ST_2 : Operation 39 [1/1] (0.00ns)   --->   "%muxLogicI1_to_mul_ln19_2 = muxlogic i18 722"   --->   Operation 39 'muxlogic' 'muxLogicI1_to_mul_ln19_2' <Predicate = true> <Delay = 0.00>
ST_2 : Operation 40 [3/3] (0.39ns) (grouped into DSP with root node add_ln20_2)   --->   "%mul_ln19_2 = mul i18 %zext_ln19_3, i18 722" [../rgb2gray_kernel.cpp:19->../rgb2gray_kernel.cpp:72]   --->   Operation 40 'mul' 'mul_ln19_2' <Predicate = true> <Delay = 0.39> <CoreInst = "DSP48">   --->   Core 129 'DSP48' <Latency = 3> <II = 1> <Delay = 0.79> <IPBlock> <Opcode : '' 'add' 'sub' 'mul' 'select'> <InPorts = 0> <OutPorts = 1> <Sync> <CReg>

State 3 <SV = 2> <Delay = 0.79>
ST_3 : Operation 41 [2/3] (0.79ns) (grouped into DSP with root node add_ln20_1)   --->   "%mul_ln19 = mul i20 %zext_ln18, i20 2126" [../rgb2gray_kernel.cpp:19->../rgb2gray_kernel.cpp:72]   --->   Operation 41 'mul' 'mul_ln19' <Predicate = true> <Delay = 0.79> <CoreInst = "DSP48">   --->   Core 129 'DSP48' <Latency = 3> <II = 1> <Delay = 0.79> <IPBlock> <Opcode : '' 'add' 'sub' 'mul' 'select'> <InPorts = 0> <OutPorts = 1> <Sync> <CReg>
ST_3 : Operation 42 [2/3] (0.79ns) (grouped into DSP with root node add_ln20_2)   --->   "%mul_ln19_2 = mul i18 %zext_ln19_3, i18 722" [../rgb2gray_kernel.cpp:19->../rgb2gray_kernel.cpp:72]   --->   Operation 42 'mul' 'mul_ln19_2' <Predicate = true> <Delay = 0.79> <CoreInst = "DSP48">   --->   Core 129 'DSP48' <Latency = 3> <II = 1> <Delay = 0.79> <IPBlock> <Opcode : '' 'add' 'sub' 'mul' 'select'> <InPorts = 0> <OutPorts = 1> <Sync> <CReg>

State 4 <SV = 3> <Delay = 2.80>
ST_4 : Operation 43 [1/1] (0.00ns)   --->   "%zext_ln19 = zext i8 %pixel_g" [../rgb2gray_kernel.cpp:19->../rgb2gray_kernel.cpp:72]   --->   Operation 43 'zext' 'zext_ln19' <Predicate = true> <Delay = 0.00>
ST_4 : Operation 44 [1/3] (0.00ns) (grouped into DSP with root node add_ln20_1)   --->   "%mul_ln19 = mul i20 %zext_ln18, i20 2126" [../rgb2gray_kernel.cpp:19->../rgb2gray_kernel.cpp:72]   --->   Operation 44 'mul' 'mul_ln19' <Predicate = true> <Delay = 0.00> <CoreInst = "DSP48">   --->   Core 129 'DSP48' <Latency = 3> <II = 1> <Delay = 0.79> <IPBlock> <Opcode : '' 'add' 'sub' 'mul' 'select'> <InPorts = 0> <OutPorts = 1> <Sync> <CReg>
ST_4 : Operation 45 [1/1] (0.00ns) (grouped into DSP with root node add_ln20_1)   --->   "%zext_ln19_1 = zext i20 %mul_ln19" [../rgb2gray_kernel.cpp:19->../rgb2gray_kernel.cpp:72]   --->   Operation 45 'zext' 'zext_ln19_1' <Predicate = true> <Delay = 0.00>
ST_4 : Operation 46 [1/1] (0.00ns)   --->   "%muxLogicI0_to_mul_ln19_1 = muxlogic i21 %zext_ln19"   --->   Operation 46 'muxlogic' 'muxLogicI0_to_mul_ln19_1' <Predicate = true> <Delay = 0.00>
ST_4 : Operation 47 [1/1] (0.00ns)   --->   "%muxLogicI1_to_mul_ln19_1 = muxlogic i21 7152"   --->   Operation 47 'muxlogic' 'muxLogicI1_to_mul_ln19_1' <Predicate = true> <Delay = 0.00>
ST_4 : Operation 48 [1/1] (2.01ns)   --->   "%mul_ln19_1 = mul i21 %zext_ln19, i21 7152" [../rgb2gray_kernel.cpp:19->../rgb2gray_kernel.cpp:72]   --->   Operation 48 'mul' 'mul_ln19_1' <Predicate = true> <Delay = 2.01> <CoreInst = "Multiplier">   --->   Core 3 'Multiplier' <Latency = 0> <II = 1> <Delay = 2.01> <FuncUnit> <Opcode : 'mul'> <InPorts = 2> <OutPorts = 1>
ST_4 : Operation 49 [1/1] (0.00ns)   --->   "%zext_ln19_2 = zext i21 %mul_ln19_1" [../rgb2gray_kernel.cpp:19->../rgb2gray_kernel.cpp:72]   --->   Operation 49 'zext' 'zext_ln19_2' <Predicate = true> <Delay = 0.00>
ST_4 : Operation 50 [1/3] (0.00ns) (grouped into DSP with root node add_ln20_2)   --->   "%mul_ln19_2 = mul i18 %zext_ln19_3, i18 722" [../rgb2gray_kernel.cpp:19->../rgb2gray_kernel.cpp:72]   --->   Operation 50 'mul' 'mul_ln19_2' <Predicate = true> <Delay = 0.00> <CoreInst = "DSP48">   --->   Core 129 'DSP48' <Latency = 3> <II = 1> <Delay = 0.79> <IPBlock> <Opcode : '' 'add' 'sub' 'mul' 'select'> <InPorts = 0> <OutPorts = 1> <Sync> <CReg>
ST_4 : Operation 51 [2/2] (0.79ns) (root node of the DSP)   --->   "%add_ln20_1 = add i22 %zext_ln19_2, i22 %zext_ln19_1" [../rgb2gray_kernel.cpp:20->../rgb2gray_kernel.cpp:72]   --->   Operation 51 'add' 'add_ln20_1' <Predicate = true> <Delay = 0.79> <CoreInst = "DSP48">   --->   Core 129 'DSP48' <Latency = 3> <II = 1> <Delay = 0.79> <IPBlock> <Opcode : '' 'add' 'sub' 'mul' 'select'> <InPorts = 0> <OutPorts = 1> <Sync> <CReg>
ST_4 : Operation 52 [2/2] (0.79ns) (root node of the DSP)   --->   "%add_ln20_2 = add i18 %mul_ln19_2, i18 5000" [../rgb2gray_kernel.cpp:20->../rgb2gray_kernel.cpp:72]   --->   Operation 52 'add' 'add_ln20_2' <Predicate = true> <Delay = 0.79> <CoreInst = "DSP48">   --->   Core 129 'DSP48' <Latency = 3> <II = 1> <Delay = 0.79> <IPBlock> <Opcode : '' 'add' 'sub' 'mul' 'select'> <InPorts = 0> <OutPorts = 1> <Sync> <CReg>

State 5 <SV = 4> <Delay = 1.56>
ST_5 : Operation 53 [1/2] (0.31ns) (root node of the DSP)   --->   "%add_ln20_1 = add i22 %zext_ln19_2, i22 %zext_ln19_1" [../rgb2gray_kernel.cpp:20->../rgb2gray_kernel.cpp:72]   --->   Operation 53 'add' 'add_ln20_1' <Predicate = true> <Delay = 0.31> <CoreInst = "DSP48">   --->   Core 129 'DSP48' <Latency = 3> <II = 1> <Delay = 0.79> <IPBlock> <Opcode : '' 'add' 'sub' 'mul' 'select'> <InPorts = 0> <OutPorts = 1> <Sync> <CReg>
ST_5 : Operation 54 [1/2] (0.31ns) (root node of the DSP)   --->   "%add_ln20_2 = add i18 %mul_ln19_2, i18 5000" [../rgb2gray_kernel.cpp:20->../rgb2gray_kernel.cpp:72]   --->   Operation 54 'add' 'add_ln20_2' <Predicate = true> <Delay = 0.31> <CoreInst = "DSP48">   --->   Core 129 'DSP48' <Latency = 3> <II = 1> <Delay = 0.79> <IPBlock> <Opcode : '' 'add' 'sub' 'mul' 'select'> <InPorts = 0> <OutPorts = 1> <Sync> <CReg>
ST_5 : Operation 55 [1/1] (0.00ns)   --->   "%zext_ln20 = zext i18 %add_ln20_2" [../rgb2gray_kernel.cpp:20->../rgb2gray_kernel.cpp:72]   --->   Operation 55 'zext' 'zext_ln20' <Predicate = true> <Delay = 0.00>
ST_5 : Operation 56 [1/1] (0.85ns) (grouped into DSP with root node mul_ln20)   --->   "%add_ln20 = add i22 %zext_ln20, i22 %add_ln20_1" [../rgb2gray_kernel.cpp:20->../rgb2gray_kernel.cpp:72]   --->   Operation 56 'add' 'add_ln20' <Predicate = true> <Delay = 0.85> <CoreInst = "DSP48">   --->   Core 129 'DSP48' <Latency = 3> <II = 1> <Delay = 0.79> <IPBlock> <Opcode : '' 'add' 'sub' 'mul' 'select'> <InPorts = 0> <OutPorts = 1> <Sync> <CReg>
ST_5 : Operation 57 [1/1] (0.00ns) (grouped into DSP with root node mul_ln20)   --->   "%zext_ln20_1 = zext i22 %add_ln20" [../rgb2gray_kernel.cpp:20->../rgb2gray_kernel.cpp:72]   --->   Operation 57 'zext' 'zext_ln20_1' <Predicate = true> <Delay = 0.00>
ST_5 : Operation 58 [1/1] (0.00ns)   --->   "%muxLogicI0_to_mul_ln20 = muxlogic i45 %zext_ln20_1"   --->   Operation 58 'muxlogic' 'muxLogicI0_to_mul_ln20' <Predicate = true> <Delay = 0.00>
ST_5 : Operation 59 [1/1] (0.00ns)   --->   "%muxLogicI1_to_mul_ln20 = muxlogic i45 6871948"   --->   Operation 59 'muxlogic' 'muxLogicI1_to_mul_ln20' <Predicate = true> <Delay = 0.00>
ST_5 : Operation 60 [4/4] (0.39ns) (root node of the DSP)   --->   "%mul_ln20 = mul i45 %zext_ln20_1, i45 6871948" [../rgb2gray_kernel.cpp:20->../rgb2gray_kernel.cpp:72]   --->   Operation 60 'mul' 'mul_ln20' <Predicate = true> <Delay = 0.39> <CoreInst = "DSP48">   --->   Core 129 'DSP48' <Latency = 3> <II = 1> <Delay = 0.79> <IPBlock> <Opcode : '' 'add' 'sub' 'mul' 'select'> <InPorts = 0> <OutPorts = 1> <Sync> <CReg>

State 6 <SV = 5> <Delay = 0.75>
ST_6 : Operation 61 [3/4] (0.75ns) (root node of the DSP)   --->   "%mul_ln20 = mul i45 %zext_ln20_1, i45 6871948" [../rgb2gray_kernel.cpp:20->../rgb2gray_kernel.cpp:72]   --->   Operation 61 'mul' 'mul_ln20' <Predicate = true> <Delay = 0.75> <CoreInst = "DSP48">   --->   Core 129 'DSP48' <Latency = 3> <II = 1> <Delay = 0.79> <IPBlock> <Opcode : '' 'add' 'sub' 'mul' 'select'> <InPorts = 0> <OutPorts = 1> <Sync> <CReg>

State 7 <SV = 6> <Delay = 0.75>
ST_7 : Operation 62 [2/4] (0.75ns) (root node of the DSP)   --->   "%mul_ln20 = mul i45 %zext_ln20_1, i45 6871948" [../rgb2gray_kernel.cpp:20->../rgb2gray_kernel.cpp:72]   --->   Operation 62 'mul' 'mul_ln20' <Predicate = true> <Delay = 0.75> <CoreInst = "DSP48">   --->   Core 129 'DSP48' <Latency = 3> <II = 1> <Delay = 0.79> <IPBlock> <Opcode : '' 'add' 'sub' 'mul' 'select'> <InPorts = 0> <OutPorts = 1> <Sync> <CReg>
ST_7 : Operation 70 [1/1] (0.38ns)   --->   "%ret_ln0 = ret"   --->   Operation 70 'ret' 'ret_ln0' <Predicate = (icmp_ln68)> <Delay = 0.38>

State 8 <SV = 7> <Delay = 0.66>
ST_8 : Operation 63 [1/1] (0.00ns)   --->   "%specpipeline_ln69 = specpipeline void @_ssdm_op_SpecPipeline, i32 1, i32 0, i32 0, i32 0, void @empty_0" [../rgb2gray_kernel.cpp:69]   --->   Operation 63 'specpipeline' 'specpipeline_ln69' <Predicate = true> <Delay = 0.00>
ST_8 : Operation 64 [1/1] (0.00ns)   --->   "%specloopname_ln68 = specloopname void @_ssdm_op_SpecLoopName, void @empty_15" [../rgb2gray_kernel.cpp:68]   --->   Operation 64 'specloopname' 'specloopname_ln68' <Predicate = true> <Delay = 0.00>
ST_8 : Operation 65 [1/4] (0.00ns) (root node of the DSP)   --->   "%mul_ln20 = mul i45 %zext_ln20_1, i45 6871948" [../rgb2gray_kernel.cpp:20->../rgb2gray_kernel.cpp:72]   --->   Operation 65 'mul' 'mul_ln20' <Predicate = true> <Delay = 0.00> <CoreInst = "DSP48">   --->   Core 129 'DSP48' <Latency = 3> <II = 1> <Delay = 0.79> <IPBlock> <Opcode : '' 'add' 'sub' 'mul' 'select'> <InPorts = 0> <OutPorts = 1> <Sync> <CReg>
ST_8 : Operation 66 [1/1] (0.00ns)   --->   "%gray = partselect i8 @_ssdm_op_PartSelect.i8.i45.i32.i32, i45 %mul_ln20, i32 36, i32 43" [../rgb2gray_kernel.cpp:21->../rgb2gray_kernel.cpp:72]   --->   Operation 66 'partselect' 'gray' <Predicate = true> <Delay = 0.00>
ST_8 : Operation 67 [1/1] (0.00ns)   --->   "%muxLogicData_to_write_ln73 = muxlogic i8 %gray"   --->   Operation 67 'muxlogic' 'muxLogicData_to_write_ln73' <Predicate = true> <Delay = 0.00>
ST_8 : Operation 68 [1/1] (0.66ns)   --->   "%write_ln73 = write void @_ssdm_op_Write.ap_fifo.volatile.i8P0A, i8 %stream_gray, i8 %gray" [../rgb2gray_kernel.cpp:73]   --->   Operation 68 'write' 'write_ln73' <Predicate = true> <Delay = 0.66> <CoreInst = "FIFO_SRL">   --->   Core 84 'FIFO_SRL' <Latency = 0> <II = 1> <Delay = 0.76> <Storage> <Opcode : 'read' 'write' 'nbread' 'nbwrite'> <Ports = 0> <Width = 8> <Depth = 16> <FIFO>
ST_8 : Operation 69 [1/1] (0.00ns)   --->   "%br_ln68 = br void %for.inc" [../rgb2gray_kernel.cpp:68]   --->   Operation 69 'br' 'br_ln68' <Predicate = true> <Delay = 0.00>


============================================================
+ Verbose Summary: Binding
============================================================
STG Binding: 
---------------- STG Properties BEGIN ----------------
- Is combinational: 0
- Is one-state seq: 0
- Is datapath-only: 0
- Is pipelined: 0
- Is top level: 0
Port [ Return ] is wired: 1; IO mode=ap_ctrl_hs:ce=0
Port [ num_pixels_load]:  wired=1; compound=0; hidden=0; nouse=0; global=0; static=0; extern=0; dir=0; type=0; pingpong=0; private_global=0; IO mode=ap_none:ce=0
Port [ stream_rgb]:  wired=1; compound=1; hidden=0; nouse=0; global=0; static=0; extern=0; dir=0; type=3; pingpong=0; private_global=0; IO mode=ap_fifo:ce=0
Port [ stream_gray]:  wired=1; compound=1; hidden=0; nouse=0; global=0; static=0; extern=0; dir=1; type=3; pingpong=0; private_global=0; IO mode=ap_fifo:ce=0
---------------- STG Properties END ------------------

---------------- Datapath Model BEGIN ----------------

<LifeTime>
<method=bitvector/>
i                                  (alloca       ) [ 010000000]
specinterface_ln0                  (specinterface) [ 000000000]
specinterface_ln0                  (specinterface) [ 000000000]
muxLogicCE_to_num_pixels_load_read (muxlogic     ) [ 000000000]
num_pixels_load_read               (read         ) [ 000000000]
muxLogicData_to_store_ln68         (muxlogic     ) [ 000000000]
muxLogicAddr_to_store_ln68         (muxlogic     ) [ 000000000]
store_ln68                         (store        ) [ 000000000]
br_ln68                            (br           ) [ 000000000]
MuxLogicAddr_to_i_2                (muxlogic     ) [ 000000000]
i_2                                (load         ) [ 000000000]
icmp_ln68                          (icmp         ) [ 011111110]
br_ln68                            (br           ) [ 000000000]
i_1                                (add          ) [ 000000000]
muxLogicData_to_store_ln68         (muxlogic     ) [ 000000000]
muxLogicAddr_to_store_ln68         (muxlogic     ) [ 000000000]
store_ln68                         (store        ) [ 000000000]
muxLogicCE_to_stream_rgb_read      (muxlogic     ) [ 000000000]
stream_rgb_read                    (read         ) [ 000000000]
pixel_r                            (trunc        ) [ 000000000]
pixel_g                            (partselect   ) [ 010110000]
zext_ln18                          (zext         ) [ 010110000]
tmp                                (partselect   ) [ 000000000]
zext_ln19_3                        (zext         ) [ 010110000]
muxLogicI0_to_mul_ln19             (muxlogic     ) [ 000000000]
muxLogicI1_to_mul_ln19             (muxlogic     ) [ 000000000]
muxLogicI0_to_mul_ln19_2           (muxlogic     ) [ 000000000]
muxLogicI1_to_mul_ln19_2           (muxlogic     ) [ 000000000]
zext_ln19                          (zext         ) [ 000000000]
mul_ln19                           (mul          ) [ 000000000]
zext_ln19_1                        (zext         ) [ 010001000]
muxLogicI0_to_mul_ln19_1           (muxlogic     ) [ 000000000]
muxLogicI1_to_mul_ln19_1           (muxlogic     ) [ 000000000]
mul_ln19_1                         (mul          ) [ 000000000]
zext_ln19_2                        (zext         ) [ 010001000]
mul_ln19_2                         (mul          ) [ 010001000]
add_ln20_1                         (add          ) [ 000000000]
add_ln20_2                         (add          ) [ 000000000]
zext_ln20                          (zext         ) [ 000000000]
add_ln20                           (add          ) [ 000000000]
zext_ln20_1                        (zext         ) [ 010000111]
muxLogicI0_to_mul_ln20             (muxlogic     ) [ 000000000]
muxLogicI1_to_mul_ln20             (muxlogic     ) [ 000000000]
specpipeline_ln69                  (specpipeline ) [ 000000000]
specloopname_ln68                  (specloopname ) [ 000000000]
mul_ln20                           (mul          ) [ 000000000]
gray                               (partselect   ) [ 000000000]
muxLogicData_to_write_ln73         (muxlogic     ) [ 000000000]
write_ln73                         (write        ) [ 000000000]
br_ln68                            (br           ) [ 000000000]
ret_ln0                            (ret          ) [ 000000000]
</LifeTime>

<model>

<comp_list>
<comp id="0" class="1000" name="num_pixels_load">
<pin_list>
<pin id="1" dir="1" index="0" bw="1" slack="0"/>
</pin_list>
<bind>
<StgValue><ssdm name="num_pixels_load"/></StgValue>
</bind>
</comp>

<comp id="2" class="1000" name="stream_rgb">
<pin_list>
<pin id="3" dir="1" index="0" bw="1" slack="0"/>
</pin_list>
<bind>
<StgValue><ssdm name="stream_rgb"/></StgValue>
</bind>
</comp>

<comp id="4" class="1000" name="stream_gray">
<pin_list>
<pin id="5" dir="1" index="0" bw="1" slack="0"/>
</pin_list>
<bind>
<StgValue><ssdm name="stream_gray"/></StgValue>
</bind>
</comp>

<comp id="6" class="1001" name="const_6">
<pin_list>
<pin id="7" dir="1" index="0" bw="1" slack="0"/>
</pin_list>
<bind>
<StgValue><ssdm name=""/></StgValue>
</bind>
</comp>

<comp id="8" class="1001" name="const_8">
<pin_list>
<pin id="9" dir="1" index="0" bw="1" slack="2147483647"/>
</pin_list>
<bind>
<StgValue><ssdm name="_ssdm_op_SpecInterface"/></StgValue>
</bind>
</comp>

<comp id="10" class="1001" name="const_10">
<pin_list>
<pin id="11" dir="1" index="0" bw="1" slack="2147483647"/>
</pin_list>
<bind>
<StgValue><ssdm name="empty_14"/></StgValue>
</bind>
</comp>

<comp id="12" class="1001" name="const_12">
<pin_list>
<pin id="13" dir="1" index="0" bw="1" slack="0"/>
</pin_list>
<bind>
<StgValue><ssdm name=""/></StgValue>
</bind>
</comp>

<comp id="14" class="1001" name="const_14">
<pin_list>
<pin id="15" dir="1" index="0" bw="1" slack="2147483647"/>
</pin_list>
<bind>
<StgValue><ssdm name="empty_0"/></StgValue>
</bind>
</comp>

<comp id="16" class="1001" name="const_16">
<pin_list>
<pin id="17" dir="1" index="0" bw="1" slack="2147483647"/>
</pin_list>
<bind>
<StgValue><ssdm name=""/></StgValue>
</bind>
</comp>

<comp id="18" class="1001" name="const_18">
<pin_list>
<pin id="19" dir="1" index="0" bw="1" slack="0"/>
</pin_list>
<bind>
<StgValue><ssdm name="_ssdm_op_Read.ap_auto.i32"/></StgValue>
</bind>
</comp>

<comp id="20" class="1001" name="const_20">
<pin_list>
<pin id="21" dir="1" index="0" bw="1" slack="0"/>
</pin_list>
<bind>
<StgValue><ssdm name="_ssdm_op_Read.ap_fifo.volatile.i24P0A"/></StgValue>
</bind>
</comp>

<comp id="22" class="1001" name="const_22">
<pin_list>
<pin id="23" dir="1" index="0" bw="1" slack="0"/>
</pin_list>
<bind>
<StgValue><ssdm name="_ssdm_op_PartSelect.i8.i24.i32.i32"/></StgValue>
</bind>
</comp>

<comp id="24" class="1001" name="const_24">
<pin_list>
<pin id="25" dir="1" index="0" bw="1" slack="0"/>
</pin_list>
<bind>
<StgValue><ssdm name=""/></StgValue>
</bind>
</comp>

<comp id="26" class="1001" name="const_26">
<pin_list>
<pin id="27" dir="1" index="0" bw="1" slack="0"/>
</pin_list>
<bind>
<StgValue><ssdm name=""/></StgValue>
</bind>
</comp>

<comp id="28" class="1001" name="const_28">
<pin_list>
<pin id="29" dir="1" index="0" bw="1" slack="0"/>
</pin_list>
<bind>
<StgValue><ssdm name=""/></StgValue>
</bind>
</comp>

<comp id="30" class="1001" name="const_30">
<pin_list>
<pin id="31" dir="1" index="0" bw="1" slack="0"/>
</pin_list>
<bind>
<StgValue><ssdm name=""/></StgValue>
</bind>
</comp>

<comp id="32" class="1001" name="const_32">
<pin_list>
<pin id="33" dir="1" index="0" bw="1" slack="0"/>
</pin_list>
<bind>
<StgValue><ssdm name=""/></StgValue>
</bind>
</comp>

<comp id="34" class="1001" name="const_34">
<pin_list>
<pin id="35" dir="1" index="0" bw="1" slack="0"/>
</pin_list>
<bind>
<StgValue><ssdm name=""/></StgValue>
</bind>
</comp>

<comp id="36" class="1001" name="const_36">
<pin_list>
<pin id="37" dir="1" index="0" bw="1" slack="0"/>
</pin_list>
<bind>
<StgValue><ssdm name=""/></StgValue>
</bind>
</comp>

<comp id="38" class="1001" name="const_38">
<pin_list>
<pin id="39" dir="1" index="0" bw="1" slack="0"/>
</pin_list>
<bind>
<StgValue><ssdm name=""/></StgValue>
</bind>
</comp>

<comp id="40" class="1001" name="const_40">
<pin_list>
<pin id="41" dir="1" index="0" bw="1" slack="0"/>
</pin_list>
<bind>
<StgValue><ssdm name=""/></StgValue>
</bind>
</comp>

<comp id="42" class="1001" name="const_42">
<pin_list>
<pin id="43" dir="1" index="0" bw="1" slack="2147483647"/>
</pin_list>
<bind>
<StgValue><ssdm name="_ssdm_op_SpecPipeline"/></StgValue>
</bind>
</comp>

<comp id="44" class="1001" name="const_44">
<pin_list>
<pin id="45" dir="1" index="0" bw="1" slack="2147483647"/>
</pin_list>
<bind>
<StgValue><ssdm name="_ssdm_op_SpecLoopName"/></StgValue>
</bind>
</comp>

<comp id="46" class="1001" name="const_46">
<pin_list>
<pin id="47" dir="1" index="0" bw="1" slack="2147483647"/>
</pin_list>
<bind>
<StgValue><ssdm name="empty_15"/></StgValue>
</bind>
</comp>

<comp id="48" class="1001" name="const_48">
<pin_list>
<pin id="49" dir="1" index="0" bw="1" slack="0"/>
</pin_list>
<bind>
<StgValue><ssdm name="_ssdm_op_PartSelect.i8.i45.i32.i32"/></StgValue>
</bind>
</comp>

<comp id="50" class="1001" name="const_50">
<pin_list>
<pin id="51" dir="1" index="0" bw="1" slack="0"/>
</pin_list>
<bind>
<StgValue><ssdm name=""/></StgValue>
</bind>
</comp>

<comp id="52" class="1001" name="const_52">
<pin_list>
<pin id="53" dir="1" index="0" bw="1" slack="0"/>
</pin_list>
<bind>
<StgValue><ssdm name=""/></StgValue>
</bind>
</comp>

<comp id="54" class="1001" name="const_54">
<pin_list>
<pin id="55" dir="1" index="0" bw="1" slack="0"/>
</pin_list>
<bind>
<StgValue><ssdm name="_ssdm_op_Write.ap_fifo.volatile.i8P0A"/></StgValue>
</bind>
</comp>

<comp id="56" class="1004" name="i_fu_56">
<pin_list>
<pin id="57" dir="0" index="0" bw="1" slack="0"/>
<pin id="58" dir="1" index="1" bw="32" slack="0"/>
</pin_list>
<bind>
<opcode="alloca(26) " fcode="alloca"/>
<opset="i/1 "/>
</bind>
</comp>

<comp id="60" class="1004" name="num_pixels_load_read_read_fu_60">
<pin_list>
<pin id="61" dir="0" index="0" bw="32" slack="0"/>
<pin id="62" dir="0" index="1" bw="32" slack="0"/>
<pin id="63" dir="1" index="2" bw="32" slack="0"/>
</pin_list>
<bind>
<opcode="read(1150) " fcode="read"/>
<opset="num_pixels_load_read/1 "/>
</bind>
</comp>

<comp id="66" class="1004" name="stream_rgb_read_read_fu_66">
<pin_list>
<pin id="67" dir="0" index="0" bw="24" slack="0"/>
<pin id="68" dir="0" index="1" bw="24" slack="0"/>
<pin id="69" dir="1" index="2" bw="24" slack="0"/>
</pin_list>
<bind>
<opcode="read(1150) " fcode="read"/>
<opset="stream_rgb_read/2 "/>
</bind>
</comp>

<comp id="72" class="1004" name="write_ln73_write_fu_72">
<pin_list>
<pin id="73" dir="0" index="0" bw="0" slack="0"/>
<pin id="74" dir="0" index="1" bw="8" slack="0"/>
<pin id="75" dir="0" index="2" bw="8" slack="0"/>
<pin id="76" dir="1" index="3" bw="0" slack="2147483647"/>
</pin_list>
<bind>
<opcode="write(1151) " fcode="write"/>
<opset="write_ln73/8 "/>
</bind>
</comp>

<comp id="79" class="1004" name="muxLogicCE_to_num_pixels_load_read_fu_79">
<pin_list>
<pin id="80" dir="1" index="0" bw="32" slack="2147483647"/>
</pin_list>
<bind>
<opcode="muxlogic(592) " fcode="muxlogic"/>
<opset="muxLogicCE_to_num_pixels_load_read/1 "/>
</bind>
</comp>

<comp id="81" class="1004" name="muxLogicData_to_store_ln68_fu_81">
<pin_list>
<pin id="82" dir="0" index="0" bw="1" slack="0"/>
<pin id="83" dir="1" index="1" bw="0" slack="2147483647"/>
</pin_list>
<bind>
<opcode="muxlogic(592) " fcode="muxlogic"/>
<opset="muxLogicData_to_store_ln68/1 "/>
</bind>
</comp>

<comp id="85" class="1004" name="muxLogicAddr_to_store_ln68_fu_85">
<pin_list>
<pin id="86" dir="0" index="0" bw="32" slack="0"/>
<pin id="87" dir="1" index="1" bw="0" slack="2147483647"/>
</pin_list>
<bind>
<opcode="muxlogic(592) " fcode="muxlogic"/>
<opset="muxLogicAddr_to_store_ln68/1 "/>
</bind>
</comp>

<comp id="88" class="1004" name="store_ln68_store_fu_88">
<pin_list>
<pin id="89" dir="0" index="0" bw="1" slack="0"/>
<pin id="90" dir="0" index="1" bw="32" slack="0"/>
<pin id="91" dir="1" index="2" bw="0" slack="2147483647"/>
</pin_list>
<bind>
<opcode="store(28) " fcode="store"/>
<opset="store_ln68/1 "/>
</bind>
</comp>

<comp id="93" class="1004" name="MuxLogicAddr_to_i_2_fu_93">
<pin_list>
<pin id="94" dir="0" index="0" bw="32" slack="0"/>
<pin id="95" dir="1" index="1" bw="32" slack="2147483647"/>
</pin_list>
<bind>
<opcode="muxlogic(592) " fcode="muxlogic"/>
<opset="MuxLogicAddr_to_i_2/1 "/>
</bind>
</comp>

<comp id="96" class="1004" name="i_2_load_fu_96">
<pin_list>
<pin id="97" dir="0" index="0" bw="32" slack="0"/>
<pin id="98" dir="1" index="1" bw="32" slack="0"/>
</pin_list>
<bind>
<opcode="load(27) " fcode="load"/>
<opset="i_2/1 "/>
</bind>
</comp>

<comp id="99" class="1004" name="icmp_ln68_fu_99">
<pin_list>
<pin id="100" dir="0" index="0" bw="32" slack="0"/>
<pin id="101" dir="0" index="1" bw="32" slack="0"/>
<pin id="102" dir="1" index="2" bw="1" slack="6"/>
</pin_list>
<bind>
<opcode="icmp(45) " fcode="icmp"/>
<opset="icmp_ln68/1 "/>
</bind>
</comp>

<comp id="105" class="1004" name="i_1_fu_105">
<pin_list>
<pin id="106" dir="0" index="0" bw="32" slack="0"/>
<pin id="107" dir="0" index="1" bw="1" slack="0"/>
<pin id="108" dir="1" index="2" bw="32" slack="0"/>
</pin_list>
<bind>
<opcode="add(8) " fcode="add"/>
<opset="i_1/1 "/>
</bind>
</comp>

<comp id="111" class="1004" name="muxLogicData_to_store_ln68_fu_111">
<pin_list>
<pin id="112" dir="0" index="0" bw="32" slack="0"/>
<pin id="113" dir="1" index="1" bw="0" slack="2147483647"/>
</pin_list>
<bind>
<opcode="muxlogic(592) " fcode="muxlogic"/>
<opset="muxLogicData_to_store_ln68/1 "/>
</bind>
</comp>

<comp id="115" class="1004" name="muxLogicAddr_to_store_ln68_fu_115">
<pin_list>
<pin id="116" dir="0" index="0" bw="32" slack="0"/>
<pin id="117" dir="1" index="1" bw="0" slack="2147483647"/>
</pin_list>
<bind>
<opcode="muxlogic(592) " fcode="muxlogic"/>
<opset="muxLogicAddr_to_store_ln68/1 "/>
</bind>
</comp>

<comp id="118" class="1004" name="store_ln68_store_fu_118">
<pin_list>
<pin id="119" dir="0" index="0" bw="32" slack="0"/>
<pin id="120" dir="0" index="1" bw="32" slack="0"/>
<pin id="121" dir="1" index="2" bw="0" slack="2147483647"/>
</pin_list>
<bind>
<opcode="store(28) " fcode="store"/>
<opset="store_ln68/1 "/>
</bind>
</comp>

<comp id="123" class="1004" name="muxLogicCE_to_stream_rgb_read_fu_123">
<pin_list>
<pin id="124" dir="1" index="0" bw="24" slack="2147483647"/>
</pin_list>
<bind>
<opcode="muxlogic(592) " fcode="muxlogic"/>
<opset="muxLogicCE_to_stream_rgb_read/2 "/>
</bind>
</comp>

<comp id="125" class="1004" name="pixel_r_fu_125">
<pin_list>
<pin id="126" dir="0" index="0" bw="24" slack="0"/>
<pin id="127" dir="1" index="1" bw="8" slack="0"/>
</pin_list>
<bind>
<opcode="trunc(33) " fcode="trunc"/>
<opset="pixel_r/2 "/>
</bind>
</comp>

<comp id="129" class="1004" name="pixel_g_fu_129">
<pin_list>
<pin id="130" dir="0" index="0" bw="8" slack="0"/>
<pin id="131" dir="0" index="1" bw="24" slack="0"/>
<pin id="132" dir="0" index="2" bw="5" slack="0"/>
<pin id="133" dir="0" index="3" bw="5" slack="0"/>
<pin id="134" dir="1" index="4" bw="8" slack="2"/>
</pin_list>
<bind>
<opcode="partselect(1002) " fcode="partselect"/>
<opset="pixel_g/2 "/>
</bind>
</comp>

<comp id="139" class="1004" name="zext_ln18_fu_139">
<pin_list>
<pin id="140" dir="0" index="0" bw="8" slack="0"/>
<pin id="141" dir="1" index="1" bw="20" slack="0"/>
</pin_list>
<bind>
<opcode="zext(34) " fcode="zext"/>
<opset="zext_ln18/2 "/>
</bind>
</comp>

<comp id="143" class="1004" name="tmp_fu_143">
<pin_list>
<pin id="144" dir="0" index="0" bw="8" slack="0"/>
<pin id="145" dir="0" index="1" bw="24" slack="0"/>
<pin id="146" dir="0" index="2" bw="6" slack="0"/>
<pin id="147" dir="0" index="3" bw="6" slack="0"/>
<pin id="148" dir="1" index="4" bw="8" slack="0"/>
</pin_list>
<bind>
<opcode="partselect(1002) " fcode="partselect"/>
<opset="tmp/2 "/>
</bind>
</comp>

<comp id="153" class="1004" name="zext_ln19_3_fu_153">
<pin_list>
<pin id="154" dir="0" index="0" bw="8" slack="0"/>
<pin id="155" dir="1" index="1" bw="18" slack="0"/>
</pin_list>
<bind>
<opcode="zext(34) " fcode="zext"/>
<opset="zext_ln19_3/2 "/>
</bind>
</comp>

<comp id="157" class="1004" name="muxLogicI0_to_mul_ln19_fu_157">
<pin_list>
<pin id="158" dir="0" index="0" bw="8" slack="0"/>
<pin id="159" dir="1" index="1" bw="20" slack="2147483647"/>
</pin_list>
<bind>
<opcode="muxlogic(592) " fcode="muxlogic"/>
<opset="muxLogicI0_to_mul_ln19/2 "/>
</bind>
</comp>

<comp id="161" class="1004" name="muxLogicI1_to_mul_ln19_fu_161">
<pin_list>
<pin id="162" dir="0" index="0" bw="13" slack="0"/>
<pin id="163" dir="1" index="1" bw="20" slack="2147483647"/>
</pin_list>
<bind>
<opcode="muxlogic(592) " fcode="muxlogic"/>
<opset="muxLogicI1_to_mul_ln19/2 "/>
</bind>
</comp>

<comp id="165" class="1004" name="muxLogicI0_to_mul_ln19_2_fu_165">
<pin_list>
<pin id="166" dir="0" index="0" bw="8" slack="0"/>
<pin id="167" dir="1" index="1" bw="18" slack="2147483647"/>
</pin_list>
<bind>
<opcode="muxlogic(592) " fcode="muxlogic"/>
<opset="muxLogicI0_to_mul_ln19_2/2 "/>
</bind>
</comp>

<comp id="169" class="1004" name="muxLogicI1_to_mul_ln19_2_fu_169">
<pin_list>
<pin id="170" dir="0" index="0" bw="11" slack="0"/>
<pin id="171" dir="1" index="1" bw="18" slack="2147483647"/>
</pin_list>
<bind>
<opcode="muxlogic(592) " fcode="muxlogic"/>
<opset="muxLogicI1_to_mul_ln19_2/2 "/>
</bind>
</comp>

<comp id="173" class="1004" name="zext_ln19_fu_173">
<pin_list>
<pin id="174" dir="0" index="0" bw="8" slack="2"/>
<pin id="175" dir="1" index="1" bw="21" slack="0"/>
</pin_list>
<bind>
<opcode="zext(34) " fcode="zext"/>
<opset="zext_ln19/4 "/>
</bind>
</comp>

<comp id="176" class="1004" name="muxLogicI0_to_mul_ln19_1_fu_176">
<pin_list>
<pin id="177" dir="0" index="0" bw="8" slack="0"/>
<pin id="178" dir="1" index="1" bw="21" slack="2147483647"/>
</pin_list>
<bind>
<opcode="muxlogic(592) " fcode="muxlogic"/>
<opset="muxLogicI0_to_mul_ln19_1/4 "/>
</bind>
</comp>

<comp id="180" class="1004" name="muxLogicI1_to_mul_ln19_1_fu_180">
<pin_list>
<pin id="181" dir="0" index="0" bw="14" slack="0"/>
<pin id="182" dir="1" index="1" bw="21" slack="2147483647"/>
</pin_list>
<bind>
<opcode="muxlogic(592) " fcode="muxlogic"/>
<opset="muxLogicI1_to_mul_ln19_1/4 "/>
</bind>
</comp>

<comp id="184" class="1004" name="mul_ln19_1_fu_184">
<pin_list>
<pin id="185" dir="0" index="0" bw="8" slack="0"/>
<pin id="186" dir="0" index="1" bw="14" slack="0"/>
<pin id="187" dir="1" index="2" bw="21" slack="0"/>
</pin_list>
<bind>
<opcode="mul(12) " fcode="mul"/>
<opset="mul_ln19_1/4 "/>
</bind>
</comp>

<comp id="190" class="1004" name="zext_ln19_2_fu_190">
<pin_list>
<pin id="191" dir="0" index="0" bw="21" slack="0"/>
<pin id="192" dir="1" index="1" bw="22" slack="0"/>
</pin_list>
<bind>
<opcode="zext(34) " fcode="zext"/>
<opset="zext_ln19_2/4 "/>
</bind>
</comp>

<comp id="194" class="1004" name="zext_ln20_fu_194">
<pin_list>
<pin id="195" dir="0" index="0" bw="18" slack="0"/>
<pin id="196" dir="1" index="1" bw="22" slack="0"/>
</pin_list>
<bind>
<opcode="zext(34) " fcode="zext"/>
<opset="zext_ln20/5 "/>
</bind>
</comp>

<comp id="197" class="1004" name="muxLogicI0_to_mul_ln20_fu_197">
<pin_list>
<pin id="198" dir="0" index="0" bw="22" slack="2147483647"/>
<pin id="199" dir="1" index="1" bw="45" slack="2147483647"/>
</pin_list>
<bind>
<opcode="muxlogic(592) " fcode="muxlogic"/>
<opset="muxLogicI0_to_mul_ln20/5 "/>
</bind>
</comp>

<comp id="200" class="1004" name="muxLogicI1_to_mul_ln20_fu_200">
<pin_list>
<pin id="201" dir="0" index="0" bw="24" slack="0"/>
<pin id="202" dir="1" index="1" bw="45" slack="2147483647"/>
</pin_list>
<bind>
<opcode="muxlogic(592) " fcode="muxlogic"/>
<opset="muxLogicI1_to_mul_ln20/5 "/>
</bind>
</comp>

<comp id="204" class="1004" name="gray_fu_204">
<pin_list>
<pin id="205" dir="0" index="0" bw="8" slack="0"/>
<pin id="206" dir="0" index="1" bw="45" slack="0"/>
<pin id="207" dir="0" index="2" bw="7" slack="0"/>
<pin id="208" dir="0" index="3" bw="7" slack="0"/>
<pin id="209" dir="1" index="4" bw="8" slack="0"/>
</pin_list>
<bind>
<opcode="partselect(1002) " fcode="partselect"/>
<opset="gray/8 "/>
</bind>
</comp>

<comp id="214" class="1004" name="muxLogicData_to_write_ln73_fu_214">
<pin_list>
<pin id="215" dir="0" index="0" bw="8" slack="0"/>
<pin id="216" dir="1" index="1" bw="0" slack="2147483647"/>
</pin_list>
<bind>
<opcode="muxlogic(592) " fcode="muxlogic"/>
<opset="muxLogicData_to_write_ln73/8 "/>
</bind>
</comp>

<comp id="218" class="1007" name="grp_fu_218">
<pin_list>
<pin id="219" dir="0" index="0" bw="12" slack="0"/>
<pin id="220" dir="0" index="1" bw="8" slack="0"/>
<pin id="221" dir="0" index="2" bw="21" slack="0"/>
<pin id="222" dir="1" index="3" bw="22" slack="0"/>
</pin_list>
<bind>
<opcode="muladd(1172) " fcode="muladd"/>
<opset="mul_ln19/2 zext_ln19_1/4 add_ln20_1/4 "/>
</bind>
</comp>

<comp id="226" class="1007" name="grp_fu_226">
<pin_list>
<pin id="227" dir="0" index="0" bw="10" slack="0"/>
<pin id="228" dir="0" index="1" bw="8" slack="0"/>
<pin id="229" dir="0" index="2" bw="13" slack="0"/>
<pin id="230" dir="1" index="3" bw="18" slack="0"/>
</pin_list>
<bind>
<opcode="muladd(1172) " fcode="muladd"/>
<opset="mul_ln19_2/2 add_ln20_2/4 "/>
</bind>
</comp>

<comp id="235" class="1007" name="grp_fu_235">
<pin_list>
<pin id="236" dir="0" index="0" bw="18" slack="0"/>
<pin id="237" dir="0" index="1" bw="22" slack="0"/>
<pin id="238" dir="0" index="2" bw="23" slack="0"/>
<pin id="239" dir="1" index="3" bw="45" slack="0"/>
</pin_list>
<bind>
<opcode="addmul(1170) " fcode="addmul"/>
<opset="add_ln20/5 zext_ln20_1/5 mul_ln20/5 "/>
</bind>
</comp>

<comp id="244" class="1005" name="i_reg_244">
<pin_list>
<pin id="245" dir="0" index="0" bw="32" slack="0"/>
<pin id="246" dir="1" index="1" bw="32" slack="0"/>
</pin_list>
<bind>
<opset="i "/>
</bind>
</comp>

<comp id="254" class="1005" name="icmp_ln68_reg_254">
<pin_list>
<pin id="255" dir="0" index="0" bw="1" slack="6"/>
<pin id="256" dir="1" index="1" bw="1" slack="2147483647"/>
</pin_list>
<bind>
<opset="icmp_ln68 "/>
</bind>
</comp>

<comp id="258" class="1005" name="pixel_g_reg_258">
<pin_list>
<pin id="259" dir="0" index="0" bw="8" slack="2"/>
<pin id="260" dir="1" index="1" bw="8" slack="2"/>
</pin_list>
<bind>
<opset="pixel_g "/>
</bind>
</comp>

<comp id="263" class="1005" name="zext_ln18_reg_263">
<pin_list>
<pin id="264" dir="0" index="0" bw="20" slack="1"/>
<pin id="265" dir="1" index="1" bw="20" slack="1"/>
</pin_list>
<bind>
<opset="zext_ln18 "/>
</bind>
</comp>

<comp id="268" class="1005" name="zext_ln19_3_reg_268">
<pin_list>
<pin id="269" dir="0" index="0" bw="18" slack="1"/>
<pin id="270" dir="1" index="1" bw="18" slack="1"/>
</pin_list>
<bind>
<opset="zext_ln19_3 "/>
</bind>
</comp>

<comp id="273" class="1005" name="zext_ln19_2_reg_273">
<pin_list>
<pin id="274" dir="0" index="0" bw="22" slack="1"/>
<pin id="275" dir="1" index="1" bw="22" slack="1"/>
</pin_list>
<bind>
<opset="zext_ln19_2 "/>
</bind>
</comp>

</comp_list>

<net_list>
<net id="59"><net_src comp="6" pin="0"/><net_sink comp="56" pin=0"/></net>

<net id="64"><net_src comp="18" pin="0"/><net_sink comp="60" pin=0"/></net>

<net id="65"><net_src comp="0" pin="0"/><net_sink comp="60" pin=1"/></net>

<net id="70"><net_src comp="20" pin="0"/><net_sink comp="66" pin=0"/></net>

<net id="71"><net_src comp="2" pin="0"/><net_sink comp="66" pin=1"/></net>

<net id="77"><net_src comp="54" pin="0"/><net_sink comp="72" pin=0"/></net>

<net id="78"><net_src comp="4" pin="0"/><net_sink comp="72" pin=1"/></net>

<net id="84"><net_src comp="12" pin="0"/><net_sink comp="81" pin=0"/></net>

<net id="92"><net_src comp="12" pin="0"/><net_sink comp="88" pin=0"/></net>

<net id="103"><net_src comp="96" pin="1"/><net_sink comp="99" pin=0"/></net>

<net id="104"><net_src comp="60" pin="2"/><net_sink comp="99" pin=1"/></net>

<net id="109"><net_src comp="96" pin="1"/><net_sink comp="105" pin=0"/></net>

<net id="110"><net_src comp="6" pin="0"/><net_sink comp="105" pin=1"/></net>

<net id="114"><net_src comp="105" pin="2"/><net_sink comp="111" pin=0"/></net>

<net id="122"><net_src comp="105" pin="2"/><net_sink comp="118" pin=0"/></net>

<net id="128"><net_src comp="66" pin="2"/><net_sink comp="125" pin=0"/></net>

<net id="135"><net_src comp="22" pin="0"/><net_sink comp="129" pin=0"/></net>

<net id="136"><net_src comp="66" pin="2"/><net_sink comp="129" pin=1"/></net>

<net id="137"><net_src comp="24" pin="0"/><net_sink comp="129" pin=2"/></net>

<net id="138"><net_src comp="26" pin="0"/><net_sink comp="129" pin=3"/></net>

<net id="142"><net_src comp="125" pin="1"/><net_sink comp="139" pin=0"/></net>

<net id="149"><net_src comp="22" pin="0"/><net_sink comp="143" pin=0"/></net>

<net id="150"><net_src comp="66" pin="2"/><net_sink comp="143" pin=1"/></net>

<net id="151"><net_src comp="28" pin="0"/><net_sink comp="143" pin=2"/></net>

<net id="152"><net_src comp="30" pin="0"/><net_sink comp="143" pin=3"/></net>

<net id="156"><net_src comp="143" pin="4"/><net_sink comp="153" pin=0"/></net>

<net id="160"><net_src comp="139" pin="1"/><net_sink comp="157" pin=0"/></net>

<net id="164"><net_src comp="32" pin="0"/><net_sink comp="161" pin=0"/></net>

<net id="168"><net_src comp="153" pin="1"/><net_sink comp="165" pin=0"/></net>

<net id="172"><net_src comp="34" pin="0"/><net_sink comp="169" pin=0"/></net>

<net id="179"><net_src comp="173" pin="1"/><net_sink comp="176" pin=0"/></net>

<net id="183"><net_src comp="36" pin="0"/><net_sink comp="180" pin=0"/></net>

<net id="188"><net_src comp="173" pin="1"/><net_sink comp="184" pin=0"/></net>

<net id="189"><net_src comp="36" pin="0"/><net_sink comp="184" pin=1"/></net>

<net id="193"><net_src comp="184" pin="2"/><net_sink comp="190" pin=0"/></net>

<net id="203"><net_src comp="40" pin="0"/><net_sink comp="200" pin=0"/></net>

<net id="210"><net_src comp="48" pin="0"/><net_sink comp="204" pin=0"/></net>

<net id="211"><net_src comp="50" pin="0"/><net_sink comp="204" pin=2"/></net>

<net id="212"><net_src comp="52" pin="0"/><net_sink comp="204" pin=3"/></net>

<net id="213"><net_src comp="204" pin="4"/><net_sink comp="72" pin=2"/></net>

<net id="217"><net_src comp="204" pin="4"/><net_sink comp="214" pin=0"/></net>

<net id="223"><net_src comp="139" pin="1"/><net_sink comp="218" pin=0"/></net>

<net id="224"><net_src comp="32" pin="0"/><net_sink comp="218" pin=1"/></net>

<net id="225"><net_src comp="190" pin="1"/><net_sink comp="218" pin=2"/></net>

<net id="231"><net_src comp="153" pin="1"/><net_sink comp="226" pin=0"/></net>

<net id="232"><net_src comp="34" pin="0"/><net_sink comp="226" pin=1"/></net>

<net id="233"><net_src comp="38" pin="0"/><net_sink comp="226" pin=2"/></net>

<net id="234"><net_src comp="226" pin="3"/><net_sink comp="194" pin=0"/></net>

<net id="240"><net_src comp="194" pin="1"/><net_sink comp="235" pin=0"/></net>

<net id="241"><net_src comp="218" pin="3"/><net_sink comp="235" pin=1"/></net>

<net id="242"><net_src comp="40" pin="0"/><net_sink comp="235" pin=2"/></net>

<net id="243"><net_src comp="235" pin="3"/><net_sink comp="204" pin=1"/></net>

<net id="247"><net_src comp="56" pin="1"/><net_sink comp="244" pin=0"/></net>

<net id="248"><net_src comp="244" pin="1"/><net_sink comp="85" pin=0"/></net>

<net id="249"><net_src comp="244" pin="1"/><net_sink comp="88" pin=1"/></net>

<net id="250"><net_src comp="244" pin="1"/><net_sink comp="93" pin=0"/></net>

<net id="251"><net_src comp="244" pin="1"/><net_sink comp="96" pin=0"/></net>

<net id="252"><net_src comp="244" pin="1"/><net_sink comp="115" pin=0"/></net>

<net id="253"><net_src comp="244" pin="1"/><net_sink comp="118" pin=1"/></net>

<net id="257"><net_src comp="99" pin="2"/><net_sink comp="254" pin=0"/></net>

<net id="261"><net_src comp="129" pin="4"/><net_sink comp="258" pin=0"/></net>

<net id="262"><net_src comp="258" pin="1"/><net_sink comp="173" pin=0"/></net>

<net id="266"><net_src comp="139" pin="1"/><net_sink comp="263" pin=0"/></net>

<net id="267"><net_src comp="263" pin="1"/><net_sink comp="218" pin=0"/></net>

<net id="271"><net_src comp="153" pin="1"/><net_sink comp="268" pin=0"/></net>

<net id="272"><net_src comp="268" pin="1"/><net_sink comp="226" pin=0"/></net>

<net id="276"><net_src comp="190" pin="1"/><net_sink comp="273" pin=0"/></net>

<net id="277"><net_src comp="273" pin="1"/><net_sink comp="218" pin=0"/></net>

</net_list>

</model> 
---------------- Datapath Model END ------------------

* FSMD analyzer results:
  - Output states:
	Port: stream_rgb | {}
	Port: stream_gray | {8 }
 - Input state : 
	Port: process_gray_Pipeline_process_loop : num_pixels_load | {1 }
	Port: process_gray_Pipeline_process_loop : stream_rgb | {2 }
	Port: process_gray_Pipeline_process_loop : stream_gray | {}
  - Chain level:
	State 1
		muxLogicAddr_to_store_ln68 : 1
		store_ln68 : 1
		MuxLogicAddr_to_i_2 : 1
		i_2 : 1
		icmp_ln68 : 2
		br_ln68 : 3
		i_1 : 2
		muxLogicData_to_store_ln68 : 3
		muxLogicAddr_to_store_ln68 : 1
		store_ln68 : 3
	State 2
		zext_ln18 : 1
		zext_ln19_3 : 1
		muxLogicI0_to_mul_ln19 : 2
		mul_ln19 : 2
		muxLogicI0_to_mul_ln19_2 : 2
		mul_ln19_2 : 2
	State 3
	State 4
		zext_ln19_1 : 1
		muxLogicI0_to_mul_ln19_1 : 1
		mul_ln19_1 : 1
		zext_ln19_2 : 2
		add_ln20_1 : 3
		add_ln20_2 : 1
	State 5
		zext_ln20 : 1
		add_ln20 : 2
		zext_ln20_1 : 3
		muxLogicI0_to_mul_ln20 : 4
		mul_ln20 : 4
	State 6
	State 7
	State 8
		gray : 1
		muxLogicData_to_write_ln73 : 2
		write_ln73 : 2


============================================================
+ Verbose Summary: Datapath Resource usage 
============================================================

* Functional unit list:
|----------|------------------------------------------|---------|---------|---------|
| Operation|              Functional Unit             |   DSP   |    FF   |   LUT   |
|----------|------------------------------------------|---------|---------|---------|
|    add   |                i_1_fu_105                |    0    |    0    |    32   |
|----------|------------------------------------------|---------|---------|---------|
|   icmp   |              icmp_ln68_fu_99             |    0    |    0    |    13   |
|----------|------------------------------------------|---------|---------|---------|
|  muladd  |                grp_fu_218                |    1    |    0    |    0    |
|          |                grp_fu_226                |    1    |    0    |    0    |
|----------|------------------------------------------|---------|---------|---------|
|    mul   |             mul_ln19_1_fu_184            |    1    |    0    |    0    |
|----------|------------------------------------------|---------|---------|---------|
|  addmul  |                grp_fu_235                |    1    |    0    |    0    |
|----------|------------------------------------------|---------|---------|---------|
|   read   |      num_pixels_load_read_read_fu_60     |    0    |    0    |    0    |
|          |        stream_rgb_read_read_fu_66        |    0    |    0    |    0    |
|----------|------------------------------------------|---------|---------|---------|
|   write  |          write_ln73_write_fu_72          |    0    |    0    |    0    |
|----------|------------------------------------------|---------|---------|---------|
|          | muxLogicCE_to_num_pixels_load_read_fu_79 |    0    |    0    |    0    |
|          |     muxLogicData_to_store_ln68_fu_81     |    0    |    0    |    0    |
|          |     muxLogicAddr_to_store_ln68_fu_85     |    0    |    0    |    0    |
|          |         MuxLogicAddr_to_i_2_fu_93        |    0    |    0    |    0    |
|          |     muxLogicData_to_store_ln68_fu_111    |    0    |    0    |    0    |
|          |     muxLogicAddr_to_store_ln68_fu_115    |    0    |    0    |    0    |
|          |   muxLogicCE_to_stream_rgb_read_fu_123   |    0    |    0    |    0    |
| muxlogic |       muxLogicI0_to_mul_ln19_fu_157      |    0    |    0    |    0    |
|          |       muxLogicI1_to_mul_ln19_fu_161      |    0    |    0    |    0    |
|          |      muxLogicI0_to_mul_ln19_2_fu_165     |    0    |    0    |    0    |
|          |      muxLogicI1_to_mul_ln19_2_fu_169     |    0    |    0    |    0    |
|          |      muxLogicI0_to_mul_ln19_1_fu_176     |    0    |    0    |    0    |
|          |      muxLogicI1_to_mul_ln19_1_fu_180     |    0    |    0    |    0    |
|          |       muxLogicI0_to_mul_ln20_fu_197      |    0    |    0    |    0    |
|          |       muxLogicI1_to_mul_ln20_fu_200      |    0    |    0    |    0    |
|          |     muxLogicData_to_write_ln73_fu_214    |    0    |    0    |    0    |
|----------|------------------------------------------|---------|---------|---------|
|   trunc  |              pixel_r_fu_125              |    0    |    0    |    0    |
|----------|------------------------------------------|---------|---------|---------|
|          |              pixel_g_fu_129              |    0    |    0    |    0    |
|partselect|                tmp_fu_143                |    0    |    0    |    0    |
|          |                gray_fu_204               |    0    |    0    |    0    |
|----------|------------------------------------------|---------|---------|---------|
|          |             zext_ln18_fu_139             |    0    |    0    |    0    |
|          |            zext_ln19_3_fu_153            |    0    |    0    |    0    |
|   zext   |             zext_ln19_fu_173             |    0    |    0    |    0    |
|          |            zext_ln19_2_fu_190            |    0    |    0    |    0    |
|          |             zext_ln20_fu_194             |    0    |    0    |    0    |
|----------|------------------------------------------|---------|---------|---------|
|   Total  |                                          |    4    |    0    |    45   |
|----------|------------------------------------------|---------|---------|---------|

Memories:
N/A

* Register list:
+-------------------+--------+
|                   |   FF   |
+-------------------+--------+
|     i_reg_244     |   32   |
| icmp_ln68_reg_254 |    1   |
|  pixel_g_reg_258  |    8   |
| zext_ln18_reg_263 |   20   |
|zext_ln19_2_reg_273|   22   |
|zext_ln19_3_reg_268|   18   |
+-------------------+--------+
|       Total       |   101  |
+-------------------+--------+

* Multiplexer (MUX) list: 
|------------|------|------|------|--------||---------||---------||---------|
|    Comp    |  Pin | Size |  BW  | S x BW ||  Delay  ||    FF   ||   LUT   |
|------------|------|------|------|--------||---------||---------||---------|
| grp_fu_218 |  p0  |   3  |  12  |   36   ||    0    ||    16   |
| grp_fu_226 |  p0  |   2  |  10  |   20   ||    0    ||    16   |
|------------|------|------|------|--------||---------||---------||---------|
|    Total   |      |      |      |   56   ||  0.785  ||    0    ||    32   |
|------------|------|------|------|--------||---------||---------||---------|



* Summary:
+-----------+--------+--------+--------+--------+
|           |   DSP  |  Delay |   FF   |   LUT  |
+-----------+--------+--------+--------+--------+
|  Function |    4   |    -   |    0   |   45   |
|   Memory  |    -   |    -   |    -   |    -   |
|Multiplexer|    -   |    0   |    0   |   32   |
|  Register |    -   |    -   |   101  |    -   |
+-----------+--------+--------+--------+--------+
|   Total   |    4   |    0   |   101  |   77   |
+-----------+--------+--------+--------+--------+
