

================================================================
== Vitis HLS Report for 'rgb2gray_top'
================================================================
* Date:           Mon Jul 20 18:48:45 2026

* Version:        2024.1 (Build 5069499 on May 21 2024)
* Project:        rgb2gray_hls
* Solution:       solution (Vitis Kernel Flow Target)
* Product family: versalaicore
* Target device:  xcvc1902-vsva2197-2MP-e-S


================================================================
== Performance Estimates
================================================================
+ Timing: 
    * Summary: 
    +--------+---------+----------+------------+
    |  Clock |  Target | Estimated| Uncertainty|
    +--------+---------+----------+------------+
    |ap_clk  |  4.00 ns|  2.920 ns|     1.08 ns|
    +--------+---------+----------+------------+

+ Latency: 
    * Summary: 
    +---------+---------+----------+----------+-----+-----+----------+
    |  Latency (cycles) |  Latency (absolute) |  Interval | Pipeline |
    |   min   |   max   |    min   |    max   | min | max |   Type   |
    +---------+---------+----------+----------+-----+-----+----------+
    |        ?|        ?|         ?|         ?|    ?|    ?|  dataflow|
    +---------+---------+----------+----------+-----+-----+----------+

    + Detail: 
        * Instance: 
        +-----------------+--------------+---------+---------+----------+----------+-----+-----+------------------------------------------+
        |                 |              |  Latency (cycles) |  Latency (absolute) |  Interval |                 Pipeline                 |
        |     Instance    |    Module    |   min   |   max   |    min   |    max   | min | max |                   Type                   |
        +-----------------+--------------+---------+---------+----------+----------+-----+-----+------------------------------------------+
        |entry_proc_U0    |entry_proc    |        0|        0|      0 ns|      0 ns|    0|    0|                                        no|
        |load_rgb_U0      |load_rgb      |        ?|        ?|         ?|         ?|    0|    0|  loop rewind stp(delay=0 clock cycles(s))|
        |process_gray_U0  |process_gray  |        ?|        ?|         ?|         ?|    ?|    ?|                                        no|
        |store_gray_U0    |store_gray    |        ?|        ?|         ?|         ?|    0|    0|  loop rewind stp(delay=0 clock cycles(s))|
        +-----------------+--------------+---------+---------+----------+----------+-----+-----+------------------------------------------+

        * Loop: 
        N/A



================================================================
== Utilization Estimates
================================================================
* Summary: 
+-----------------+---------+------+---------+--------+-----+
|       Name      | BRAM_18K|  DSP |    FF   |   LUT  | URAM|
+-----------------+---------+------+---------+--------+-----+
|DSP              |        -|     -|        -|       -|    -|
|Expression       |        -|     -|        0|      12|    -|
|FIFO             |        -|     -|      160|     173|    -|
|Instance         |        4|     4|     5212|    6299|    0|
|Memory           |        -|     -|        -|       -|    -|
|Multiplexer      |        -|     -|        0|      16|    -|
|Register         |        -|     -|        5|       -|    -|
+-----------------+---------+------+---------+--------+-----+
|Total            |        4|     4|     5377|    6500|    0|
+-----------------+---------+------+---------+--------+-----+
|Available        |     1934|  1968|  1799680|  899840|  463|
+-----------------+---------+------+---------+--------+-----+
|Utilization (%)  |       ~0|    ~0|       ~0|      ~0|    0|
+-----------------+---------+------+---------+--------+-----+

+ Detail: 
    * Instance: 
    +------------------+----------------+---------+----+------+------+-----+
    |     Instance     |     Module     | BRAM_18K| DSP|  FF  |  LUT | URAM|
    +------------------+----------------+---------+----+------+------+-----+
    |control_s_axi_U   |control_s_axi   |        0|   0|   290|   488|    0|
    |entry_proc_U0     |entry_proc      |        0|   0|     3|    34|    0|
    |gmem_in_m_axi_U   |gmem_in_m_axi   |        2|   0|  2080|  2265|    0|
    |gmem_out_m_axi_U  |gmem_out_m_axi  |        2|   0|  2060|  2237|    0|
    |load_rgb_U0       |load_rgb        |        0|   0|   372|   555|    0|
    |process_gray_U0   |process_gray    |        0|   4|   100|   195|    0|
    |store_gray_U0     |store_gray      |        0|   0|   307|   525|    0|
    +------------------+----------------+---------+----+------+------+-----+
    |Total             |                |        4|   4|  5212|  6299|    0|
    +------------------+----------------+---------+----+------+------+-----+

    * DSP: 
    N/A

    * Memory: 
    N/A

    * FIFO: 
    +-----------------+---------+----+----+-----+------+-----+---------+
    |       Name      | BRAM_18K| FF | LUT| URAM| Depth| Bits| Size:D*B|
    +-----------------+---------+----+----+-----+------+-----+---------+
    |addr_out_c_U     |        0|   5|   0|    -|     4|   32|      128|
    |m_axi_out_c_U    |        0|   5|   0|    -|     4|   64|      256|
    |num_pixels_c1_U  |        0|  68|   0|    -|     2|   32|       64|
    |num_pixels_c_U   |        0|  68|   0|    -|     2|   32|       64|
    |stream_gray_U    |        0|   7|   0|    -|    16|    8|      128|
    |stream_rgb_U     |        0|   7|   0|    -|    16|   24|      384|
    +-----------------+---------+----+----+-----+------+-----+---------+
    |Total            |        0| 160|   0|    0|    44|  192|     1024|
    +-----------------+---------+----+----+-----+------+-----+---------+

    * Expression: 
    +--------------------------------+----------+----+---+----+------------+------------+
    |          Variable Name         | Operation| DSP| FF| LUT| Bitwidth P0| Bitwidth P1|
    +--------------------------------+----------+----+---+----+------------+------------+
    |ap_idle                         |       and|   0|  0|   2|           1|           1|
    |ap_sync_ready                   |       and|   0|  0|   2|           1|           1|
    |entry_proc_U0_ap_start          |       and|   0|  0|   2|           1|           1|
    |load_rgb_U0_ap_start            |       and|   0|  0|   2|           1|           1|
    |ap_sync_entry_proc_U0_ap_ready  |        or|   0|  0|   2|           1|           1|
    |ap_sync_load_rgb_U0_ap_ready    |        or|   0|  0|   2|           1|           1|
    +--------------------------------+----------+----+---+----+------------+------------+
    |Total                           |          |   0|  0|  12|           6|           6|
    +--------------------------------+----------+----+---+----+------------+------------+

    * Multiplexer: 
    +------------------------------------+----+-----------+-----+-----------+
    |                Name                | LUT| Input Size| Bits| Total Bits|
    +------------------------------------+----+-----------+-----+-----------+
    |ap_sync_reg_entry_proc_U0_ap_ready  |   8|          2|    1|          2|
    |ap_sync_reg_load_rgb_U0_ap_ready    |   8|          2|    1|          2|
    +------------------------------------+----+-----------+-----+-----------+
    |Total                               |  16|          4|    2|          4|
    +------------------------------------+----+-----------+-----+-----------+

    * Register: 
    +------------------------------------+---+----+-----+-----------+
    |                Name                | FF| LUT| Bits| Const Bits|
    +------------------------------------+---+----+-----+-----------+
    |ap_rst_n_inv                        |  1|   0|    1|          0|
    |ap_rst_reg_1                        |  1|   0|    1|          0|
    |ap_rst_reg_2                        |  1|   0|    1|          0|
    |ap_sync_reg_entry_proc_U0_ap_ready  |  1|   0|    1|          0|
    |ap_sync_reg_load_rgb_U0_ap_ready    |  1|   0|    1|          0|
    +------------------------------------+---+----+-----+-----------+
    |Total                               |  5|   0|    5|          0|
    +------------------------------------+---+----+-----+-----------+



================================================================
== Interface
================================================================
* Summary: 
+-------------------------+-----+-----+---------------+--------------+--------------+
|        RTL Ports        | Dir | Bits|    Protocol   | Source Object|    C Type    |
+-------------------------+-----+-----+---------------+--------------+--------------+
|s_axi_control_AWVALID    |   in|    1|          s_axi|       control|        scalar|
|s_axi_control_AWREADY    |  out|    1|          s_axi|       control|        scalar|
|s_axi_control_AWADDR     |   in|    6|          s_axi|       control|        scalar|
|s_axi_control_WVALID     |   in|    1|          s_axi|       control|        scalar|
|s_axi_control_WREADY     |  out|    1|          s_axi|       control|        scalar|
|s_axi_control_WDATA      |   in|   32|          s_axi|       control|        scalar|
|s_axi_control_WSTRB      |   in|    4|          s_axi|       control|        scalar|
|s_axi_control_ARVALID    |   in|    1|          s_axi|       control|        scalar|
|s_axi_control_ARREADY    |  out|    1|          s_axi|       control|        scalar|
|s_axi_control_ARADDR     |   in|    6|          s_axi|       control|        scalar|
|s_axi_control_RVALID     |  out|    1|          s_axi|       control|        scalar|
|s_axi_control_RREADY     |   in|    1|          s_axi|       control|        scalar|
|s_axi_control_RDATA      |  out|   32|          s_axi|       control|        scalar|
|s_axi_control_RRESP      |  out|    2|          s_axi|       control|        scalar|
|s_axi_control_BVALID     |  out|    1|          s_axi|       control|        scalar|
|s_axi_control_BREADY     |   in|    1|          s_axi|       control|        scalar|
|s_axi_control_BRESP      |  out|    2|          s_axi|       control|        scalar|
|ap_clk                   |   in|    1|  ap_ctrl_chain|  rgb2gray_top|  return value|
|ap_rst_n                 |   in|    1|  ap_ctrl_chain|  rgb2gray_top|  return value|
|interrupt                |  out|    1|  ap_ctrl_chain|  rgb2gray_top|  return value|
|m_axi_gmem_in_AWVALID    |  out|    1|          m_axi|       gmem_in|       pointer|
|m_axi_gmem_in_AWREADY    |   in|    1|          m_axi|       gmem_in|       pointer|
|m_axi_gmem_in_AWADDR     |  out|   64|          m_axi|       gmem_in|       pointer|
|m_axi_gmem_in_AWID       |  out|    1|          m_axi|       gmem_in|       pointer|
|m_axi_gmem_in_AWLEN      |  out|    8|          m_axi|       gmem_in|       pointer|
|m_axi_gmem_in_AWSIZE     |  out|    3|          m_axi|       gmem_in|       pointer|
|m_axi_gmem_in_AWBURST    |  out|    2|          m_axi|       gmem_in|       pointer|
|m_axi_gmem_in_AWLOCK     |  out|    2|          m_axi|       gmem_in|       pointer|
|m_axi_gmem_in_AWCACHE    |  out|    4|          m_axi|       gmem_in|       pointer|
|m_axi_gmem_in_AWPROT     |  out|    3|          m_axi|       gmem_in|       pointer|
|m_axi_gmem_in_AWQOS      |  out|    4|          m_axi|       gmem_in|       pointer|
|m_axi_gmem_in_AWREGION   |  out|    4|          m_axi|       gmem_in|       pointer|
|m_axi_gmem_in_AWUSER     |  out|    1|          m_axi|       gmem_in|       pointer|
|m_axi_gmem_in_WVALID     |  out|    1|          m_axi|       gmem_in|       pointer|
|m_axi_gmem_in_WREADY     |   in|    1|          m_axi|       gmem_in|       pointer|
|m_axi_gmem_in_WDATA      |  out|   32|          m_axi|       gmem_in|       pointer|
|m_axi_gmem_in_WSTRB      |  out|    4|          m_axi|       gmem_in|       pointer|
|m_axi_gmem_in_WLAST      |  out|    1|          m_axi|       gmem_in|       pointer|
|m_axi_gmem_in_WID        |  out|    1|          m_axi|       gmem_in|       pointer|
|m_axi_gmem_in_WUSER      |  out|    1|          m_axi|       gmem_in|       pointer|
|m_axi_gmem_in_ARVALID    |  out|    1|          m_axi|       gmem_in|       pointer|
|m_axi_gmem_in_ARREADY    |   in|    1|          m_axi|       gmem_in|       pointer|
|m_axi_gmem_in_ARADDR     |  out|   64|          m_axi|       gmem_in|       pointer|
|m_axi_gmem_in_ARID       |  out|    1|          m_axi|       gmem_in|       pointer|
|m_axi_gmem_in_ARLEN      |  out|    8|          m_axi|       gmem_in|       pointer|
|m_axi_gmem_in_ARSIZE     |  out|    3|          m_axi|       gmem_in|       pointer|
|m_axi_gmem_in_ARBURST    |  out|    2|          m_axi|       gmem_in|       pointer|
|m_axi_gmem_in_ARLOCK     |  out|    2|          m_axi|       gmem_in|       pointer|
|m_axi_gmem_in_ARCACHE    |  out|    4|          m_axi|       gmem_in|       pointer|
|m_axi_gmem_in_ARPROT     |  out|    3|          m_axi|       gmem_in|       pointer|
|m_axi_gmem_in_ARQOS      |  out|    4|          m_axi|       gmem_in|       pointer|
|m_axi_gmem_in_ARREGION   |  out|    4|          m_axi|       gmem_in|       pointer|
|m_axi_gmem_in_ARUSER     |  out|    1|          m_axi|       gmem_in|       pointer|
|m_axi_gmem_in_RVALID     |   in|    1|          m_axi|       gmem_in|       pointer|
|m_axi_gmem_in_RREADY     |  out|    1|          m_axi|       gmem_in|       pointer|
|m_axi_gmem_in_RDATA      |   in|   32|          m_axi|       gmem_in|       pointer|
|m_axi_gmem_in_RLAST      |   in|    1|          m_axi|       gmem_in|       pointer|
|m_axi_gmem_in_RID        |   in|    1|          m_axi|       gmem_in|       pointer|
|m_axi_gmem_in_RUSER      |   in|    1|          m_axi|       gmem_in|       pointer|
|m_axi_gmem_in_RRESP      |   in|    2|          m_axi|       gmem_in|       pointer|
|m_axi_gmem_in_BVALID     |   in|    1|          m_axi|       gmem_in|       pointer|
|m_axi_gmem_in_BREADY     |  out|    1|          m_axi|       gmem_in|       pointer|
|m_axi_gmem_in_BRESP      |   in|    2|          m_axi|       gmem_in|       pointer|
|m_axi_gmem_in_BID        |   in|    1|          m_axi|       gmem_in|       pointer|
|m_axi_gmem_in_BUSER      |   in|    1|          m_axi|       gmem_in|       pointer|
|m_axi_gmem_out_AWVALID   |  out|    1|          m_axi|      gmem_out|       pointer|
|m_axi_gmem_out_AWREADY   |   in|    1|          m_axi|      gmem_out|       pointer|
|m_axi_gmem_out_AWADDR    |  out|   64|          m_axi|      gmem_out|       pointer|
|m_axi_gmem_out_AWID      |  out|    1|          m_axi|      gmem_out|       pointer|
|m_axi_gmem_out_AWLEN     |  out|    8|          m_axi|      gmem_out|       pointer|
|m_axi_gmem_out_AWSIZE    |  out|    3|          m_axi|      gmem_out|       pointer|
|m_axi_gmem_out_AWBURST   |  out|    2|          m_axi|      gmem_out|       pointer|
|m_axi_gmem_out_AWLOCK    |  out|    2|          m_axi|      gmem_out|       pointer|
|m_axi_gmem_out_AWCACHE   |  out|    4|          m_axi|      gmem_out|       pointer|
|m_axi_gmem_out_AWPROT    |  out|    3|          m_axi|      gmem_out|       pointer|
|m_axi_gmem_out_AWQOS     |  out|    4|          m_axi|      gmem_out|       pointer|
|m_axi_gmem_out_AWREGION  |  out|    4|          m_axi|      gmem_out|       pointer|
|m_axi_gmem_out_AWUSER    |  out|    1|          m_axi|      gmem_out|       pointer|
|m_axi_gmem_out_WVALID    |  out|    1|          m_axi|      gmem_out|       pointer|
|m_axi_gmem_out_WREADY    |   in|    1|          m_axi|      gmem_out|       pointer|
|m_axi_gmem_out_WDATA     |  out|   32|          m_axi|      gmem_out|       pointer|
|m_axi_gmem_out_WSTRB     |  out|    4|          m_axi|      gmem_out|       pointer|
|m_axi_gmem_out_WLAST     |  out|    1|          m_axi|      gmem_out|       pointer|
|m_axi_gmem_out_WID       |  out|    1|          m_axi|      gmem_out|       pointer|
|m_axi_gmem_out_WUSER     |  out|    1|          m_axi|      gmem_out|       pointer|
|m_axi_gmem_out_ARVALID   |  out|    1|          m_axi|      gmem_out|       pointer|
|m_axi_gmem_out_ARREADY   |   in|    1|          m_axi|      gmem_out|       pointer|
|m_axi_gmem_out_ARADDR    |  out|   64|          m_axi|      gmem_out|       pointer|
|m_axi_gmem_out_ARID      |  out|    1|          m_axi|      gmem_out|       pointer|
|m_axi_gmem_out_ARLEN     |  out|    8|          m_axi|      gmem_out|       pointer|
|m_axi_gmem_out_ARSIZE    |  out|    3|          m_axi|      gmem_out|       pointer|
|m_axi_gmem_out_ARBURST   |  out|    2|          m_axi|      gmem_out|       pointer|
|m_axi_gmem_out_ARLOCK    |  out|    2|          m_axi|      gmem_out|       pointer|
|m_axi_gmem_out_ARCACHE   |  out|    4|          m_axi|      gmem_out|       pointer|
|m_axi_gmem_out_ARPROT    |  out|    3|          m_axi|      gmem_out|       pointer|
|m_axi_gmem_out_ARQOS     |  out|    4|          m_axi|      gmem_out|       pointer|
|m_axi_gmem_out_ARREGION  |  out|    4|          m_axi|      gmem_out|       pointer|
|m_axi_gmem_out_ARUSER    |  out|    1|          m_axi|      gmem_out|       pointer|
|m_axi_gmem_out_RVALID    |   in|    1|          m_axi|      gmem_out|       pointer|
|m_axi_gmem_out_RREADY    |  out|    1|          m_axi|      gmem_out|       pointer|
|m_axi_gmem_out_RDATA     |   in|   32|          m_axi|      gmem_out|       pointer|
|m_axi_gmem_out_RLAST     |   in|    1|          m_axi|      gmem_out|       pointer|
|m_axi_gmem_out_RID       |   in|    1|          m_axi|      gmem_out|       pointer|
|m_axi_gmem_out_RUSER     |   in|    1|          m_axi|      gmem_out|       pointer|
|m_axi_gmem_out_RRESP     |   in|    2|          m_axi|      gmem_out|       pointer|
|m_axi_gmem_out_BVALID    |   in|    1|          m_axi|      gmem_out|       pointer|
|m_axi_gmem_out_BREADY    |  out|    1|          m_axi|      gmem_out|       pointer|
|m_axi_gmem_out_BRESP     |   in|    2|          m_axi|      gmem_out|       pointer|
|m_axi_gmem_out_BID       |   in|    1|          m_axi|      gmem_out|       pointer|
|m_axi_gmem_out_BUSER     |   in|    1|          m_axi|      gmem_out|       pointer|
+-------------------------+-----+-----+---------------+--------------+--------------+

============================================================
+ Verbose Summary: Synthesis Manager
============================================================
InlineROM: 1
ExposeGlobal: 0
============================================================
+ Verbose Summary: CDFG Model
============================================================
IsTopModel: 1
ResetActiveHigh: 1
IsCombinational: 2
IsDatapathOnly: 2
HasWiredReturn: 1
HasMFsm: 0
HasVarLatency: 1
IsPipeline: 0
IsRtlPipelined: 0
IsInstanceOverlapped: 0
IsDontTouch: 0
HasImplIP: 0
IsGatedGlobalClock: 0


============================================================
+ Verbose Summary: Schedule
============================================================
* Number of FSM states : 7
* Pipeline : 0
* Dataflow Pipeline: 1
  DF-Pipeline-0: Size = 7, States = { 1 2 3 4 5 6 7 }

* FSM state transitions: 
1 --> 2 
2 --> 3 
3 --> 4 
4 --> 5 
5 --> 6 
6 --> 7 
7 --> 

* FSM state operations: 

State 1 <SV = 0> <Delay = 1.81>
ST_1 : Operation 8 [1/1] (0.00ns)   --->   "%muxLogicCE_to_num_pixels_read = muxlogic"   --->   Operation 8 'muxlogic' 'muxLogicCE_to_num_pixels_read' <Predicate = true> <Delay = 0.00>
ST_1 : Operation 9 [1/1] (1.00ns)   --->   "%num_pixels_read = read i32 @_ssdm_op_Read.ap_none.i32, i32 %num_pixels" [../rgb2gray_kernel.cpp:133]   --->   Operation 9 'read' 'num_pixels_read' <Predicate = true> <Delay = 1.00> <CoreInst = "s_axilite">   --->   Core 124 's_axilite' <Latency = 0> <II = 1> <Delay = 1.00> <Adapter> <Opcode : 'read' 'write'>
ST_1 : Operation 10 [1/1] (0.00ns)   --->   "%muxLogicCE_to_addr_out_read = muxlogic"   --->   Operation 10 'muxlogic' 'muxLogicCE_to_addr_out_read' <Predicate = true> <Delay = 0.00>
ST_1 : Operation 11 [1/1] (1.00ns)   --->   "%addr_out_read = read i32 @_ssdm_op_Read.ap_none.i32, i32 %addr_out" [../rgb2gray_kernel.cpp:133]   --->   Operation 11 'read' 'addr_out_read' <Predicate = true> <Delay = 1.00> <CoreInst = "s_axilite">   --->   Core 124 's_axilite' <Latency = 0> <II = 1> <Delay = 1.00> <Adapter> <Opcode : 'read' 'write'>
ST_1 : Operation 12 [1/1] (0.00ns)   --->   "%muxLogicCE_to_addr_in_read = muxlogic"   --->   Operation 12 'muxlogic' 'muxLogicCE_to_addr_in_read' <Predicate = true> <Delay = 0.00>
ST_1 : Operation 13 [1/1] (1.00ns)   --->   "%addr_in_read = read i32 @_ssdm_op_Read.ap_none.i32, i32 %addr_in" [../rgb2gray_kernel.cpp:133]   --->   Operation 13 'read' 'addr_in_read' <Predicate = true> <Delay = 1.00> <CoreInst = "s_axilite">   --->   Core 124 's_axilite' <Latency = 0> <II = 1> <Delay = 1.00> <Adapter> <Opcode : 'read' 'write'>
ST_1 : Operation 14 [1/1] (0.00ns)   --->   "%muxLogicCE_to_m_axi_out_read = muxlogic"   --->   Operation 14 'muxlogic' 'muxLogicCE_to_m_axi_out_read' <Predicate = true> <Delay = 0.00>
ST_1 : Operation 15 [1/1] (1.00ns)   --->   "%m_axi_out_read = read i64 @_ssdm_op_Read.s_axilite.i64, i64 %m_axi_out" [../rgb2gray_kernel.cpp:133]   --->   Operation 15 'read' 'm_axi_out_read' <Predicate = true> <Delay = 1.00> <CoreInst = "s_axilite">   --->   Core 124 's_axilite' <Latency = 0> <II = 1> <Delay = 1.00> <Adapter> <Opcode : 'read' 'write'>
ST_1 : Operation 16 [1/1] (0.00ns)   --->   "%muxLogicCE_to_m_axi_in_read = muxlogic"   --->   Operation 16 'muxlogic' 'muxLogicCE_to_m_axi_in_read' <Predicate = true> <Delay = 0.00>
ST_1 : Operation 17 [1/1] (1.00ns)   --->   "%m_axi_in_read = read i64 @_ssdm_op_Read.s_axilite.i64, i64 %m_axi_in" [../rgb2gray_kernel.cpp:133]   --->   Operation 17 'read' 'm_axi_in_read' <Predicate = true> <Delay = 1.00> <CoreInst = "s_axilite">   --->   Core 124 's_axilite' <Latency = 0> <II = 1> <Delay = 1.00> <Adapter> <Opcode : 'read' 'write'>
ST_1 : Operation 18 [1/1] (0.00ns)   --->   "%num_pixels_c1 = alloca i64 1" [../rgb2gray_kernel.cpp:133]   --->   Operation 18 'alloca' 'num_pixels_c1' <Predicate = true> <Delay = 0.00> <CoreInst = "FIFO_SRL">   --->   Core 84 'FIFO_SRL' <Latency = 0> <II = 1> <Delay = 0.71> <Storage> <Opcode : 'read' 'write' 'nbread' 'nbwrite'> <Ports = 0> <Width = 32> <Depth = 2> <FIFO>
ST_1 : Operation 19 [1/1] (0.00ns)   --->   "%num_pixels_c = alloca i64 1" [../rgb2gray_kernel.cpp:133]   --->   Operation 19 'alloca' 'num_pixels_c' <Predicate = true> <Delay = 0.00> <CoreInst = "FIFO_SRL">   --->   Core 84 'FIFO_SRL' <Latency = 0> <II = 1> <Delay = 0.71> <Storage> <Opcode : 'read' 'write' 'nbread' 'nbwrite'> <Ports = 0> <Width = 32> <Depth = 2> <FIFO>
ST_1 : Operation 20 [1/1] (0.00ns)   --->   "%addr_out_c = alloca i64 1" [../rgb2gray_kernel.cpp:133]   --->   Operation 20 'alloca' 'addr_out_c' <Predicate = true> <Delay = 0.00> <CoreInst = "FIFO_SRL">   --->   Core 84 'FIFO_SRL' <Latency = 0> <II = 1> <Delay = 0.81> <Storage> <Opcode : 'read' 'write' 'nbread' 'nbwrite'> <Ports = 0> <Width = 32> <Depth = 4> <FIFO>
ST_1 : Operation 21 [1/1] (0.00ns)   --->   "%m_axi_out_c = alloca i64 1" [../rgb2gray_kernel.cpp:133]   --->   Operation 21 'alloca' 'm_axi_out_c' <Predicate = true> <Delay = 0.00> <CoreInst = "FIFO_SRL">   --->   Core 84 'FIFO_SRL' <Latency = 0> <II = 1> <Delay = 0.76> <Storage> <Opcode : 'read' 'write' 'nbread' 'nbwrite'> <Ports = 0> <Width = 64> <Depth = 4> <FIFO>
ST_1 : Operation 22 [1/1] (0.00ns)   --->   "%stream_rgb = alloca i64 1"   --->   Operation 22 'alloca' 'stream_rgb' <Predicate = true> <Delay = 0.00> <CoreInst = "FIFO_SRL">   --->   Core 84 'FIFO_SRL' <Latency = 0> <II = 1> <Delay = 0.77> <Storage> <Opcode : 'read' 'write' 'nbread' 'nbwrite'> <Ports = 0> <Width = 24> <Depth = 16> <FIFO>
ST_1 : Operation 23 [1/1] (0.00ns)   --->   "%stream_gray = alloca i64 1" [../rgb2gray_kernel.cpp:135]   --->   Operation 23 'alloca' 'stream_gray' <Predicate = true> <Delay = 0.00> <CoreInst = "FIFO_SRL">   --->   Core 84 'FIFO_SRL' <Latency = 0> <II = 1> <Delay = 0.76> <Storage> <Opcode : 'read' 'write' 'nbread' 'nbwrite'> <Ports = 0> <Width = 8> <Depth = 16> <FIFO>
ST_1 : Operation 24 [1/1] (0.81ns)   --->   "%call_ln133 = call void @entry_proc, i64 %m_axi_out_read, i64 %m_axi_out_c, i32 %addr_out_read, i32 %addr_out_c" [../rgb2gray_kernel.cpp:133]   --->   Operation 24 'call' 'call_ln133' <Predicate = true> <Delay = 0.81> <CoreType = "Generic">   --->   Core 0 '' <Latency = 0> <II = 1> <Delay = 1.00> <Generic> <Opcode : >

State 2 <SV = 1> <Delay = 2.31>
ST_2 : Operation 25 [2/2] (2.31ns)   --->   "%call_ln139 = call void @load_rgb, i32 %gmem_in, i64 %m_axi_in_read, i32 %addr_in_read, i32 %num_pixels_read, i24 %stream_rgb, i32 %num_pixels_c1" [../rgb2gray_kernel.cpp:139]   --->   Operation 25 'call' 'call_ln139' <Predicate = true> <Delay = 2.31> <CoreType = "Generic">   --->   Core 0 '' <Latency = 0> <II = 1> <Delay = 1.00> <Generic> <Opcode : >

State 3 <SV = 2> <Delay = 0.00>
ST_3 : Operation 26 [1/2] (0.00ns)   --->   "%call_ln139 = call void @load_rgb, i32 %gmem_in, i64 %m_axi_in_read, i32 %addr_in_read, i32 %num_pixels_read, i24 %stream_rgb, i32 %num_pixels_c1" [../rgb2gray_kernel.cpp:139]   --->   Operation 26 'call' 'call_ln139' <Predicate = true> <Delay = 0.00> <CoreType = "Generic">   --->   Core 0 '' <Latency = 0> <II = 1> <Delay = 1.00> <Generic> <Opcode : >

State 4 <SV = 3> <Delay = 0.00>
ST_4 : Operation 27 [2/2] (0.00ns)   --->   "%call_ln140 = call void @process_gray, i24 %stream_rgb, i8 %stream_gray, i32 %num_pixels_c1, i32 %num_pixels_c" [../rgb2gray_kernel.cpp:140]   --->   Operation 27 'call' 'call_ln140' <Predicate = true> <Delay = 0.00> <CoreType = "Generic">   --->   Core 0 '' <Latency = 0> <II = 1> <Delay = 1.00> <Generic> <Opcode : >

State 5 <SV = 4> <Delay = 0.00>
ST_5 : Operation 28 [1/2] (0.00ns)   --->   "%call_ln140 = call void @process_gray, i24 %stream_rgb, i8 %stream_gray, i32 %num_pixels_c1, i32 %num_pixels_c" [../rgb2gray_kernel.cpp:140]   --->   Operation 28 'call' 'call_ln140' <Predicate = true> <Delay = 0.00> <CoreType = "Generic">   --->   Core 0 '' <Latency = 0> <II = 1> <Delay = 1.00> <Generic> <Opcode : >

State 6 <SV = 5> <Delay = 0.00>
ST_6 : Operation 29 [2/2] (0.00ns)   --->   "%call_ln141 = call void @store_gray, i8 %stream_gray, i32 %gmem_out, i64 %m_axi_out_c, i32 %addr_out_c, i32 %num_pixels_c" [../rgb2gray_kernel.cpp:141]   --->   Operation 29 'call' 'call_ln141' <Predicate = true> <Delay = 0.00> <CoreType = "Generic">   --->   Core 0 '' <Latency = 0> <II = 1> <Delay = 1.00> <Generic> <Opcode : >

State 7 <SV = 6> <Delay = 0.00>
ST_7 : Operation 30 [1/1] (0.00ns)   --->   "%empty = specchannel i32 @_ssdm_op_SpecChannel, void @num_pixels_c1_str, i32 1, void @p_str, void @p_str, i32 2, i32 0, i32 %num_pixels_c1, i32 %num_pixels_c1" [../rgb2gray_kernel.cpp:133]   --->   Operation 30 'specchannel' 'empty' <Predicate = true> <Delay = 0.00>
ST_7 : Operation 31 [1/1] (0.00ns)   --->   "%specinterface_ln133 = specinterface void @_ssdm_op_SpecInterface, i32 %num_pixels_c1, void @ap_fifo_str, i32 0, i32 0, void @p_str, i32 0, i32 0, void @p_str, void @p_str, void @p_str, i32 2, i32 2, i32 16, i32 16, void @p_str, void @p_str, i32 4294967295, i32 0, i32 0" [../rgb2gray_kernel.cpp:133]   --->   Operation 31 'specinterface' 'specinterface_ln133' <Predicate = true> <Delay = 0.00>
ST_7 : Operation 32 [1/1] (0.00ns)   --->   "%empty_33 = specchannel i32 @_ssdm_op_SpecChannel, void @num_pixels_c_str, i32 1, void @p_str, void @p_str, i32 2, i32 0, i32 %num_pixels_c, i32 %num_pixels_c" [../rgb2gray_kernel.cpp:133]   --->   Operation 32 'specchannel' 'empty_33' <Predicate = true> <Delay = 0.00>
ST_7 : Operation 33 [1/1] (0.00ns)   --->   "%specinterface_ln133 = specinterface void @_ssdm_op_SpecInterface, i32 %num_pixels_c, void @ap_fifo_str, i32 0, i32 0, void @p_str, i32 0, i32 0, void @p_str, void @p_str, void @p_str, i32 2, i32 2, i32 16, i32 16, void @p_str, void @p_str, i32 4294967295, i32 0, i32 0" [../rgb2gray_kernel.cpp:133]   --->   Operation 33 'specinterface' 'specinterface_ln133' <Predicate = true> <Delay = 0.00>
ST_7 : Operation 34 [1/1] (0.00ns)   --->   "%empty_34 = specchannel i32 @_ssdm_op_SpecChannel, void @addr_out_c_str, i32 1, void @p_str, void @p_str, i32 4, i32 0, i32 %addr_out_c, i32 %addr_out_c" [../rgb2gray_kernel.cpp:133]   --->   Operation 34 'specchannel' 'empty_34' <Predicate = true> <Delay = 0.00>
ST_7 : Operation 35 [1/1] (0.00ns)   --->   "%specinterface_ln133 = specinterface void @_ssdm_op_SpecInterface, i32 %addr_out_c, void @ap_fifo_str, i32 0, i32 0, void @p_str, i32 0, i32 0, void @p_str, void @p_str, void @p_str, i32 2, i32 2, i32 16, i32 16, void @p_str, void @p_str, i32 4294967295, i32 0, i32 0" [../rgb2gray_kernel.cpp:133]   --->   Operation 35 'specinterface' 'specinterface_ln133' <Predicate = true> <Delay = 0.00>
ST_7 : Operation 36 [1/1] (0.00ns)   --->   "%empty_35 = specchannel i32 @_ssdm_op_SpecChannel, void @m_axi_out_c_str, i32 1, void @p_str, void @p_str, i32 4, i32 0, i64 %m_axi_out_c, i64 %m_axi_out_c" [../rgb2gray_kernel.cpp:133]   --->   Operation 36 'specchannel' 'empty_35' <Predicate = true> <Delay = 0.00>
ST_7 : Operation 37 [1/1] (0.00ns)   --->   "%specinterface_ln133 = specinterface void @_ssdm_op_SpecInterface, i64 %m_axi_out_c, void @ap_fifo_str, i32 0, i32 0, void @p_str, i32 0, i32 0, void @p_str, void @p_str, void @p_str, i32 2, i32 2, i32 16, i32 16, void @p_str, void @p_str, i32 4294967295, i32 0, i32 0" [../rgb2gray_kernel.cpp:133]   --->   Operation 37 'specinterface' 'specinterface_ln133' <Predicate = true> <Delay = 0.00>
ST_7 : Operation 38 [1/1] (0.00ns)   --->   "%specdataflowpipeline_ln133 = specdataflowpipeline void @_ssdm_op_SpecDataflowPipeline, i32 4294967295, i32 0, void @empty_0" [../rgb2gray_kernel.cpp:133]   --->   Operation 38 'specdataflowpipeline' 'specdataflowpipeline_ln133' <Predicate = true> <Delay = 0.00>
ST_7 : Operation 39 [1/1] (0.00ns)   --->   "%spectopmodule_ln114 = spectopmodule void @_ssdm_op_SpecTopModule, void @empty_16" [../rgb2gray_kernel.cpp:114]   --->   Operation 39 'spectopmodule' 'spectopmodule_ln114' <Predicate = true> <Delay = 0.00>
ST_7 : Operation 40 [1/1] (0.00ns)   --->   "%specinterface_ln114 = specinterface void @_ssdm_op_SpecInterface, i32 0, void @empty_17, i32 0, i32 0, void @empty_0, i32 0, i32 0, void @empty_0, void @empty_0, void @empty_0, i32 0, i32 0, i32 0, i32 0, void @empty_0, void @empty_0, i32 4294967295, i32 0, i32 0" [../rgb2gray_kernel.cpp:114]   --->   Operation 40 'specinterface' 'specinterface_ln114' <Predicate = true> <Delay = 0.00>
ST_7 : Operation 41 [1/1] (0.00ns)   --->   "%specinterface_ln0 = specinterface void @_ssdm_op_SpecInterface, i32 %gmem_in, void @empty, i32 0, i32 0, void @empty_0, i32 64, i32 512, void @empty_1, void @empty_2, void @empty_0, i32 16, i32 16, i32 16, i32 16, void @empty_0, void @empty_0, i32 4294967295, i32 0, i32 0"   --->   Operation 41 'specinterface' 'specinterface_ln0' <Predicate = true> <Delay = 0.00>
ST_7 : Operation 42 [1/1] (0.00ns)   --->   "%specbitsmap_ln0 = specbitsmap void @_ssdm_op_SpecBitsMap, i32 %gmem_in"   --->   Operation 42 'specbitsmap' 'specbitsmap_ln0' <Predicate = true> <Delay = 0.00>
ST_7 : Operation 43 [1/1] (0.00ns)   --->   "%specinterface_ln0 = specinterface void @_ssdm_op_SpecInterface, i32 %gmem_out, void @empty, i32 0, i32 0, void @empty_0, i32 64, i32 512, void @empty_3, void @empty_2, void @empty_0, i32 16, i32 16, i32 16, i32 16, void @empty_0, void @empty_0, i32 4294967295, i32 0, i32 0"   --->   Operation 43 'specinterface' 'specinterface_ln0' <Predicate = true> <Delay = 0.00>
ST_7 : Operation 44 [1/1] (0.00ns)   --->   "%specbitsmap_ln0 = specbitsmap void @_ssdm_op_SpecBitsMap, i32 %gmem_out"   --->   Operation 44 'specbitsmap' 'specbitsmap_ln0' <Predicate = true> <Delay = 0.00>
ST_7 : Operation 45 [1/1] (0.00ns)   --->   "%specinterface_ln0 = specinterface void @_ssdm_op_SpecInterface, i64 %m_axi_in, void @empty_4, i32 0, i32 0, void @empty_0, i32 0, i32 0, void @empty_5, void @empty_6, void @empty_0, i32 0, i32 0, i32 0, i32 0, void @empty_0, void @empty_7, i32 4294967295, i32 0, i32 0"   --->   Operation 45 'specinterface' 'specinterface_ln0' <Predicate = true> <Delay = 0.00>
ST_7 : Operation 46 [1/1] (0.00ns)   --->   "%specinterface_ln0 = specinterface void @_ssdm_op_SpecInterface, i64 %m_axi_in, void @empty_8, i32 0, i32 0, void @empty_0, i32 0, i32 0, void @empty_0, void @empty_0, void @empty_0, i32 0, i32 0, i32 0, i32 0, void @empty_0, void @empty_7, i32 4294967295, i32 0, i32 0"   --->   Operation 46 'specinterface' 'specinterface_ln0' <Predicate = true> <Delay = 0.00>
ST_7 : Operation 47 [1/1] (0.00ns)   --->   "%specinterface_ln0 = specinterface void @_ssdm_op_SpecInterface, i64 %m_axi_out, void @empty_4, i32 0, i32 0, void @empty_0, i32 0, i32 0, void @empty_5, void @empty_9, void @empty_0, i32 0, i32 0, i32 0, i32 0, void @empty_0, void @empty_7, i32 4294967295, i32 0, i32 0"   --->   Operation 47 'specinterface' 'specinterface_ln0' <Predicate = true> <Delay = 0.00>
ST_7 : Operation 48 [1/1] (0.00ns)   --->   "%specinterface_ln0 = specinterface void @_ssdm_op_SpecInterface, i64 %m_axi_out, void @empty_8, i32 0, i32 0, void @empty_0, i32 0, i32 0, void @empty_0, void @empty_0, void @empty_0, i32 0, i32 0, i32 0, i32 0, void @empty_0, void @empty_7, i32 4294967295, i32 0, i32 0"   --->   Operation 48 'specinterface' 'specinterface_ln0' <Predicate = true> <Delay = 0.00>
ST_7 : Operation 49 [1/1] (0.00ns)   --->   "%specbitsmap_ln0 = specbitsmap void @_ssdm_op_SpecBitsMap, i32 %addr_in"   --->   Operation 49 'specbitsmap' 'specbitsmap_ln0' <Predicate = true> <Delay = 0.00>
ST_7 : Operation 50 [1/1] (0.00ns)   --->   "%specinterface_ln0 = specinterface void @_ssdm_op_SpecInterface, i32 %addr_in, void @empty_4, i32 0, i32 0, void @empty_0, i32 0, i32 0, void @empty_5, void @empty_10, void @empty_0, i32 0, i32 0, i32 0, i32 0, void @empty_0, void @empty_0, i32 4294967295, i32 0, i32 0"   --->   Operation 50 'specinterface' 'specinterface_ln0' <Predicate = true> <Delay = 0.00>
ST_7 : Operation 51 [1/1] (0.00ns)   --->   "%specinterface_ln0 = specinterface void @_ssdm_op_SpecInterface, i32 %addr_in, void @empty_11, i32 0, i32 0, void @empty_0, i32 0, i32 0, void @empty_0, void @empty_0, void @empty_0, i32 0, i32 0, i32 0, i32 0, void @empty_0, void @empty_0, i32 4294967295, i32 0, i32 0"   --->   Operation 51 'specinterface' 'specinterface_ln0' <Predicate = true> <Delay = 0.00>
ST_7 : Operation 52 [1/1] (0.00ns)   --->   "%specbitsmap_ln0 = specbitsmap void @_ssdm_op_SpecBitsMap, i32 %addr_out"   --->   Operation 52 'specbitsmap' 'specbitsmap_ln0' <Predicate = true> <Delay = 0.00>
ST_7 : Operation 53 [1/1] (0.00ns)   --->   "%specinterface_ln0 = specinterface void @_ssdm_op_SpecInterface, i32 %addr_out, void @empty_4, i32 0, i32 0, void @empty_0, i32 0, i32 0, void @empty_5, void @empty_12, void @empty_0, i32 0, i32 0, i32 0, i32 0, void @empty_0, void @empty_0, i32 4294967295, i32 0, i32 0"   --->   Operation 53 'specinterface' 'specinterface_ln0' <Predicate = true> <Delay = 0.00>
ST_7 : Operation 54 [1/1] (0.00ns)   --->   "%specinterface_ln0 = specinterface void @_ssdm_op_SpecInterface, i32 %addr_out, void @empty_11, i32 0, i32 0, void @empty_0, i32 0, i32 0, void @empty_0, void @empty_0, void @empty_0, i32 0, i32 0, i32 0, i32 0, void @empty_0, void @empty_0, i32 4294967295, i32 0, i32 0"   --->   Operation 54 'specinterface' 'specinterface_ln0' <Predicate = true> <Delay = 0.00>
ST_7 : Operation 55 [1/1] (0.00ns)   --->   "%specbitsmap_ln0 = specbitsmap void @_ssdm_op_SpecBitsMap, i32 %num_pixels"   --->   Operation 55 'specbitsmap' 'specbitsmap_ln0' <Predicate = true> <Delay = 0.00>
ST_7 : Operation 56 [1/1] (0.00ns)   --->   "%specinterface_ln0 = specinterface void @_ssdm_op_SpecInterface, i32 %num_pixels, void @empty_4, i32 0, i32 0, void @empty_0, i32 0, i32 0, void @empty_5, void @empty_13, void @empty_0, i32 0, i32 0, i32 0, i32 0, void @empty_0, void @empty_0, i32 4294967295, i32 0, i32 0"   --->   Operation 56 'specinterface' 'specinterface_ln0' <Predicate = true> <Delay = 0.00>
ST_7 : Operation 57 [1/1] (0.00ns)   --->   "%specinterface_ln0 = specinterface void @_ssdm_op_SpecInterface, i32 %num_pixels, void @empty_11, i32 0, i32 0, void @empty_0, i32 0, i32 0, void @empty_0, void @empty_0, void @empty_0, i32 0, i32 0, i32 0, i32 0, void @empty_0, void @empty_0, i32 4294967295, i32 0, i32 0"   --->   Operation 57 'specinterface' 'specinterface_ln0' <Predicate = true> <Delay = 0.00>
ST_7 : Operation 58 [1/1] (0.00ns)   --->   "%specinterface_ln0 = specinterface void @_ssdm_op_SpecInterface, i32 0, void @empty_4, i32 0, i32 0, void @empty_0, i32 0, i32 0, void @empty_5, void @empty_0, void @empty_0, i32 0, i32 0, i32 0, i32 0, void @empty_0, void @empty_0, i32 4294967295, i32 0, i32 0"   --->   Operation 58 'specinterface' 'specinterface_ln0' <Predicate = true> <Delay = 0.00>
ST_7 : Operation 59 [1/1] (0.00ns)   --->   "%empty_36 = specchannel i32 @_ssdm_op_SpecChannel, void @stream_rgb_str, i32 1, void @p_str, void @p_str, i32 16, i32 16, i24 %stream_rgb, i24 %stream_rgb"   --->   Operation 59 'specchannel' 'empty_36' <Predicate = true> <Delay = 0.00>
ST_7 : Operation 60 [1/1] (0.00ns)   --->   "%specinterface_ln0 = specinterface void @_ssdm_op_SpecInterface, i24 %stream_rgb, void @empty_14, i32 0, i32 0, void @empty_0, i32 0, i32 0, void @empty_0, void @empty_0, void @empty_0, i32 0, i32 0, i32 0, i32 0, void @empty_0, void @empty_0, i32 4294967295, i32 0, i32 0"   --->   Operation 60 'specinterface' 'specinterface_ln0' <Predicate = true> <Delay = 0.00>
ST_7 : Operation 61 [1/1] (0.00ns)   --->   "%empty_37 = specchannel i32 @_ssdm_op_SpecChannel, void @stream_gray_str, i32 1, void @p_str, void @p_str, i32 16, i32 16, i8 %stream_gray, i8 %stream_gray"   --->   Operation 61 'specchannel' 'empty_37' <Predicate = true> <Delay = 0.00>
ST_7 : Operation 62 [1/1] (0.00ns)   --->   "%specinterface_ln0 = specinterface void @_ssdm_op_SpecInterface, i8 %stream_gray, void @empty_14, i32 0, i32 0, void @empty_0, i32 0, i32 0, void @empty_0, void @empty_0, void @empty_0, i32 0, i32 0, i32 0, i32 0, void @empty_0, void @empty_0, i32 4294967295, i32 0, i32 0"   --->   Operation 62 'specinterface' 'specinterface_ln0' <Predicate = true> <Delay = 0.00>
ST_7 : Operation 63 [1/2] (0.00ns)   --->   "%call_ln141 = call void @store_gray, i8 %stream_gray, i32 %gmem_out, i64 %m_axi_out_c, i32 %addr_out_c, i32 %num_pixels_c" [../rgb2gray_kernel.cpp:141]   --->   Operation 63 'call' 'call_ln141' <Predicate = true> <Delay = 0.00> <CoreType = "Generic">   --->   Core 0 '' <Latency = 0> <II = 1> <Delay = 1.00> <Generic> <Opcode : >
ST_7 : Operation 64 [1/1] (0.00ns)   --->   "%ret_ln142 = ret" [../rgb2gray_kernel.cpp:142]   --->   Operation 64 'ret' 'ret_ln142' <Predicate = true> <Delay = 0.00>


============================================================
+ Verbose Summary: Binding
============================================================
STG Binding: 
---------------- STG Properties BEGIN ----------------
- Is combinational: 0
- Is one-state seq: 0
- Is datapath-only: 0
- Is pipelined: 0
- Is top level: 1
Port [ Return ] is wired: 1; IO mode=ap_ctrl_chain:ce=0
Port [ gmem_in]:  wired=1; compound=1; hidden=0; nouse=0; global=0; static=0; extern=0; dir=0; type=4; pingpong=0; private_global=0; IO mode=m_axi:ce=0
Port [ gmem_out]:  wired=1; compound=1; hidden=0; nouse=0; global=0; static=0; extern=0; dir=1; type=4; pingpong=0; private_global=0; IO mode=m_axi:ce=0
Port [ m_axi_in]:  wired=1; compound=0; hidden=0; nouse=0; global=0; static=0; extern=0; dir=0; type=0; pingpong=0; private_global=0; IO mode=ap_none:ce=0
Port [ m_axi_out]:  wired=1; compound=0; hidden=0; nouse=0; global=0; static=0; extern=0; dir=0; type=0; pingpong=0; private_global=0; IO mode=ap_none:ce=0
Port [ addr_in]:  wired=1; compound=0; hidden=0; nouse=0; global=0; static=0; extern=0; dir=0; type=0; pingpong=0; private_global=0; IO mode=ap_none:ce=0
Port [ addr_out]:  wired=1; compound=0; hidden=0; nouse=0; global=0; static=0; extern=0; dir=0; type=0; pingpong=0; private_global=0; IO mode=ap_none:ce=0
Port [ num_pixels]:  wired=1; compound=0; hidden=0; nouse=0; global=0; static=0; extern=0; dir=0; type=0; pingpong=0; private_global=0; IO mode=ap_none:ce=0
---------------- STG Properties END ------------------

---------------- Datapath Model BEGIN ----------------

<LifeTime>
<method=bitvector/>
muxLogicCE_to_num_pixels_read (muxlogic            ) [ 00000000]
num_pixels_read               (read                ) [ 00110000]
muxLogicCE_to_addr_out_read   (muxlogic            ) [ 00000000]
addr_out_read                 (read                ) [ 00000000]
muxLogicCE_to_addr_in_read    (muxlogic            ) [ 00000000]
addr_in_read                  (read                ) [ 00110000]
muxLogicCE_to_m_axi_out_read  (muxlogic            ) [ 00000000]
m_axi_out_read                (read                ) [ 00000000]
muxLogicCE_to_m_axi_in_read   (muxlogic            ) [ 00000000]
m_axi_in_read                 (read                ) [ 00110000]
num_pixels_c1                 (alloca              ) [ 00111111]
num_pixels_c                  (alloca              ) [ 00111111]
addr_out_c                    (alloca              ) [ 01111111]
m_axi_out_c                   (alloca              ) [ 01111111]
stream_rgb                    (alloca              ) [ 00111111]
stream_gray                   (alloca              ) [ 00111111]
call_ln133                    (call                ) [ 00000000]
call_ln139                    (call                ) [ 00000000]
call_ln140                    (call                ) [ 00000000]
empty                         (specchannel         ) [ 00000000]
specinterface_ln133           (specinterface       ) [ 00000000]
empty_33                      (specchannel         ) [ 00000000]
specinterface_ln133           (specinterface       ) [ 00000000]
empty_34                      (specchannel         ) [ 00000000]
specinterface_ln133           (specinterface       ) [ 00000000]
empty_35                      (specchannel         ) [ 00000000]
specinterface_ln133           (specinterface       ) [ 00000000]
specdataflowpipeline_ln133    (specdataflowpipeline) [ 00000000]
spectopmodule_ln114           (spectopmodule       ) [ 00000000]
specinterface_ln114           (specinterface       ) [ 00000000]
specinterface_ln0             (specinterface       ) [ 00000000]
specbitsmap_ln0               (specbitsmap         ) [ 00000000]
specinterface_ln0             (specinterface       ) [ 00000000]
specbitsmap_ln0               (specbitsmap         ) [ 00000000]
specinterface_ln0             (specinterface       ) [ 00000000]
specinterface_ln0             (specinterface       ) [ 00000000]
specinterface_ln0             (specinterface       ) [ 00000000]
specinterface_ln0             (specinterface       ) [ 00000000]
specbitsmap_ln0               (specbitsmap         ) [ 00000000]
specinterface_ln0             (specinterface       ) [ 00000000]
specinterface_ln0             (specinterface       ) [ 00000000]
specbitsmap_ln0               (specbitsmap         ) [ 00000000]
specinterface_ln0             (specinterface       ) [ 00000000]
specinterface_ln0             (specinterface       ) [ 00000000]
specbitsmap_ln0               (specbitsmap         ) [ 00000000]
specinterface_ln0             (specinterface       ) [ 00000000]
specinterface_ln0             (specinterface       ) [ 00000000]
specinterface_ln0             (specinterface       ) [ 00000000]
empty_36                      (specchannel         ) [ 00000000]
specinterface_ln0             (specinterface       ) [ 00000000]
empty_37                      (specchannel         ) [ 00000000]
specinterface_ln0             (specinterface       ) [ 00000000]
call_ln141                    (call                ) [ 00000000]
ret_ln142                     (ret                 ) [ 00000000]
</LifeTime>

<model>

<comp_list>
<comp id="0" class="1000" name="gmem_in">
<pin_list>
<pin id="1" dir="1" index="0" bw="1" slack="0"/>
</pin_list>
<bind>
<StgValue><ssdm name="gmem_in"/></StgValue>
</bind>
</comp>

<comp id="2" class="1000" name="gmem_out">
<pin_list>
<pin id="3" dir="1" index="0" bw="1" slack="0"/>
</pin_list>
<bind>
<StgValue><ssdm name="gmem_out"/></StgValue>
</bind>
</comp>

<comp id="4" class="1000" name="m_axi_in">
<pin_list>
<pin id="5" dir="1" index="0" bw="1" slack="0"/>
</pin_list>
<bind>
<StgValue><ssdm name="m_axi_in"/></StgValue>
</bind>
</comp>

<comp id="6" class="1000" name="m_axi_out">
<pin_list>
<pin id="7" dir="1" index="0" bw="1" slack="0"/>
</pin_list>
<bind>
<StgValue><ssdm name="m_axi_out"/></StgValue>
</bind>
</comp>

<comp id="8" class="1000" name="addr_in">
<pin_list>
<pin id="9" dir="1" index="0" bw="1" slack="0"/>
</pin_list>
<bind>
<StgValue><ssdm name="addr_in"/></StgValue>
</bind>
</comp>

<comp id="10" class="1000" name="addr_out">
<pin_list>
<pin id="11" dir="1" index="0" bw="1" slack="0"/>
</pin_list>
<bind>
<StgValue><ssdm name="addr_out"/></StgValue>
</bind>
</comp>

<comp id="12" class="1000" name="num_pixels">
<pin_list>
<pin id="13" dir="1" index="0" bw="1" slack="0"/>
</pin_list>
<bind>
<StgValue><ssdm name="num_pixels"/></StgValue>
</bind>
</comp>

<comp id="14" class="1001" name="const_14">
<pin_list>
<pin id="15" dir="1" index="0" bw="1" slack="0"/>
</pin_list>
<bind>
<StgValue><ssdm name="_ssdm_op_Read.ap_none.i32"/></StgValue>
</bind>
</comp>

<comp id="16" class="1001" name="const_16">
<pin_list>
<pin id="17" dir="1" index="0" bw="1" slack="0"/>
</pin_list>
<bind>
<StgValue><ssdm name="_ssdm_op_Read.s_axilite.i64"/></StgValue>
</bind>
</comp>

<comp id="18" class="1001" name="const_18">
<pin_list>
<pin id="19" dir="1" index="0" bw="1" slack="0"/>
</pin_list>
<bind>
<StgValue><ssdm name=""/></StgValue>
</bind>
</comp>

<comp id="20" class="1001" name="const_20">
<pin_list>
<pin id="21" dir="1" index="0" bw="1" slack="0"/>
</pin_list>
<bind>
<StgValue><ssdm name="entry_proc"/></StgValue>
</bind>
</comp>

<comp id="22" class="1001" name="const_22">
<pin_list>
<pin id="23" dir="1" index="0" bw="1" slack="0"/>
</pin_list>
<bind>
<StgValue><ssdm name="load_rgb"/></StgValue>
</bind>
</comp>

<comp id="24" class="1001" name="const_24">
<pin_list>
<pin id="25" dir="1" index="0" bw="1" slack="0"/>
</pin_list>
<bind>
<StgValue><ssdm name="process_gray"/></StgValue>
</bind>
</comp>

<comp id="26" class="1001" name="const_26">
<pin_list>
<pin id="27" dir="1" index="0" bw="1" slack="0"/>
</pin_list>
<bind>
<StgValue><ssdm name="store_gray"/></StgValue>
</bind>
</comp>

<comp id="28" class="1001" name="const_28">
<pin_list>
<pin id="29" dir="1" index="0" bw="1" slack="2147483647"/>
</pin_list>
<bind>
<StgValue><ssdm name="_ssdm_op_SpecChannel"/></StgValue>
</bind>
</comp>

<comp id="30" class="1001" name="const_30">
<pin_list>
<pin id="31" dir="1" index="0" bw="1" slack="2147483647"/>
</pin_list>
<bind>
<StgValue><ssdm name="num_pixels_c1_str"/></StgValue>
</bind>
</comp>

<comp id="32" class="1001" name="const_32">
<pin_list>
<pin id="33" dir="1" index="0" bw="1" slack="2147483647"/>
</pin_list>
<bind>
<StgValue><ssdm name=""/></StgValue>
</bind>
</comp>

<comp id="34" class="1001" name="const_34">
<pin_list>
<pin id="35" dir="1" index="0" bw="1" slack="2147483647"/>
</pin_list>
<bind>
<StgValue><ssdm name="p_str"/></StgValue>
</bind>
</comp>

<comp id="36" class="1001" name="const_36">
<pin_list>
<pin id="37" dir="1" index="0" bw="1" slack="2147483647"/>
</pin_list>
<bind>
<StgValue><ssdm name=""/></StgValue>
</bind>
</comp>

<comp id="38" class="1001" name="const_38">
<pin_list>
<pin id="39" dir="1" index="0" bw="1" slack="2147483647"/>
</pin_list>
<bind>
<StgValue><ssdm name=""/></StgValue>
</bind>
</comp>

<comp id="40" class="1001" name="const_40">
<pin_list>
<pin id="41" dir="1" index="0" bw="1" slack="2147483647"/>
</pin_list>
<bind>
<StgValue><ssdm name="_ssdm_op_SpecInterface"/></StgValue>
</bind>
</comp>

<comp id="42" class="1001" name="const_42">
<pin_list>
<pin id="43" dir="1" index="0" bw="1" slack="2147483647"/>
</pin_list>
<bind>
<StgValue><ssdm name="ap_fifo_str"/></StgValue>
</bind>
</comp>

<comp id="44" class="1001" name="const_44">
<pin_list>
<pin id="45" dir="1" index="0" bw="1" slack="2147483647"/>
</pin_list>
<bind>
<StgValue><ssdm name=""/></StgValue>
</bind>
</comp>

<comp id="46" class="1001" name="const_46">
<pin_list>
<pin id="47" dir="1" index="0" bw="1" slack="2147483647"/>
</pin_list>
<bind>
<StgValue><ssdm name=""/></StgValue>
</bind>
</comp>

<comp id="48" class="1001" name="const_48">
<pin_list>
<pin id="49" dir="1" index="0" bw="1" slack="2147483647"/>
</pin_list>
<bind>
<StgValue><ssdm name="num_pixels_c_str"/></StgValue>
</bind>
</comp>

<comp id="50" class="1001" name="const_50">
<pin_list>
<pin id="51" dir="1" index="0" bw="1" slack="2147483647"/>
</pin_list>
<bind>
<StgValue><ssdm name="addr_out_c_str"/></StgValue>
</bind>
</comp>

<comp id="52" class="1001" name="const_52">
<pin_list>
<pin id="53" dir="1" index="0" bw="1" slack="2147483647"/>
</pin_list>
<bind>
<StgValue><ssdm name=""/></StgValue>
</bind>
</comp>

<comp id="54" class="1001" name="const_54">
<pin_list>
<pin id="55" dir="1" index="0" bw="1" slack="2147483647"/>
</pin_list>
<bind>
<StgValue><ssdm name="m_axi_out_c_str"/></StgValue>
</bind>
</comp>

<comp id="56" class="1001" name="const_56">
<pin_list>
<pin id="57" dir="1" index="0" bw="1" slack="2147483647"/>
</pin_list>
<bind>
<StgValue><ssdm name="_ssdm_op_SpecDataflowPipeline"/></StgValue>
</bind>
</comp>

<comp id="58" class="1001" name="const_58">
<pin_list>
<pin id="59" dir="1" index="0" bw="1" slack="2147483647"/>
</pin_list>
<bind>
<StgValue><ssdm name="empty_0"/></StgValue>
</bind>
</comp>

<comp id="60" class="1001" name="const_60">
<pin_list>
<pin id="61" dir="1" index="0" bw="1" slack="2147483647"/>
</pin_list>
<bind>
<StgValue><ssdm name="_ssdm_op_SpecTopModule"/></StgValue>
</bind>
</comp>

<comp id="62" class="1001" name="const_62">
<pin_list>
<pin id="63" dir="1" index="0" bw="1" slack="2147483647"/>
</pin_list>
<bind>
<StgValue><ssdm name="empty_16"/></StgValue>
</bind>
</comp>

<comp id="64" class="1001" name="const_64">
<pin_list>
<pin id="65" dir="1" index="0" bw="1" slack="2147483647"/>
</pin_list>
<bind>
<StgValue><ssdm name="empty_17"/></StgValue>
</bind>
</comp>

<comp id="66" class="1001" name="const_66">
<pin_list>
<pin id="67" dir="1" index="0" bw="1" slack="2147483647"/>
</pin_list>
<bind>
<StgValue><ssdm name="empty"/></StgValue>
</bind>
</comp>

<comp id="68" class="1001" name="const_68">
<pin_list>
<pin id="69" dir="1" index="0" bw="1" slack="2147483647"/>
</pin_list>
<bind>
<StgValue><ssdm name=""/></StgValue>
</bind>
</comp>

<comp id="70" class="1001" name="const_70">
<pin_list>
<pin id="71" dir="1" index="0" bw="1" slack="2147483647"/>
</pin_list>
<bind>
<StgValue><ssdm name=""/></StgValue>
</bind>
</comp>

<comp id="72" class="1001" name="const_72">
<pin_list>
<pin id="73" dir="1" index="0" bw="1" slack="2147483647"/>
</pin_list>
<bind>
<StgValue><ssdm name="empty_1"/></StgValue>
</bind>
</comp>

<comp id="74" class="1001" name="const_74">
<pin_list>
<pin id="75" dir="1" index="0" bw="1" slack="2147483647"/>
</pin_list>
<bind>
<StgValue><ssdm name="empty_2"/></StgValue>
</bind>
</comp>

<comp id="76" class="1001" name="const_76">
<pin_list>
<pin id="77" dir="1" index="0" bw="1" slack="2147483647"/>
</pin_list>
<bind>
<StgValue><ssdm name="_ssdm_op_SpecBitsMap"/></StgValue>
</bind>
</comp>

<comp id="78" class="1001" name="const_78">
<pin_list>
<pin id="79" dir="1" index="0" bw="1" slack="2147483647"/>
</pin_list>
<bind>
<StgValue><ssdm name="empty_3"/></StgValue>
</bind>
</comp>

<comp id="80" class="1001" name="const_80">
<pin_list>
<pin id="81" dir="1" index="0" bw="1" slack="2147483647"/>
</pin_list>
<bind>
<StgValue><ssdm name="empty_4"/></StgValue>
</bind>
</comp>

<comp id="82" class="1001" name="const_82">
<pin_list>
<pin id="83" dir="1" index="0" bw="1" slack="2147483647"/>
</pin_list>
<bind>
<StgValue><ssdm name="empty_5"/></StgValue>
</bind>
</comp>

<comp id="84" class="1001" name="const_84">
<pin_list>
<pin id="85" dir="1" index="0" bw="1" slack="2147483647"/>
</pin_list>
<bind>
<StgValue><ssdm name="empty_6"/></StgValue>
</bind>
</comp>

<comp id="86" class="1001" name="const_86">
<pin_list>
<pin id="87" dir="1" index="0" bw="1" slack="2147483647"/>
</pin_list>
<bind>
<StgValue><ssdm name="empty_7"/></StgValue>
</bind>
</comp>

<comp id="88" class="1001" name="const_88">
<pin_list>
<pin id="89" dir="1" index="0" bw="1" slack="2147483647"/>
</pin_list>
<bind>
<StgValue><ssdm name="empty_8"/></StgValue>
</bind>
</comp>

<comp id="90" class="1001" name="const_90">
<pin_list>
<pin id="91" dir="1" index="0" bw="1" slack="2147483647"/>
</pin_list>
<bind>
<StgValue><ssdm name="empty_9"/></StgValue>
</bind>
</comp>

<comp id="92" class="1001" name="const_92">
<pin_list>
<pin id="93" dir="1" index="0" bw="1" slack="2147483647"/>
</pin_list>
<bind>
<StgValue><ssdm name="empty_10"/></StgValue>
</bind>
</comp>

<comp id="94" class="1001" name="const_94">
<pin_list>
<pin id="95" dir="1" index="0" bw="1" slack="2147483647"/>
</pin_list>
<bind>
<StgValue><ssdm name="empty_11"/></StgValue>
</bind>
</comp>

<comp id="96" class="1001" name="const_96">
<pin_list>
<pin id="97" dir="1" index="0" bw="1" slack="2147483647"/>
</pin_list>
<bind>
<StgValue><ssdm name="empty_12"/></StgValue>
</bind>
</comp>

<comp id="98" class="1001" name="const_98">
<pin_list>
<pin id="99" dir="1" index="0" bw="1" slack="2147483647"/>
</pin_list>
<bind>
<StgValue><ssdm name="empty_13"/></StgValue>
</bind>
</comp>

<comp id="100" class="1001" name="const_100">
<pin_list>
<pin id="101" dir="1" index="0" bw="1" slack="2147483647"/>
</pin_list>
<bind>
<StgValue><ssdm name="stream_rgb_str"/></StgValue>
</bind>
</comp>

<comp id="102" class="1001" name="const_102">
<pin_list>
<pin id="103" dir="1" index="0" bw="1" slack="2147483647"/>
</pin_list>
<bind>
<StgValue><ssdm name="empty_14"/></StgValue>
</bind>
</comp>

<comp id="104" class="1001" name="const_104">
<pin_list>
<pin id="105" dir="1" index="0" bw="1" slack="2147483647"/>
</pin_list>
<bind>
<StgValue><ssdm name="stream_gray_str"/></StgValue>
</bind>
</comp>

<comp id="106" class="1004" name="num_pixels_c1_fu_106">
<pin_list>
<pin id="107" dir="0" index="0" bw="1" slack="0"/>
<pin id="108" dir="1" index="1" bw="32" slack="1"/>
</pin_list>
<bind>
<opcode="alloca(26) " fcode="alloca"/>
<opset="num_pixels_c1/1 "/>
</bind>
</comp>

<comp id="110" class="1004" name="num_pixels_c_fu_110">
<pin_list>
<pin id="111" dir="0" index="0" bw="1" slack="0"/>
<pin id="112" dir="1" index="1" bw="32" slack="3"/>
</pin_list>
<bind>
<opcode="alloca(26) " fcode="alloca"/>
<opset="num_pixels_c/1 "/>
</bind>
</comp>

<comp id="114" class="1004" name="addr_out_c_fu_114">
<pin_list>
<pin id="115" dir="0" index="0" bw="1" slack="0"/>
<pin id="116" dir="1" index="1" bw="32" slack="0"/>
</pin_list>
<bind>
<opcode="alloca(26) " fcode="alloca"/>
<opset="addr_out_c/1 "/>
</bind>
</comp>

<comp id="118" class="1004" name="m_axi_out_c_fu_118">
<pin_list>
<pin id="119" dir="0" index="0" bw="1" slack="0"/>
<pin id="120" dir="1" index="1" bw="64" slack="0"/>
</pin_list>
<bind>
<opcode="alloca(26) " fcode="alloca"/>
<opset="m_axi_out_c/1 "/>
</bind>
</comp>

<comp id="122" class="1004" name="stream_rgb_fu_122">
<pin_list>
<pin id="123" dir="0" index="0" bw="1" slack="0"/>
<pin id="124" dir="1" index="1" bw="24" slack="1"/>
</pin_list>
<bind>
<opcode="alloca(26) " fcode="alloca"/>
<opset="stream_rgb/1 "/>
</bind>
</comp>

<comp id="126" class="1004" name="stream_gray_fu_126">
<pin_list>
<pin id="127" dir="0" index="0" bw="1" slack="0"/>
<pin id="128" dir="1" index="1" bw="8" slack="3"/>
</pin_list>
<bind>
<opcode="alloca(26) " fcode="alloca"/>
<opset="stream_gray/1 "/>
</bind>
</comp>

<comp id="130" class="1004" name="num_pixels_read_read_fu_130">
<pin_list>
<pin id="131" dir="0" index="0" bw="32" slack="0"/>
<pin id="132" dir="0" index="1" bw="32" slack="0"/>
<pin id="133" dir="1" index="2" bw="32" slack="1"/>
</pin_list>
<bind>
<opcode="read(1150) " fcode="read"/>
<opset="num_pixels_read/1 "/>
</bind>
</comp>

<comp id="136" class="1004" name="addr_out_read_read_fu_136">
<pin_list>
<pin id="137" dir="0" index="0" bw="32" slack="0"/>
<pin id="138" dir="0" index="1" bw="32" slack="0"/>
<pin id="139" dir="1" index="2" bw="32" slack="0"/>
</pin_list>
<bind>
<opcode="read(1150) " fcode="read"/>
<opset="addr_out_read/1 "/>
</bind>
</comp>

<comp id="142" class="1004" name="addr_in_read_read_fu_142">
<pin_list>
<pin id="143" dir="0" index="0" bw="32" slack="0"/>
<pin id="144" dir="0" index="1" bw="32" slack="0"/>
<pin id="145" dir="1" index="2" bw="32" slack="1"/>
</pin_list>
<bind>
<opcode="read(1150) " fcode="read"/>
<opset="addr_in_read/1 "/>
</bind>
</comp>

<comp id="148" class="1004" name="m_axi_out_read_read_fu_148">
<pin_list>
<pin id="149" dir="0" index="0" bw="64" slack="0"/>
<pin id="150" dir="0" index="1" bw="64" slack="0"/>
<pin id="151" dir="1" index="2" bw="64" slack="0"/>
</pin_list>
<bind>
<opcode="read(1150) " fcode="read"/>
<opset="m_axi_out_read/1 "/>
</bind>
</comp>

<comp id="154" class="1004" name="m_axi_in_read_read_fu_154">
<pin_list>
<pin id="155" dir="0" index="0" bw="64" slack="0"/>
<pin id="156" dir="0" index="1" bw="64" slack="0"/>
<pin id="157" dir="1" index="2" bw="64" slack="1"/>
</pin_list>
<bind>
<opcode="read(1150) " fcode="read"/>
<opset="m_axi_in_read/1 "/>
</bind>
</comp>

<comp id="160" class="1004" name="call_ln133_entry_proc_fu_160">
<pin_list>
<pin id="161" dir="0" index="0" bw="0" slack="0"/>
<pin id="162" dir="0" index="1" bw="64" slack="0"/>
<pin id="163" dir="0" index="2" bw="64" slack="0"/>
<pin id="164" dir="0" index="3" bw="32" slack="0"/>
<pin id="165" dir="0" index="4" bw="32" slack="0"/>
<pin id="166" dir="1" index="5" bw="0" slack="2147483647"/>
</pin_list>
<bind>
<opcode="call(48) " fcode="call"/>
<opset="call_ln133/1 "/>
</bind>
</comp>

<comp id="170" class="1004" name="grp_load_rgb_fu_170">
<pin_list>
<pin id="171" dir="0" index="0" bw="0" slack="0"/>
<pin id="172" dir="0" index="1" bw="32" slack="0"/>
<pin id="173" dir="0" index="2" bw="64" slack="1"/>
<pin id="174" dir="0" index="3" bw="32" slack="1"/>
<pin id="175" dir="0" index="4" bw="32" slack="1"/>
<pin id="176" dir="0" index="5" bw="24" slack="1"/>
<pin id="177" dir="0" index="6" bw="32" slack="1"/>
<pin id="178" dir="1" index="7" bw="0" slack="2147483647"/>
</pin_list>
<bind>
<opcode="call(48) " fcode="call"/>
<opset="call_ln139/2 "/>
</bind>
</comp>

<comp id="181" class="1004" name="grp_process_gray_fu_181">
<pin_list>
<pin id="182" dir="0" index="0" bw="0" slack="0"/>
<pin id="183" dir="0" index="1" bw="24" slack="3"/>
<pin id="184" dir="0" index="2" bw="8" slack="3"/>
<pin id="185" dir="0" index="3" bw="32" slack="3"/>
<pin id="186" dir="0" index="4" bw="32" slack="3"/>
<pin id="187" dir="1" index="5" bw="0" slack="2147483647"/>
</pin_list>
<bind>
<opcode="call(48) " fcode="call"/>
<opset="call_ln140/4 "/>
</bind>
</comp>

<comp id="189" class="1004" name="grp_store_gray_fu_189">
<pin_list>
<pin id="190" dir="0" index="0" bw="0" slack="0"/>
<pin id="191" dir="0" index="1" bw="8" slack="5"/>
<pin id="192" dir="0" index="2" bw="32" slack="0"/>
<pin id="193" dir="0" index="3" bw="64" slack="5"/>
<pin id="194" dir="0" index="4" bw="32" slack="5"/>
<pin id="195" dir="0" index="5" bw="32" slack="5"/>
<pin id="196" dir="1" index="6" bw="0" slack="2147483647"/>
</pin_list>
<bind>
<opcode="call(48) " fcode="call"/>
<opset="call_ln141/6 "/>
</bind>
</comp>

<comp id="199" class="1004" name="muxLogicCE_to_num_pixels_read_fu_199">
<pin_list>
<pin id="200" dir="1" index="0" bw="32" slack="2147483647"/>
</pin_list>
<bind>
<opcode="muxlogic(592) " fcode="muxlogic"/>
<opset="muxLogicCE_to_num_pixels_read/1 "/>
</bind>
</comp>

<comp id="201" class="1004" name="muxLogicCE_to_addr_out_read_fu_201">
<pin_list>
<pin id="202" dir="1" index="0" bw="32" slack="2147483647"/>
</pin_list>
<bind>
<opcode="muxlogic(592) " fcode="muxlogic"/>
<opset="muxLogicCE_to_addr_out_read/1 "/>
</bind>
</comp>

<comp id="203" class="1004" name="muxLogicCE_to_addr_in_read_fu_203">
<pin_list>
<pin id="204" dir="1" index="0" bw="32" slack="2147483647"/>
</pin_list>
<bind>
<opcode="muxlogic(592) " fcode="muxlogic"/>
<opset="muxLogicCE_to_addr_in_read/1 "/>
</bind>
</comp>

<comp id="205" class="1004" name="muxLogicCE_to_m_axi_out_read_fu_205">
<pin_list>
<pin id="206" dir="1" index="0" bw="64" slack="2147483647"/>
</pin_list>
<bind>
<opcode="muxlogic(592) " fcode="muxlogic"/>
<opset="muxLogicCE_to_m_axi_out_read/1 "/>
</bind>
</comp>

<comp id="207" class="1004" name="muxLogicCE_to_m_axi_in_read_fu_207">
<pin_list>
<pin id="208" dir="1" index="0" bw="64" slack="2147483647"/>
</pin_list>
<bind>
<opcode="muxlogic(592) " fcode="muxlogic"/>
<opset="muxLogicCE_to_m_axi_in_read/1 "/>
</bind>
</comp>

<comp id="209" class="1005" name="num_pixels_read_reg_209">
<pin_list>
<pin id="210" dir="0" index="0" bw="32" slack="1"/>
<pin id="211" dir="1" index="1" bw="32" slack="1"/>
</pin_list>
<bind>
<opset="num_pixels_read "/>
</bind>
</comp>

<comp id="214" class="1005" name="addr_in_read_reg_214">
<pin_list>
<pin id="215" dir="0" index="0" bw="32" slack="1"/>
<pin id="216" dir="1" index="1" bw="32" slack="1"/>
</pin_list>
<bind>
<opset="addr_in_read "/>
</bind>
</comp>

<comp id="219" class="1005" name="m_axi_in_read_reg_219">
<pin_list>
<pin id="220" dir="0" index="0" bw="64" slack="1"/>
<pin id="221" dir="1" index="1" bw="64" slack="1"/>
</pin_list>
<bind>
<opset="m_axi_in_read "/>
</bind>
</comp>

<comp id="224" class="1005" name="num_pixels_c1_reg_224">
<pin_list>
<pin id="225" dir="0" index="0" bw="32" slack="1"/>
<pin id="226" dir="1" index="1" bw="32" slack="1"/>
</pin_list>
<bind>
<opset="num_pixels_c1 "/>
</bind>
</comp>

<comp id="230" class="1005" name="num_pixels_c_reg_230">
<pin_list>
<pin id="231" dir="0" index="0" bw="32" slack="3"/>
<pin id="232" dir="1" index="1" bw="32" slack="3"/>
</pin_list>
<bind>
<opset="num_pixels_c "/>
</bind>
</comp>

<comp id="236" class="1005" name="addr_out_c_reg_236">
<pin_list>
<pin id="237" dir="0" index="0" bw="32" slack="0"/>
<pin id="238" dir="1" index="1" bw="32" slack="0"/>
</pin_list>
<bind>
<opset="addr_out_c "/>
</bind>
</comp>

<comp id="242" class="1005" name="m_axi_out_c_reg_242">
<pin_list>
<pin id="243" dir="0" index="0" bw="64" slack="0"/>
<pin id="244" dir="1" index="1" bw="64" slack="0"/>
</pin_list>
<bind>
<opset="m_axi_out_c "/>
</bind>
</comp>

<comp id="248" class="1005" name="stream_rgb_reg_248">
<pin_list>
<pin id="249" dir="0" index="0" bw="24" slack="1"/>
<pin id="250" dir="1" index="1" bw="24" slack="1"/>
</pin_list>
<bind>
<opset="stream_rgb "/>
</bind>
</comp>

<comp id="254" class="1005" name="stream_gray_reg_254">
<pin_list>
<pin id="255" dir="0" index="0" bw="8" slack="3"/>
<pin id="256" dir="1" index="1" bw="8" slack="3"/>
</pin_list>
<bind>
<opset="stream_gray "/>
</bind>
</comp>

</comp_list>

<net_list>
<net id="109"><net_src comp="18" pin="0"/><net_sink comp="106" pin=0"/></net>

<net id="113"><net_src comp="18" pin="0"/><net_sink comp="110" pin=0"/></net>

<net id="117"><net_src comp="18" pin="0"/><net_sink comp="114" pin=0"/></net>

<net id="121"><net_src comp="18" pin="0"/><net_sink comp="118" pin=0"/></net>

<net id="125"><net_src comp="18" pin="0"/><net_sink comp="122" pin=0"/></net>

<net id="129"><net_src comp="18" pin="0"/><net_sink comp="126" pin=0"/></net>

<net id="134"><net_src comp="14" pin="0"/><net_sink comp="130" pin=0"/></net>

<net id="135"><net_src comp="12" pin="0"/><net_sink comp="130" pin=1"/></net>

<net id="140"><net_src comp="14" pin="0"/><net_sink comp="136" pin=0"/></net>

<net id="141"><net_src comp="10" pin="0"/><net_sink comp="136" pin=1"/></net>

<net id="146"><net_src comp="14" pin="0"/><net_sink comp="142" pin=0"/></net>

<net id="147"><net_src comp="8" pin="0"/><net_sink comp="142" pin=1"/></net>

<net id="152"><net_src comp="16" pin="0"/><net_sink comp="148" pin=0"/></net>

<net id="153"><net_src comp="6" pin="0"/><net_sink comp="148" pin=1"/></net>

<net id="158"><net_src comp="16" pin="0"/><net_sink comp="154" pin=0"/></net>

<net id="159"><net_src comp="4" pin="0"/><net_sink comp="154" pin=1"/></net>

<net id="167"><net_src comp="20" pin="0"/><net_sink comp="160" pin=0"/></net>

<net id="168"><net_src comp="148" pin="2"/><net_sink comp="160" pin=1"/></net>

<net id="169"><net_src comp="136" pin="2"/><net_sink comp="160" pin=3"/></net>

<net id="179"><net_src comp="22" pin="0"/><net_sink comp="170" pin=0"/></net>

<net id="180"><net_src comp="0" pin="0"/><net_sink comp="170" pin=1"/></net>

<net id="188"><net_src comp="24" pin="0"/><net_sink comp="181" pin=0"/></net>

<net id="197"><net_src comp="26" pin="0"/><net_sink comp="189" pin=0"/></net>

<net id="198"><net_src comp="2" pin="0"/><net_sink comp="189" pin=2"/></net>

<net id="212"><net_src comp="130" pin="2"/><net_sink comp="209" pin=0"/></net>

<net id="213"><net_src comp="209" pin="1"/><net_sink comp="170" pin=4"/></net>

<net id="217"><net_src comp="142" pin="2"/><net_sink comp="214" pin=0"/></net>

<net id="218"><net_src comp="214" pin="1"/><net_sink comp="170" pin=3"/></net>

<net id="222"><net_src comp="154" pin="2"/><net_sink comp="219" pin=0"/></net>

<net id="223"><net_src comp="219" pin="1"/><net_sink comp="170" pin=2"/></net>

<net id="227"><net_src comp="106" pin="1"/><net_sink comp="224" pin=0"/></net>

<net id="228"><net_src comp="224" pin="1"/><net_sink comp="170" pin=6"/></net>

<net id="229"><net_src comp="224" pin="1"/><net_sink comp="181" pin=3"/></net>

<net id="233"><net_src comp="110" pin="1"/><net_sink comp="230" pin=0"/></net>

<net id="234"><net_src comp="230" pin="1"/><net_sink comp="181" pin=4"/></net>

<net id="235"><net_src comp="230" pin="1"/><net_sink comp="189" pin=5"/></net>

<net id="239"><net_src comp="114" pin="1"/><net_sink comp="236" pin=0"/></net>

<net id="240"><net_src comp="236" pin="1"/><net_sink comp="160" pin=4"/></net>

<net id="241"><net_src comp="236" pin="1"/><net_sink comp="189" pin=4"/></net>

<net id="245"><net_src comp="118" pin="1"/><net_sink comp="242" pin=0"/></net>

<net id="246"><net_src comp="242" pin="1"/><net_sink comp="160" pin=2"/></net>

<net id="247"><net_src comp="242" pin="1"/><net_sink comp="189" pin=3"/></net>

<net id="251"><net_src comp="122" pin="1"/><net_sink comp="248" pin=0"/></net>

<net id="252"><net_src comp="248" pin="1"/><net_sink comp="170" pin=5"/></net>

<net id="253"><net_src comp="248" pin="1"/><net_sink comp="181" pin=1"/></net>

<net id="257"><net_src comp="126" pin="1"/><net_sink comp="254" pin=0"/></net>

<net id="258"><net_src comp="254" pin="1"/><net_sink comp="181" pin=2"/></net>

<net id="259"><net_src comp="254" pin="1"/><net_sink comp="189" pin=1"/></net>

</net_list>

</model> 
---------------- Datapath Model END ------------------

* FSMD analyzer results:
  - Output states:
	Port: gmem_out | {6 7 }
 - Input state : 
	Port: rgb2gray_top : gmem_in | {2 3 }
	Port: rgb2gray_top : m_axi_in | {1 }
	Port: rgb2gray_top : m_axi_out | {1 }
	Port: rgb2gray_top : addr_in | {1 }
	Port: rgb2gray_top : addr_out | {1 }
	Port: rgb2gray_top : num_pixels | {1 }
  - Chain level:
	State 1
		call_ln133 : 1
	State 2
	State 3
	State 4
	State 5
	State 6
	State 7


============================================================
+ Verbose Summary: Datapath Resource usage 
============================================================

* Functional unit list:
|----------|--------------------------------------|---------|---------|---------|---------|
| Operation|            Functional Unit           |   DSP   |  Delay  |    FF   |   LUT   |
|----------|--------------------------------------|---------|---------|---------|---------|
|          |     call_ln133_entry_proc_fu_160     |    0    |    0    |    0    |    0    |
|   call   |          grp_load_rgb_fu_170         |    0    |  2.114  |   498   |   343   |
|          |        grp_process_gray_fu_181       |    4    |  0.785  |   133   |    77   |
|          |         grp_store_gray_fu_189        |    0    |  1.164  |   386   |   181   |
|----------|--------------------------------------|---------|---------|---------|---------|
|          |      num_pixels_read_read_fu_130     |    0    |    0    |    0    |    0    |
|          |       addr_out_read_read_fu_136      |    0    |    0    |    0    |    0    |
|   read   |       addr_in_read_read_fu_142       |    0    |    0    |    0    |    0    |
|          |      m_axi_out_read_read_fu_148      |    0    |    0    |    0    |    0    |
|          |       m_axi_in_read_read_fu_154      |    0    |    0    |    0    |    0    |
|----------|--------------------------------------|---------|---------|---------|---------|
|          | muxLogicCE_to_num_pixels_read_fu_199 |    0    |    0    |    0    |    0    |
|          |  muxLogicCE_to_addr_out_read_fu_201  |    0    |    0    |    0    |    0    |
| muxlogic |   muxLogicCE_to_addr_in_read_fu_203  |    0    |    0    |    0    |    0    |
|          |  muxLogicCE_to_m_axi_out_read_fu_205 |    0    |    0    |    0    |    0    |
|          |  muxLogicCE_to_m_axi_in_read_fu_207  |    0    |    0    |    0    |    0    |
|----------|--------------------------------------|---------|---------|---------|---------|
|   Total  |                                      |    4    |  4.063  |   1017  |   601   |
|----------|--------------------------------------|---------|---------|---------|---------|

Memories:
N/A

* Register list:
+-----------------------+--------+
|                       |   FF   |
+-----------------------+--------+
|  addr_in_read_reg_214 |   32   |
|   addr_out_c_reg_236  |   32   |
| m_axi_in_read_reg_219 |   64   |
|  m_axi_out_c_reg_242  |   64   |
| num_pixels_c1_reg_224 |   32   |
|  num_pixels_c_reg_230 |   32   |
|num_pixels_read_reg_209|   32   |
|  stream_gray_reg_254  |    8   |
|   stream_rgb_reg_248  |   24   |
+-----------------------+--------+
|         Total         |   320  |
+-----------------------+--------+

* Multiplexer (MUX) list: 
|--------|------|------|------|--------|
|  Comp  |  Pin | Size |  BW  | S x BW |
|--------|------|------|------|--------|
|  Total |      |      |      |    0   |
|--------|------|------|------|--------|



* Summary:
+-----------+--------+--------+--------+--------+
|           |   DSP  |  Delay |   FF   |   LUT  |
+-----------+--------+--------+--------+--------+
|  Function |    4   |    4   |  1017  |   601  |
|   Memory  |    -   |    -   |    -   |    -   |
|Multiplexer|    -   |    -   |    -   |    -   |
|  Register |    -   |    -   |   320  |    -   |
+-----------+--------+--------+--------+--------+
|   Total   |    4   |    4   |  1337  |   601  |
+-----------+--------+--------+--------+--------+
