

================================================================
== Vitis HLS Report for 'store_gray'
================================================================
* Date:           Mon Jul 20 18:48:23 2026

* Version:        2024.1 (Build 5069499 on May 21 2024)
* Project:        rgb2gray_hls
* Solution:       solution (Vitis Kernel Flow Target)
* Product family: versalaicore
* Target device:  xcvc1902-vsva2197-2MP-e-S


================================================================
== Performance Estimates
================================================================
+ Timing: 
    * Summary: 
    +--------+---------+----------+------------+
    |  Clock |  Target | Estimated| Uncertainty|
    +--------+---------+----------+------------+
    |ap_clk  |  4.00 ns|  2.920 ns|     1.08 ns|
    +--------+---------+----------+------------+

+ Latency: 
    * Summary: 
    +---------+---------+----------+----------+-----+-----+------------------------------------------+
    |  Latency (cycles) |  Latency (absolute) |  Interval |                 Pipeline                 |
    |   min   |   max   |    min   |    max   | min | max |                   Type                   |
    +---------+---------+----------+----------+-----+-----+------------------------------------------+
    |        ?|        ?|         ?|         ?|    0|    0|  loop rewind stp(delay=0 clock cycles(s))|
    +---------+---------+----------+----------+-----+-----+------------------------------------------+

    + Detail: 
        * Instance: 
        N/A

        * Loop: 
        +--------------+---------+---------+----------+-----------+-----------+------+----------+
        |              |  Latency (cycles) | Iteration|  Initiation Interval  | Trip |          |
        |   Loop Name  |   min   |   max   |  Latency |  achieved |   target  | Count| Pipelined|
        +--------------+---------+---------+----------+-----------+-----------+------+----------+
        |- store_loop  |        ?|        ?|        77|          1|          1|     ?|       yes|
        +--------------+---------+---------+----------+-----------+-----------+------+----------+

============================================================
+ Verbose Summary: Synthesis Manager
============================================================
InlineROM: 1
ExposeGlobal: 0
============================================================
+ Verbose Summary: CDFG Model
============================================================
IsTopModel: 0
ResetActiveHigh: 1
IsCombinational: 2
IsDatapathOnly: 0
HasWiredReturn: 1
HasMFsm: 2
HasVarLatency: 1
IsPipeline: 0
IsRtlPipelined: 0
IsInstanceOverlapped: 0
IsDontTouch: 0
HasImplIP: 0
IsGatedGlobalClock: 0

+ Individual pipeline summary: 
  * Pipeline-0: initiation interval (II) = 1, depth = 77


============================================================
+ Verbose Summary: Schedule
============================================================
* Number of FSM states : 78
* Pipeline : 1
  Pipeline-0 : II = 1, D = 77, States = { 2 3 4 5 6 7 8 9 10 11 12 13 14 15 16 17 18 19 20 21 22 23 24 25 26 27 28 29 30 31 32 33 34 35 36 37 38 39 40 41 42 43 44 45 46 47 48 49 50 51 52 53 54 55 56 57 58 59 60 61 62 63 64 65 66 67 68 69 70 71 72 73 74 75 76 77 78 }
* Dataflow Pipeline: 0

* FSM state transitions: 
1 --> 2 
2 --> 3 
3 --> 4 
4 --> 5 
5 --> 6 
6 --> 7 
7 --> 8 
8 --> 9 
9 --> 10 
10 --> 11 
11 --> 12 
12 --> 13 
13 --> 14 
14 --> 15 
15 --> 16 
16 --> 17 
17 --> 18 
18 --> 19 
19 --> 20 
20 --> 21 
21 --> 22 
22 --> 23 
23 --> 24 
24 --> 25 
25 --> 26 
26 --> 27 
27 --> 28 
28 --> 29 
29 --> 30 
30 --> 31 
31 --> 32 
32 --> 33 
33 --> 34 
34 --> 35 
35 --> 36 
36 --> 37 
37 --> 38 
38 --> 39 
39 --> 40 
40 --> 41 
41 --> 42 
42 --> 43 
43 --> 44 
44 --> 45 
45 --> 46 
46 --> 47 
47 --> 48 
48 --> 49 
49 --> 50 
50 --> 51 
51 --> 52 
52 --> 53 
53 --> 54 
54 --> 55 
55 --> 56 
56 --> 57 
57 --> 58 
58 --> 59 
59 --> 60 
60 --> 61 
61 --> 62 
62 --> 63 
63 --> 64 
64 --> 65 
65 --> 66 
66 --> 67 
67 --> 68 
68 --> 69 
69 --> 70 
70 --> 71 
71 --> 72 
72 --> 73 
73 --> 74 
74 --> 75 
75 --> 76 
76 --> 77 
77 --> 78 
78 --> 2 

* FSM state operations: 

State 1 <SV = 0> <Delay = 0.40>
ST_1 : Operation 79 [1/1] (0.00ns)   --->   "%specinterface_ln0 = specinterface void @_ssdm_op_SpecInterface, i32 %num_pixels, void @ap_fifo_str, i32 0, i32 0, void @p_str, i32 0, i32 0, void @p_str, void @p_str, void @p_str, i32 2, i32 2, i32 16, i32 16, void @p_str, void @ScalarProp_str, i32 4294967295, i32 0, i32 0"   --->   Operation 79 'specinterface' 'specinterface_ln0' <Predicate = true> <Delay = 0.00>
ST_1 : Operation 80 [1/1] (0.00ns)   --->   "%specinterface_ln0 = specinterface void @_ssdm_op_SpecInterface, i32 %addr_out, void @ap_fifo_str, i32 0, i32 0, void @p_str, i32 0, i32 0, void @p_str, void @p_str, void @p_str, i32 2, i32 2, i32 16, i32 16, void @p_str, void @ScalarProp_str, i32 4294967295, i32 0, i32 0"   --->   Operation 80 'specinterface' 'specinterface_ln0' <Predicate = true> <Delay = 0.00>
ST_1 : Operation 81 [1/1] (0.00ns)   --->   "%specinterface_ln0 = specinterface void @_ssdm_op_SpecInterface, i64 %m_axi_out, void @ap_fifo_str, i32 0, i32 0, void @p_str, i32 0, i32 0, void @p_str, void @p_str, void @p_str, i32 2, i32 2, i32 16, i32 16, void @p_str, void @ScalarProp_str, i32 4294967295, i32 0, i32 0"   --->   Operation 81 'specinterface' 'specinterface_ln0' <Predicate = true> <Delay = 0.00>
ST_1 : Operation 82 [1/1] (0.00ns)   --->   "%specinterface_ln0 = specinterface void @_ssdm_op_SpecInterface, i8 %stream_gray, void @empty_14, i32 0, i32 0, void @empty_0, i32 0, i32 0, void @empty_0, void @empty_0, void @empty_0, i32 0, i32 0, i32 0, i32 0, void @empty_0, void @empty_0, i32 4294967295, i32 0, i32 0"   --->   Operation 82 'specinterface' 'specinterface_ln0' <Predicate = true> <Delay = 0.00>
ST_1 : Operation 83 [1/1] (0.00ns)   --->   "%specinterface_ln0 = specinterface void @_ssdm_op_SpecInterface, i32 %gmem_out, void @empty, i32 0, i32 0, void @empty_0, i32 64, i32 512, void @empty_3, void @empty_2, void @empty_0, i32 16, i32 16, i32 16, i32 16, void @empty_0, void @empty_0, i32 4294967295, i32 0, i32 0"   --->   Operation 83 'specinterface' 'specinterface_ln0' <Predicate = true> <Delay = 0.00>
ST_1 : Operation 84 [1/1] (0.40ns)   --->   "%br_ln90 = br void %rewind_header" [../rgb2gray_kernel.cpp:90]   --->   Operation 84 'br' 'br_ln90' <Predicate = true> <Delay = 0.40>

State 2 <SV = 1> <Delay = 2.12>
ST_2 : Operation 85 [1/1] (0.00ns)   --->   "%do_init = phi i1 1, void %entry, i1 0, void %for.inc, i1 1, void %for.end"   --->   Operation 85 'phi' 'do_init' <Predicate = true> <Delay = 0.00>
ST_2 : Operation 86 [1/1] (0.00ns)   --->   "%m_axi_out_1_rewind = phi i64 0, void %entry, i64 %m_axi_out_1_phi, void %for.inc, i64 0, void %for.end"   --->   Operation 86 'phi' 'm_axi_out_1_rewind' <Predicate = true> <Delay = 0.00>
ST_2 : Operation 87 [1/1] (0.00ns)   --->   "%addr_out_load_rewind = phi i32 0, void %entry, i32 %addr_out_load_phi, void %for.inc, i32 0, void %for.end"   --->   Operation 87 'phi' 'addr_out_load_rewind' <Predicate = true> <Delay = 0.00>
ST_2 : Operation 88 [1/1] (0.00ns)   --->   "%num_pixels_load_rewind = phi i32 0, void %entry, i32 %num_pixels_load_phi, void %for.inc, i32 0, void %for.end"   --->   Operation 88 'phi' 'num_pixels_load_rewind' <Predicate = true> <Delay = 0.00>
ST_2 : Operation 89 [1/1] (0.00ns)   --->   "%i = phi i32 %add_ln90, void %for.inc, i32 0, void %entry, i32 0, void %for.end" [../rgb2gray_kernel.cpp:94]   --->   Operation 89 'phi' 'i' <Predicate = true> <Delay = 0.00>
ST_2 : Operation 90 [1/1] (0.45ns)   --->   "%br_ln0 = br i1 %do_init, void %for.cond, void %rewind_init"   --->   Operation 90 'br' 'br_ln0' <Predicate = true> <Delay = 0.45>
ST_2 : Operation 91 [1/1] (0.00ns)   --->   "%muxLogicCE_to_num_pixels_read = muxlogic"   --->   Operation 91 'muxlogic' 'muxLogicCE_to_num_pixels_read' <Predicate = (do_init)> <Delay = 0.00>
ST_2 : Operation 92 [1/1] (0.57ns)   --->   "%num_pixels_read = read i32 @_ssdm_op_Read.ap_fifo.i32P0A, i32 %num_pixels"   --->   Operation 92 'read' 'num_pixels_read' <Predicate = (do_init)> <Delay = 0.57> <CoreInst = "FIFO_SRL">   --->   Core 84 'FIFO_SRL' <Latency = 0> <II = 1> <Delay = 0.71> <Storage> <Opcode : 'read' 'write' 'nbread' 'nbwrite'> <Ports = 0> <Width = 32> <Depth = 2> <FIFO>
ST_2 : Operation 93 [1/1] (0.00ns)   --->   "%muxLogicCE_to_addr_out_read = muxlogic"   --->   Operation 93 'muxlogic' 'muxLogicCE_to_addr_out_read' <Predicate = (do_init)> <Delay = 0.00>
ST_2 : Operation 94 [1/1] (0.80ns)   --->   "%addr_out_read = read i32 @_ssdm_op_Read.ap_fifo.i32P0A, i32 %addr_out"   --->   Operation 94 'read' 'addr_out_read' <Predicate = (do_init)> <Delay = 0.80> <CoreInst = "FIFO_SRL">   --->   Core 84 'FIFO_SRL' <Latency = 0> <II = 1> <Delay = 0.81> <Storage> <Opcode : 'read' 'write' 'nbread' 'nbwrite'> <Ports = 0> <Width = 32> <Depth = 4> <FIFO>
ST_2 : Operation 95 [1/1] (0.00ns)   --->   "%muxLogicCE_to_m_axi_out_1 = muxlogic"   --->   Operation 95 'muxlogic' 'muxLogicCE_to_m_axi_out_1' <Predicate = (do_init)> <Delay = 0.00>
ST_2 : Operation 96 [1/1] (0.79ns)   --->   "%m_axi_out_1 = read i64 @_ssdm_op_Read.ap_fifo.i64P0A, i64 %m_axi_out"   --->   Operation 96 'read' 'm_axi_out_1' <Predicate = (do_init)> <Delay = 0.79> <CoreInst = "FIFO_SRL">   --->   Core 84 'FIFO_SRL' <Latency = 0> <II = 1> <Delay = 0.76> <Storage> <Opcode : 'read' 'write' 'nbread' 'nbwrite'> <Ports = 0> <Width = 64> <Depth = 4> <FIFO>
ST_2 : Operation 97 [1/1] (0.45ns)   --->   "%br_ln90 = br void %for.cond" [../rgb2gray_kernel.cpp:90]   --->   Operation 97 'br' 'br_ln90' <Predicate = (do_init)> <Delay = 0.45>
ST_2 : Operation 98 [1/1] (0.00ns)   --->   "%m_axi_out_1_phi = phi i64 %m_axi_out_1, void %rewind_init, i64 %m_axi_out_1_rewind, void %rewind_header"   --->   Operation 98 'phi' 'm_axi_out_1_phi' <Predicate = true> <Delay = 0.00>
ST_2 : Operation 99 [1/1] (0.00ns)   --->   "%addr_out_load_phi = phi i32 %addr_out_read, void %rewind_init, i32 %addr_out_load_rewind, void %rewind_header"   --->   Operation 99 'phi' 'addr_out_load_phi' <Predicate = true> <Delay = 0.00>
ST_2 : Operation 100 [1/1] (0.00ns)   --->   "%num_pixels_load_phi = phi i32 %num_pixels_read, void %rewind_init, i32 %num_pixels_load_rewind, void %rewind_header"   --->   Operation 100 'phi' 'num_pixels_load_phi' <Predicate = true> <Delay = 0.00>
ST_2 : Operation 101 [1/1] (0.86ns)   --->   "%add_ln90 = add i32 %i, i32 1" [../rgb2gray_kernel.cpp:90]   --->   Operation 101 'add' 'add_ln90' <Predicate = true> <Delay = 0.86> <CoreInst = "Adder">   --->   Core 1 'Adder' <Latency = 0> <II = 1> <Delay = 0.86> <FuncUnit> <Opcode : 'add' 'sub'> <InPorts = 2> <OutPorts = 1>
ST_2 : Operation 102 [1/1] (0.71ns)   --->   "%icmp_ln90 = icmp_eq  i32 %i, i32 %num_pixels_load_phi" [../rgb2gray_kernel.cpp:90]   --->   Operation 102 'icmp' 'icmp_ln90' <Predicate = true> <Delay = 0.71> <CoreInst = "ICmp_EQ">   --->   Core 156 'ICmp_EQ' <Latency = 0> <II = 1> <Delay = 0.71> <FuncUnit> <Opcode : 'seteq' 'setne'> <InPorts = 2> <OutPorts = 1>
ST_2 : Operation 103 [1/1] (0.00ns)   --->   "%br_ln90 = br i1 %icmp_ln90, void %for.inc, void %for.end" [../rgb2gray_kernel.cpp:90]   --->   Operation 103 'br' 'br_ln90' <Predicate = true> <Delay = 0.00>
ST_2 : Operation 104 [1/1] (0.86ns)   --->   "%out_addr = add i32 %addr_out_load_phi, i32 %i" [../rgb2gray_kernel.cpp:94]   --->   Operation 104 'add' 'out_addr' <Predicate = (!icmp_ln90)> <Delay = 0.86> <CoreInst = "Adder">   --->   Core 1 'Adder' <Latency = 0> <II = 1> <Delay = 0.86> <FuncUnit> <Opcode : 'add' 'sub'> <InPorts = 2> <OutPorts = 1>
ST_2 : Operation 105 [1/1] (0.00ns)   --->   "%br_ln90 = br void %rewind_header" [../rgb2gray_kernel.cpp:90]   --->   Operation 105 'br' 'br_ln90' <Predicate = (!icmp_ln90)> <Delay = 0.00>
ST_2 : Operation 106 [1/1] (0.00ns)   --->   "%br_ln97 = br void %rewind_header" [../rgb2gray_kernel.cpp:97]   --->   Operation 106 'br' 'br_ln97' <Predicate = (icmp_ln90)> <Delay = 0.00>

State 3 <SV = 2> <Delay = 2.31>
ST_3 : Operation 107 [1/1] (0.00ns)   --->   "%shl_ln = bitconcatenate i34 @_ssdm_op_BitConcatenate.i34.i32.i2, i32 %out_addr, i2 0" [../rgb2gray_kernel.cpp:95]   --->   Operation 107 'bitconcatenate' 'shl_ln' <Predicate = (!icmp_ln90)> <Delay = 0.00>
ST_3 : Operation 108 [1/1] (0.00ns)   --->   "%zext_ln95_1 = zext i34 %shl_ln" [../rgb2gray_kernel.cpp:95]   --->   Operation 108 'zext' 'zext_ln95_1' <Predicate = (!icmp_ln90)> <Delay = 0.00>
ST_3 : Operation 109 [1/1] (1.01ns)   --->   "%add_ln95 = add i64 %m_axi_out_1_phi, i64 %zext_ln95_1" [../rgb2gray_kernel.cpp:95]   --->   Operation 109 'add' 'add_ln95' <Predicate = (!icmp_ln90)> <Delay = 1.01> <CoreInst = "Adder">   --->   Core 1 'Adder' <Latency = 0> <II = 1> <Delay = 1.01> <FuncUnit> <Opcode : 'add' 'sub'> <InPorts = 2> <OutPorts = 1>
ST_3 : Operation 110 [1/1] (0.00ns)   --->   "%trunc_ln = partselect i62 @_ssdm_op_PartSelect.i62.i64.i32.i32, i64 %add_ln95, i32 2, i32 63" [../rgb2gray_kernel.cpp:95]   --->   Operation 110 'partselect' 'trunc_ln' <Predicate = (!icmp_ln90)> <Delay = 0.00>
ST_3 : Operation 111 [1/1] (0.00ns)   --->   "%sext_ln95 = sext i62 %trunc_ln" [../rgb2gray_kernel.cpp:95]   --->   Operation 111 'sext' 'sext_ln95' <Predicate = (!icmp_ln90)> <Delay = 0.00>
ST_3 : Operation 112 [1/1] (0.00ns)   --->   "%gmem_out_addr = getelementptr i32 %gmem_out, i64 %sext_ln95" [../rgb2gray_kernel.cpp:95]   --->   Operation 112 'getelementptr' 'gmem_out_addr' <Predicate = (!icmp_ln90)> <Delay = 0.00>
ST_3 : Operation 113 [1/1] (1.29ns)   --->   "%gmem_out_addr_req = writereq i1 @_ssdm_op_WriteReq.m_axi.i32P1A, i32 %gmem_out_addr, i64 1" [../rgb2gray_kernel.cpp:95]   --->   Operation 113 'writereq' 'gmem_out_addr_req' <Predicate = (!icmp_ln90)> <Delay = 1.29> <CoreInst = "m_axi">   --->   Core 123 'm_axi' <Latency = 9> <II = 1> <Delay = 1.34> <Adapter> <Opcode : 'read' 'write' 'readreq' 'writereq' 'writeresp'>

State 4 <SV = 3> <Delay = 2.05>
ST_4 : Operation 114 [1/1] (0.00ns)   --->   "%muxLogicCE_to_gray = muxlogic"   --->   Operation 114 'muxlogic' 'muxLogicCE_to_gray' <Predicate = (!icmp_ln90)> <Delay = 0.00>
ST_4 : Operation 115 [1/1] (0.76ns)   --->   "%gray = read i8 @_ssdm_op_Read.ap_fifo.volatile.i8P0A, i8 %stream_gray" [../rgb2gray_kernel.cpp:93]   --->   Operation 115 'read' 'gray' <Predicate = (!icmp_ln90)> <Delay = 0.76> <CoreInst = "FIFO_SRL">   --->   Core 84 'FIFO_SRL' <Latency = 0> <II = 1> <Delay = 0.76> <Storage> <Opcode : 'read' 'write' 'nbread' 'nbwrite'> <Ports = 0> <Width = 8> <Depth = 16> <FIFO>
ST_4 : Operation 116 [1/1] (0.00ns)   --->   "%zext_ln95 = zext i8 %gray" [../rgb2gray_kernel.cpp:95]   --->   Operation 116 'zext' 'zext_ln95' <Predicate = (!icmp_ln90)> <Delay = 0.00>
ST_4 : Operation 117 [1/1] (0.00ns)   --->   "%muxLogicData_to_write_ln95 = muxlogic i32 %zext_ln95"   --->   Operation 117 'muxlogic' 'muxLogicData_to_write_ln95' <Predicate = (!icmp_ln90)> <Delay = 0.00>
ST_4 : Operation 118 [1/1] (1.29ns)   --->   "%write_ln95 = write void @_ssdm_op_Write.m_axi.volatile.i32P1A, i32 %gmem_out_addr, i32 %zext_ln95, i4 15" [../rgb2gray_kernel.cpp:95]   --->   Operation 118 'write' 'write_ln95' <Predicate = (!icmp_ln90)> <Delay = 1.29> <CoreInst = "m_axi">   --->   Core 123 'm_axi' <Latency = 9> <II = 1> <Delay = 1.34> <Adapter> <Opcode : 'read' 'write' 'readreq' 'writereq' 'writeresp'>

State 5 <SV = 4> <Delay = 0.81>
ST_5 : Operation 119 [74/74] (0.81ns)   --->   "%gmem_out_addr_resp = writeresp i1 @_ssdm_op_WriteResp.m_axi.i32P1A, i32 %gmem_out_addr" [../rgb2gray_kernel.cpp:95]   --->   Operation 119 'writeresp' 'gmem_out_addr_resp' <Predicate = (!icmp_ln90)> <Delay = 0.81> <CoreInst = "m_axi">   --->   Core 123 'm_axi' <Latency = 9> <II = 1> <Delay = 1.34> <Adapter> <Opcode : 'read' 'write' 'readreq' 'writereq' 'writeresp'>

State 6 <SV = 5> <Delay = 2.92>
ST_6 : Operation 120 [73/74] (2.92ns)   --->   "%gmem_out_addr_resp = writeresp i1 @_ssdm_op_WriteResp.m_axi.i32P1A, i32 %gmem_out_addr" [../rgb2gray_kernel.cpp:95]   --->   Operation 120 'writeresp' 'gmem_out_addr_resp' <Predicate = (!icmp_ln90)> <Delay = 2.92> <CoreInst = "m_axi">   --->   Core 123 'm_axi' <Latency = 9> <II = 1> <Delay = 1.34> <Adapter> <Opcode : 'read' 'write' 'readreq' 'writereq' 'writeresp'>

State 7 <SV = 6> <Delay = 2.92>
ST_7 : Operation 121 [72/74] (2.92ns)   --->   "%gmem_out_addr_resp = writeresp i1 @_ssdm_op_WriteResp.m_axi.i32P1A, i32 %gmem_out_addr" [../rgb2gray_kernel.cpp:95]   --->   Operation 121 'writeresp' 'gmem_out_addr_resp' <Predicate = (!icmp_ln90)> <Delay = 2.92> <CoreInst = "m_axi">   --->   Core 123 'm_axi' <Latency = 9> <II = 1> <Delay = 1.34> <Adapter> <Opcode : 'read' 'write' 'readreq' 'writereq' 'writeresp'>

State 8 <SV = 7> <Delay = 2.92>
ST_8 : Operation 122 [71/74] (2.92ns)   --->   "%gmem_out_addr_resp = writeresp i1 @_ssdm_op_WriteResp.m_axi.i32P1A, i32 %gmem_out_addr" [../rgb2gray_kernel.cpp:95]   --->   Operation 122 'writeresp' 'gmem_out_addr_resp' <Predicate = (!icmp_ln90)> <Delay = 2.92> <CoreInst = "m_axi">   --->   Core 123 'm_axi' <Latency = 9> <II = 1> <Delay = 1.34> <Adapter> <Opcode : 'read' 'write' 'readreq' 'writereq' 'writeresp'>

State 9 <SV = 8> <Delay = 2.92>
ST_9 : Operation 123 [70/74] (2.92ns)   --->   "%gmem_out_addr_resp = writeresp i1 @_ssdm_op_WriteResp.m_axi.i32P1A, i32 %gmem_out_addr" [../rgb2gray_kernel.cpp:95]   --->   Operation 123 'writeresp' 'gmem_out_addr_resp' <Predicate = (!icmp_ln90)> <Delay = 2.92> <CoreInst = "m_axi">   --->   Core 123 'm_axi' <Latency = 9> <II = 1> <Delay = 1.34> <Adapter> <Opcode : 'read' 'write' 'readreq' 'writereq' 'writeresp'>

State 10 <SV = 9> <Delay = 2.92>
ST_10 : Operation 124 [69/74] (2.92ns)   --->   "%gmem_out_addr_resp = writeresp i1 @_ssdm_op_WriteResp.m_axi.i32P1A, i32 %gmem_out_addr" [../rgb2gray_kernel.cpp:95]   --->   Operation 124 'writeresp' 'gmem_out_addr_resp' <Predicate = (!icmp_ln90)> <Delay = 2.92> <CoreInst = "m_axi">   --->   Core 123 'm_axi' <Latency = 9> <II = 1> <Delay = 1.34> <Adapter> <Opcode : 'read' 'write' 'readreq' 'writereq' 'writeresp'>

State 11 <SV = 10> <Delay = 2.92>
ST_11 : Operation 125 [68/74] (2.92ns)   --->   "%gmem_out_addr_resp = writeresp i1 @_ssdm_op_WriteResp.m_axi.i32P1A, i32 %gmem_out_addr" [../rgb2gray_kernel.cpp:95]   --->   Operation 125 'writeresp' 'gmem_out_addr_resp' <Predicate = (!icmp_ln90)> <Delay = 2.92> <CoreInst = "m_axi">   --->   Core 123 'm_axi' <Latency = 9> <II = 1> <Delay = 1.34> <Adapter> <Opcode : 'read' 'write' 'readreq' 'writereq' 'writeresp'>

State 12 <SV = 11> <Delay = 2.92>
ST_12 : Operation 126 [67/74] (2.92ns)   --->   "%gmem_out_addr_resp = writeresp i1 @_ssdm_op_WriteResp.m_axi.i32P1A, i32 %gmem_out_addr" [../rgb2gray_kernel.cpp:95]   --->   Operation 126 'writeresp' 'gmem_out_addr_resp' <Predicate = (!icmp_ln90)> <Delay = 2.92> <CoreInst = "m_axi">   --->   Core 123 'm_axi' <Latency = 9> <II = 1> <Delay = 1.34> <Adapter> <Opcode : 'read' 'write' 'readreq' 'writereq' 'writeresp'>

State 13 <SV = 12> <Delay = 2.92>
ST_13 : Operation 127 [66/74] (2.92ns)   --->   "%gmem_out_addr_resp = writeresp i1 @_ssdm_op_WriteResp.m_axi.i32P1A, i32 %gmem_out_addr" [../rgb2gray_kernel.cpp:95]   --->   Operation 127 'writeresp' 'gmem_out_addr_resp' <Predicate = (!icmp_ln90)> <Delay = 2.92> <CoreInst = "m_axi">   --->   Core 123 'm_axi' <Latency = 9> <II = 1> <Delay = 1.34> <Adapter> <Opcode : 'read' 'write' 'readreq' 'writereq' 'writeresp'>

State 14 <SV = 13> <Delay = 2.92>
ST_14 : Operation 128 [65/74] (2.92ns)   --->   "%gmem_out_addr_resp = writeresp i1 @_ssdm_op_WriteResp.m_axi.i32P1A, i32 %gmem_out_addr" [../rgb2gray_kernel.cpp:95]   --->   Operation 128 'writeresp' 'gmem_out_addr_resp' <Predicate = (!icmp_ln90)> <Delay = 2.92> <CoreInst = "m_axi">   --->   Core 123 'm_axi' <Latency = 9> <II = 1> <Delay = 1.34> <Adapter> <Opcode : 'read' 'write' 'readreq' 'writereq' 'writeresp'>

State 15 <SV = 14> <Delay = 2.92>
ST_15 : Operation 129 [64/74] (2.92ns)   --->   "%gmem_out_addr_resp = writeresp i1 @_ssdm_op_WriteResp.m_axi.i32P1A, i32 %gmem_out_addr" [../rgb2gray_kernel.cpp:95]   --->   Operation 129 'writeresp' 'gmem_out_addr_resp' <Predicate = (!icmp_ln90)> <Delay = 2.92> <CoreInst = "m_axi">   --->   Core 123 'm_axi' <Latency = 9> <II = 1> <Delay = 1.34> <Adapter> <Opcode : 'read' 'write' 'readreq' 'writereq' 'writeresp'>

State 16 <SV = 15> <Delay = 2.92>
ST_16 : Operation 130 [63/74] (2.92ns)   --->   "%gmem_out_addr_resp = writeresp i1 @_ssdm_op_WriteResp.m_axi.i32P1A, i32 %gmem_out_addr" [../rgb2gray_kernel.cpp:95]   --->   Operation 130 'writeresp' 'gmem_out_addr_resp' <Predicate = (!icmp_ln90)> <Delay = 2.92> <CoreInst = "m_axi">   --->   Core 123 'm_axi' <Latency = 9> <II = 1> <Delay = 1.34> <Adapter> <Opcode : 'read' 'write' 'readreq' 'writereq' 'writeresp'>

State 17 <SV = 16> <Delay = 2.92>
ST_17 : Operation 131 [62/74] (2.92ns)   --->   "%gmem_out_addr_resp = writeresp i1 @_ssdm_op_WriteResp.m_axi.i32P1A, i32 %gmem_out_addr" [../rgb2gray_kernel.cpp:95]   --->   Operation 131 'writeresp' 'gmem_out_addr_resp' <Predicate = (!icmp_ln90)> <Delay = 2.92> <CoreInst = "m_axi">   --->   Core 123 'm_axi' <Latency = 9> <II = 1> <Delay = 1.34> <Adapter> <Opcode : 'read' 'write' 'readreq' 'writereq' 'writeresp'>

State 18 <SV = 17> <Delay = 2.92>
ST_18 : Operation 132 [61/74] (2.92ns)   --->   "%gmem_out_addr_resp = writeresp i1 @_ssdm_op_WriteResp.m_axi.i32P1A, i32 %gmem_out_addr" [../rgb2gray_kernel.cpp:95]   --->   Operation 132 'writeresp' 'gmem_out_addr_resp' <Predicate = (!icmp_ln90)> <Delay = 2.92> <CoreInst = "m_axi">   --->   Core 123 'm_axi' <Latency = 9> <II = 1> <Delay = 1.34> <Adapter> <Opcode : 'read' 'write' 'readreq' 'writereq' 'writeresp'>

State 19 <SV = 18> <Delay = 2.92>
ST_19 : Operation 133 [60/74] (2.92ns)   --->   "%gmem_out_addr_resp = writeresp i1 @_ssdm_op_WriteResp.m_axi.i32P1A, i32 %gmem_out_addr" [../rgb2gray_kernel.cpp:95]   --->   Operation 133 'writeresp' 'gmem_out_addr_resp' <Predicate = (!icmp_ln90)> <Delay = 2.92> <CoreInst = "m_axi">   --->   Core 123 'm_axi' <Latency = 9> <II = 1> <Delay = 1.34> <Adapter> <Opcode : 'read' 'write' 'readreq' 'writereq' 'writeresp'>

State 20 <SV = 19> <Delay = 2.92>
ST_20 : Operation 134 [59/74] (2.92ns)   --->   "%gmem_out_addr_resp = writeresp i1 @_ssdm_op_WriteResp.m_axi.i32P1A, i32 %gmem_out_addr" [../rgb2gray_kernel.cpp:95]   --->   Operation 134 'writeresp' 'gmem_out_addr_resp' <Predicate = (!icmp_ln90)> <Delay = 2.92> <CoreInst = "m_axi">   --->   Core 123 'm_axi' <Latency = 9> <II = 1> <Delay = 1.34> <Adapter> <Opcode : 'read' 'write' 'readreq' 'writereq' 'writeresp'>

State 21 <SV = 20> <Delay = 2.92>
ST_21 : Operation 135 [58/74] (2.92ns)   --->   "%gmem_out_addr_resp = writeresp i1 @_ssdm_op_WriteResp.m_axi.i32P1A, i32 %gmem_out_addr" [../rgb2gray_kernel.cpp:95]   --->   Operation 135 'writeresp' 'gmem_out_addr_resp' <Predicate = (!icmp_ln90)> <Delay = 2.92> <CoreInst = "m_axi">   --->   Core 123 'm_axi' <Latency = 9> <II = 1> <Delay = 1.34> <Adapter> <Opcode : 'read' 'write' 'readreq' 'writereq' 'writeresp'>

State 22 <SV = 21> <Delay = 2.92>
ST_22 : Operation 136 [57/74] (2.92ns)   --->   "%gmem_out_addr_resp = writeresp i1 @_ssdm_op_WriteResp.m_axi.i32P1A, i32 %gmem_out_addr" [../rgb2gray_kernel.cpp:95]   --->   Operation 136 'writeresp' 'gmem_out_addr_resp' <Predicate = (!icmp_ln90)> <Delay = 2.92> <CoreInst = "m_axi">   --->   Core 123 'm_axi' <Latency = 9> <II = 1> <Delay = 1.34> <Adapter> <Opcode : 'read' 'write' 'readreq' 'writereq' 'writeresp'>

State 23 <SV = 22> <Delay = 2.92>
ST_23 : Operation 137 [56/74] (2.92ns)   --->   "%gmem_out_addr_resp = writeresp i1 @_ssdm_op_WriteResp.m_axi.i32P1A, i32 %gmem_out_addr" [../rgb2gray_kernel.cpp:95]   --->   Operation 137 'writeresp' 'gmem_out_addr_resp' <Predicate = (!icmp_ln90)> <Delay = 2.92> <CoreInst = "m_axi">   --->   Core 123 'm_axi' <Latency = 9> <II = 1> <Delay = 1.34> <Adapter> <Opcode : 'read' 'write' 'readreq' 'writereq' 'writeresp'>

State 24 <SV = 23> <Delay = 2.92>
ST_24 : Operation 138 [55/74] (2.92ns)   --->   "%gmem_out_addr_resp = writeresp i1 @_ssdm_op_WriteResp.m_axi.i32P1A, i32 %gmem_out_addr" [../rgb2gray_kernel.cpp:95]   --->   Operation 138 'writeresp' 'gmem_out_addr_resp' <Predicate = (!icmp_ln90)> <Delay = 2.92> <CoreInst = "m_axi">   --->   Core 123 'm_axi' <Latency = 9> <II = 1> <Delay = 1.34> <Adapter> <Opcode : 'read' 'write' 'readreq' 'writereq' 'writeresp'>

State 25 <SV = 24> <Delay = 2.92>
ST_25 : Operation 139 [54/74] (2.92ns)   --->   "%gmem_out_addr_resp = writeresp i1 @_ssdm_op_WriteResp.m_axi.i32P1A, i32 %gmem_out_addr" [../rgb2gray_kernel.cpp:95]   --->   Operation 139 'writeresp' 'gmem_out_addr_resp' <Predicate = (!icmp_ln90)> <Delay = 2.92> <CoreInst = "m_axi">   --->   Core 123 'm_axi' <Latency = 9> <II = 1> <Delay = 1.34> <Adapter> <Opcode : 'read' 'write' 'readreq' 'writereq' 'writeresp'>

State 26 <SV = 25> <Delay = 2.92>
ST_26 : Operation 140 [53/74] (2.92ns)   --->   "%gmem_out_addr_resp = writeresp i1 @_ssdm_op_WriteResp.m_axi.i32P1A, i32 %gmem_out_addr" [../rgb2gray_kernel.cpp:95]   --->   Operation 140 'writeresp' 'gmem_out_addr_resp' <Predicate = (!icmp_ln90)> <Delay = 2.92> <CoreInst = "m_axi">   --->   Core 123 'm_axi' <Latency = 9> <II = 1> <Delay = 1.34> <Adapter> <Opcode : 'read' 'write' 'readreq' 'writereq' 'writeresp'>

State 27 <SV = 26> <Delay = 2.92>
ST_27 : Operation 141 [52/74] (2.92ns)   --->   "%gmem_out_addr_resp = writeresp i1 @_ssdm_op_WriteResp.m_axi.i32P1A, i32 %gmem_out_addr" [../rgb2gray_kernel.cpp:95]   --->   Operation 141 'writeresp' 'gmem_out_addr_resp' <Predicate = (!icmp_ln90)> <Delay = 2.92> <CoreInst = "m_axi">   --->   Core 123 'm_axi' <Latency = 9> <II = 1> <Delay = 1.34> <Adapter> <Opcode : 'read' 'write' 'readreq' 'writereq' 'writeresp'>

State 28 <SV = 27> <Delay = 2.92>
ST_28 : Operation 142 [51/74] (2.92ns)   --->   "%gmem_out_addr_resp = writeresp i1 @_ssdm_op_WriteResp.m_axi.i32P1A, i32 %gmem_out_addr" [../rgb2gray_kernel.cpp:95]   --->   Operation 142 'writeresp' 'gmem_out_addr_resp' <Predicate = (!icmp_ln90)> <Delay = 2.92> <CoreInst = "m_axi">   --->   Core 123 'm_axi' <Latency = 9> <II = 1> <Delay = 1.34> <Adapter> <Opcode : 'read' 'write' 'readreq' 'writereq' 'writeresp'>

State 29 <SV = 28> <Delay = 2.92>
ST_29 : Operation 143 [50/74] (2.92ns)   --->   "%gmem_out_addr_resp = writeresp i1 @_ssdm_op_WriteResp.m_axi.i32P1A, i32 %gmem_out_addr" [../rgb2gray_kernel.cpp:95]   --->   Operation 143 'writeresp' 'gmem_out_addr_resp' <Predicate = (!icmp_ln90)> <Delay = 2.92> <CoreInst = "m_axi">   --->   Core 123 'm_axi' <Latency = 9> <II = 1> <Delay = 1.34> <Adapter> <Opcode : 'read' 'write' 'readreq' 'writereq' 'writeresp'>

State 30 <SV = 29> <Delay = 2.92>
ST_30 : Operation 144 [49/74] (2.92ns)   --->   "%gmem_out_addr_resp = writeresp i1 @_ssdm_op_WriteResp.m_axi.i32P1A, i32 %gmem_out_addr" [../rgb2gray_kernel.cpp:95]   --->   Operation 144 'writeresp' 'gmem_out_addr_resp' <Predicate = (!icmp_ln90)> <Delay = 2.92> <CoreInst = "m_axi">   --->   Core 123 'm_axi' <Latency = 9> <II = 1> <Delay = 1.34> <Adapter> <Opcode : 'read' 'write' 'readreq' 'writereq' 'writeresp'>

State 31 <SV = 30> <Delay = 2.92>
ST_31 : Operation 145 [48/74] (2.92ns)   --->   "%gmem_out_addr_resp = writeresp i1 @_ssdm_op_WriteResp.m_axi.i32P1A, i32 %gmem_out_addr" [../rgb2gray_kernel.cpp:95]   --->   Operation 145 'writeresp' 'gmem_out_addr_resp' <Predicate = (!icmp_ln90)> <Delay = 2.92> <CoreInst = "m_axi">   --->   Core 123 'm_axi' <Latency = 9> <II = 1> <Delay = 1.34> <Adapter> <Opcode : 'read' 'write' 'readreq' 'writereq' 'writeresp'>

State 32 <SV = 31> <Delay = 2.92>
ST_32 : Operation 146 [47/74] (2.92ns)   --->   "%gmem_out_addr_resp = writeresp i1 @_ssdm_op_WriteResp.m_axi.i32P1A, i32 %gmem_out_addr" [../rgb2gray_kernel.cpp:95]   --->   Operation 146 'writeresp' 'gmem_out_addr_resp' <Predicate = (!icmp_ln90)> <Delay = 2.92> <CoreInst = "m_axi">   --->   Core 123 'm_axi' <Latency = 9> <II = 1> <Delay = 1.34> <Adapter> <Opcode : 'read' 'write' 'readreq' 'writereq' 'writeresp'>

State 33 <SV = 32> <Delay = 2.92>
ST_33 : Operation 147 [46/74] (2.92ns)   --->   "%gmem_out_addr_resp = writeresp i1 @_ssdm_op_WriteResp.m_axi.i32P1A, i32 %gmem_out_addr" [../rgb2gray_kernel.cpp:95]   --->   Operation 147 'writeresp' 'gmem_out_addr_resp' <Predicate = (!icmp_ln90)> <Delay = 2.92> <CoreInst = "m_axi">   --->   Core 123 'm_axi' <Latency = 9> <II = 1> <Delay = 1.34> <Adapter> <Opcode : 'read' 'write' 'readreq' 'writereq' 'writeresp'>

State 34 <SV = 33> <Delay = 2.92>
ST_34 : Operation 148 [45/74] (2.92ns)   --->   "%gmem_out_addr_resp = writeresp i1 @_ssdm_op_WriteResp.m_axi.i32P1A, i32 %gmem_out_addr" [../rgb2gray_kernel.cpp:95]   --->   Operation 148 'writeresp' 'gmem_out_addr_resp' <Predicate = (!icmp_ln90)> <Delay = 2.92> <CoreInst = "m_axi">   --->   Core 123 'm_axi' <Latency = 9> <II = 1> <Delay = 1.34> <Adapter> <Opcode : 'read' 'write' 'readreq' 'writereq' 'writeresp'>

State 35 <SV = 34> <Delay = 2.92>
ST_35 : Operation 149 [44/74] (2.92ns)   --->   "%gmem_out_addr_resp = writeresp i1 @_ssdm_op_WriteResp.m_axi.i32P1A, i32 %gmem_out_addr" [../rgb2gray_kernel.cpp:95]   --->   Operation 149 'writeresp' 'gmem_out_addr_resp' <Predicate = (!icmp_ln90)> <Delay = 2.92> <CoreInst = "m_axi">   --->   Core 123 'm_axi' <Latency = 9> <II = 1> <Delay = 1.34> <Adapter> <Opcode : 'read' 'write' 'readreq' 'writereq' 'writeresp'>

State 36 <SV = 35> <Delay = 2.92>
ST_36 : Operation 150 [43/74] (2.92ns)   --->   "%gmem_out_addr_resp = writeresp i1 @_ssdm_op_WriteResp.m_axi.i32P1A, i32 %gmem_out_addr" [../rgb2gray_kernel.cpp:95]   --->   Operation 150 'writeresp' 'gmem_out_addr_resp' <Predicate = (!icmp_ln90)> <Delay = 2.92> <CoreInst = "m_axi">   --->   Core 123 'm_axi' <Latency = 9> <II = 1> <Delay = 1.34> <Adapter> <Opcode : 'read' 'write' 'readreq' 'writereq' 'writeresp'>

State 37 <SV = 36> <Delay = 2.92>
ST_37 : Operation 151 [42/74] (2.92ns)   --->   "%gmem_out_addr_resp = writeresp i1 @_ssdm_op_WriteResp.m_axi.i32P1A, i32 %gmem_out_addr" [../rgb2gray_kernel.cpp:95]   --->   Operation 151 'writeresp' 'gmem_out_addr_resp' <Predicate = (!icmp_ln90)> <Delay = 2.92> <CoreInst = "m_axi">   --->   Core 123 'm_axi' <Latency = 9> <II = 1> <Delay = 1.34> <Adapter> <Opcode : 'read' 'write' 'readreq' 'writereq' 'writeresp'>

State 38 <SV = 37> <Delay = 2.92>
ST_38 : Operation 152 [41/74] (2.92ns)   --->   "%gmem_out_addr_resp = writeresp i1 @_ssdm_op_WriteResp.m_axi.i32P1A, i32 %gmem_out_addr" [../rgb2gray_kernel.cpp:95]   --->   Operation 152 'writeresp' 'gmem_out_addr_resp' <Predicate = (!icmp_ln90)> <Delay = 2.92> <CoreInst = "m_axi">   --->   Core 123 'm_axi' <Latency = 9> <II = 1> <Delay = 1.34> <Adapter> <Opcode : 'read' 'write' 'readreq' 'writereq' 'writeresp'>

State 39 <SV = 38> <Delay = 2.92>
ST_39 : Operation 153 [40/74] (2.92ns)   --->   "%gmem_out_addr_resp = writeresp i1 @_ssdm_op_WriteResp.m_axi.i32P1A, i32 %gmem_out_addr" [../rgb2gray_kernel.cpp:95]   --->   Operation 153 'writeresp' 'gmem_out_addr_resp' <Predicate = (!icmp_ln90)> <Delay = 2.92> <CoreInst = "m_axi">   --->   Core 123 'm_axi' <Latency = 9> <II = 1> <Delay = 1.34> <Adapter> <Opcode : 'read' 'write' 'readreq' 'writereq' 'writeresp'>

State 40 <SV = 39> <Delay = 2.92>
ST_40 : Operation 154 [39/74] (2.92ns)   --->   "%gmem_out_addr_resp = writeresp i1 @_ssdm_op_WriteResp.m_axi.i32P1A, i32 %gmem_out_addr" [../rgb2gray_kernel.cpp:95]   --->   Operation 154 'writeresp' 'gmem_out_addr_resp' <Predicate = (!icmp_ln90)> <Delay = 2.92> <CoreInst = "m_axi">   --->   Core 123 'm_axi' <Latency = 9> <II = 1> <Delay = 1.34> <Adapter> <Opcode : 'read' 'write' 'readreq' 'writereq' 'writeresp'>

State 41 <SV = 40> <Delay = 2.92>
ST_41 : Operation 155 [38/74] (2.92ns)   --->   "%gmem_out_addr_resp = writeresp i1 @_ssdm_op_WriteResp.m_axi.i32P1A, i32 %gmem_out_addr" [../rgb2gray_kernel.cpp:95]   --->   Operation 155 'writeresp' 'gmem_out_addr_resp' <Predicate = (!icmp_ln90)> <Delay = 2.92> <CoreInst = "m_axi">   --->   Core 123 'm_axi' <Latency = 9> <II = 1> <Delay = 1.34> <Adapter> <Opcode : 'read' 'write' 'readreq' 'writereq' 'writeresp'>

State 42 <SV = 41> <Delay = 2.92>
ST_42 : Operation 156 [37/74] (2.92ns)   --->   "%gmem_out_addr_resp = writeresp i1 @_ssdm_op_WriteResp.m_axi.i32P1A, i32 %gmem_out_addr" [../rgb2gray_kernel.cpp:95]   --->   Operation 156 'writeresp' 'gmem_out_addr_resp' <Predicate = (!icmp_ln90)> <Delay = 2.92> <CoreInst = "m_axi">   --->   Core 123 'm_axi' <Latency = 9> <II = 1> <Delay = 1.34> <Adapter> <Opcode : 'read' 'write' 'readreq' 'writereq' 'writeresp'>

State 43 <SV = 42> <Delay = 2.92>
ST_43 : Operation 157 [36/74] (2.92ns)   --->   "%gmem_out_addr_resp = writeresp i1 @_ssdm_op_WriteResp.m_axi.i32P1A, i32 %gmem_out_addr" [../rgb2gray_kernel.cpp:95]   --->   Operation 157 'writeresp' 'gmem_out_addr_resp' <Predicate = (!icmp_ln90)> <Delay = 2.92> <CoreInst = "m_axi">   --->   Core 123 'm_axi' <Latency = 9> <II = 1> <Delay = 1.34> <Adapter> <Opcode : 'read' 'write' 'readreq' 'writereq' 'writeresp'>

State 44 <SV = 43> <Delay = 2.92>
ST_44 : Operation 158 [35/74] (2.92ns)   --->   "%gmem_out_addr_resp = writeresp i1 @_ssdm_op_WriteResp.m_axi.i32P1A, i32 %gmem_out_addr" [../rgb2gray_kernel.cpp:95]   --->   Operation 158 'writeresp' 'gmem_out_addr_resp' <Predicate = (!icmp_ln90)> <Delay = 2.92> <CoreInst = "m_axi">   --->   Core 123 'm_axi' <Latency = 9> <II = 1> <Delay = 1.34> <Adapter> <Opcode : 'read' 'write' 'readreq' 'writereq' 'writeresp'>

State 45 <SV = 44> <Delay = 2.92>
ST_45 : Operation 159 [34/74] (2.92ns)   --->   "%gmem_out_addr_resp = writeresp i1 @_ssdm_op_WriteResp.m_axi.i32P1A, i32 %gmem_out_addr" [../rgb2gray_kernel.cpp:95]   --->   Operation 159 'writeresp' 'gmem_out_addr_resp' <Predicate = (!icmp_ln90)> <Delay = 2.92> <CoreInst = "m_axi">   --->   Core 123 'm_axi' <Latency = 9> <II = 1> <Delay = 1.34> <Adapter> <Opcode : 'read' 'write' 'readreq' 'writereq' 'writeresp'>

State 46 <SV = 45> <Delay = 2.92>
ST_46 : Operation 160 [33/74] (2.92ns)   --->   "%gmem_out_addr_resp = writeresp i1 @_ssdm_op_WriteResp.m_axi.i32P1A, i32 %gmem_out_addr" [../rgb2gray_kernel.cpp:95]   --->   Operation 160 'writeresp' 'gmem_out_addr_resp' <Predicate = (!icmp_ln90)> <Delay = 2.92> <CoreInst = "m_axi">   --->   Core 123 'm_axi' <Latency = 9> <II = 1> <Delay = 1.34> <Adapter> <Opcode : 'read' 'write' 'readreq' 'writereq' 'writeresp'>

State 47 <SV = 46> <Delay = 2.92>
ST_47 : Operation 161 [32/74] (2.92ns)   --->   "%gmem_out_addr_resp = writeresp i1 @_ssdm_op_WriteResp.m_axi.i32P1A, i32 %gmem_out_addr" [../rgb2gray_kernel.cpp:95]   --->   Operation 161 'writeresp' 'gmem_out_addr_resp' <Predicate = (!icmp_ln90)> <Delay = 2.92> <CoreInst = "m_axi">   --->   Core 123 'm_axi' <Latency = 9> <II = 1> <Delay = 1.34> <Adapter> <Opcode : 'read' 'write' 'readreq' 'writereq' 'writeresp'>

State 48 <SV = 47> <Delay = 2.92>
ST_48 : Operation 162 [31/74] (2.92ns)   --->   "%gmem_out_addr_resp = writeresp i1 @_ssdm_op_WriteResp.m_axi.i32P1A, i32 %gmem_out_addr" [../rgb2gray_kernel.cpp:95]   --->   Operation 162 'writeresp' 'gmem_out_addr_resp' <Predicate = (!icmp_ln90)> <Delay = 2.92> <CoreInst = "m_axi">   --->   Core 123 'm_axi' <Latency = 9> <II = 1> <Delay = 1.34> <Adapter> <Opcode : 'read' 'write' 'readreq' 'writereq' 'writeresp'>

State 49 <SV = 48> <Delay = 2.92>
ST_49 : Operation 163 [30/74] (2.92ns)   --->   "%gmem_out_addr_resp = writeresp i1 @_ssdm_op_WriteResp.m_axi.i32P1A, i32 %gmem_out_addr" [../rgb2gray_kernel.cpp:95]   --->   Operation 163 'writeresp' 'gmem_out_addr_resp' <Predicate = (!icmp_ln90)> <Delay = 2.92> <CoreInst = "m_axi">   --->   Core 123 'm_axi' <Latency = 9> <II = 1> <Delay = 1.34> <Adapter> <Opcode : 'read' 'write' 'readreq' 'writereq' 'writeresp'>

State 50 <SV = 49> <Delay = 2.92>
ST_50 : Operation 164 [29/74] (2.92ns)   --->   "%gmem_out_addr_resp = writeresp i1 @_ssdm_op_WriteResp.m_axi.i32P1A, i32 %gmem_out_addr" [../rgb2gray_kernel.cpp:95]   --->   Operation 164 'writeresp' 'gmem_out_addr_resp' <Predicate = (!icmp_ln90)> <Delay = 2.92> <CoreInst = "m_axi">   --->   Core 123 'm_axi' <Latency = 9> <II = 1> <Delay = 1.34> <Adapter> <Opcode : 'read' 'write' 'readreq' 'writereq' 'writeresp'>

State 51 <SV = 50> <Delay = 2.92>
ST_51 : Operation 165 [28/74] (2.92ns)   --->   "%gmem_out_addr_resp = writeresp i1 @_ssdm_op_WriteResp.m_axi.i32P1A, i32 %gmem_out_addr" [../rgb2gray_kernel.cpp:95]   --->   Operation 165 'writeresp' 'gmem_out_addr_resp' <Predicate = (!icmp_ln90)> <Delay = 2.92> <CoreInst = "m_axi">   --->   Core 123 'm_axi' <Latency = 9> <II = 1> <Delay = 1.34> <Adapter> <Opcode : 'read' 'write' 'readreq' 'writereq' 'writeresp'>

State 52 <SV = 51> <Delay = 2.92>
ST_52 : Operation 166 [27/74] (2.92ns)   --->   "%gmem_out_addr_resp = writeresp i1 @_ssdm_op_WriteResp.m_axi.i32P1A, i32 %gmem_out_addr" [../rgb2gray_kernel.cpp:95]   --->   Operation 166 'writeresp' 'gmem_out_addr_resp' <Predicate = (!icmp_ln90)> <Delay = 2.92> <CoreInst = "m_axi">   --->   Core 123 'm_axi' <Latency = 9> <II = 1> <Delay = 1.34> <Adapter> <Opcode : 'read' 'write' 'readreq' 'writereq' 'writeresp'>

State 53 <SV = 52> <Delay = 2.92>
ST_53 : Operation 167 [26/74] (2.92ns)   --->   "%gmem_out_addr_resp = writeresp i1 @_ssdm_op_WriteResp.m_axi.i32P1A, i32 %gmem_out_addr" [../rgb2gray_kernel.cpp:95]   --->   Operation 167 'writeresp' 'gmem_out_addr_resp' <Predicate = (!icmp_ln90)> <Delay = 2.92> <CoreInst = "m_axi">   --->   Core 123 'm_axi' <Latency = 9> <II = 1> <Delay = 1.34> <Adapter> <Opcode : 'read' 'write' 'readreq' 'writereq' 'writeresp'>

State 54 <SV = 53> <Delay = 2.92>
ST_54 : Operation 168 [25/74] (2.92ns)   --->   "%gmem_out_addr_resp = writeresp i1 @_ssdm_op_WriteResp.m_axi.i32P1A, i32 %gmem_out_addr" [../rgb2gray_kernel.cpp:95]   --->   Operation 168 'writeresp' 'gmem_out_addr_resp' <Predicate = (!icmp_ln90)> <Delay = 2.92> <CoreInst = "m_axi">   --->   Core 123 'm_axi' <Latency = 9> <II = 1> <Delay = 1.34> <Adapter> <Opcode : 'read' 'write' 'readreq' 'writereq' 'writeresp'>

State 55 <SV = 54> <Delay = 2.92>
ST_55 : Operation 169 [24/74] (2.92ns)   --->   "%gmem_out_addr_resp = writeresp i1 @_ssdm_op_WriteResp.m_axi.i32P1A, i32 %gmem_out_addr" [../rgb2gray_kernel.cpp:95]   --->   Operation 169 'writeresp' 'gmem_out_addr_resp' <Predicate = (!icmp_ln90)> <Delay = 2.92> <CoreInst = "m_axi">   --->   Core 123 'm_axi' <Latency = 9> <II = 1> <Delay = 1.34> <Adapter> <Opcode : 'read' 'write' 'readreq' 'writereq' 'writeresp'>

State 56 <SV = 55> <Delay = 2.92>
ST_56 : Operation 170 [23/74] (2.92ns)   --->   "%gmem_out_addr_resp = writeresp i1 @_ssdm_op_WriteResp.m_axi.i32P1A, i32 %gmem_out_addr" [../rgb2gray_kernel.cpp:95]   --->   Operation 170 'writeresp' 'gmem_out_addr_resp' <Predicate = (!icmp_ln90)> <Delay = 2.92> <CoreInst = "m_axi">   --->   Core 123 'm_axi' <Latency = 9> <II = 1> <Delay = 1.34> <Adapter> <Opcode : 'read' 'write' 'readreq' 'writereq' 'writeresp'>

State 57 <SV = 56> <Delay = 2.92>
ST_57 : Operation 171 [22/74] (2.92ns)   --->   "%gmem_out_addr_resp = writeresp i1 @_ssdm_op_WriteResp.m_axi.i32P1A, i32 %gmem_out_addr" [../rgb2gray_kernel.cpp:95]   --->   Operation 171 'writeresp' 'gmem_out_addr_resp' <Predicate = (!icmp_ln90)> <Delay = 2.92> <CoreInst = "m_axi">   --->   Core 123 'm_axi' <Latency = 9> <II = 1> <Delay = 1.34> <Adapter> <Opcode : 'read' 'write' 'readreq' 'writereq' 'writeresp'>

State 58 <SV = 57> <Delay = 2.92>
ST_58 : Operation 172 [21/74] (2.92ns)   --->   "%gmem_out_addr_resp = writeresp i1 @_ssdm_op_WriteResp.m_axi.i32P1A, i32 %gmem_out_addr" [../rgb2gray_kernel.cpp:95]   --->   Operation 172 'writeresp' 'gmem_out_addr_resp' <Predicate = (!icmp_ln90)> <Delay = 2.92> <CoreInst = "m_axi">   --->   Core 123 'm_axi' <Latency = 9> <II = 1> <Delay = 1.34> <Adapter> <Opcode : 'read' 'write' 'readreq' 'writereq' 'writeresp'>

State 59 <SV = 58> <Delay = 2.92>
ST_59 : Operation 173 [20/74] (2.92ns)   --->   "%gmem_out_addr_resp = writeresp i1 @_ssdm_op_WriteResp.m_axi.i32P1A, i32 %gmem_out_addr" [../rgb2gray_kernel.cpp:95]   --->   Operation 173 'writeresp' 'gmem_out_addr_resp' <Predicate = (!icmp_ln90)> <Delay = 2.92> <CoreInst = "m_axi">   --->   Core 123 'm_axi' <Latency = 9> <II = 1> <Delay = 1.34> <Adapter> <Opcode : 'read' 'write' 'readreq' 'writereq' 'writeresp'>

State 60 <SV = 59> <Delay = 2.92>
ST_60 : Operation 174 [19/74] (2.92ns)   --->   "%gmem_out_addr_resp = writeresp i1 @_ssdm_op_WriteResp.m_axi.i32P1A, i32 %gmem_out_addr" [../rgb2gray_kernel.cpp:95]   --->   Operation 174 'writeresp' 'gmem_out_addr_resp' <Predicate = (!icmp_ln90)> <Delay = 2.92> <CoreInst = "m_axi">   --->   Core 123 'm_axi' <Latency = 9> <II = 1> <Delay = 1.34> <Adapter> <Opcode : 'read' 'write' 'readreq' 'writereq' 'writeresp'>

State 61 <SV = 60> <Delay = 2.92>
ST_61 : Operation 175 [18/74] (2.92ns)   --->   "%gmem_out_addr_resp = writeresp i1 @_ssdm_op_WriteResp.m_axi.i32P1A, i32 %gmem_out_addr" [../rgb2gray_kernel.cpp:95]   --->   Operation 175 'writeresp' 'gmem_out_addr_resp' <Predicate = (!icmp_ln90)> <Delay = 2.92> <CoreInst = "m_axi">   --->   Core 123 'm_axi' <Latency = 9> <II = 1> <Delay = 1.34> <Adapter> <Opcode : 'read' 'write' 'readreq' 'writereq' 'writeresp'>

State 62 <SV = 61> <Delay = 2.92>
ST_62 : Operation 176 [17/74] (2.92ns)   --->   "%gmem_out_addr_resp = writeresp i1 @_ssdm_op_WriteResp.m_axi.i32P1A, i32 %gmem_out_addr" [../rgb2gray_kernel.cpp:95]   --->   Operation 176 'writeresp' 'gmem_out_addr_resp' <Predicate = (!icmp_ln90)> <Delay = 2.92> <CoreInst = "m_axi">   --->   Core 123 'm_axi' <Latency = 9> <II = 1> <Delay = 1.34> <Adapter> <Opcode : 'read' 'write' 'readreq' 'writereq' 'writeresp'>

State 63 <SV = 62> <Delay = 2.92>
ST_63 : Operation 177 [16/74] (2.92ns)   --->   "%gmem_out_addr_resp = writeresp i1 @_ssdm_op_WriteResp.m_axi.i32P1A, i32 %gmem_out_addr" [../rgb2gray_kernel.cpp:95]   --->   Operation 177 'writeresp' 'gmem_out_addr_resp' <Predicate = (!icmp_ln90)> <Delay = 2.92> <CoreInst = "m_axi">   --->   Core 123 'm_axi' <Latency = 9> <II = 1> <Delay = 1.34> <Adapter> <Opcode : 'read' 'write' 'readreq' 'writereq' 'writeresp'>

State 64 <SV = 63> <Delay = 2.92>
ST_64 : Operation 178 [15/74] (2.92ns)   --->   "%gmem_out_addr_resp = writeresp i1 @_ssdm_op_WriteResp.m_axi.i32P1A, i32 %gmem_out_addr" [../rgb2gray_kernel.cpp:95]   --->   Operation 178 'writeresp' 'gmem_out_addr_resp' <Predicate = (!icmp_ln90)> <Delay = 2.92> <CoreInst = "m_axi">   --->   Core 123 'm_axi' <Latency = 9> <II = 1> <Delay = 1.34> <Adapter> <Opcode : 'read' 'write' 'readreq' 'writereq' 'writeresp'>

State 65 <SV = 64> <Delay = 2.92>
ST_65 : Operation 179 [14/74] (2.92ns)   --->   "%gmem_out_addr_resp = writeresp i1 @_ssdm_op_WriteResp.m_axi.i32P1A, i32 %gmem_out_addr" [../rgb2gray_kernel.cpp:95]   --->   Operation 179 'writeresp' 'gmem_out_addr_resp' <Predicate = (!icmp_ln90)> <Delay = 2.92> <CoreInst = "m_axi">   --->   Core 123 'm_axi' <Latency = 9> <II = 1> <Delay = 1.34> <Adapter> <Opcode : 'read' 'write' 'readreq' 'writereq' 'writeresp'>

State 66 <SV = 65> <Delay = 2.92>
ST_66 : Operation 180 [13/74] (2.92ns)   --->   "%gmem_out_addr_resp = writeresp i1 @_ssdm_op_WriteResp.m_axi.i32P1A, i32 %gmem_out_addr" [../rgb2gray_kernel.cpp:95]   --->   Operation 180 'writeresp' 'gmem_out_addr_resp' <Predicate = (!icmp_ln90)> <Delay = 2.92> <CoreInst = "m_axi">   --->   Core 123 'm_axi' <Latency = 9> <II = 1> <Delay = 1.34> <Adapter> <Opcode : 'read' 'write' 'readreq' 'writereq' 'writeresp'>

State 67 <SV = 66> <Delay = 2.92>
ST_67 : Operation 181 [12/74] (2.92ns)   --->   "%gmem_out_addr_resp = writeresp i1 @_ssdm_op_WriteResp.m_axi.i32P1A, i32 %gmem_out_addr" [../rgb2gray_kernel.cpp:95]   --->   Operation 181 'writeresp' 'gmem_out_addr_resp' <Predicate = (!icmp_ln90)> <Delay = 2.92> <CoreInst = "m_axi">   --->   Core 123 'm_axi' <Latency = 9> <II = 1> <Delay = 1.34> <Adapter> <Opcode : 'read' 'write' 'readreq' 'writereq' 'writeresp'>

State 68 <SV = 67> <Delay = 2.92>
ST_68 : Operation 182 [11/74] (2.92ns)   --->   "%gmem_out_addr_resp = writeresp i1 @_ssdm_op_WriteResp.m_axi.i32P1A, i32 %gmem_out_addr" [../rgb2gray_kernel.cpp:95]   --->   Operation 182 'writeresp' 'gmem_out_addr_resp' <Predicate = (!icmp_ln90)> <Delay = 2.92> <CoreInst = "m_axi">   --->   Core 123 'm_axi' <Latency = 9> <II = 1> <Delay = 1.34> <Adapter> <Opcode : 'read' 'write' 'readreq' 'writereq' 'writeresp'>

State 69 <SV = 68> <Delay = 2.92>
ST_69 : Operation 183 [10/74] (2.92ns)   --->   "%gmem_out_addr_resp = writeresp i1 @_ssdm_op_WriteResp.m_axi.i32P1A, i32 %gmem_out_addr" [../rgb2gray_kernel.cpp:95]   --->   Operation 183 'writeresp' 'gmem_out_addr_resp' <Predicate = (!icmp_ln90)> <Delay = 2.92> <CoreInst = "m_axi">   --->   Core 123 'm_axi' <Latency = 9> <II = 1> <Delay = 1.34> <Adapter> <Opcode : 'read' 'write' 'readreq' 'writereq' 'writeresp'>

State 70 <SV = 69> <Delay = 2.92>
ST_70 : Operation 184 [9/74] (2.92ns)   --->   "%gmem_out_addr_resp = writeresp i1 @_ssdm_op_WriteResp.m_axi.i32P1A, i32 %gmem_out_addr" [../rgb2gray_kernel.cpp:95]   --->   Operation 184 'writeresp' 'gmem_out_addr_resp' <Predicate = (!icmp_ln90)> <Delay = 2.92> <CoreInst = "m_axi">   --->   Core 123 'm_axi' <Latency = 9> <II = 1> <Delay = 1.34> <Adapter> <Opcode : 'read' 'write' 'readreq' 'writereq' 'writeresp'>

State 71 <SV = 70> <Delay = 2.92>
ST_71 : Operation 185 [8/74] (2.92ns)   --->   "%gmem_out_addr_resp = writeresp i1 @_ssdm_op_WriteResp.m_axi.i32P1A, i32 %gmem_out_addr" [../rgb2gray_kernel.cpp:95]   --->   Operation 185 'writeresp' 'gmem_out_addr_resp' <Predicate = (!icmp_ln90)> <Delay = 2.92> <CoreInst = "m_axi">   --->   Core 123 'm_axi' <Latency = 9> <II = 1> <Delay = 1.34> <Adapter> <Opcode : 'read' 'write' 'readreq' 'writereq' 'writeresp'>

State 72 <SV = 71> <Delay = 2.92>
ST_72 : Operation 186 [7/74] (2.92ns)   --->   "%gmem_out_addr_resp = writeresp i1 @_ssdm_op_WriteResp.m_axi.i32P1A, i32 %gmem_out_addr" [../rgb2gray_kernel.cpp:95]   --->   Operation 186 'writeresp' 'gmem_out_addr_resp' <Predicate = (!icmp_ln90)> <Delay = 2.92> <CoreInst = "m_axi">   --->   Core 123 'm_axi' <Latency = 9> <II = 1> <Delay = 1.34> <Adapter> <Opcode : 'read' 'write' 'readreq' 'writereq' 'writeresp'>

State 73 <SV = 72> <Delay = 2.92>
ST_73 : Operation 187 [6/74] (2.92ns)   --->   "%gmem_out_addr_resp = writeresp i1 @_ssdm_op_WriteResp.m_axi.i32P1A, i32 %gmem_out_addr" [../rgb2gray_kernel.cpp:95]   --->   Operation 187 'writeresp' 'gmem_out_addr_resp' <Predicate = (!icmp_ln90)> <Delay = 2.92> <CoreInst = "m_axi">   --->   Core 123 'm_axi' <Latency = 9> <II = 1> <Delay = 1.34> <Adapter> <Opcode : 'read' 'write' 'readreq' 'writereq' 'writeresp'>

State 74 <SV = 73> <Delay = 2.92>
ST_74 : Operation 188 [5/74] (2.92ns)   --->   "%gmem_out_addr_resp = writeresp i1 @_ssdm_op_WriteResp.m_axi.i32P1A, i32 %gmem_out_addr" [../rgb2gray_kernel.cpp:95]   --->   Operation 188 'writeresp' 'gmem_out_addr_resp' <Predicate = (!icmp_ln90)> <Delay = 2.92> <CoreInst = "m_axi">   --->   Core 123 'm_axi' <Latency = 9> <II = 1> <Delay = 1.34> <Adapter> <Opcode : 'read' 'write' 'readreq' 'writereq' 'writeresp'>

State 75 <SV = 74> <Delay = 2.92>
ST_75 : Operation 189 [4/74] (2.92ns)   --->   "%gmem_out_addr_resp = writeresp i1 @_ssdm_op_WriteResp.m_axi.i32P1A, i32 %gmem_out_addr" [../rgb2gray_kernel.cpp:95]   --->   Operation 189 'writeresp' 'gmem_out_addr_resp' <Predicate = (!icmp_ln90)> <Delay = 2.92> <CoreInst = "m_axi">   --->   Core 123 'm_axi' <Latency = 9> <II = 1> <Delay = 1.34> <Adapter> <Opcode : 'read' 'write' 'readreq' 'writereq' 'writeresp'>

State 76 <SV = 75> <Delay = 2.92>
ST_76 : Operation 190 [3/74] (2.92ns)   --->   "%gmem_out_addr_resp = writeresp i1 @_ssdm_op_WriteResp.m_axi.i32P1A, i32 %gmem_out_addr" [../rgb2gray_kernel.cpp:95]   --->   Operation 190 'writeresp' 'gmem_out_addr_resp' <Predicate = (!icmp_ln90)> <Delay = 2.92> <CoreInst = "m_axi">   --->   Core 123 'm_axi' <Latency = 9> <II = 1> <Delay = 1.34> <Adapter> <Opcode : 'read' 'write' 'readreq' 'writereq' 'writeresp'>

State 77 <SV = 76> <Delay = 2.92>
ST_77 : Operation 191 [2/74] (2.92ns)   --->   "%gmem_out_addr_resp = writeresp i1 @_ssdm_op_WriteResp.m_axi.i32P1A, i32 %gmem_out_addr" [../rgb2gray_kernel.cpp:95]   --->   Operation 191 'writeresp' 'gmem_out_addr_resp' <Predicate = (!icmp_ln90)> <Delay = 2.92> <CoreInst = "m_axi">   --->   Core 123 'm_axi' <Latency = 9> <II = 1> <Delay = 1.34> <Adapter> <Opcode : 'read' 'write' 'readreq' 'writereq' 'writeresp'>

State 78 <SV = 77> <Delay = 0.81>
ST_78 : Operation 192 [1/1] (0.00ns)   --->   "%specpipeline_ln91 = specpipeline void @_ssdm_op_SpecPipeline, i32 1, i32 0, i32 0, i32 1, void @empty_0" [../rgb2gray_kernel.cpp:91]   --->   Operation 192 'specpipeline' 'specpipeline_ln91' <Predicate = (!icmp_ln90)> <Delay = 0.00>
ST_78 : Operation 193 [1/1] (0.00ns)   --->   "%specloopname_ln90 = specloopname void @_ssdm_op_SpecLoopName, void @empty_19" [../rgb2gray_kernel.cpp:90]   --->   Operation 193 'specloopname' 'specloopname_ln90' <Predicate = (!icmp_ln90)> <Delay = 0.00>
ST_78 : Operation 194 [1/74] (0.81ns)   --->   "%gmem_out_addr_resp = writeresp i1 @_ssdm_op_WriteResp.m_axi.i32P1A, i32 %gmem_out_addr" [../rgb2gray_kernel.cpp:95]   --->   Operation 194 'writeresp' 'gmem_out_addr_resp' <Predicate = (!icmp_ln90)> <Delay = 0.81> <CoreInst = "m_axi">   --->   Core 123 'm_axi' <Latency = 9> <II = 1> <Delay = 1.34> <Adapter> <Opcode : 'read' 'write' 'readreq' 'writereq' 'writeresp'>
ST_78 : Operation 195 [1/1] (0.00ns)   --->   "%return_ln97 = return void @_ssdm_op_Return" [../rgb2gray_kernel.cpp:97]   --->   Operation 195 'return' 'return_ln97' <Predicate = (icmp_ln90)> <Delay = 0.00>


============================================================
+ Verbose Summary: Timing violations
============================================================
Target clock period: 4.000ns, clock uncertainty: 1.080ns.

 <State 1>: 0.400ns
The critical path consists of the following:
	multiplexor before 'phi' operation 1 bit ('do_init') [13]  (0.400 ns)

 <State 2>: 2.128ns
The critical path consists of the following:
	'phi' operation 1 bit ('do_init') [13]  (0.000 ns)
	fifo read operation ('addr_out_read') on port 'addr_out' [23]  (0.806 ns)
	multiplexor before 'phi' operation 32 bit ('addr_out_load_phi') with incoming values : ('addr_out_read') [29]  (0.457 ns)
	'phi' operation 32 bit ('addr_out_load_phi') with incoming values : ('addr_out_read') [29]  (0.000 ns)
	'add' operation 32 bit ('out_addr', ../rgb2gray_kernel.cpp:94) [39]  (0.865 ns)

 <State 3>: 2.311ns
The critical path consists of the following:
	'add' operation 64 bit ('add_ln95', ../rgb2gray_kernel.cpp:95) [43]  (1.013 ns)
	'getelementptr' operation 32 bit ('gmem_out_addr', ../rgb2gray_kernel.cpp:95) [46]  (0.000 ns)
	bus request operation ('gmem_out_addr_req', ../rgb2gray_kernel.cpp:95) on port 'gmem_out' (../rgb2gray_kernel.cpp:95) [47]  (1.298 ns)

 <State 4>: 2.059ns
The critical path consists of the following:
	'muxlogic' operation 8 bit ('muxLogicCE_to_gray') [37]  (0.000 ns)
	fifo read operation ('gray', ../rgb2gray_kernel.cpp:93) on port 'stream_gray' (../rgb2gray_kernel.cpp:93) [38]  (0.761 ns)
	'muxlogic' operation 0 bit ('muxLogicData_to_write_ln95') [48]  (0.000 ns)
	bus write operation ('write_ln95', ../rgb2gray_kernel.cpp:95) on port 'gmem_out' (../rgb2gray_kernel.cpp:95) [49]  (1.298 ns)

 <State 5>: 0.815ns
The critical path consists of the following:
	bus response operation ('gmem_out_addr_resp', ../rgb2gray_kernel.cpp:95) on port 'gmem_out' (../rgb2gray_kernel.cpp:95) [50]  (0.815 ns)

 <State 6>: 2.920ns
The critical path consists of the following:
	bus response operation ('gmem_out_addr_resp', ../rgb2gray_kernel.cpp:95) on port 'gmem_out' (../rgb2gray_kernel.cpp:95) [50]  (2.920 ns)

 <State 7>: 2.920ns
The critical path consists of the following:
	bus response operation ('gmem_out_addr_resp', ../rgb2gray_kernel.cpp:95) on port 'gmem_out' (../rgb2gray_kernel.cpp:95) [50]  (2.920 ns)

 <State 8>: 2.920ns
The critical path consists of the following:
	bus response operation ('gmem_out_addr_resp', ../rgb2gray_kernel.cpp:95) on port 'gmem_out' (../rgb2gray_kernel.cpp:95) [50]  (2.920 ns)

 <State 9>: 2.920ns
The critical path consists of the following:
	bus response operation ('gmem_out_addr_resp', ../rgb2gray_kernel.cpp:95) on port 'gmem_out' (../rgb2gray_kernel.cpp:95) [50]  (2.920 ns)

 <State 10>: 2.920ns
The critical path consists of the following:
	bus response operation ('gmem_out_addr_resp', ../rgb2gray_kernel.cpp:95) on port 'gmem_out' (../rgb2gray_kernel.cpp:95) [50]  (2.920 ns)

 <State 11>: 2.920ns
The critical path consists of the following:
	bus response operation ('gmem_out_addr_resp', ../rgb2gray_kernel.cpp:95) on port 'gmem_out' (../rgb2gray_kernel.cpp:95) [50]  (2.920 ns)

 <State 12>: 2.920ns
The critical path consists of the following:
	bus response operation ('gmem_out_addr_resp', ../rgb2gray_kernel.cpp:95) on port 'gmem_out' (../rgb2gray_kernel.cpp:95) [50]  (2.920 ns)

 <State 13>: 2.920ns
The critical path consists of the following:
	bus response operation ('gmem_out_addr_resp', ../rgb2gray_kernel.cpp:95) on port 'gmem_out' (../rgb2gray_kernel.cpp:95) [50]  (2.920 ns)

 <State 14>: 2.920ns
The critical path consists of the following:
	bus response operation ('gmem_out_addr_resp', ../rgb2gray_kernel.cpp:95) on port 'gmem_out' (../rgb2gray_kernel.cpp:95) [50]  (2.920 ns)

 <State 15>: 2.920ns
The critical path consists of the following:
	bus response operation ('gmem_out_addr_resp', ../rgb2gray_kernel.cpp:95) on port 'gmem_out' (../rgb2gray_kernel.cpp:95) [50]  (2.920 ns)

 <State 16>: 2.920ns
The critical path consists of the following:
	bus response operation ('gmem_out_addr_resp', ../rgb2gray_kernel.cpp:95) on port 'gmem_out' (../rgb2gray_kernel.cpp:95) [50]  (2.920 ns)

 <State 17>: 2.920ns
The critical path consists of the following:
	bus response operation ('gmem_out_addr_resp', ../rgb2gray_kernel.cpp:95) on port 'gmem_out' (../rgb2gray_kernel.cpp:95) [50]  (2.920 ns)

 <State 18>: 2.920ns
The critical path consists of the following:
	bus response operation ('gmem_out_addr_resp', ../rgb2gray_kernel.cpp:95) on port 'gmem_out' (../rgb2gray_kernel.cpp:95) [50]  (2.920 ns)

 <State 19>: 2.920ns
The critical path consists of the following:
	bus response operation ('gmem_out_addr_resp', ../rgb2gray_kernel.cpp:95) on port 'gmem_out' (../rgb2gray_kernel.cpp:95) [50]  (2.920 ns)

 <State 20>: 2.920ns
The critical path consists of the following:
	bus response operation ('gmem_out_addr_resp', ../rgb2gray_kernel.cpp:95) on port 'gmem_out' (../rgb2gray_kernel.cpp:95) [50]  (2.920 ns)

 <State 21>: 2.920ns
The critical path consists of the following:
	bus response operation ('gmem_out_addr_resp', ../rgb2gray_kernel.cpp:95) on port 'gmem_out' (../rgb2gray_kernel.cpp:95) [50]  (2.920 ns)

 <State 22>: 2.920ns
The critical path consists of the following:
	bus response operation ('gmem_out_addr_resp', ../rgb2gray_kernel.cpp:95) on port 'gmem_out' (../rgb2gray_kernel.cpp:95) [50]  (2.920 ns)

 <State 23>: 2.920ns
The critical path consists of the following:
	bus response operation ('gmem_out_addr_resp', ../rgb2gray_kernel.cpp:95) on port 'gmem_out' (../rgb2gray_kernel.cpp:95) [50]  (2.920 ns)

 <State 24>: 2.920ns
The critical path consists of the following:
	bus response operation ('gmem_out_addr_resp', ../rgb2gray_kernel.cpp:95) on port 'gmem_out' (../rgb2gray_kernel.cpp:95) [50]  (2.920 ns)

 <State 25>: 2.920ns
The critical path consists of the following:
	bus response operation ('gmem_out_addr_resp', ../rgb2gray_kernel.cpp:95) on port 'gmem_out' (../rgb2gray_kernel.cpp:95) [50]  (2.920 ns)

 <State 26>: 2.920ns
The critical path consists of the following:
	bus response operation ('gmem_out_addr_resp', ../rgb2gray_kernel.cpp:95) on port 'gmem_out' (../rgb2gray_kernel.cpp:95) [50]  (2.920 ns)

 <State 27>: 2.920ns
The critical path consists of the following:
	bus response operation ('gmem_out_addr_resp', ../rgb2gray_kernel.cpp:95) on port 'gmem_out' (../rgb2gray_kernel.cpp:95) [50]  (2.920 ns)

 <State 28>: 2.920ns
The critical path consists of the following:
	bus response operation ('gmem_out_addr_resp', ../rgb2gray_kernel.cpp:95) on port 'gmem_out' (../rgb2gray_kernel.cpp:95) [50]  (2.920 ns)

 <State 29>: 2.920ns
The critical path consists of the following:
	bus response operation ('gmem_out_addr_resp', ../rgb2gray_kernel.cpp:95) on port 'gmem_out' (../rgb2gray_kernel.cpp:95) [50]  (2.920 ns)

 <State 30>: 2.920ns
The critical path consists of the following:
	bus response operation ('gmem_out_addr_resp', ../rgb2gray_kernel.cpp:95) on port 'gmem_out' (../rgb2gray_kernel.cpp:95) [50]  (2.920 ns)

 <State 31>: 2.920ns
The critical path consists of the following:
	bus response operation ('gmem_out_addr_resp', ../rgb2gray_kernel.cpp:95) on port 'gmem_out' (../rgb2gray_kernel.cpp:95) [50]  (2.920 ns)

 <State 32>: 2.920ns
The critical path consists of the following:
	bus response operation ('gmem_out_addr_resp', ../rgb2gray_kernel.cpp:95) on port 'gmem_out' (../rgb2gray_kernel.cpp:95) [50]  (2.920 ns)

 <State 33>: 2.920ns
The critical path consists of the following:
	bus response operation ('gmem_out_addr_resp', ../rgb2gray_kernel.cpp:95) on port 'gmem_out' (../rgb2gray_kernel.cpp:95) [50]  (2.920 ns)

 <State 34>: 2.920ns
The critical path consists of the following:
	bus response operation ('gmem_out_addr_resp', ../rgb2gray_kernel.cpp:95) on port 'gmem_out' (../rgb2gray_kernel.cpp:95) [50]  (2.920 ns)

 <State 35>: 2.920ns
The critical path consists of the following:
	bus response operation ('gmem_out_addr_resp', ../rgb2gray_kernel.cpp:95) on port 'gmem_out' (../rgb2gray_kernel.cpp:95) [50]  (2.920 ns)

 <State 36>: 2.920ns
The critical path consists of the following:
	bus response operation ('gmem_out_addr_resp', ../rgb2gray_kernel.cpp:95) on port 'gmem_out' (../rgb2gray_kernel.cpp:95) [50]  (2.920 ns)

 <State 37>: 2.920ns
The critical path consists of the following:
	bus response operation ('gmem_out_addr_resp', ../rgb2gray_kernel.cpp:95) on port 'gmem_out' (../rgb2gray_kernel.cpp:95) [50]  (2.920 ns)

 <State 38>: 2.920ns
The critical path consists of the following:
	bus response operation ('gmem_out_addr_resp', ../rgb2gray_kernel.cpp:95) on port 'gmem_out' (../rgb2gray_kernel.cpp:95) [50]  (2.920 ns)

 <State 39>: 2.920ns
The critical path consists of the following:
	bus response operation ('gmem_out_addr_resp', ../rgb2gray_kernel.cpp:95) on port 'gmem_out' (../rgb2gray_kernel.cpp:95) [50]  (2.920 ns)

 <State 40>: 2.920ns
The critical path consists of the following:
	bus response operation ('gmem_out_addr_resp', ../rgb2gray_kernel.cpp:95) on port 'gmem_out' (../rgb2gray_kernel.cpp:95) [50]  (2.920 ns)

 <State 41>: 2.920ns
The critical path consists of the following:
	bus response operation ('gmem_out_addr_resp', ../rgb2gray_kernel.cpp:95) on port 'gmem_out' (../rgb2gray_kernel.cpp:95) [50]  (2.920 ns)

 <State 42>: 2.920ns
The critical path consists of the following:
	bus response operation ('gmem_out_addr_resp', ../rgb2gray_kernel.cpp:95) on port 'gmem_out' (../rgb2gray_kernel.cpp:95) [50]  (2.920 ns)

 <State 43>: 2.920ns
The critical path consists of the following:
	bus response operation ('gmem_out_addr_resp', ../rgb2gray_kernel.cpp:95) on port 'gmem_out' (../rgb2gray_kernel.cpp:95) [50]  (2.920 ns)

 <State 44>: 2.920ns
The critical path consists of the following:
	bus response operation ('gmem_out_addr_resp', ../rgb2gray_kernel.cpp:95) on port 'gmem_out' (../rgb2gray_kernel.cpp:95) [50]  (2.920 ns)

 <State 45>: 2.920ns
The critical path consists of the following:
	bus response operation ('gmem_out_addr_resp', ../rgb2gray_kernel.cpp:95) on port 'gmem_out' (../rgb2gray_kernel.cpp:95) [50]  (2.920 ns)

 <State 46>: 2.920ns
The critical path consists of the following:
	bus response operation ('gmem_out_addr_resp', ../rgb2gray_kernel.cpp:95) on port 'gmem_out' (../rgb2gray_kernel.cpp:95) [50]  (2.920 ns)

 <State 47>: 2.920ns
The critical path consists of the following:
	bus response operation ('gmem_out_addr_resp', ../rgb2gray_kernel.cpp:95) on port 'gmem_out' (../rgb2gray_kernel.cpp:95) [50]  (2.920 ns)

 <State 48>: 2.920ns
The critical path consists of the following:
	bus response operation ('gmem_out_addr_resp', ../rgb2gray_kernel.cpp:95) on port 'gmem_out' (../rgb2gray_kernel.cpp:95) [50]  (2.920 ns)

 <State 49>: 2.920ns
The critical path consists of the following:
	bus response operation ('gmem_out_addr_resp', ../rgb2gray_kernel.cpp:95) on port 'gmem_out' (../rgb2gray_kernel.cpp:95) [50]  (2.920 ns)

 <State 50>: 2.920ns
The critical path consists of the following:
	bus response operation ('gmem_out_addr_resp', ../rgb2gray_kernel.cpp:95) on port 'gmem_out' (../rgb2gray_kernel.cpp:95) [50]  (2.920 ns)

 <State 51>: 2.920ns
The critical path consists of the following:
	bus response operation ('gmem_out_addr_resp', ../rgb2gray_kernel.cpp:95) on port 'gmem_out' (../rgb2gray_kernel.cpp:95) [50]  (2.920 ns)

 <State 52>: 2.920ns
The critical path consists of the following:
	bus response operation ('gmem_out_addr_resp', ../rgb2gray_kernel.cpp:95) on port 'gmem_out' (../rgb2gray_kernel.cpp:95) [50]  (2.920 ns)

 <State 53>: 2.920ns
The critical path consists of the following:
	bus response operation ('gmem_out_addr_resp', ../rgb2gray_kernel.cpp:95) on port 'gmem_out' (../rgb2gray_kernel.cpp:95) [50]  (2.920 ns)

 <State 54>: 2.920ns
The critical path consists of the following:
	bus response operation ('gmem_out_addr_resp', ../rgb2gray_kernel.cpp:95) on port 'gmem_out' (../rgb2gray_kernel.cpp:95) [50]  (2.920 ns)

 <State 55>: 2.920ns
The critical path consists of the following:
	bus response operation ('gmem_out_addr_resp', ../rgb2gray_kernel.cpp:95) on port 'gmem_out' (../rgb2gray_kernel.cpp:95) [50]  (2.920 ns)

 <State 56>: 2.920ns
The critical path consists of the following:
	bus response operation ('gmem_out_addr_resp', ../rgb2gray_kernel.cpp:95) on port 'gmem_out' (../rgb2gray_kernel.cpp:95) [50]  (2.920 ns)

 <State 57>: 2.920ns
The critical path consists of the following:
	bus response operation ('gmem_out_addr_resp', ../rgb2gray_kernel.cpp:95) on port 'gmem_out' (../rgb2gray_kernel.cpp:95) [50]  (2.920 ns)

 <State 58>: 2.920ns
The critical path consists of the following:
	bus response operation ('gmem_out_addr_resp', ../rgb2gray_kernel.cpp:95) on port 'gmem_out' (../rgb2gray_kernel.cpp:95) [50]  (2.920 ns)

 <State 59>: 2.920ns
The critical path consists of the following:
	bus response operation ('gmem_out_addr_resp', ../rgb2gray_kernel.cpp:95) on port 'gmem_out' (../rgb2gray_kernel.cpp:95) [50]  (2.920 ns)

 <State 60>: 2.920ns
The critical path consists of the following:
	bus response operation ('gmem_out_addr_resp', ../rgb2gray_kernel.cpp:95) on port 'gmem_out' (../rgb2gray_kernel.cpp:95) [50]  (2.920 ns)

 <State 61>: 2.920ns
The critical path consists of the following:
	bus response operation ('gmem_out_addr_resp', ../rgb2gray_kernel.cpp:95) on port 'gmem_out' (../rgb2gray_kernel.cpp:95) [50]  (2.920 ns)

 <State 62>: 2.920ns
The critical path consists of the following:
	bus response operation ('gmem_out_addr_resp', ../rgb2gray_kernel.cpp:95) on port 'gmem_out' (../rgb2gray_kernel.cpp:95) [50]  (2.920 ns)

 <State 63>: 2.920ns
The critical path consists of the following:
	bus response operation ('gmem_out_addr_resp', ../rgb2gray_kernel.cpp:95) on port 'gmem_out' (../rgb2gray_kernel.cpp:95) [50]  (2.920 ns)

 <State 64>: 2.920ns
The critical path consists of the following:
	bus response operation ('gmem_out_addr_resp', ../rgb2gray_kernel.cpp:95) on port 'gmem_out' (../rgb2gray_kernel.cpp:95) [50]  (2.920 ns)

 <State 65>: 2.920ns
The critical path consists of the following:
	bus response operation ('gmem_out_addr_resp', ../rgb2gray_kernel.cpp:95) on port 'gmem_out' (../rgb2gray_kernel.cpp:95) [50]  (2.920 ns)

 <State 66>: 2.920ns
The critical path consists of the following:
	bus response operation ('gmem_out_addr_resp', ../rgb2gray_kernel.cpp:95) on port 'gmem_out' (../rgb2gray_kernel.cpp:95) [50]  (2.920 ns)

 <State 67>: 2.920ns
The critical path consists of the following:
	bus response operation ('gmem_out_addr_resp', ../rgb2gray_kernel.cpp:95) on port 'gmem_out' (../rgb2gray_kernel.cpp:95) [50]  (2.920 ns)

 <State 68>: 2.920ns
The critical path consists of the following:
	bus response operation ('gmem_out_addr_resp', ../rgb2gray_kernel.cpp:95) on port 'gmem_out' (../rgb2gray_kernel.cpp:95) [50]  (2.920 ns)

 <State 69>: 2.920ns
The critical path consists of the following:
	bus response operation ('gmem_out_addr_resp', ../rgb2gray_kernel.cpp:95) on port 'gmem_out' (../rgb2gray_kernel.cpp:95) [50]  (2.920 ns)

 <State 70>: 2.920ns
The critical path consists of the following:
	bus response operation ('gmem_out_addr_resp', ../rgb2gray_kernel.cpp:95) on port 'gmem_out' (../rgb2gray_kernel.cpp:95) [50]  (2.920 ns)

 <State 71>: 2.920ns
The critical path consists of the following:
	bus response operation ('gmem_out_addr_resp', ../rgb2gray_kernel.cpp:95) on port 'gmem_out' (../rgb2gray_kernel.cpp:95) [50]  (2.920 ns)

 <State 72>: 2.920ns
The critical path consists of the following:
	bus response operation ('gmem_out_addr_resp', ../rgb2gray_kernel.cpp:95) on port 'gmem_out' (../rgb2gray_kernel.cpp:95) [50]  (2.920 ns)

 <State 73>: 2.920ns
The critical path consists of the following:
	bus response operation ('gmem_out_addr_resp', ../rgb2gray_kernel.cpp:95) on port 'gmem_out' (../rgb2gray_kernel.cpp:95) [50]  (2.920 ns)

 <State 74>: 2.920ns
The critical path consists of the following:
	bus response operation ('gmem_out_addr_resp', ../rgb2gray_kernel.cpp:95) on port 'gmem_out' (../rgb2gray_kernel.cpp:95) [50]  (2.920 ns)

 <State 75>: 2.920ns
The critical path consists of the following:
	bus response operation ('gmem_out_addr_resp', ../rgb2gray_kernel.cpp:95) on port 'gmem_out' (../rgb2gray_kernel.cpp:95) [50]  (2.920 ns)

 <State 76>: 2.920ns
The critical path consists of the following:
	bus response operation ('gmem_out_addr_resp', ../rgb2gray_kernel.cpp:95) on port 'gmem_out' (../rgb2gray_kernel.cpp:95) [50]  (2.920 ns)

 <State 77>: 2.920ns
The critical path consists of the following:
	bus response operation ('gmem_out_addr_resp', ../rgb2gray_kernel.cpp:95) on port 'gmem_out' (../rgb2gray_kernel.cpp:95) [50]  (2.920 ns)

 <State 78>: 0.815ns
The critical path consists of the following:
	bus response operation ('gmem_out_addr_resp', ../rgb2gray_kernel.cpp:95) on port 'gmem_out' (../rgb2gray_kernel.cpp:95) [50]  (0.815 ns)


============================================================
+ Verbose Summary: Binding
============================================================
N/A
* FSMD analyzer results:
  - Output states:
 - Input state : 
  - Chain level:
	State 1
	State 2
	State 3
	State 4
	State 5
	State 6
	State 7
	State 8
	State 9
	State 10
	State 11
	State 12
	State 13
	State 14
	State 15
	State 16
	State 17
	State 18
	State 19
	State 20
	State 21
	State 22
	State 23
	State 24
	State 25
	State 26
	State 27
	State 28
	State 29
	State 30
	State 31
	State 32
	State 33
	State 34
	State 35
	State 36
	State 37
	State 38
	State 39
	State 40
	State 41
	State 42
	State 43
	State 44
	State 45
	State 46
	State 47
	State 48
	State 49
	State 50
	State 51
	State 52
	State 53
	State 54
	State 55
	State 56
	State 57
	State 58
	State 59
	State 60
	State 61
	State 62
	State 63
	State 64
	State 65
	State 66
	State 67
	State 68
	State 69
	State 70
	State 71
	State 72
	State 73
	State 74
	State 75
	State 76
	State 77
	State 78


============================================================
+ Verbose Summary: Datapath Resource usage 
============================================================
N/A
