Copyright 1986-2022 Xilinx, Inc. All Rights Reserved. Copyright 2022-2024 Advanced Micro Devices, Inc. All Rights Reserved.
------------------------------------------------------------------------------------------------------------------------------------------------------------------------------------------------------------------------------------------------
| Tool Version      : Vivado v.2024.1 (lin64) Build 5076996 Wed May 22 18:36:09 MDT 2024
| Date              : Thu Aug  6 01:47:51 2026
| Host              : linux running 64-bit Ubuntu 22.04.5 LTS
| Command           : report_timing -delay_type max -max_paths 1 -file ${PROJECT_ROOT}/ProyectoFinal/HLS/reports/baseline_forward/timing_sweep/5p0ns/timing_critical_path.rpt
| Design            : wht_multiplier_forward
| Device            : xck26-sfvc784
| Speed File        : -2LV  PRODUCTION 1.30 05-15-2022
| Design State      : Routed
| Temperature Grade : C
------------------------------------------------------------------------------------------------------------------------------------------------------------------------------------------------------------------------------------------------

Timing Report

Slack (MET) :             0.872ns  (required time - arrival time)
  Source:                 control_s_axi_U/int_input_r/mem_reg/CLKBWRCLK
                            (rising edge-triggered cell RAMB36E2 clocked by ap_clk  {rise@0.000ns fall@2.500ns period=5.000ns})
  Destination:            mul_16s_16s_31_1_1_U7/tmp_product/DSP_A_B_DATA_INST/A[28]
                            (rising edge-triggered cell DSP_A_B_DATA clocked by ap_clk  {rise@0.000ns fall@2.500ns period=5.000ns})
  Path Group:             ap_clk
  Path Type:              Setup (Max at Slow Process Corner)
  Requirement:            5.000ns  (ap_clk rise@5.000ns - ap_clk rise@0.000ns)
  Data Path Delay:        3.484ns  (logic 2.262ns (64.917%)  route 1.222ns (35.083%))
  Logic Levels:           5  (CARRY8=3 LUT2=1 LUT4=1)
  Clock Path Skew:        -0.051ns (DCD - SCD + CPR)
    Destination Clock Delay (DCD):    0.055ns = ( 5.055 - 5.000 ) 
    Source Clock Delay      (SCD):    0.106ns
    Clock Pessimism Removal (CPR):    0.000ns
  Clock Uncertainty:      0.035ns  ((TSJ^2 + TIJ^2)^1/2 + DJ) / 2 + PE
    Total System Jitter     (TSJ):    0.071ns
    Total Input Jitter      (TIJ):    0.000ns
    Discrete Jitter          (DJ):    0.000ns
    Phase Error              (PE):    0.000ns

    Location             Delay type                Incr(ns)  Path(ns)    Netlist Resource(s)
  -------------------------------------------------------------------    -------------------
                         (clock ap_clk rise edge)     0.000     0.000 r  
                                                      0.000     0.000 r  ap_clk (IN)
                         net (fo=446, unset)          0.106     0.106    control_s_axi_U/int_input_r/ap_clk
    RAMB36_X0Y1          RAMB36E2                                     r  control_s_axi_U/int_input_r/mem_reg/CLKBWRCLK
  -------------------------------------------------------------------    -------------------
    RAMB36_X0Y1          RAMB36E2 (Prop_RAMB36E2_RAMB36_CLKBWRCLK_DOUTBDOUT[5])
                                                      1.305     1.411 r  control_s_axi_U/int_input_r/mem_reg/DOUTBDOUT[5]
                         net (fo=3, routed)           0.370     1.781    control_s_axi_U/int_input_r/int_input_r_q0[5]
    SLICE_X27Y8          LUT4 (Prop_F6LUT_SLICEL_I1_O)
                                                      0.187     1.968 r  control_s_axi_U/int_input_r/tmp_product_i_14__0/O
                         net (fo=1, routed)           0.015     1.983    control_s_axi_U/int_input_r/tmp_product_i_14__0_n_0
    SLICE_X27Y8          CARRY8 (Prop_CARRY8_SLICEL_S[5]_CO[7])
                                                      0.232     2.215 r  control_s_axi_U/int_input_r/tmp_product_i_3__0/CO[7]
                         net (fo=1, routed)           0.030     2.245    control_s_axi_U/int_input_r/tmp_product_i_3__0_n_0
    SLICE_X27Y9          CARRY8 (Prop_CARRY8_SLICEL_CI_O[1])
                                                      0.106     2.351 r  control_s_axi_U/int_input_r/tmp_product_i_2/O[1]
                         net (fo=2, routed)           0.338     2.689    control_s_axi_U/int_input_r/A[9]
    SLICE_X28Y11         LUT2 (Prop_B6LUT_SLICEM_I1_O)
                                                      0.082     2.771 r  control_s_axi_U/int_input_r/trunc_ln15_5_reg_648_reg_i_10/O
                         net (fo=1, routed)           0.022     2.793    control_s_axi_U/int_input_r/trunc_ln15_5_reg_648_reg_i_10_n_0
    SLICE_X28Y11         CARRY8 (Prop_CARRY8_SLICEM_S[1]_O[7])
                                                      0.350     3.143 r  control_s_axi_U/int_input_r/trunc_ln15_5_reg_648_reg_i_2/O[7]
                         net (fo=32, routed)          0.448     3.590    mul_16s_16s_31_1_1_U7/tmp_product/A[28]
    DSP48E2_X7Y2         DSP_A_B_DATA                                 r  mul_16s_16s_31_1_1_U7/tmp_product/DSP_A_B_DATA_INST/A[28]
  -------------------------------------------------------------------    -------------------

                         (clock ap_clk rise edge)     5.000     5.000 r  
                                                      0.000     5.000 r  ap_clk (IN)
                         net (fo=446, unset)          0.055     5.055    mul_16s_16s_31_1_1_U7/tmp_product/CLK
    DSP48E2_X7Y2         DSP_A_B_DATA                                 r  mul_16s_16s_31_1_1_U7/tmp_product/DSP_A_B_DATA_INST/CLK
                         clock pessimism              0.000     5.055    
                         clock uncertainty           -0.035     5.020    
    DSP48E2_X7Y2         DSP_A_B_DATA (Setup_DSP_A_B_DATA_DSP48E2_CLK_A[28])
                                                     -0.557     4.463    mul_16s_16s_31_1_1_U7/tmp_product/DSP_A_B_DATA_INST
  -------------------------------------------------------------------
                         required time                          4.463    
                         arrival time                          -3.590    
  -------------------------------------------------------------------
                         slack                                  0.872    




