C:\Users\sfv02\Documents\TEC\Maestria\2026-2C\Alto_Nivel\Evaluaciones_Cortas\3-HLS\MP6160_grupo_5\hls\rgb2gray_hls_work\rgb2gray_hls\solution\.autopilot\db\rgb2gray_kernel.pp.0.cpp:1688:7: warning: Added loop label VITIS_LOOP_1223_1:   [xilinx-label-all-loops]
      for (i = 0; i < __N - 1; ++i) {
      ^~~
      VITIS_LOOP_1223_1: 
C:\Users\sfv02\Documents\TEC\Maestria\2026-2C\Alto_Nivel\Evaluaciones_Cortas\3-HLS\MP6160_grupo_5\hls\rgb2gray_hls_work\rgb2gray_hls\solution\.autopilot\db\rgb2gray_kernel.pp.0.cpp:1688:7: note: FIX-IT applied suggested code changes
C:\Users\sfv02\Documents\TEC\Maestria\2026-2C\Alto_Nivel\Evaluaciones_Cortas\3-HLS\MP6160_grupo_5\hls\rgb2gray_hls_work\rgb2gray_hls\solution\.autopilot\db\rgb2gray_kernel.pp.0.cpp:2662:5: warning: Added loop label VITIS_LOOP_676_1:   [xilinx-label-all-loops]
    for (unsigned i = low; i != high; ++i) {
    ^~~
    VITIS_LOOP_676_1: 
C:\Users\sfv02\Documents\TEC\Maestria\2026-2C\Alto_Nivel\Evaluaciones_Cortas\3-HLS\MP6160_grupo_5\hls\rgb2gray_hls_work\rgb2gray_hls\solution\.autopilot\db\rgb2gray_kernel.pp.0.cpp:2662:5: note: FIX-IT applied suggested code changes
C:\Users\sfv02\Documents\TEC\Maestria\2026-2C\Alto_Nivel\Evaluaciones_Cortas\3-HLS\MP6160_grupo_5\hls\rgb2gray_hls_work\rgb2gray_hls\solution\.autopilot\db\rgb2gray_kernel.pp.0.cpp:2676:5: warning: Added loop label VITIS_LOOP_690_1:   [xilinx-label-all-loops]
    for (unsigned i = low; i != high; ++i) {
    ^~~
    VITIS_LOOP_690_1: 
C:\Users\sfv02\Documents\TEC\Maestria\2026-2C\Alto_Nivel\Evaluaciones_Cortas\3-HLS\MP6160_grupo_5\hls\rgb2gray_hls_work\rgb2gray_hls\solution\.autopilot\db\rgb2gray_kernel.pp.0.cpp:2676:5: note: FIX-IT applied suggested code changes
C:\Users\sfv02\Documents\TEC\Maestria\2026-2C\Alto_Nivel\Evaluaciones_Cortas\3-HLS\MP6160_grupo_5\hls\rgb2gray_hls_work\rgb2gray_hls\solution\.autopilot\db\rgb2gray_kernel.pp.0.cpp:2690:5: warning: Added loop label VITIS_LOOP_704_1:   [xilinx-label-all-loops]
    for (unsigned i = low; i != high; ++i) {
    ^~~
    VITIS_LOOP_704_1: 
C:\Users\sfv02\Documents\TEC\Maestria\2026-2C\Alto_Nivel\Evaluaciones_Cortas\3-HLS\MP6160_grupo_5\hls\rgb2gray_hls_work\rgb2gray_hls\solution\.autopilot\db\rgb2gray_kernel.pp.0.cpp:2690:5: note: FIX-IT applied suggested code changes
C:\Users\sfv02\Documents\TEC\Maestria\2026-2C\Alto_Nivel\Evaluaciones_Cortas\3-HLS\MP6160_grupo_5\hls\rgb2gray_hls_work\rgb2gray_hls\solution\.autopilot\db\rgb2gray_kernel.pp.0.cpp:4319:7: warning: Added loop label VITIS_LOOP_1247_1:   [xilinx-label-all-loops]
      for (i = 0; i < __N - 1; ++i) {
      ^~~
      VITIS_LOOP_1247_1: 
C:\Users\sfv02\Documents\TEC\Maestria\2026-2C\Alto_Nivel\Evaluaciones_Cortas\3-HLS\MP6160_grupo_5\hls\rgb2gray_hls_work\rgb2gray_hls\solution\.autopilot\db\rgb2gray_kernel.pp.0.cpp:4319:7: note: FIX-IT applied suggested code changes
