

================================================================
== Vitis HLS Report for 'wht_lossless_forward_isolated'
================================================================
* Date:           Thu Aug  6 00:26:35 2026

* Version:        2024.1 (Build 5069499 on May 21 2024)
* Project:        wht_isolated_forward
* Solution:       solution_isolated_forward (Vitis Kernel Flow Target)
* Product family: zynquplus
* Target device:  xck26-sfvc784-2LV-c


================================================================
== Performance Estimates
================================================================
+ Timing: 
    * Summary: 
    +--------+---------+----------+------------+
    |  Clock |  Target | Estimated| Uncertainty|
    +--------+---------+----------+------------+
    |ap_clk  |  4.00 ns|  2.904 ns|     1.08 ns|
    +--------+---------+----------+------------+

+ Latency: 
    * Summary: 
    +---------+---------+-----------+-----------+-----+-----+---------+
    |  Latency (cycles) |   Latency (absolute)  |  Interval | Pipeline|
    |   min   |   max   |    min    |    max    | min | max |   Type  |
    +---------+---------+-----------+-----------+-----+-----+---------+
    |       17|       17|  68.000 ns|  68.000 ns|    9|    9|      yes|
    +---------+---------+-----------+-----------+-----+-----+---------+

    + Detail: 
        * Instance: 
        N/A

        * Loop: 
        N/A



================================================================
== Utilization Estimates
================================================================
* Summary: 
+-----------------+---------+------+--------+--------+-----+
|       Name      | BRAM_18K|  DSP |   FF   |   LUT  | URAM|
+-----------------+---------+------+--------+--------+-----+
|DSP              |        -|     -|       -|       -|    -|
|Expression       |        -|     -|       0|     477|    -|
|FIFO             |        -|     -|       -|       -|    -|
|Instance         |        0|     -|     196|     184|    0|
|Memory           |        -|     -|       -|       -|    -|
|Multiplexer      |        -|     -|       0|     219|    -|
|Register         |        -|     -|     366|       -|    -|
+-----------------+---------+------+--------+--------+-----+
|Total            |        0|     0|     562|     880|    0|
+-----------------+---------+------+--------+--------+-----+
|Available        |      288|  1248|  234240|  117120|   64|
+-----------------+---------+------+--------+--------+-----+
|Utilization (%)  |        0|     0|      ~0|      ~0|    0|
+-----------------+---------+------+--------+--------+-----+

+ Detail: 
    * Instance: 
    +-----------------+---------------+---------+----+-----+-----+-----+
    |     Instance    |     Module    | BRAM_18K| DSP|  FF | LUT | URAM|
    +-----------------+---------------+---------+----+-----+-----+-----+
    |control_s_axi_U  |control_s_axi  |        0|   0|  196|  184|    0|
    +-----------------+---------------+---------+----+-----+-----+-----+
    |Total            |               |        0|   0|  196|  184|    0|
    +-----------------+---------------+---------+----+-----+-----+-----+

    * DSP: 
    N/A

    * Memory: 
    N/A

    * FIFO: 
    N/A

    * Expression: 
    +---------------------------+----------+----+---+----+------------+------------+
    |       Variable Name       | Operation| DSP| FF| LUT| Bitwidth P0| Bitwidth P1|
    +---------------------------+----------+----+---+----+------------+------------+
    |a_10_fu_298_p2             |         +|   0|  0|  16|          16|          16|
    |add_ln10_2_fu_381_p2       |         +|   0|  0|  16|          16|          16|
    |add_ln10_3_fu_429_p2       |         +|   0|  0|  16|          16|          16|
    |b_6_fu_357_p2              |         +|   0|  0|  16|          16|          16|
    |a_11_fu_326_p2             |         -|   0|  0|  23|          16|          16|
    |a_4_fu_246_p2              |         -|   0|  0|  23|          16|          16|
    |a_6_fu_288_p2              |         -|   0|  0|  23|          16|          16|
    |a_7_fu_270_p2              |         -|   0|  0|  23|          16|          16|
    |a_8_fu_317_p2              |         -|   0|  0|  23|          16|          16|
    |a_9_fu_345_p2              |         -|   0|  0|  23|          16|          16|
    |b_4_fu_252_p2              |         -|   0|  0|  23|          16|          16|
    |b_7_fu_397_p2              |         -|   0|  0|  23|          16|          16|
    |grp_fu_222_p2              |         -|   0|  0|  23|          16|          16|
    |sub_ln10_4_fu_293_p2       |         -|   0|  0|  16|          16|          16|
    |sub_ln10_5_fu_351_p2       |         -|   0|  0|  16|          16|          16|
    |sub_ln10_7_fu_376_p2       |         -|   0|  0|  16|          16|          16|
    |sub_ln10_8_fu_424_p2       |         -|   0|  0|  16|          16|          16|
    |sub_ln10_9_fu_454_p2       |         -|   0|  0|  23|          16|          16|
    |sub_ln10_fu_478_p2         |         -|   0|  0|  23|          16|          16|
    |sub_ln11_3_fu_449_p2       |         -|   0|  0|  23|          16|          16|
    |sub_ln11_4_fu_473_p2       |         -|   0|  0|  23|          16|          16|
    |sub_ln11_5_fu_497_p2       |         -|   0|  0|  23|          16|          16|
    |sub_ln11_fu_419_p2         |         -|   0|  0|  23|          16|          16|
    |ap_block_pp0_stage0_11001  |        or|   0|  0|   2|           1|           1|
    |ap_enable_pp0              |       xor|   0|  0|   2|           1|           2|
    +---------------------------+----------+----+---+----+------------+------------+
    |Total                      |          |   0|  0| 477|         370|         371|
    +---------------------------+----------+----+---+----+------------+------------+

    * Multiplexer: 
    +--------------------------+----+-----------+-----+-----------+
    |           Name           | LUT| Input Size| Bits| Total Bits|
    +--------------------------+----+-----------+-----+-----------+
    |ap_NS_fsm                 |  54|         10|    1|         10|
    |ap_done                   |   9|          2|    1|          2|
    |ap_enable_reg_pp0_iter0   |   9|          2|    1|          2|
    |block_in_address0_local   |  49|          9|    3|         27|
    |block_out_address0_local  |  49|          9|    3|         27|
    |block_out_d0_local        |  49|          9|   16|        144|
    +--------------------------+----+-----------+-----+-----------+
    |Total                     | 219|         41|   25|        212|
    +--------------------------+----+-----------+-----+-----------+

    * Register: 
    +-----------------------------+----+----+-----+-----------+
    |             Name            | FF | LUT| Bits| Const Bits|
    +-----------------------------+----+----+-----+-----------+
    |a_10_reg_587                 |  16|   0|   16|          0|
    |a_11_reg_599                 |  16|   0|   16|          0|
    |a_1_reg_517                  |  16|   0|   16|          0|
    |a_2_reg_538                  |  16|   0|   16|          0|
    |a_4_reg_564                  |  16|   0|   16|          0|
    |a_6_reg_581                  |  16|   0|   16|          0|
    |a_7_reg_575                  |  16|   0|   16|          0|
    |a_8_reg_593                  |  16|   0|   16|          0|
    |a_9_reg_605                  |  16|   0|   16|          0|
    |ap_CS_fsm                    |   9|   0|    9|          0|
    |ap_done_reg                  |   1|   0|    1|          0|
    |ap_enable_reg_pp0_iter0_reg  |   1|   0|    1|          0|
    |ap_enable_reg_pp0_iter1      |   1|   0|    1|          0|
    |ap_rst_n_inv                 |   1|   0|    1|          0|
    |ap_rst_reg_1                 |   1|   0|    1|          0|
    |ap_rst_reg_2                 |   1|   0|    1|          0|
    |b_1_reg_528                  |  16|   0|   16|          0|
    |b_2_reg_549                  |  16|   0|   16|          0|
    |b_4_reg_570                  |  16|   0|   16|          0|
    |b_6_reg_611                  |  16|   0|   16|          0|
    |b_7_reg_631                  |  16|   0|   16|          0|
    |reg_214                      |  16|   0|   16|          0|
    |reg_218                      |  16|   0|   16|          0|
    |reg_238                      |  16|   0|   16|          0|
    |sub_ln11_3_reg_651           |  16|   0|   16|          0|
    |sub_ln11_4_reg_666           |  16|   0|   16|          0|
    |sub_ln11_5_reg_681           |  16|   0|   16|          0|
    |sub_ln11_reg_636             |  16|   0|   16|          0|
    |trunc_ln11_8_reg_626         |  15|   0|   15|          0|
    +-----------------------------+----+----+-----+-----------+
    |Total                        | 366|   0|  366|          0|
    +-----------------------------+----+----+-----+-----------+



================================================================
== Interface
================================================================
* Summary: 
+-----------------------+-----+-----+---------------+-------------------------------+--------------+
|       RTL Ports       | Dir | Bits|    Protocol   |         Source Object         |    C Type    |
+-----------------------+-----+-----+---------------+-------------------------------+--------------+
|s_axi_control_AWVALID  |   in|    1|          s_axi|                        control|         array|
|s_axi_control_AWREADY  |  out|    1|          s_axi|                        control|         array|
|s_axi_control_AWADDR   |   in|    6|          s_axi|                        control|         array|
|s_axi_control_WVALID   |   in|    1|          s_axi|                        control|         array|
|s_axi_control_WREADY   |  out|    1|          s_axi|                        control|         array|
|s_axi_control_WDATA    |   in|   32|          s_axi|                        control|         array|
|s_axi_control_WSTRB    |   in|    4|          s_axi|                        control|         array|
|s_axi_control_ARVALID  |   in|    1|          s_axi|                        control|         array|
|s_axi_control_ARREADY  |  out|    1|          s_axi|                        control|         array|
|s_axi_control_ARADDR   |   in|    6|          s_axi|                        control|         array|
|s_axi_control_RVALID   |  out|    1|          s_axi|                        control|         array|
|s_axi_control_RREADY   |   in|    1|          s_axi|                        control|         array|
|s_axi_control_RDATA    |  out|   32|          s_axi|                        control|         array|
|s_axi_control_RRESP    |  out|    2|          s_axi|                        control|         array|
|s_axi_control_BVALID   |  out|    1|          s_axi|                        control|         array|
|s_axi_control_BREADY   |   in|    1|          s_axi|                        control|         array|
|s_axi_control_BRESP    |  out|    2|          s_axi|                        control|         array|
|ap_clk                 |   in|    1|  ap_ctrl_chain|  wht_lossless_forward_isolated|  return value|
|ap_rst_n               |   in|    1|  ap_ctrl_chain|  wht_lossless_forward_isolated|  return value|
|interrupt              |  out|    1|  ap_ctrl_chain|  wht_lossless_forward_isolated|  return value|
+-----------------------+-----+-----+---------------+-------------------------------+--------------+

