Copyright 1986-2022 Xilinx, Inc. All Rights Reserved. Copyright 2022-2024 Advanced Micro Devices, Inc. All Rights Reserved.
----------------------------------------------------------------------------------------------------------------------------------------------------------------------------------------------------------------------------------------
| Tool Version      : Vivado v.2024.1 (lin64) Build 5076996 Wed May 22 18:36:09 MDT 2024
| Date              : Thu Aug  6 02:27:08 2026
| Host              : linux running 64-bit Ubuntu 22.04.5 LTS
| Command           : report_timing -delay_type max -max_paths 1 -file ${PROJECT_ROOT}/ProyectoFinal/HLS/reports/isolated_inverse/post_route/timing_critical_path.rpt
| Design            : wht_lossless_inverse_isolated
| Device            : xck26-sfvc784
| Speed File        : -2LV  PRODUCTION 1.30 05-15-2022
| Design State      : Routed
| Temperature Grade : C
----------------------------------------------------------------------------------------------------------------------------------------------------------------------------------------------------------------------------------------

Timing Report

Slack (MET) :             5.427ns  (required time - arrival time)
  Source:                 s_5_reg_512_reg[4]/C
                            (rising edge-triggered cell FDRE clocked by ap_clk  {rise@0.000ns fall@5.000ns period=10.000ns})
  Destination:            control_s_axi_U/int_block_out/mem_reg/DINADIN[15]
                            (rising edge-triggered cell RAMB18E2 clocked by ap_clk  {rise@0.000ns fall@5.000ns period=10.000ns})
  Path Group:             ap_clk
  Path Type:              Setup (Max at Slow Process Corner)
  Requirement:            10.000ns  (ap_clk rise@10.000ns - ap_clk rise@0.000ns)
  Data Path Delay:        3.945ns  (logic 1.352ns (34.274%)  route 2.593ns (65.726%))
  Logic Levels:           7  (CARRY8=3 LUT2=2 LUT6=2)
  Clock Path Skew:        0.007ns (DCD - SCD + CPR)
    Destination Clock Delay (DCD):    0.049ns = ( 10.049 - 10.000 ) 
    Source Clock Delay      (SCD):    0.042ns
    Clock Pessimism Removal (CPR):    0.000ns
  Clock Uncertainty:      0.035ns  ((TSJ^2 + TIJ^2)^1/2 + DJ) / 2 + PE
    Total System Jitter     (TSJ):    0.071ns
    Total Input Jitter      (TIJ):    0.000ns
    Discrete Jitter          (DJ):    0.000ns
    Phase Error              (PE):    0.000ns

    Location             Delay type                Incr(ns)  Path(ns)    Netlist Resource(s)
  -------------------------------------------------------------------    -------------------
                         (clock ap_clk rise edge)     0.000     0.000 r  
                                                      0.000     0.000 r  ap_clk (IN)
                         net (fo=412, unset)          0.042     0.042    ap_clk
    SLICE_X48Y166        FDRE                                         r  s_5_reg_512_reg[4]/C
  -------------------------------------------------------------------    -------------------
    SLICE_X48Y166        FDRE (Prop_EFF_SLICEL_C_Q)
                                                      0.114     0.156 r  s_5_reg_512_reg[4]/Q
                         net (fo=5, routed)           1.022     1.178    control_s_axi_U/int_block_out/d_9_reg_602_reg[15]_i_2_0[4]
    SLICE_X51Y163        LUT2 (Prop_E6LUT_SLICEL_I0_O)
                                                      0.057     1.235 r  control_s_axi_U/int_block_out/d_9_reg_602[7]_i_14/O
                         net (fo=1, routed)           0.011     1.246    control_s_axi_U/int_block_out/d_9_reg_602[7]_i_14_n_0
    SLICE_X51Y163        CARRY8 (Prop_CARRY8_SLICEL_S[4]_CO[7])
                                                      0.232     1.478 r  control_s_axi_U/int_block_out/d_9_reg_602_reg[7]_i_2/CO[7]
                         net (fo=1, routed)           0.030     1.508    control_s_axi_U/int_block_out/d_9_reg_602_reg[7]_i_2_n_0
    SLICE_X51Y164        CARRY8 (Prop_CARRY8_SLICEL_CI_O[2])
                                                      0.093     1.601 r  control_s_axi_U/int_block_out/d_9_reg_602_reg[15]_i_2/O[2]
                         net (fo=4, routed)           0.184     1.785    control_s_axi_U/int_block_out/sext_ln21_8_fu_404_p1[9]
    SLICE_X49Y164        LUT2 (Prop_B6LUT_SLICEL_I1_O)
                                                      0.224     2.009 r  control_s_axi_U/int_block_out/sub_ln22_7_reg_617[15]_i_17/O
                         net (fo=1, routed)           0.013     2.022    control_s_axi_U/int_block_out/sub_ln22_7_reg_617[15]_i_17_n_0
    SLICE_X49Y164        CARRY8 (Prop_CARRY8_SLICEL_S[1]_O[7])
                                                      0.327     2.349 r  control_s_axi_U/int_block_out/sub_ln22_7_reg_617_reg[15]_i_2/O[7]
                         net (fo=2, routed)           0.654     3.004    control_s_axi_U/int_block_out/data7[15]
    SLICE_X48Y159        LUT6 (Prop_F6LUT_SLICEL_I0_O)
                                                      0.224     3.228 r  control_s_axi_U/int_block_out/mem_reg_i_31/O
                         net (fo=1, routed)           0.337     3.565    control_s_axi_U/int_block_out/mem_reg_i_31_n_0
    SLICE_X44Y162        LUT6 (Prop_F6LUT_SLICEL_I4_O)
                                                      0.081     3.646 r  control_s_axi_U/int_block_out/mem_reg_i_5/O
                         net (fo=1, routed)           0.341     3.987    control_s_axi_U/int_block_out/mem_reg_i_5_n_0
    RAMB18_X1Y64         RAMB18E2                                     r  control_s_axi_U/int_block_out/mem_reg/DINADIN[15]
  -------------------------------------------------------------------    -------------------

                         (clock ap_clk rise edge)    10.000    10.000 r  
                                                      0.000    10.000 r  ap_clk (IN)
                         net (fo=412, unset)          0.049    10.049    control_s_axi_U/int_block_out/ap_clk
    RAMB18_X1Y64         RAMB18E2                                     r  control_s_axi_U/int_block_out/mem_reg/CLKBWRCLK
                         clock pessimism              0.000    10.049    
                         clock uncertainty           -0.035    10.014    
    RAMB18_X1Y64         RAMB18E2 (Setup_RAMB18E2_L_RAMB180_CLKBWRCLK_DINADIN[15])
                                                     -0.600     9.414    control_s_axi_U/int_block_out/mem_reg
  -------------------------------------------------------------------
                         required time                          9.414    
                         arrival time                          -3.987    
  -------------------------------------------------------------------
                         slack                                  5.427    




