Copyright 1986-2022 Xilinx, Inc. All Rights Reserved. Copyright 2022-2024 Advanced Micro Devices, Inc. All Rights Reserved.
------------------------------------------------------------------------------------------------------------------------------------------------------------------------------------------------------------------------------------------------
| Tool Version      : Vivado v.2024.1 (lin64) Build 5076996 Wed May 22 18:36:09 MDT 2024
| Date              : Thu Aug  6 01:16:27 2026
| Host              : linux running 64-bit Ubuntu 22.04.5 LTS
| Command           : report_timing -delay_type max -max_paths 1 -file ${PROJECT_ROOT}/ProyectoFinal/HLS/reports/isolated_forward/timing_sweep/5p0ns/timing_critical_path.rpt
| Design            : wht_lossless_forward_isolated
| Device            : xck26-sfvc784
| Speed File        : -2LV  PRODUCTION 1.30 05-15-2022
| Design State      : Routed
| Temperature Grade : C
------------------------------------------------------------------------------------------------------------------------------------------------------------------------------------------------------------------------------------------------

Timing Report

Slack (MET) :             0.882ns  (required time - arrival time)
  Source:                 reg_218_reg[1]/C
                            (rising edge-triggered cell FDRE clocked by ap_clk  {rise@0.000ns fall@2.500ns period=5.000ns})
  Destination:            control_s_axi_U/int_block_out/mem_reg/DINADIN[15]
                            (rising edge-triggered cell RAMB18E2 clocked by ap_clk  {rise@0.000ns fall@2.500ns period=5.000ns})
  Path Group:             ap_clk
  Path Type:              Setup (Max at Slow Process Corner)
  Requirement:            5.000ns  (ap_clk rise@5.000ns - ap_clk rise@0.000ns)
  Data Path Delay:        3.489ns  (logic 1.561ns (44.744%)  route 1.928ns (55.256%))
  Logic Levels:           9  (CARRY8=4 LUT2=1 LUT3=2 LUT6=2)
  Clock Path Skew:        0.006ns (DCD - SCD + CPR)
    Destination Clock Delay (DCD):    0.049ns = ( 5.049 - 5.000 ) 
    Source Clock Delay      (SCD):    0.043ns
    Clock Pessimism Removal (CPR):    0.000ns
  Clock Uncertainty:      0.035ns  ((TSJ^2 + TIJ^2)^1/2 + DJ) / 2 + PE
    Total System Jitter     (TSJ):    0.071ns
    Total Input Jitter      (TIJ):    0.000ns
    Discrete Jitter          (DJ):    0.000ns
    Phase Error              (PE):    0.000ns

    Location             Delay type                Incr(ns)  Path(ns)    Netlist Resource(s)
  -------------------------------------------------------------------    -------------------
                         (clock ap_clk rise edge)     0.000     0.000 r  
                                                      0.000     0.000 r  ap_clk (IN)
                         net (fo=427, unset)          0.043     0.043    ap_clk
    SLICE_X31Y96         FDRE                                         r  reg_218_reg[1]/C
  -------------------------------------------------------------------    -------------------
    SLICE_X31Y96         FDRE (Prop_FFF_SLICEM_C_Q)
                                                      0.112     0.155 r  reg_218_reg[1]/Q
                         net (fo=1, routed)           0.113     0.268    control_s_axi_U/int_block_out/reg_238_reg[15]_0[1]
    SLICE_X31Y97         LUT2 (Prop_B6LUT_SLICEM_I1_O)
                                                      0.188     0.456 r  control_s_axi_U/int_block_out/reg_238[7]_i_8/O
                         net (fo=1, routed)           0.022     0.478    control_s_axi_U/int_block_out/reg_238[7]_i_8_n_0
    SLICE_X31Y97         CARRY8 (Prop_CARRY8_SLICEM_S[1]_CO[7])
                                                      0.267     0.745 r  control_s_axi_U/int_block_out/reg_238_reg[7]_i_1/CO[7]
                         net (fo=1, routed)           0.030     0.775    control_s_axi_U/int_block_out/reg_238_reg[7]_i_1_n_0
    SLICE_X31Y98         CARRY8 (Prop_CARRY8_SLICEM_CI_O[3])
                                                      0.122     0.897 r  control_s_axi_U/int_block_out/reg_238_reg[15]_i_2/O[3]
                         net (fo=5, routed)           0.227     1.124    control_s_axi_U/int_block_out/reg_214_reg[14][3]
    SLICE_X31Y103        LUT3 (Prop_D6LUT_SLICEM_I2_O)
                                                      0.151     1.275 r  control_s_axi_U/int_block_out/b_6_reg_611[15]_i_6/O
                         net (fo=1, routed)           0.286     1.561    control_s_axi_U/int_block_out/b_6_reg_611[15]_i_6_n_0
    SLICE_X30Y100        CARRY8 (Prop_CARRY8_SLICEL_DI[3]_O[5])
                                                      0.268     1.829 r  control_s_axi_U/int_block_out/b_6_reg_611_reg[15]_i_2/O[5]
                         net (fo=4, routed)           0.165     1.994    control_s_axi_U/int_block_out/reg_214_reg[14]_0[5]
    SLICE_X30Y102        LUT3 (Prop_D5LUT_SLICEL_I2_O)
                                                      0.152     2.146 r  control_s_axi_U/int_block_out/trunc_ln11_8_reg_626[14]_i_3/O
                         net (fo=1, routed)           0.406     2.552    control_s_axi_U/int_block_out/trunc_ln11_8_reg_626[14]_i_3_n_0
    SLICE_X31Y100        CARRY8 (Prop_CARRY8_SLICEM_DI[5]_O[7])
                                                      0.165     2.717 r  control_s_axi_U/int_block_out/trunc_ln11_8_reg_626_reg[14]_i_1/O[7]
                         net (fo=2, routed)           0.212     2.929    control_s_axi_U/int_block_out/a_6_reg_581_reg[14][14]
    SLICE_X31Y96         LUT6 (Prop_D6LUT_SLICEM_I0_O)
                                                      0.080     3.009 r  control_s_axi_U/int_block_out/mem_reg_i_31/O
                         net (fo=1, routed)           0.157     3.166    control_s_axi_U/int_block_out/mem_reg_i_31_n_0
    SLICE_X30Y96         LUT6 (Prop_F6LUT_SLICEL_I4_O)
                                                      0.056     3.222 r  control_s_axi_U/int_block_out/mem_reg_i_5/O
                         net (fo=1, routed)           0.310     3.532    control_s_axi_U/int_block_out/mem_reg_i_5_n_0
    RAMB18_X0Y36         RAMB18E2                                     r  control_s_axi_U/int_block_out/mem_reg/DINADIN[15]
  -------------------------------------------------------------------    -------------------

                         (clock ap_clk rise edge)     5.000     5.000 r  
                                                      0.000     5.000 r  ap_clk (IN)
                         net (fo=427, unset)          0.049     5.049    control_s_axi_U/int_block_out/ap_clk
    RAMB18_X0Y36         RAMB18E2                                     r  control_s_axi_U/int_block_out/mem_reg/CLKBWRCLK
                         clock pessimism              0.000     5.049    
                         clock uncertainty           -0.035     5.014    
    RAMB18_X0Y36         RAMB18E2 (Setup_RAMB18E2_L_RAMB180_CLKBWRCLK_DINADIN[15])
                                                     -0.600     4.414    control_s_axi_U/int_block_out/mem_reg
  -------------------------------------------------------------------
                         required time                          4.414    
                         arrival time                          -3.532    
  -------------------------------------------------------------------
                         slack                                  0.882    




