

================================================================
== Vitis HLS Report for 'load_rgb'
================================================================
* Date:           Sat Jul 11 13:45:47 2026

* Version:        2024.1 (Build 5069499 on May 21 2024)
* Project:        tarea3_rgb2gray
* Solution:       solution1 (Vivado IP Flow Target)
* Product family: zynquplus
* Target device:  xck26-sfvc784-2LV-c


================================================================
== Performance Estimates
================================================================
+ Timing: 
    * Summary: 
    +--------+---------+----------+------------+
    |  Clock |  Target | Estimated| Uncertainty|
    +--------+---------+----------+------------+
    |ap_clk  |  4.00 ns|  1.870 ns|     1.08 ns|
    +--------+---------+----------+------------+

+ Latency: 
    * Summary: 
    +---------+---------+----------+----------+-----+-----+---------+
    |  Latency (cycles) |  Latency (absolute) |  Interval | Pipeline|
    |   min   |   max   |    min   |    max   | min | max |   Type  |
    +---------+---------+----------+----------+-----+-----+---------+
    |        ?|        ?|         ?|         ?|    ?|    ?|       no|
    +---------+---------+----------+----------+-----+-----+---------+

    + Detail: 
        * Instance: 
        N/A

        * Loop: 
        N/A

============================================================
+ Verbose Summary: Synthesis Manager
============================================================
InlineROM: 1
ExposeGlobal: 0
============================================================
+ Verbose Summary: CDFG Model
============================================================
IsTopModel: 0
ResetActiveHigh: 1
IsCombinational: 2
IsDatapathOnly: 0
HasWiredReturn: 1
HasMFsm: 0
HasVarLatency: 1
IsPipeline: 0
IsRtlPipelined: 0
IsInstanceOverlapped: 0
IsDontTouch: 0
HasImplIP: 0
IsGatedGlobalClock: 0


============================================================
+ Verbose Summary: Schedule
============================================================
* Number of FSM states : 3
* Pipeline : 0
* Dataflow Pipeline: 0

* FSM state transitions: 
1 --> 2 
2 --> 3 
3 --> 

* FSM state operations: 

State 1 <SV = 0> <Delay = 1.46>
ST_1 : Operation 4 [1/1] (0.00ns)   --->   "%num_pixels_read = read i32 @_ssdm_op_Read.ap_auto.i32, i32 %num_pixels"   --->   Operation 4 'read' 'num_pixels_read' <Predicate = true> <Delay = 0.00>
ST_1 : Operation 5 [1/1] (1.46ns)   --->   "%write_ln0 = write void @_ssdm_op_Write.ap_fifo.i32P0A, i32 %num_pixels_c1, i32 %num_pixels_read"   --->   Operation 5 'write' 'write_ln0' <Predicate = true> <Delay = 1.46> <CoreInst = "FIFO_SRL">   --->   Core 80 'FIFO_SRL' <Latency = 0> <II = 1> <Delay = 1.83> <Storage> <Opcode : 'read' 'write' 'nbread' 'nbwrite'> <Ports = 0> <Width = 32> <Depth = 2> <FIFO>
ST_1 : Operation 6 [1/1] (0.00ns)   --->   "%image_in_read = read i8 @_ssdm_op_Read.ap_auto.i8P0A, i8 %image_in"   --->   Operation 6 'read' 'image_in_read' <Predicate = true> <Delay = 0.00>

State 2 <SV = 1> <Delay = 1.44>
ST_2 : Operation 7 [1/1] (0.00ns)   --->   "%or_ln20_3 = bitconcatenate i24 @_ssdm_op_BitConcatenate.i24.i8.i8.i8, i8 %image_in_read, i8 %image_in_read, i8 %image_in_read" [tarea3_rgb2gray/rgb2gray_kernel.cpp:20]   --->   Operation 7 'bitconcatenate' 'or_ln20_3' <Predicate = true> <Delay = 0.00>
ST_2 : Operation 8 [1/1] (0.00ns)   --->   "%empty = wait i32 @_ssdm_op_Wait"   --->   Operation 8 'wait' 'empty' <Predicate = true> <Delay = 0.00>
ST_2 : Operation 9 [2/2] (1.44ns)   --->   "%call_ln20 = call void @load_rgb_Pipeline_load_loop, i32 %num_pixels_read, i24 %or_ln20_3, i24 %stream_rgb" [tarea3_rgb2gray/rgb2gray_kernel.cpp:20]   --->   Operation 9 'call' 'call_ln20' <Predicate = true> <Delay = 1.44> <CoreType = "Generic">   --->   Core 0 '' <Latency = 0> <II = 1> <Delay = 1.00> <Generic> <Opcode : >

State 3 <SV = 2> <Delay = 1.87>
ST_3 : Operation 10 [1/1] (0.00ns)   --->   "%specinterface_ln0 = specinterface void @_ssdm_op_SpecInterface, i32 %num_pixels_c1, void @ap_fifo_str, i32 0, i32 0, void @p_str, i32 0, i32 0, void @p_str, void @p_str, void @p_str, i32 2, i32 2, i32 16, i32 16, void @p_str, void @ScalarProp_str, i32 4294967295, i32 0, i32 0"   --->   Operation 10 'specinterface' 'specinterface_ln0' <Predicate = true> <Delay = 0.00>
ST_3 : Operation 11 [1/1] (0.00ns)   --->   "%specinterface_ln0 = specinterface void @_ssdm_op_SpecInterface, i24 %stream_rgb, void @empty_1, i32 0, i32 0, void @empty_0, i32 0, i32 0, void @empty_0, void @empty_0, void @empty_0, i32 0, i32 0, i32 0, i32 0, void @empty_0, void @empty_0, i32 4294967295, i32 0, i32 0"   --->   Operation 11 'specinterface' 'specinterface_ln0' <Predicate = true> <Delay = 0.00>
ST_3 : Operation 12 [1/2] (1.87ns)   --->   "%call_ln20 = call void @load_rgb_Pipeline_load_loop, i32 %num_pixels_read, i24 %or_ln20_3, i24 %stream_rgb" [tarea3_rgb2gray/rgb2gray_kernel.cpp:20]   --->   Operation 12 'call' 'call_ln20' <Predicate = true> <Delay = 1.87> <CoreType = "Generic">   --->   Core 0 '' <Latency = 0> <II = 1> <Delay = 1.00> <Generic> <Opcode : >
ST_3 : Operation 13 [1/1] (0.00ns)   --->   "%ret_ln22 = ret" [tarea3_rgb2gray/rgb2gray_kernel.cpp:22]   --->   Operation 13 'ret' 'ret_ln22' <Predicate = true> <Delay = 0.00>


============================================================
+ Verbose Summary: Timing violations
============================================================
Target clock period: 4.000ns, clock uncertainty: 1.080ns.

 <State 1>: 1.460ns
The critical path consists of the following:
	wire read operation ('num_pixels_read') on port 'num_pixels' [6]  (0.000 ns)
	fifo write operation ('write_ln0') on port 'num_pixels_c1' [7]  (1.460 ns)

 <State 2>: 1.443ns
The critical path consists of the following:
	'call' operation 0 bit ('call_ln20', tarea3_rgb2gray/rgb2gray_kernel.cpp:20) to 'load_rgb_Pipeline_load_loop' [12]  (1.443 ns)

 <State 3>: 1.870ns
The critical path consists of the following:
	'call' operation 0 bit ('call_ln20', tarea3_rgb2gray/rgb2gray_kernel.cpp:20) to 'load_rgb_Pipeline_load_loop' [12]  (1.870 ns)


============================================================
+ Verbose Summary: Binding
============================================================
N/A
* FSMD analyzer results:
  - Output states:
 - Input state : 
  - Chain level:
	State 1
	State 2
	State 3


============================================================
+ Verbose Summary: Datapath Resource usage 
============================================================
N/A
