

================================================================
== Vitis HLS Report for 'load_rgb_Pipeline_load_loop'
================================================================
* Date:           Sat Jul 11 13:45:47 2026

* Version:        2024.1 (Build 5069499 on May 21 2024)
* Project:        tarea3_rgb2gray
* Solution:       solution1 (Vivado IP Flow Target)
* Product family: zynquplus
* Target device:  xck26-sfvc784-2LV-c


================================================================
== Performance Estimates
================================================================
+ Timing: 
    * Summary: 
    +--------+---------+----------+------------+
    |  Clock |  Target | Estimated| Uncertainty|
    +--------+---------+----------+------------+
    |ap_clk  |  4.00 ns|  1.870 ns|     1.08 ns|
    +--------+---------+----------+------------+

+ Latency: 
    * Summary: 
    +---------+---------+----------+----------+-----+-----+-----------------------------------------------+
    |  Latency (cycles) |  Latency (absolute) |  Interval |                    Pipeline                   |
    |   min   |   max   |    min   |    max   | min | max |                      Type                     |
    +---------+---------+----------+----------+-----+-----+-----------------------------------------------+
    |        ?|        ?|         ?|         ?|    0|    0|  loop auto-rewind stp(delay=0 clock cycles(s))|
    +---------+---------+----------+----------+-----+-----+-----------------------------------------------+

    + Detail: 
        * Instance: 
        N/A

        * Loop: 
        +-------------+---------+---------+----------+-----------+-----------+------+----------+
        |             |  Latency (cycles) | Iteration|  Initiation Interval  | Trip |          |
        |  Loop Name  |   min   |   max   |  Latency |  achieved |   target  | Count| Pipelined|
        +-------------+---------+---------+----------+-----------+-----------+------+----------+
        |- load_loop  |        ?|        ?|         2|          1|          1|     ?|       yes|
        +-------------+---------+---------+----------+-----------+-----------+------+----------+



================================================================
== Utilization Estimates
================================================================
* Summary: 
+-----------------+---------+------+--------+--------+-----+
|       Name      | BRAM_18K|  DSP |   FF   |   LUT  | URAM|
+-----------------+---------+------+--------+--------+-----+
|DSP              |        -|     -|       -|       -|    -|
|Expression       |        -|     -|       0|      82|    -|
|FIFO             |        -|     -|       -|       -|    -|
|Instance         |        -|     -|       -|       -|    -|
|Memory           |        -|     -|       -|       -|    -|
|Multiplexer      |        -|     -|       0|      45|    -|
|Register         |        -|     -|      35|       -|    -|
+-----------------+---------+------+--------+--------+-----+
|Total            |        0|     0|      35|     127|    0|
+-----------------+---------+------+--------+--------+-----+
|Available        |      288|  1248|  234240|  117120|   64|
+-----------------+---------+------+--------+--------+-----+
|Utilization (%)  |        0|     0|      ~0|      ~0|    0|
+-----------------+---------+------+--------+--------+-----+

+ Detail: 
    * Instance: 
    N/A

    * DSP: 
    N/A

    * Memory: 
    N/A

    * FIFO: 
    N/A

    * Expression: 
    +---------------------------+----------+----+---+----+------------+------------+
    |       Variable Name       | Operation| DSP| FF| LUT| Bitwidth P0| Bitwidth P1|
    +---------------------------+----------+----+---+----+------------+------------+
    |add_ln12_fu_67_p2          |         +|   0|  0|  39|          32|           1|
    |ap_block_pp0_stage0_01001  |       and|   0|  0|   2|           1|           1|
    |icmp_ln12_fu_61_p2         |      icmp|   0|  0|  39|          32|          32|
    |ap_enable_pp0              |       xor|   0|  0|   2|           1|           2|
    +---------------------------+----------+----+---+----+------------+------------+
    |Total                      |          |   0|  0|  82|          66|          36|
    +---------------------------+----------+----+---+----+------------+------------+

    * Multiplexer: 
    +-------------------------+----+-----------+-----+-----------+
    |           Name          | LUT| Input Size| Bits| Total Bits|
    +-------------------------+----+-----------+-----+-----------+
    |ap_done_int              |   9|          2|    1|          2|
    |ap_enable_reg_pp0_iter1  |   9|          2|    1|          2|
    |ap_sig_allocacmp_i_4     |   9|          2|   32|         64|
    |i_fu_30                  |   9|          2|   32|         64|
    |stream_rgb_blk_n         |   9|          2|    1|          2|
    +-------------------------+----+-----------+-----+-----------+
    |Total                    |  45|         10|   67|        134|
    +-------------------------+----+-----------+-----+-----------+

    * Register: 
    +-------------------------+----+----+-----+-----------+
    |           Name          | FF | LUT| Bits| Const Bits|
    +-------------------------+----+----+-----+-----------+
    |ap_CS_fsm                |   1|   0|    1|          0|
    |ap_done_reg              |   1|   0|    1|          0|
    |ap_enable_reg_pp0_iter1  |   1|   0|    1|          0|
    |i_fu_30                  |  32|   0|   32|          0|
    +-------------------------+----+----+-----+-----------+
    |Total                    |  35|   0|   35|          0|
    +-------------------------+----+----+-----+-----------+



================================================================
== Interface
================================================================
* Summary: 
+---------------------------+-----+-----+------------+-----------------------------+--------------+
|         RTL Ports         | Dir | Bits|  Protocol  |        Source Object        |    C Type    |
+---------------------------+-----+-----+------------+-----------------------------+--------------+
|ap_clk                     |   in|    1|  ap_ctrl_hs|  load_rgb_Pipeline_load_loop|  return value|
|ap_rst                     |   in|    1|  ap_ctrl_hs|  load_rgb_Pipeline_load_loop|  return value|
|ap_start                   |   in|    1|  ap_ctrl_hs|  load_rgb_Pipeline_load_loop|  return value|
|ap_done                    |  out|    1|  ap_ctrl_hs|  load_rgb_Pipeline_load_loop|  return value|
|ap_idle                    |  out|    1|  ap_ctrl_hs|  load_rgb_Pipeline_load_loop|  return value|
|ap_ready                   |  out|    1|  ap_ctrl_hs|  load_rgb_Pipeline_load_loop|  return value|
|stream_rgb_din             |  out|   24|     ap_fifo|                   stream_rgb|       pointer|
|stream_rgb_num_data_valid  |   in|    5|     ap_fifo|                   stream_rgb|       pointer|
|stream_rgb_fifo_cap        |   in|    5|     ap_fifo|                   stream_rgb|       pointer|
|stream_rgb_full_n          |   in|    1|     ap_fifo|                   stream_rgb|       pointer|
|stream_rgb_write           |  out|    1|     ap_fifo|                   stream_rgb|       pointer|
|num_pixels                 |   in|   32|     ap_none|                   num_pixels|        scalar|
|or_ln20_3                  |   in|   24|     ap_none|                    or_ln20_3|        scalar|
+---------------------------+-----+-----+------------+-----------------------------+--------------+

============================================================
+ Verbose Summary: Synthesis Manager
============================================================
InlineROM: 1
ExposeGlobal: 0
============================================================
+ Verbose Summary: CDFG Model
============================================================
IsTopModel: 0
ResetActiveHigh: 1
IsCombinational: 2
IsDatapathOnly: 2
HasWiredReturn: 1
HasMFsm: 2
HasVarLatency: 1
IsPipeline: 0
IsRtlPipelined: 0
IsInstanceOverlapped: 0
IsDontTouch: 0
HasImplIP: 0
IsGatedGlobalClock: 0

+ Individual pipeline summary: 
  * Pipeline-0: initiation interval (II) = 1, depth = 2


============================================================
+ Verbose Summary: Schedule
============================================================
* Number of FSM states : 2
* Pipeline : 1
  Pipeline-0 : II = 1, D = 2, States = { 1 2 }
* Dataflow Pipeline: 0

* FSM state transitions: 
1 --> 2 
2 --> 

* FSM state operations: 

State 1 <SV = 0> <Delay = 1.87>
ST_1 : Operation 5 [1/1] (0.00ns)   --->   "%i = alloca i32 1" [tarea3_rgb2gray/rgb2gray_kernel.cpp:12]   --->   Operation 5 'alloca' 'i' <Predicate = true> <Delay = 0.00>
ST_1 : Operation 6 [1/1] (0.00ns)   --->   "%specinterface_ln0 = specinterface void @_ssdm_op_SpecInterface, i24 %stream_rgb, void @empty_1, i32 0, i32 0, void @empty_0, i32 0, i32 0, void @empty_0, void @empty_0, void @empty_0, i32 0, i32 0, i32 0, i32 0, void @empty_0, void @empty_0, i32 4294967295, i32 0, i32 0"   --->   Operation 6 'specinterface' 'specinterface_ln0' <Predicate = true> <Delay = 0.00>
ST_1 : Operation 7 [1/1] (0.00ns)   --->   "%or_ln20_3_read = read i24 @_ssdm_op_Read.ap_auto.i24, i24 %or_ln20_3" [tarea3_rgb2gray/rgb2gray_kernel.cpp:10]   --->   Operation 7 'read' 'or_ln20_3_read' <Predicate = true> <Delay = 0.00>
ST_1 : Operation 8 [1/1] (0.00ns)   --->   "%num_pixels_read = read i32 @_ssdm_op_Read.ap_auto.i32, i32 %num_pixels" [tarea3_rgb2gray/rgb2gray_kernel.cpp:10]   --->   Operation 8 'read' 'num_pixels_read' <Predicate = true> <Delay = 0.00>
ST_1 : Operation 9 [1/1] (0.42ns)   --->   "%store_ln12 = store i32 0, i32 %i" [tarea3_rgb2gray/rgb2gray_kernel.cpp:12]   --->   Operation 9 'store' 'store_ln12' <Predicate = true> <Delay = 0.42>
ST_1 : Operation 10 [1/1] (0.00ns)   --->   "%br_ln0 = br void %for.inc"   --->   Operation 10 'br' 'br_ln0' <Predicate = true> <Delay = 0.00>
ST_1 : Operation 11 [1/1] (0.00ns)   --->   "%i_4 = load i32 %i" [tarea3_rgb2gray/rgb2gray_kernel.cpp:12]   --->   Operation 11 'load' 'i_4' <Predicate = true> <Delay = 0.00>
ST_1 : Operation 12 [1/1] (1.01ns)   --->   "%icmp_ln12 = icmp_eq  i32 %i_4, i32 %num_pixels_read" [tarea3_rgb2gray/rgb2gray_kernel.cpp:12]   --->   Operation 12 'icmp' 'icmp_ln12' <Predicate = true> <Delay = 1.01> <CoreInst = "Cmp">   --->   Core 9 'Cmp' <Latency = 0> <II = 1> <Delay = 1.01> <FuncUnit> <Opcode : 'seteq' 'setne' 'setle' 'setge' 'setlt' 'setgt'> <InPorts = 2> <OutPorts = 1>
ST_1 : Operation 13 [1/1] (0.00ns)   --->   "%br_ln12 = br i1 %icmp_ln12, void %for.inc.split, void %for.end.loopexit.exitStub" [tarea3_rgb2gray/rgb2gray_kernel.cpp:12]   --->   Operation 13 'br' 'br_ln12' <Predicate = true> <Delay = 0.00>
ST_1 : Operation 14 [1/1] (1.01ns)   --->   "%add_ln12 = add i32 %i_4, i32 1" [tarea3_rgb2gray/rgb2gray_kernel.cpp:12]   --->   Operation 14 'add' 'add_ln12' <Predicate = (!icmp_ln12)> <Delay = 1.01> <CoreInst = "Adder">   --->   Core 1 'Adder' <Latency = 0> <II = 1> <Delay = 1.01> <FuncUnit> <Opcode : 'add' 'sub'> <InPorts = 2> <OutPorts = 1>
ST_1 : Operation 15 [1/1] (0.42ns)   --->   "%store_ln12 = store i32 %add_ln12, i32 %i" [tarea3_rgb2gray/rgb2gray_kernel.cpp:12]   --->   Operation 15 'store' 'store_ln12' <Predicate = (!icmp_ln12)> <Delay = 0.42>
ST_1 : Operation 20 [1/1] (0.42ns)   --->   "%ret_ln0 = ret"   --->   Operation 20 'ret' 'ret_ln0' <Predicate = (icmp_ln12)> <Delay = 0.42>

State 2 <SV = 1> <Delay = 1.46>
ST_2 : Operation 16 [1/1] (0.00ns)   --->   "%specpipeline_ln13 = specpipeline void @_ssdm_op_SpecPipeline, i32 1, i32 0, i32 0, i32 0, void @empty_0" [tarea3_rgb2gray/rgb2gray_kernel.cpp:13]   --->   Operation 16 'specpipeline' 'specpipeline_ln13' <Predicate = true> <Delay = 0.00>
ST_2 : Operation 17 [1/1] (0.00ns)   --->   "%specloopname_ln12 = specloopname void @_ssdm_op_SpecLoopName, void @empty_2" [tarea3_rgb2gray/rgb2gray_kernel.cpp:12]   --->   Operation 17 'specloopname' 'specloopname_ln12' <Predicate = true> <Delay = 0.00>
ST_2 : Operation 18 [1/1] (1.46ns)   --->   "%write_ln20 = write void @_ssdm_op_Write.ap_fifo.volatile.i24P0A, i24 %stream_rgb, i24 %or_ln20_3_read" [tarea3_rgb2gray/rgb2gray_kernel.cpp:20]   --->   Operation 18 'write' 'write_ln20' <Predicate = true> <Delay = 1.46> <CoreInst = "FIFO_SRL">   --->   Core 80 'FIFO_SRL' <Latency = 0> <II = 1> <Delay = 2.04> <Storage> <Opcode : 'read' 'write' 'nbread' 'nbwrite'> <Ports = 0> <Width = 24> <Depth = 16> <FIFO>
ST_2 : Operation 19 [1/1] (0.00ns)   --->   "%br_ln12 = br void %for.inc" [tarea3_rgb2gray/rgb2gray_kernel.cpp:12]   --->   Operation 19 'br' 'br_ln12' <Predicate = true> <Delay = 0.00>


============================================================
+ Verbose Summary: Binding
============================================================
STG Binding: 
---------------- STG Properties BEGIN ----------------
- Is combinational: 0
- Is one-state seq: 0
- Is datapath-only: 0
- Is pipelined: 0
- Is top level: 0
Port [ Return ] is wired: 1; IO mode=ap_ctrl_hs:ce=0
Port [ num_pixels]:  wired=1; compound=0; hidden=0; nouse=0; global=0; static=0; extern=0; dir=0; type=0; pingpong=0; private_global=0; IO mode=ap_none:ce=0
Port [ or_ln20_3]:  wired=1; compound=0; hidden=0; nouse=0; global=0; static=0; extern=0; dir=0; type=0; pingpong=0; private_global=0; IO mode=ap_none:ce=0
Port [ stream_rgb]:  wired=1; compound=1; hidden=0; nouse=0; global=0; static=0; extern=0; dir=1; type=3; pingpong=0; private_global=0; IO mode=ap_fifo:ce=0
---------------- STG Properties END ------------------

---------------- Datapath Model BEGIN ----------------

<LifeTime>
<method=bitvector/>
i                 (alloca       ) [ 010]
specinterface_ln0 (specinterface) [ 000]
or_ln20_3_read    (read         ) [ 011]
num_pixels_read   (read         ) [ 000]
store_ln12        (store        ) [ 000]
br_ln0            (br           ) [ 000]
i_4               (load         ) [ 000]
icmp_ln12         (icmp         ) [ 010]
br_ln12           (br           ) [ 000]
add_ln12          (add          ) [ 000]
store_ln12        (store        ) [ 000]
specpipeline_ln13 (specpipeline ) [ 000]
specloopname_ln12 (specloopname ) [ 000]
write_ln20        (write        ) [ 000]
br_ln12           (br           ) [ 000]
ret_ln0           (ret          ) [ 000]
</LifeTime>

<model>

<comp_list>
<comp id="0" class="1000" name="num_pixels">
<pin_list>
<pin id="1" dir="1" index="0" bw="1" slack="0"/>
</pin_list>
<bind>
<StgValue><ssdm name="num_pixels"/></StgValue>
</bind>
</comp>

<comp id="2" class="1000" name="or_ln20_3">
<pin_list>
<pin id="3" dir="1" index="0" bw="1" slack="0"/>
</pin_list>
<bind>
<StgValue><ssdm name="or_ln20_3"/></StgValue>
</bind>
</comp>

<comp id="4" class="1000" name="stream_rgb">
<pin_list>
<pin id="5" dir="1" index="0" bw="1" slack="0"/>
</pin_list>
<bind>
<StgValue><ssdm name="stream_rgb"/></StgValue>
</bind>
</comp>

<comp id="6" class="1001" name="const_6">
<pin_list>
<pin id="7" dir="1" index="0" bw="1" slack="0"/>
</pin_list>
<bind>
<StgValue><ssdm name=""/></StgValue>
</bind>
</comp>

<comp id="8" class="1001" name="const_8">
<pin_list>
<pin id="9" dir="1" index="0" bw="1" slack="2147483647"/>
</pin_list>
<bind>
<StgValue><ssdm name="_ssdm_op_SpecInterface"/></StgValue>
</bind>
</comp>

<comp id="10" class="1001" name="const_10">
<pin_list>
<pin id="11" dir="1" index="0" bw="1" slack="2147483647"/>
</pin_list>
<bind>
<StgValue><ssdm name="empty_1"/></StgValue>
</bind>
</comp>

<comp id="12" class="1001" name="const_12">
<pin_list>
<pin id="13" dir="1" index="0" bw="1" slack="0"/>
</pin_list>
<bind>
<StgValue><ssdm name=""/></StgValue>
</bind>
</comp>

<comp id="14" class="1001" name="const_14">
<pin_list>
<pin id="15" dir="1" index="0" bw="1" slack="2147483647"/>
</pin_list>
<bind>
<StgValue><ssdm name="empty_0"/></StgValue>
</bind>
</comp>

<comp id="16" class="1001" name="const_16">
<pin_list>
<pin id="17" dir="1" index="0" bw="1" slack="2147483647"/>
</pin_list>
<bind>
<StgValue><ssdm name=""/></StgValue>
</bind>
</comp>

<comp id="18" class="1001" name="const_18">
<pin_list>
<pin id="19" dir="1" index="0" bw="1" slack="0"/>
</pin_list>
<bind>
<StgValue><ssdm name="_ssdm_op_Read.ap_auto.i24"/></StgValue>
</bind>
</comp>

<comp id="20" class="1001" name="const_20">
<pin_list>
<pin id="21" dir="1" index="0" bw="1" slack="0"/>
</pin_list>
<bind>
<StgValue><ssdm name="_ssdm_op_Read.ap_auto.i32"/></StgValue>
</bind>
</comp>

<comp id="22" class="1001" name="const_22">
<pin_list>
<pin id="23" dir="1" index="0" bw="1" slack="2147483647"/>
</pin_list>
<bind>
<StgValue><ssdm name="_ssdm_op_SpecPipeline"/></StgValue>
</bind>
</comp>

<comp id="24" class="1001" name="const_24">
<pin_list>
<pin id="25" dir="1" index="0" bw="1" slack="2147483647"/>
</pin_list>
<bind>
<StgValue><ssdm name="_ssdm_op_SpecLoopName"/></StgValue>
</bind>
</comp>

<comp id="26" class="1001" name="const_26">
<pin_list>
<pin id="27" dir="1" index="0" bw="1" slack="2147483647"/>
</pin_list>
<bind>
<StgValue><ssdm name="empty_2"/></StgValue>
</bind>
</comp>

<comp id="28" class="1001" name="const_28">
<pin_list>
<pin id="29" dir="1" index="0" bw="1" slack="0"/>
</pin_list>
<bind>
<StgValue><ssdm name="_ssdm_op_Write.ap_fifo.volatile.i24P0A"/></StgValue>
</bind>
</comp>

<comp id="30" class="1004" name="i_fu_30">
<pin_list>
<pin id="31" dir="0" index="0" bw="1" slack="0"/>
<pin id="32" dir="1" index="1" bw="32" slack="0"/>
</pin_list>
<bind>
<opcode="alloca(26) " fcode="alloca"/>
<opset="i/1 "/>
</bind>
</comp>

<comp id="34" class="1004" name="or_ln20_3_read_read_fu_34">
<pin_list>
<pin id="35" dir="0" index="0" bw="24" slack="0"/>
<pin id="36" dir="0" index="1" bw="24" slack="0"/>
<pin id="37" dir="1" index="2" bw="24" slack="1"/>
</pin_list>
<bind>
<opcode="read(1150) " fcode="read"/>
<opset="or_ln20_3_read/1 "/>
</bind>
</comp>

<comp id="40" class="1004" name="num_pixels_read_read_fu_40">
<pin_list>
<pin id="41" dir="0" index="0" bw="32" slack="0"/>
<pin id="42" dir="0" index="1" bw="32" slack="0"/>
<pin id="43" dir="1" index="2" bw="32" slack="0"/>
</pin_list>
<bind>
<opcode="read(1150) " fcode="read"/>
<opset="num_pixels_read/1 "/>
</bind>
</comp>

<comp id="46" class="1004" name="write_ln20_write_fu_46">
<pin_list>
<pin id="47" dir="0" index="0" bw="0" slack="0"/>
<pin id="48" dir="0" index="1" bw="24" slack="0"/>
<pin id="49" dir="0" index="2" bw="24" slack="1"/>
<pin id="50" dir="1" index="3" bw="0" slack="2147483647"/>
</pin_list>
<bind>
<opcode="write(1151) " fcode="write"/>
<opset="write_ln20/2 "/>
</bind>
</comp>

<comp id="53" class="1004" name="store_ln12_store_fu_53">
<pin_list>
<pin id="54" dir="0" index="0" bw="1" slack="0"/>
<pin id="55" dir="0" index="1" bw="32" slack="0"/>
<pin id="56" dir="1" index="2" bw="0" slack="2147483647"/>
</pin_list>
<bind>
<opcode="store(28) " fcode="store"/>
<opset="store_ln12/1 "/>
</bind>
</comp>

<comp id="58" class="1004" name="i_4_load_fu_58">
<pin_list>
<pin id="59" dir="0" index="0" bw="32" slack="0"/>
<pin id="60" dir="1" index="1" bw="32" slack="0"/>
</pin_list>
<bind>
<opcode="load(27) " fcode="load"/>
<opset="i_4/1 "/>
</bind>
</comp>

<comp id="61" class="1004" name="icmp_ln12_fu_61">
<pin_list>
<pin id="62" dir="0" index="0" bw="32" slack="0"/>
<pin id="63" dir="0" index="1" bw="32" slack="0"/>
<pin id="64" dir="1" index="2" bw="1" slack="2147483647"/>
</pin_list>
<bind>
<opcode="icmp(45) " fcode="icmp"/>
<opset="icmp_ln12/1 "/>
</bind>
</comp>

<comp id="67" class="1004" name="add_ln12_fu_67">
<pin_list>
<pin id="68" dir="0" index="0" bw="32" slack="0"/>
<pin id="69" dir="0" index="1" bw="1" slack="0"/>
<pin id="70" dir="1" index="2" bw="32" slack="0"/>
</pin_list>
<bind>
<opcode="add(8) " fcode="add"/>
<opset="add_ln12/1 "/>
</bind>
</comp>

<comp id="73" class="1004" name="store_ln12_store_fu_73">
<pin_list>
<pin id="74" dir="0" index="0" bw="32" slack="0"/>
<pin id="75" dir="0" index="1" bw="32" slack="0"/>
<pin id="76" dir="1" index="2" bw="0" slack="2147483647"/>
</pin_list>
<bind>
<opcode="store(28) " fcode="store"/>
<opset="store_ln12/1 "/>
</bind>
</comp>

<comp id="78" class="1005" name="i_reg_78">
<pin_list>
<pin id="79" dir="0" index="0" bw="32" slack="0"/>
<pin id="80" dir="1" index="1" bw="32" slack="0"/>
</pin_list>
<bind>
<opset="i "/>
</bind>
</comp>

<comp id="85" class="1005" name="or_ln20_3_read_reg_85">
<pin_list>
<pin id="86" dir="0" index="0" bw="24" slack="1"/>
<pin id="87" dir="1" index="1" bw="24" slack="1"/>
</pin_list>
<bind>
<opset="or_ln20_3_read "/>
</bind>
</comp>

</comp_list>

<net_list>
<net id="33"><net_src comp="6" pin="0"/><net_sink comp="30" pin=0"/></net>

<net id="38"><net_src comp="18" pin="0"/><net_sink comp="34" pin=0"/></net>

<net id="39"><net_src comp="2" pin="0"/><net_sink comp="34" pin=1"/></net>

<net id="44"><net_src comp="20" pin="0"/><net_sink comp="40" pin=0"/></net>

<net id="45"><net_src comp="0" pin="0"/><net_sink comp="40" pin=1"/></net>

<net id="51"><net_src comp="28" pin="0"/><net_sink comp="46" pin=0"/></net>

<net id="52"><net_src comp="4" pin="0"/><net_sink comp="46" pin=1"/></net>

<net id="57"><net_src comp="12" pin="0"/><net_sink comp="53" pin=0"/></net>

<net id="65"><net_src comp="58" pin="1"/><net_sink comp="61" pin=0"/></net>

<net id="66"><net_src comp="40" pin="2"/><net_sink comp="61" pin=1"/></net>

<net id="71"><net_src comp="58" pin="1"/><net_sink comp="67" pin=0"/></net>

<net id="72"><net_src comp="6" pin="0"/><net_sink comp="67" pin=1"/></net>

<net id="77"><net_src comp="67" pin="2"/><net_sink comp="73" pin=0"/></net>

<net id="81"><net_src comp="30" pin="1"/><net_sink comp="78" pin=0"/></net>

<net id="82"><net_src comp="78" pin="1"/><net_sink comp="53" pin=1"/></net>

<net id="83"><net_src comp="78" pin="1"/><net_sink comp="58" pin=0"/></net>

<net id="84"><net_src comp="78" pin="1"/><net_sink comp="73" pin=1"/></net>

<net id="88"><net_src comp="34" pin="2"/><net_sink comp="85" pin=0"/></net>

<net id="89"><net_src comp="85" pin="1"/><net_sink comp="46" pin=2"/></net>

</net_list>

</model> 
---------------- Datapath Model END ------------------

* FSMD analyzer results:
  - Output states:
	Port: stream_rgb | {2 }
 - Input state : 
	Port: load_rgb_Pipeline_load_loop : num_pixels | {1 }
	Port: load_rgb_Pipeline_load_loop : or_ln20_3 | {1 }
	Port: load_rgb_Pipeline_load_loop : stream_rgb | {}
  - Chain level:
	State 1
		store_ln12 : 1
		i_4 : 1
		icmp_ln12 : 2
		br_ln12 : 3
		add_ln12 : 2
		store_ln12 : 3
	State 2


============================================================
+ Verbose Summary: Datapath Resource usage 
============================================================

* Functional unit list:
|----------|----------------------------|---------|---------|
| Operation|       Functional Unit      |    FF   |   LUT   |
|----------|----------------------------|---------|---------|
|   icmp   |       icmp_ln12_fu_61      |    0    |    39   |
|----------|----------------------------|---------|---------|
|    add   |       add_ln12_fu_67       |    0    |    39   |
|----------|----------------------------|---------|---------|
|   read   |  or_ln20_3_read_read_fu_34 |    0    |    0    |
|          | num_pixels_read_read_fu_40 |    0    |    0    |
|----------|----------------------------|---------|---------|
|   write  |   write_ln20_write_fu_46   |    0    |    0    |
|----------|----------------------------|---------|---------|
|   Total  |                            |    0    |    78   |
|----------|----------------------------|---------|---------|

Memories:
N/A

* Register list:
+---------------------+--------+
|                     |   FF   |
+---------------------+--------+
|       i_reg_78      |   32   |
|or_ln20_3_read_reg_85|   24   |
+---------------------+--------+
|        Total        |   56   |
+---------------------+--------+

* Multiplexer (MUX) list: 
|--------|------|------|------|--------|
|  Comp  |  Pin | Size |  BW  | S x BW |
|--------|------|------|------|--------|
|  Total |      |      |      |    0   |
|--------|------|------|------|--------|



* Summary:
+-----------+--------+--------+
|           |   FF   |   LUT  |
+-----------+--------+--------+
|  Function |    0   |   78   |
|   Memory  |    -   |    -   |
|Multiplexer|    -   |    -   |
|  Register |   56   |    -   |
+-----------+--------+--------+
|   Total   |   56   |   78   |
+-----------+--------+--------+
