

================================================================
== Vitis HLS Report for 'load_rgb'
================================================================
* Date:           Sat Jul 11 13:45:47 2026

* Version:        2024.1 (Build 5069499 on May 21 2024)
* Project:        tarea3_rgb2gray
* Solution:       solution1 (Vivado IP Flow Target)
* Product family: zynquplus
* Target device:  xck26-sfvc784-2LV-c


================================================================
== Performance Estimates
================================================================
+ Timing: 
    * Summary: 
    +--------+---------+----------+------------+
    |  Clock |  Target | Estimated| Uncertainty|
    +--------+---------+----------+------------+
    |ap_clk  |  4.00 ns|  1.870 ns|     1.08 ns|
    +--------+---------+----------+------------+

+ Latency: 
    * Summary: 
    +---------+---------+----------+----------+-----+-----+---------+
    |  Latency (cycles) |  Latency (absolute) |  Interval | Pipeline|
    |   min   |   max   |    min   |    max   | min | max |   Type  |
    +---------+---------+----------+----------+-----+-----+---------+
    |        ?|        ?|         ?|         ?|    ?|    ?|       no|
    +---------+---------+----------+----------+-----+-----+---------+

    + Detail: 
        * Instance: 
        +---------------------------------------+-----------------------------+---------+---------+----------+----------+-----+-----+-----------------------------------------------+
        |                                       |                             |  Latency (cycles) |  Latency (absolute) |  Interval |                    Pipeline                   |
        |                Instance               |            Module           |   min   |   max   |    min   |    max   | min | max |                      Type                     |
        +---------------------------------------+-----------------------------+---------+---------+----------+----------+-----+-----+-----------------------------------------------+
        |grp_load_rgb_Pipeline_load_loop_fu_60  |load_rgb_Pipeline_load_loop  |        ?|        ?|         ?|         ?|    0|    0|  loop auto-rewind stp(delay=0 clock cycles(s))|
        +---------------------------------------+-----------------------------+---------+---------+----------+----------+-----+-----+-----------------------------------------------+

        * Loop: 
        N/A



================================================================
== Utilization Estimates
================================================================
* Summary: 
+-----------------+---------+------+--------+--------+-----+
|       Name      | BRAM_18K|  DSP |   FF   |   LUT  | URAM|
+-----------------+---------+------+--------+--------+-----+
|DSP              |        -|     -|       -|       -|    -|
|Expression       |        -|     -|       0|       2|    -|
|FIFO             |        -|     -|       -|       -|    -|
|Instance         |        -|     -|      35|     127|    -|
|Memory           |        -|     -|       -|       -|    -|
|Multiplexer      |        -|     -|       0|      56|    -|
|Register         |        -|     -|      30|       -|    -|
+-----------------+---------+------+--------+--------+-----+
|Total            |        0|     0|      65|     185|    0|
+-----------------+---------+------+--------+--------+-----+
|Available        |      288|  1248|  234240|  117120|   64|
+-----------------+---------+------+--------+--------+-----+
|Utilization (%)  |        0|     0|      ~0|      ~0|    0|
+-----------------+---------+------+--------+--------+-----+

+ Detail: 
    * Instance: 
    +---------------------------------------+-----------------------------+---------+----+----+-----+-----+
    |                Instance               |            Module           | BRAM_18K| DSP| FF | LUT | URAM|
    +---------------------------------------+-----------------------------+---------+----+----+-----+-----+
    |grp_load_rgb_Pipeline_load_loop_fu_60  |load_rgb_Pipeline_load_loop  |        0|   0|  35|  127|    0|
    +---------------------------------------+-----------------------------+---------+----+----+-----+-----+
    |Total                                  |                             |        0|   0|  35|  127|    0|
    +---------------------------------------+-----------------------------+---------+----+----+-----+-----+

    * DSP: 
    N/A

    * Memory: 
    N/A

    * FIFO: 
    N/A

    * Expression: 
    +-----------------+----------+----+---+----+------------+------------+
    |  Variable Name  | Operation| DSP| FF| LUT| Bitwidth P0| Bitwidth P1|
    +-----------------+----------+----+---+----+------------+------------+
    |ap_block_state1  |        or|   0|  0|   2|           1|           1|
    +-----------------+----------+----+---+----+------------+------------+
    |Total            |          |   0|  0|   2|           1|           1|
    +-----------------+----------+----+---+----+------------+------------+

    * Multiplexer: 
    +---------------------+----+-----------+-----+-----------+
    |         Name        | LUT| Input Size| Bits| Total Bits|
    +---------------------+----+-----------+-----+-----------+
    |ap_NS_fsm            |  20|          4|    1|          4|
    |ap_done              |   9|          2|    1|          2|
    |num_pixels_c1_blk_n  |   9|          2|    1|          2|
    |real_start           |   9|          2|    1|          2|
    |stream_rgb_write     |   9|          2|    1|          2|
    +---------------------+----+-----------+-----+-----------+
    |Total                |  56|         12|    5|         12|
    +---------------------+----+-----------+-----+-----------+

    * Register: 
    +----------------------------------------------------+----+----+-----+-----------+
    |                        Name                        | FF | LUT| Bits| Const Bits|
    +----------------------------------------------------+----+----+-----+-----------+
    |ap_CS_fsm                                           |   3|   0|    3|          0|
    |ap_done_reg                                         |   1|   0|    1|          0|
    |grp_load_rgb_Pipeline_load_loop_fu_60_ap_start_reg  |   1|   0|    1|          0|
    |or_ln20_3_reg_88                                    |  24|   0|   24|          0|
    |start_once_reg                                      |   1|   0|    1|          0|
    +----------------------------------------------------+----+----+-----+-----------+
    |Total                                               |  30|   0|   30|          0|
    +----------------------------------------------------+----+----+-----+-----------+



================================================================
== Interface
================================================================
* Summary: 
+------------------------------+-----+-----+------------+---------------+--------------+
|           RTL Ports          | Dir | Bits|  Protocol  | Source Object |    C Type    |
+------------------------------+-----+-----+------------+---------------+--------------+
|ap_clk                        |   in|    1|  ap_ctrl_hs|       load_rgb|  return value|
|ap_rst                        |   in|    1|  ap_ctrl_hs|       load_rgb|  return value|
|ap_start                      |   in|    1|  ap_ctrl_hs|       load_rgb|  return value|
|start_full_n                  |   in|    1|  ap_ctrl_hs|       load_rgb|  return value|
|ap_done                       |  out|    1|  ap_ctrl_hs|       load_rgb|  return value|
|ap_continue                   |   in|    1|  ap_ctrl_hs|       load_rgb|  return value|
|ap_idle                       |  out|    1|  ap_ctrl_hs|       load_rgb|  return value|
|ap_ready                      |  out|    1|  ap_ctrl_hs|       load_rgb|  return value|
|start_out                     |  out|    1|  ap_ctrl_hs|       load_rgb|  return value|
|start_write                   |  out|    1|  ap_ctrl_hs|       load_rgb|  return value|
|image_in                      |   in|    8|     ap_none|       image_in|       pointer|
|stream_rgb_din                |  out|   24|     ap_fifo|     stream_rgb|       pointer|
|stream_rgb_num_data_valid     |   in|    5|     ap_fifo|     stream_rgb|       pointer|
|stream_rgb_fifo_cap           |   in|    5|     ap_fifo|     stream_rgb|       pointer|
|stream_rgb_full_n             |   in|    1|     ap_fifo|     stream_rgb|       pointer|
|stream_rgb_write              |  out|    1|     ap_fifo|     stream_rgb|       pointer|
|num_pixels                    |   in|   32|     ap_none|     num_pixels|        scalar|
|num_pixels_c1_din             |  out|   32|     ap_fifo|  num_pixels_c1|       pointer|
|num_pixels_c1_num_data_valid  |   in|    3|     ap_fifo|  num_pixels_c1|       pointer|
|num_pixels_c1_fifo_cap        |   in|    3|     ap_fifo|  num_pixels_c1|       pointer|
|num_pixels_c1_full_n          |   in|    1|     ap_fifo|  num_pixels_c1|       pointer|
|num_pixels_c1_write           |  out|    1|     ap_fifo|  num_pixels_c1|       pointer|
+------------------------------+-----+-----+------------+---------------+--------------+

============================================================
+ Verbose Summary: Synthesis Manager
============================================================
InlineROM: 1
ExposeGlobal: 0
============================================================
+ Verbose Summary: CDFG Model
============================================================
IsTopModel: 0
ResetActiveHigh: 1
IsCombinational: 2
IsDatapathOnly: 0
HasWiredReturn: 1
HasMFsm: 0
HasVarLatency: 1
IsPipeline: 0
IsRtlPipelined: 0
IsInstanceOverlapped: 0
IsDontTouch: 0
HasImplIP: 0
IsGatedGlobalClock: 0


============================================================
+ Verbose Summary: Schedule
============================================================
* Number of FSM states : 3
* Pipeline : 0
* Dataflow Pipeline: 0

* FSM state transitions: 
1 --> 2 
2 --> 3 
3 --> 

* FSM state operations: 

State 1 <SV = 0> <Delay = 1.46>
ST_1 : Operation 4 [1/1] (0.00ns)   --->   "%num_pixels_read = read i32 @_ssdm_op_Read.ap_auto.i32, i32 %num_pixels"   --->   Operation 4 'read' 'num_pixels_read' <Predicate = true> <Delay = 0.00>
ST_1 : Operation 5 [1/1] (1.46ns)   --->   "%write_ln0 = write void @_ssdm_op_Write.ap_fifo.i32P0A, i32 %num_pixels_c1, i32 %num_pixels_read"   --->   Operation 5 'write' 'write_ln0' <Predicate = true> <Delay = 1.46> <CoreInst = "FIFO_SRL">   --->   Core 80 'FIFO_SRL' <Latency = 0> <II = 1> <Delay = 1.83> <Storage> <Opcode : 'read' 'write' 'nbread' 'nbwrite'> <Ports = 0> <Width = 32> <Depth = 2> <FIFO>
ST_1 : Operation 6 [1/1] (0.00ns)   --->   "%image_in_read = read i8 @_ssdm_op_Read.ap_auto.i8P0A, i8 %image_in"   --->   Operation 6 'read' 'image_in_read' <Predicate = true> <Delay = 0.00>

State 2 <SV = 1> <Delay = 1.44>
ST_2 : Operation 7 [1/1] (0.00ns)   --->   "%or_ln20_3 = bitconcatenate i24 @_ssdm_op_BitConcatenate.i24.i8.i8.i8, i8 %image_in_read, i8 %image_in_read, i8 %image_in_read" [tarea3_rgb2gray/rgb2gray_kernel.cpp:20]   --->   Operation 7 'bitconcatenate' 'or_ln20_3' <Predicate = true> <Delay = 0.00>
ST_2 : Operation 8 [1/1] (0.00ns)   --->   "%empty = wait i32 @_ssdm_op_Wait"   --->   Operation 8 'wait' 'empty' <Predicate = true> <Delay = 0.00>
ST_2 : Operation 9 [2/2] (1.44ns)   --->   "%call_ln20 = call void @load_rgb_Pipeline_load_loop, i32 %num_pixels_read, i24 %or_ln20_3, i24 %stream_rgb" [tarea3_rgb2gray/rgb2gray_kernel.cpp:20]   --->   Operation 9 'call' 'call_ln20' <Predicate = true> <Delay = 1.44> <CoreType = "Generic">   --->   Core 0 '' <Latency = 0> <II = 1> <Delay = 1.00> <Generic> <Opcode : >

State 3 <SV = 2> <Delay = 1.87>
ST_3 : Operation 10 [1/1] (0.00ns)   --->   "%specinterface_ln0 = specinterface void @_ssdm_op_SpecInterface, i32 %num_pixels_c1, void @ap_fifo_str, i32 0, i32 0, void @p_str, i32 0, i32 0, void @p_str, void @p_str, void @p_str, i32 2, i32 2, i32 16, i32 16, void @p_str, void @ScalarProp_str, i32 4294967295, i32 0, i32 0"   --->   Operation 10 'specinterface' 'specinterface_ln0' <Predicate = true> <Delay = 0.00>
ST_3 : Operation 11 [1/1] (0.00ns)   --->   "%specinterface_ln0 = specinterface void @_ssdm_op_SpecInterface, i24 %stream_rgb, void @empty_1, i32 0, i32 0, void @empty_0, i32 0, i32 0, void @empty_0, void @empty_0, void @empty_0, i32 0, i32 0, i32 0, i32 0, void @empty_0, void @empty_0, i32 4294967295, i32 0, i32 0"   --->   Operation 11 'specinterface' 'specinterface_ln0' <Predicate = true> <Delay = 0.00>
ST_3 : Operation 12 [1/2] (1.87ns)   --->   "%call_ln20 = call void @load_rgb_Pipeline_load_loop, i32 %num_pixels_read, i24 %or_ln20_3, i24 %stream_rgb" [tarea3_rgb2gray/rgb2gray_kernel.cpp:20]   --->   Operation 12 'call' 'call_ln20' <Predicate = true> <Delay = 1.87> <CoreType = "Generic">   --->   Core 0 '' <Latency = 0> <II = 1> <Delay = 1.00> <Generic> <Opcode : >
ST_3 : Operation 13 [1/1] (0.00ns)   --->   "%ret_ln22 = ret" [tarea3_rgb2gray/rgb2gray_kernel.cpp:22]   --->   Operation 13 'ret' 'ret_ln22' <Predicate = true> <Delay = 0.00>


============================================================
+ Verbose Summary: Binding
============================================================
STG Binding: 
---------------- STG Properties BEGIN ----------------
- Is combinational: 0
- Is one-state seq: 0
- Is datapath-only: 0
- Is pipelined: 0
- Is top level: 0
Port [ Return ] is wired: 1; IO mode=ap_ctrl_hs:ce=0
Port [ image_in]:  wired=1; compound=0; hidden=0; nouse=0; global=0; static=0; extern=0; dir=0; type=0; pingpong=0; private_global=0; IO mode=ap_none:ce=0
Port [ stream_rgb]:  wired=1; compound=1; hidden=0; nouse=0; global=0; static=0; extern=0; dir=1; type=3; pingpong=0; private_global=0; IO mode=ap_fifo:ce=0
Port [ num_pixels]:  wired=1; compound=0; hidden=0; nouse=0; global=0; static=0; extern=0; dir=0; type=0; pingpong=0; private_global=0; IO mode=ap_none:ce=0
Port [ num_pixels_c1]:  wired=1; compound=1; hidden=0; nouse=0; global=0; static=0; extern=0; dir=1; type=3; pingpong=0; private_global=0; IO mode=ap_fifo:ce=0
---------------- STG Properties END ------------------

---------------- Datapath Model BEGIN ----------------

<LifeTime>
<method=bitvector/>
num_pixels_read   (read          ) [ 0011]
write_ln0         (write         ) [ 0000]
image_in_read     (read          ) [ 0010]
or_ln20_3         (bitconcatenate) [ 0001]
empty             (wait          ) [ 0000]
specinterface_ln0 (specinterface ) [ 0000]
specinterface_ln0 (specinterface ) [ 0000]
call_ln20         (call          ) [ 0000]
ret_ln22          (ret           ) [ 0000]
</LifeTime>

<model>

<comp_list>
<comp id="0" class="1000" name="image_in">
<pin_list>
<pin id="1" dir="1" index="0" bw="1" slack="0"/>
</pin_list>
<bind>
<StgValue><ssdm name="image_in"/></StgValue>
</bind>
</comp>

<comp id="2" class="1000" name="stream_rgb">
<pin_list>
<pin id="3" dir="1" index="0" bw="1" slack="0"/>
</pin_list>
<bind>
<StgValue><ssdm name="stream_rgb"/></StgValue>
</bind>
</comp>

<comp id="4" class="1000" name="num_pixels">
<pin_list>
<pin id="5" dir="1" index="0" bw="1" slack="0"/>
</pin_list>
<bind>
<StgValue><ssdm name="num_pixels"/></StgValue>
</bind>
</comp>

<comp id="6" class="1000" name="num_pixels_c1">
<pin_list>
<pin id="7" dir="1" index="0" bw="1" slack="0"/>
</pin_list>
<bind>
<StgValue><ssdm name="num_pixels_c1"/></StgValue>
</bind>
</comp>

<comp id="8" class="1001" name="const_8">
<pin_list>
<pin id="9" dir="1" index="0" bw="1" slack="0"/>
</pin_list>
<bind>
<StgValue><ssdm name="_ssdm_op_Read.ap_auto.i32"/></StgValue>
</bind>
</comp>

<comp id="10" class="1001" name="const_10">
<pin_list>
<pin id="11" dir="1" index="0" bw="1" slack="0"/>
</pin_list>
<bind>
<StgValue><ssdm name="_ssdm_op_Write.ap_fifo.i32P0A"/></StgValue>
</bind>
</comp>

<comp id="12" class="1001" name="const_12">
<pin_list>
<pin id="13" dir="1" index="0" bw="1" slack="0"/>
</pin_list>
<bind>
<StgValue><ssdm name="_ssdm_op_Read.ap_auto.i8P0A"/></StgValue>
</bind>
</comp>

<comp id="14" class="1001" name="const_14">
<pin_list>
<pin id="15" dir="1" index="0" bw="1" slack="0"/>
</pin_list>
<bind>
<StgValue><ssdm name="_ssdm_op_BitConcatenate.i24.i8.i8.i8"/></StgValue>
</bind>
</comp>

<comp id="16" class="1001" name="const_16">
<pin_list>
<pin id="17" dir="1" index="0" bw="1" slack="2147483647"/>
</pin_list>
<bind>
<StgValue><ssdm name="_ssdm_op_Wait"/></StgValue>
</bind>
</comp>

<comp id="18" class="1001" name="const_18">
<pin_list>
<pin id="19" dir="1" index="0" bw="1" slack="0"/>
</pin_list>
<bind>
<StgValue><ssdm name="load_rgb_Pipeline_load_loop"/></StgValue>
</bind>
</comp>

<comp id="20" class="1001" name="const_20">
<pin_list>
<pin id="21" dir="1" index="0" bw="1" slack="2147483647"/>
</pin_list>
<bind>
<StgValue><ssdm name="_ssdm_op_SpecInterface"/></StgValue>
</bind>
</comp>

<comp id="22" class="1001" name="const_22">
<pin_list>
<pin id="23" dir="1" index="0" bw="1" slack="2147483647"/>
</pin_list>
<bind>
<StgValue><ssdm name="ap_fifo_str"/></StgValue>
</bind>
</comp>

<comp id="24" class="1001" name="const_24">
<pin_list>
<pin id="25" dir="1" index="0" bw="1" slack="2147483647"/>
</pin_list>
<bind>
<StgValue><ssdm name=""/></StgValue>
</bind>
</comp>

<comp id="26" class="1001" name="const_26">
<pin_list>
<pin id="27" dir="1" index="0" bw="1" slack="2147483647"/>
</pin_list>
<bind>
<StgValue><ssdm name="p_str"/></StgValue>
</bind>
</comp>

<comp id="28" class="1001" name="const_28">
<pin_list>
<pin id="29" dir="1" index="0" bw="1" slack="2147483647"/>
</pin_list>
<bind>
<StgValue><ssdm name=""/></StgValue>
</bind>
</comp>

<comp id="30" class="1001" name="const_30">
<pin_list>
<pin id="31" dir="1" index="0" bw="1" slack="2147483647"/>
</pin_list>
<bind>
<StgValue><ssdm name=""/></StgValue>
</bind>
</comp>

<comp id="32" class="1001" name="const_32">
<pin_list>
<pin id="33" dir="1" index="0" bw="1" slack="2147483647"/>
</pin_list>
<bind>
<StgValue><ssdm name="ScalarProp_str"/></StgValue>
</bind>
</comp>

<comp id="34" class="1001" name="const_34">
<pin_list>
<pin id="35" dir="1" index="0" bw="1" slack="2147483647"/>
</pin_list>
<bind>
<StgValue><ssdm name=""/></StgValue>
</bind>
</comp>

<comp id="36" class="1001" name="const_36">
<pin_list>
<pin id="37" dir="1" index="0" bw="1" slack="2147483647"/>
</pin_list>
<bind>
<StgValue><ssdm name="empty_1"/></StgValue>
</bind>
</comp>

<comp id="38" class="1001" name="const_38">
<pin_list>
<pin id="39" dir="1" index="0" bw="1" slack="2147483647"/>
</pin_list>
<bind>
<StgValue><ssdm name="empty_0"/></StgValue>
</bind>
</comp>

<comp id="40" class="1004" name="num_pixels_read_read_fu_40">
<pin_list>
<pin id="41" dir="0" index="0" bw="32" slack="0"/>
<pin id="42" dir="0" index="1" bw="32" slack="0"/>
<pin id="43" dir="1" index="2" bw="32" slack="0"/>
</pin_list>
<bind>
<opcode="read(1150) " fcode="read"/>
<opset="num_pixels_read/1 "/>
</bind>
</comp>

<comp id="46" class="1004" name="write_ln0_write_fu_46">
<pin_list>
<pin id="47" dir="0" index="0" bw="0" slack="0"/>
<pin id="48" dir="0" index="1" bw="32" slack="0"/>
<pin id="49" dir="0" index="2" bw="32" slack="0"/>
<pin id="50" dir="1" index="3" bw="0" slack="2147483647"/>
</pin_list>
<bind>
<opcode="write(1151) " fcode="write"/>
<opset="write_ln0/1 "/>
</bind>
</comp>

<comp id="54" class="1004" name="image_in_read_read_fu_54">
<pin_list>
<pin id="55" dir="0" index="0" bw="8" slack="0"/>
<pin id="56" dir="0" index="1" bw="8" slack="0"/>
<pin id="57" dir="1" index="2" bw="8" slack="1"/>
</pin_list>
<bind>
<opcode="read(1150) " fcode="read"/>
<opset="image_in_read/1 "/>
</bind>
</comp>

<comp id="60" class="1004" name="grp_load_rgb_Pipeline_load_loop_fu_60">
<pin_list>
<pin id="61" dir="0" index="0" bw="0" slack="0"/>
<pin id="62" dir="0" index="1" bw="32" slack="1"/>
<pin id="63" dir="0" index="2" bw="24" slack="0"/>
<pin id="64" dir="0" index="3" bw="24" slack="0"/>
<pin id="65" dir="1" index="4" bw="0" slack="2147483647"/>
</pin_list>
<bind>
<opcode="call(48) " fcode="call"/>
<opset="call_ln20/2 "/>
</bind>
</comp>

<comp id="68" class="1004" name="or_ln20_3_fu_68">
<pin_list>
<pin id="69" dir="0" index="0" bw="24" slack="0"/>
<pin id="70" dir="0" index="1" bw="8" slack="1"/>
<pin id="71" dir="0" index="2" bw="8" slack="1"/>
<pin id="72" dir="0" index="3" bw="8" slack="1"/>
<pin id="73" dir="1" index="4" bw="24" slack="0"/>
</pin_list>
<bind>
<opcode="bitconcatenate(1004) " fcode="bitconcatenate"/>
<opset="or_ln20_3/2 "/>
</bind>
</comp>

<comp id="76" class="1005" name="num_pixels_read_reg_76">
<pin_list>
<pin id="77" dir="0" index="0" bw="32" slack="1"/>
<pin id="78" dir="1" index="1" bw="32" slack="1"/>
</pin_list>
<bind>
<opset="num_pixels_read "/>
</bind>
</comp>

<comp id="81" class="1005" name="image_in_read_reg_81">
<pin_list>
<pin id="82" dir="0" index="0" bw="8" slack="1"/>
<pin id="83" dir="1" index="1" bw="8" slack="1"/>
</pin_list>
<bind>
<opset="image_in_read "/>
</bind>
</comp>

<comp id="88" class="1005" name="or_ln20_3_reg_88">
<pin_list>
<pin id="89" dir="0" index="0" bw="24" slack="1"/>
<pin id="90" dir="1" index="1" bw="24" slack="1"/>
</pin_list>
<bind>
<opset="or_ln20_3 "/>
</bind>
</comp>

</comp_list>

<net_list>
<net id="44"><net_src comp="8" pin="0"/><net_sink comp="40" pin=0"/></net>

<net id="45"><net_src comp="4" pin="0"/><net_sink comp="40" pin=1"/></net>

<net id="51"><net_src comp="10" pin="0"/><net_sink comp="46" pin=0"/></net>

<net id="52"><net_src comp="6" pin="0"/><net_sink comp="46" pin=1"/></net>

<net id="53"><net_src comp="40" pin="2"/><net_sink comp="46" pin=2"/></net>

<net id="58"><net_src comp="12" pin="0"/><net_sink comp="54" pin=0"/></net>

<net id="59"><net_src comp="0" pin="0"/><net_sink comp="54" pin=1"/></net>

<net id="66"><net_src comp="18" pin="0"/><net_sink comp="60" pin=0"/></net>

<net id="67"><net_src comp="2" pin="0"/><net_sink comp="60" pin=3"/></net>

<net id="74"><net_src comp="14" pin="0"/><net_sink comp="68" pin=0"/></net>

<net id="75"><net_src comp="68" pin="4"/><net_sink comp="60" pin=2"/></net>

<net id="79"><net_src comp="40" pin="2"/><net_sink comp="76" pin=0"/></net>

<net id="80"><net_src comp="76" pin="1"/><net_sink comp="60" pin=1"/></net>

<net id="84"><net_src comp="54" pin="2"/><net_sink comp="81" pin=0"/></net>

<net id="85"><net_src comp="81" pin="1"/><net_sink comp="68" pin=1"/></net>

<net id="86"><net_src comp="81" pin="1"/><net_sink comp="68" pin=2"/></net>

<net id="87"><net_src comp="81" pin="1"/><net_sink comp="68" pin=3"/></net>

<net id="91"><net_src comp="68" pin="4"/><net_sink comp="88" pin=0"/></net>

<net id="92"><net_src comp="88" pin="1"/><net_sink comp="60" pin=2"/></net>

</net_list>

</model> 
---------------- Datapath Model END ------------------

* FSMD analyzer results:
  - Output states:
	Port: image_in | {}
	Port: stream_rgb | {2 3 }
	Port: num_pixels_c1 | {1 }
 - Input state : 
	Port: load_rgb : image_in | {1 }
	Port: load_rgb : num_pixels | {1 }
  - Chain level:
	State 1
	State 2
		call_ln20 : 1
	State 3


============================================================
+ Verbose Summary: Datapath Resource usage 
============================================================

* Functional unit list:
|----------|---------------------------------------|---------|---------|
| Operation|            Functional Unit            |    FF   |   LUT   |
|----------|---------------------------------------|---------|---------|
|   call   | grp_load_rgb_Pipeline_load_loop_fu_60 |    56   |    78   |
|----------|---------------------------------------|---------|---------|
|   read   |       num_pixels_read_read_fu_40      |    0    |    0    |
|          |        image_in_read_read_fu_54       |    0    |    0    |
|----------|---------------------------------------|---------|---------|
|   write  |         write_ln0_write_fu_46         |    0    |    0    |
|----------|---------------------------------------|---------|---------|
|bitconcatenate|            or_ln20_3_fu_68            |    0    |    0    |
|----------|---------------------------------------|---------|---------|
|   Total  |                                       |    56   |    78   |
|----------|---------------------------------------|---------|---------|

Memories:
N/A

* Register list:
+----------------------+--------+
|                      |   FF   |
+----------------------+--------+
| image_in_read_reg_81 |    8   |
|num_pixels_read_reg_76|   32   |
|   or_ln20_3_reg_88   |   24   |
+----------------------+--------+
|         Total        |   64   |
+----------------------+--------+

* Multiplexer (MUX) list: 
|---------------------------------------|------|------|------|--------||---------||---------||---------|
|                  Comp                 |  Pin | Size |  BW  | S x BW ||  Delay  ||    FF   ||   LUT   |
|---------------------------------------|------|------|------|--------||---------||---------||---------|
| grp_load_rgb_Pipeline_load_loop_fu_60 |  p2  |   2  |  24  |   48   ||    0    ||    9    |
|---------------------------------------|------|------|------|--------||---------||---------||---------|
|                 Total                 |      |      |      |   48   ||  0.427  ||    0    ||    9    |
|---------------------------------------|------|------|------|--------||---------||---------||---------|



* Summary:
+-----------+--------+--------+--------+
|           |  Delay |   FF   |   LUT  |
+-----------+--------+--------+--------+
|  Function |    -   |   56   |   78   |
|   Memory  |    -   |    -   |    -   |
|Multiplexer|    0   |    0   |    9   |
|  Register |    -   |   64   |    -   |
+-----------+--------+--------+--------+
|   Total   |    0   |   120  |   87   |
+-----------+--------+--------+--------+
