

================================================================
== Vitis HLS Report for 'process_gray'
================================================================
* Date:           Sat Jul 11 13:45:48 2026

* Version:        2024.1 (Build 5069499 on May 21 2024)
* Project:        tarea3_rgb2gray
* Solution:       solution1 (Vivado IP Flow Target)
* Product family: zynquplus
* Target device:  xck26-sfvc784-2LV-c


================================================================
== Performance Estimates
================================================================
+ Timing: 
    * Summary: 
    +--------+---------+----------+------------+
    |  Clock |  Target | Estimated| Uncertainty|
    +--------+---------+----------+------------+
    |ap_clk  |  4.00 ns|  2.920 ns|     1.08 ns|
    +--------+---------+----------+------------+

+ Latency: 
    * Summary: 
    +---------+---------+----------+----------+-----+-----+---------+
    |  Latency (cycles) |  Latency (absolute) |  Interval | Pipeline|
    |   min   |   max   |    min   |    max   | min | max |   Type  |
    +---------+---------+----------+----------+-----+-----+---------+
    |        ?|        ?|         ?|         ?|    ?|    ?|       no|
    +---------+---------+----------+----------+-----+-----+---------+

    + Detail: 
        * Instance: 
        +----------------------------------------------+------------------------------------+---------+---------+----------+----------+-----+-----+-----------------------------------------------+
        |                                              |                                    |  Latency (cycles) |  Latency (absolute) |  Interval |                    Pipeline                   |
        |                   Instance                   |               Module               |   min   |   max   |    min   |    max   | min | max |                      Type                     |
        +----------------------------------------------+------------------------------------+---------+---------+----------+----------+-----+-----+-----------------------------------------------+
        |grp_process_gray_Pipeline_process_loop_fu_50  |process_gray_Pipeline_process_loop  |        ?|        ?|         ?|         ?|    0|    0|  loop auto-rewind stp(delay=0 clock cycles(s))|
        +----------------------------------------------+------------------------------------+---------+---------+----------+----------+-----+-----+-----------------------------------------------+

        * Loop: 
        N/A



================================================================
== Utilization Estimates
================================================================
* Summary: 
+-----------------+---------+------+--------+--------+-----+
|       Name      | BRAM_18K|  DSP |   FF   |   LUT  | URAM|
+-----------------+---------+------+--------+--------+-----+
|DSP              |        -|     -|       -|       -|    -|
|Expression       |        -|     -|       0|       2|    -|
|FIFO             |        -|     -|       -|       -|    -|
|Instance         |        -|     3|      82|     171|    -|
|Memory           |        -|     -|       -|       -|    -|
|Multiplexer      |        -|     -|       0|      74|    -|
|Register         |        -|     -|      38|       -|    -|
+-----------------+---------+------+--------+--------+-----+
|Total            |        0|     3|     120|     247|    0|
+-----------------+---------+------+--------+--------+-----+
|Available        |      288|  1248|  234240|  117120|   64|
+-----------------+---------+------+--------+--------+-----+
|Utilization (%)  |        0|    ~0|      ~0|      ~0|    0|
+-----------------+---------+------+--------+--------+-----+

+ Detail: 
    * Instance: 
    +----------------------------------------------+------------------------------------+---------+----+----+-----+-----+
    |                   Instance                   |               Module               | BRAM_18K| DSP| FF | LUT | URAM|
    +----------------------------------------------+------------------------------------+---------+----+----+-----+-----+
    |grp_process_gray_Pipeline_process_loop_fu_50  |process_gray_Pipeline_process_loop  |        0|   3|  82|  171|    0|
    +----------------------------------------------+------------------------------------+---------+----+----+-----+-----+
    |Total                                         |                                    |        0|   3|  82|  171|    0|
    +----------------------------------------------+------------------------------------+---------+----+----+-----+-----+

    * DSP: 
    N/A

    * Memory: 
    N/A

    * FIFO: 
    N/A

    * Expression: 
    +-----------------+----------+----+---+----+------------+------------+
    |  Variable Name  | Operation| DSP| FF| LUT| Bitwidth P0| Bitwidth P1|
    +-----------------+----------+----+---+----+------------+------------+
    |ap_block_state1  |        or|   0|  0|   2|           1|           1|
    +-----------------+----------+----+---+----+------------+------------+
    |Total            |          |   0|  0|   2|           1|           1|
    +-----------------+----------+----+---+----+------------+------------+

    * Multiplexer: 
    +--------------------+----+-----------+-----+-----------+
    |        Name        | LUT| Input Size| Bits| Total Bits|
    +--------------------+----+-----------+-----+-----------+
    |ap_NS_fsm           |  20|          4|    1|          4|
    |ap_done             |   9|          2|    1|          2|
    |num_pixels_blk_n    |   9|          2|    1|          2|
    |num_pixels_c_blk_n  |   9|          2|    1|          2|
    |real_start          |   9|          2|    1|          2|
    |stream_gray_write   |   9|          2|    1|          2|
    |stream_rgb_read     |   9|          2|    1|          2|
    +--------------------+----+-----------+-----+-----------+
    |Total               |  74|         16|    7|         16|
    +--------------------+----+-----------+-----+-----------+

    * Register: 
    +-----------------------------------------------------------+----+----+-----+-----------+
    |                            Name                           | FF | LUT| Bits| Const Bits|
    +-----------------------------------------------------------+----+----+-----+-----------+
    |ap_CS_fsm                                                  |   3|   0|    3|          0|
    |ap_done_reg                                                |   1|   0|    1|          0|
    |grp_process_gray_Pipeline_process_loop_fu_50_ap_start_reg  |   1|   0|    1|          0|
    |num_pixels_2_reg_59                                        |  32|   0|   32|          0|
    |start_once_reg                                             |   1|   0|    1|          0|
    +-----------------------------------------------------------+----+----+-----+-----------+
    |Total                                                      |  38|   0|   38|          0|
    +-----------------------------------------------------------+----+----+-----+-----------+



================================================================
== Interface
================================================================
* Summary: 
+-----------------------------+-----+-----+------------+--------------+--------------+
|          RTL Ports          | Dir | Bits|  Protocol  | Source Object|    C Type    |
+-----------------------------+-----+-----+------------+--------------+--------------+
|ap_clk                       |   in|    1|  ap_ctrl_hs|  process_gray|  return value|
|ap_rst                       |   in|    1|  ap_ctrl_hs|  process_gray|  return value|
|ap_start                     |   in|    1|  ap_ctrl_hs|  process_gray|  return value|
|start_full_n                 |   in|    1|  ap_ctrl_hs|  process_gray|  return value|
|ap_done                      |  out|    1|  ap_ctrl_hs|  process_gray|  return value|
|ap_continue                  |   in|    1|  ap_ctrl_hs|  process_gray|  return value|
|ap_idle                      |  out|    1|  ap_ctrl_hs|  process_gray|  return value|
|ap_ready                     |  out|    1|  ap_ctrl_hs|  process_gray|  return value|
|start_out                    |  out|    1|  ap_ctrl_hs|  process_gray|  return value|
|start_write                  |  out|    1|  ap_ctrl_hs|  process_gray|  return value|
|stream_rgb_dout              |   in|   24|     ap_fifo|    stream_rgb|       pointer|
|stream_rgb_num_data_valid    |   in|    5|     ap_fifo|    stream_rgb|       pointer|
|stream_rgb_fifo_cap          |   in|    5|     ap_fifo|    stream_rgb|       pointer|
|stream_rgb_empty_n           |   in|    1|     ap_fifo|    stream_rgb|       pointer|
|stream_rgb_read              |  out|    1|     ap_fifo|    stream_rgb|       pointer|
|stream_gray_din              |  out|    8|     ap_fifo|   stream_gray|       pointer|
|stream_gray_num_data_valid   |   in|    5|     ap_fifo|   stream_gray|       pointer|
|stream_gray_fifo_cap         |   in|    5|     ap_fifo|   stream_gray|       pointer|
|stream_gray_full_n           |   in|    1|     ap_fifo|   stream_gray|       pointer|
|stream_gray_write            |  out|    1|     ap_fifo|   stream_gray|       pointer|
|num_pixels_dout              |   in|   32|     ap_fifo|    num_pixels|       pointer|
|num_pixels_num_data_valid    |   in|    3|     ap_fifo|    num_pixels|       pointer|
|num_pixels_fifo_cap          |   in|    3|     ap_fifo|    num_pixels|       pointer|
|num_pixels_empty_n           |   in|    1|     ap_fifo|    num_pixels|       pointer|
|num_pixels_read              |  out|    1|     ap_fifo|    num_pixels|       pointer|
|num_pixels_c_din             |  out|   32|     ap_fifo|  num_pixels_c|       pointer|
|num_pixels_c_num_data_valid  |   in|    3|     ap_fifo|  num_pixels_c|       pointer|
|num_pixels_c_fifo_cap        |   in|    3|     ap_fifo|  num_pixels_c|       pointer|
|num_pixels_c_full_n          |   in|    1|     ap_fifo|  num_pixels_c|       pointer|
|num_pixels_c_write           |  out|    1|     ap_fifo|  num_pixels_c|       pointer|
+-----------------------------+-----+-----+------------+--------------+--------------+

============================================================
+ Verbose Summary: Synthesis Manager
============================================================
InlineROM: 1
ExposeGlobal: 0
============================================================
+ Verbose Summary: CDFG Model
============================================================
IsTopModel: 0
ResetActiveHigh: 1
IsCombinational: 2
IsDatapathOnly: 0
HasWiredReturn: 1
HasMFsm: 0
HasVarLatency: 1
IsPipeline: 0
IsRtlPipelined: 0
IsInstanceOverlapped: 0
IsDontTouch: 0
HasImplIP: 0
IsGatedGlobalClock: 0


============================================================
+ Verbose Summary: Schedule
============================================================
* Number of FSM states : 3
* Pipeline : 0
* Dataflow Pipeline: 0

* FSM state transitions: 
1 --> 2 
2 --> 3 
3 --> 

* FSM state operations: 

State 1 <SV = 0> <Delay = 2.92>
ST_1 : Operation 4 [1/1] (1.46ns)   --->   "%num_pixels_2 = read i32 @_ssdm_op_Read.ap_fifo.i32P0A, i32 %num_pixels"   --->   Operation 4 'read' 'num_pixels_2' <Predicate = true> <Delay = 1.46> <CoreInst = "FIFO_SRL">   --->   Core 80 'FIFO_SRL' <Latency = 0> <II = 1> <Delay = 1.83> <Storage> <Opcode : 'read' 'write' 'nbread' 'nbwrite'> <Ports = 0> <Width = 32> <Depth = 2> <FIFO>
ST_1 : Operation 5 [1/1] (1.46ns)   --->   "%write_ln0 = write void @_ssdm_op_Write.ap_fifo.i32P0A, i32 %num_pixels_c, i32 %num_pixels_2"   --->   Operation 5 'write' 'write_ln0' <Predicate = true> <Delay = 1.46> <CoreInst = "FIFO_SRL">   --->   Core 80 'FIFO_SRL' <Latency = 0> <II = 1> <Delay = 1.83> <Storage> <Opcode : 'read' 'write' 'nbread' 'nbwrite'> <Ports = 0> <Width = 32> <Depth = 2> <FIFO>

State 2 <SV = 1> <Delay = 1.44>
ST_2 : Operation 6 [1/1] (0.00ns)   --->   "%empty = wait i32 @_ssdm_op_Wait"   --->   Operation 6 'wait' 'empty' <Predicate = true> <Delay = 0.00>
ST_2 : Operation 7 [2/2] (1.44ns)   --->   "%call_ln0 = call void @process_gray_Pipeline_process_loop, i32 %num_pixels_2, i24 %stream_rgb, i8 %stream_gray"   --->   Operation 7 'call' 'call_ln0' <Predicate = true> <Delay = 1.44> <CoreType = "Generic">   --->   Core 0 '' <Latency = 0> <II = 1> <Delay = 1.00> <Generic> <Opcode : >

State 3 <SV = 2> <Delay = 0.00>
ST_3 : Operation 8 [1/1] (0.00ns)   --->   "%specinterface_ln0 = specinterface void @_ssdm_op_SpecInterface, i32 %num_pixels, void @ap_fifo_str, i32 0, i32 0, void @p_str, i32 0, i32 0, void @p_str, void @p_str, void @p_str, i32 2, i32 2, i32 16, i32 16, void @p_str, void @ScalarProp_str, i32 4294967295, i32 0, i32 0"   --->   Operation 8 'specinterface' 'specinterface_ln0' <Predicate = true> <Delay = 0.00>
ST_3 : Operation 9 [1/1] (0.00ns)   --->   "%specinterface_ln0 = specinterface void @_ssdm_op_SpecInterface, i32 %num_pixels_c, void @ap_fifo_str, i32 0, i32 0, void @p_str, i32 0, i32 0, void @p_str, void @p_str, void @p_str, i32 2, i32 2, i32 16, i32 16, void @p_str, void @ScalarProp_str, i32 4294967295, i32 0, i32 0"   --->   Operation 9 'specinterface' 'specinterface_ln0' <Predicate = true> <Delay = 0.00>
ST_3 : Operation 10 [1/1] (0.00ns)   --->   "%specinterface_ln0 = specinterface void @_ssdm_op_SpecInterface, i8 %stream_gray, void @empty_1, i32 0, i32 0, void @empty_0, i32 0, i32 0, void @empty_0, void @empty_0, void @empty_0, i32 0, i32 0, i32 0, i32 0, void @empty_0, void @empty_0, i32 4294967295, i32 0, i32 0"   --->   Operation 10 'specinterface' 'specinterface_ln0' <Predicate = true> <Delay = 0.00>
ST_3 : Operation 11 [1/1] (0.00ns)   --->   "%specinterface_ln0 = specinterface void @_ssdm_op_SpecInterface, i24 %stream_rgb, void @empty_1, i32 0, i32 0, void @empty_0, i32 0, i32 0, void @empty_0, void @empty_0, void @empty_0, i32 0, i32 0, i32 0, i32 0, void @empty_0, void @empty_0, i32 4294967295, i32 0, i32 0"   --->   Operation 11 'specinterface' 'specinterface_ln0' <Predicate = true> <Delay = 0.00>
ST_3 : Operation 12 [1/2] (0.00ns)   --->   "%call_ln0 = call void @process_gray_Pipeline_process_loop, i32 %num_pixels_2, i24 %stream_rgb, i8 %stream_gray"   --->   Operation 12 'call' 'call_ln0' <Predicate = true> <Delay = 0.00> <CoreType = "Generic">   --->   Core 0 '' <Latency = 0> <II = 1> <Delay = 1.00> <Generic> <Opcode : >
ST_3 : Operation 13 [1/1] (0.00ns)   --->   "%ret_ln44 = ret" [tarea3_rgb2gray/rgb2gray_kernel.cpp:44]   --->   Operation 13 'ret' 'ret_ln44' <Predicate = true> <Delay = 0.00>


============================================================
+ Verbose Summary: Binding
============================================================
STG Binding: 
---------------- STG Properties BEGIN ----------------
- Is combinational: 0
- Is one-state seq: 0
- Is datapath-only: 0
- Is pipelined: 0
- Is top level: 0
Port [ Return ] is wired: 1; IO mode=ap_ctrl_hs:ce=0
Port [ stream_rgb]:  wired=1; compound=1; hidden=0; nouse=0; global=0; static=0; extern=0; dir=0; type=3; pingpong=0; private_global=0; IO mode=ap_fifo:ce=0
Port [ stream_gray]:  wired=1; compound=1; hidden=0; nouse=0; global=0; static=0; extern=0; dir=1; type=3; pingpong=0; private_global=0; IO mode=ap_fifo:ce=0
Port [ num_pixels]:  wired=1; compound=1; hidden=0; nouse=0; global=0; static=0; extern=0; dir=0; type=3; pingpong=0; private_global=0; IO mode=ap_fifo:ce=0
Port [ num_pixels_c]:  wired=1; compound=1; hidden=0; nouse=0; global=0; static=0; extern=0; dir=1; type=3; pingpong=0; private_global=0; IO mode=ap_fifo:ce=0
---------------- STG Properties END ------------------

---------------- Datapath Model BEGIN ----------------

<LifeTime>
<method=bitvector/>
num_pixels_2      (read         ) [ 0011]
write_ln0         (write        ) [ 0000]
empty             (wait         ) [ 0000]
specinterface_ln0 (specinterface) [ 0000]
specinterface_ln0 (specinterface) [ 0000]
specinterface_ln0 (specinterface) [ 0000]
specinterface_ln0 (specinterface) [ 0000]
call_ln0          (call         ) [ 0000]
ret_ln44          (ret          ) [ 0000]
</LifeTime>

<model>

<comp_list>
<comp id="0" class="1000" name="stream_rgb">
<pin_list>
<pin id="1" dir="1" index="0" bw="1" slack="0"/>
</pin_list>
<bind>
<StgValue><ssdm name="stream_rgb"/></StgValue>
</bind>
</comp>

<comp id="2" class="1000" name="stream_gray">
<pin_list>
<pin id="3" dir="1" index="0" bw="1" slack="0"/>
</pin_list>
<bind>
<StgValue><ssdm name="stream_gray"/></StgValue>
</bind>
</comp>

<comp id="4" class="1000" name="num_pixels">
<pin_list>
<pin id="5" dir="1" index="0" bw="1" slack="0"/>
</pin_list>
<bind>
<StgValue><ssdm name="num_pixels"/></StgValue>
</bind>
</comp>

<comp id="6" class="1000" name="num_pixels_c">
<pin_list>
<pin id="7" dir="1" index="0" bw="1" slack="0"/>
</pin_list>
<bind>
<StgValue><ssdm name="num_pixels_c"/></StgValue>
</bind>
</comp>

<comp id="8" class="1001" name="const_8">
<pin_list>
<pin id="9" dir="1" index="0" bw="1" slack="0"/>
</pin_list>
<bind>
<StgValue><ssdm name="_ssdm_op_Read.ap_fifo.i32P0A"/></StgValue>
</bind>
</comp>

<comp id="10" class="1001" name="const_10">
<pin_list>
<pin id="11" dir="1" index="0" bw="1" slack="0"/>
</pin_list>
<bind>
<StgValue><ssdm name="_ssdm_op_Write.ap_fifo.i32P0A"/></StgValue>
</bind>
</comp>

<comp id="12" class="1001" name="const_12">
<pin_list>
<pin id="13" dir="1" index="0" bw="1" slack="2147483647"/>
</pin_list>
<bind>
<StgValue><ssdm name="_ssdm_op_Wait"/></StgValue>
</bind>
</comp>

<comp id="14" class="1001" name="const_14">
<pin_list>
<pin id="15" dir="1" index="0" bw="1" slack="0"/>
</pin_list>
<bind>
<StgValue><ssdm name="process_gray_Pipeline_process_loop"/></StgValue>
</bind>
</comp>

<comp id="16" class="1001" name="const_16">
<pin_list>
<pin id="17" dir="1" index="0" bw="1" slack="2147483647"/>
</pin_list>
<bind>
<StgValue><ssdm name="_ssdm_op_SpecInterface"/></StgValue>
</bind>
</comp>

<comp id="18" class="1001" name="const_18">
<pin_list>
<pin id="19" dir="1" index="0" bw="1" slack="2147483647"/>
</pin_list>
<bind>
<StgValue><ssdm name="ap_fifo_str"/></StgValue>
</bind>
</comp>

<comp id="20" class="1001" name="const_20">
<pin_list>
<pin id="21" dir="1" index="0" bw="1" slack="2147483647"/>
</pin_list>
<bind>
<StgValue><ssdm name=""/></StgValue>
</bind>
</comp>

<comp id="22" class="1001" name="const_22">
<pin_list>
<pin id="23" dir="1" index="0" bw="1" slack="2147483647"/>
</pin_list>
<bind>
<StgValue><ssdm name="p_str"/></StgValue>
</bind>
</comp>

<comp id="24" class="1001" name="const_24">
<pin_list>
<pin id="25" dir="1" index="0" bw="1" slack="2147483647"/>
</pin_list>
<bind>
<StgValue><ssdm name=""/></StgValue>
</bind>
</comp>

<comp id="26" class="1001" name="const_26">
<pin_list>
<pin id="27" dir="1" index="0" bw="1" slack="2147483647"/>
</pin_list>
<bind>
<StgValue><ssdm name=""/></StgValue>
</bind>
</comp>

<comp id="28" class="1001" name="const_28">
<pin_list>
<pin id="29" dir="1" index="0" bw="1" slack="2147483647"/>
</pin_list>
<bind>
<StgValue><ssdm name="ScalarProp_str"/></StgValue>
</bind>
</comp>

<comp id="30" class="1001" name="const_30">
<pin_list>
<pin id="31" dir="1" index="0" bw="1" slack="2147483647"/>
</pin_list>
<bind>
<StgValue><ssdm name=""/></StgValue>
</bind>
</comp>

<comp id="32" class="1001" name="const_32">
<pin_list>
<pin id="33" dir="1" index="0" bw="1" slack="2147483647"/>
</pin_list>
<bind>
<StgValue><ssdm name="empty_1"/></StgValue>
</bind>
</comp>

<comp id="34" class="1001" name="const_34">
<pin_list>
<pin id="35" dir="1" index="0" bw="1" slack="2147483647"/>
</pin_list>
<bind>
<StgValue><ssdm name="empty_0"/></StgValue>
</bind>
</comp>

<comp id="36" class="1004" name="num_pixels_2_read_fu_36">
<pin_list>
<pin id="37" dir="0" index="0" bw="32" slack="0"/>
<pin id="38" dir="0" index="1" bw="32" slack="0"/>
<pin id="39" dir="1" index="2" bw="32" slack="0"/>
</pin_list>
<bind>
<opcode="read(1150) " fcode="read"/>
<opset="num_pixels_2/1 "/>
</bind>
</comp>

<comp id="42" class="1004" name="write_ln0_write_fu_42">
<pin_list>
<pin id="43" dir="0" index="0" bw="0" slack="0"/>
<pin id="44" dir="0" index="1" bw="32" slack="0"/>
<pin id="45" dir="0" index="2" bw="32" slack="0"/>
<pin id="46" dir="1" index="3" bw="0" slack="2147483647"/>
</pin_list>
<bind>
<opcode="write(1151) " fcode="write"/>
<opset="write_ln0/1 "/>
</bind>
</comp>

<comp id="50" class="1004" name="grp_process_gray_Pipeline_process_loop_fu_50">
<pin_list>
<pin id="51" dir="0" index="0" bw="0" slack="0"/>
<pin id="52" dir="0" index="1" bw="32" slack="1"/>
<pin id="53" dir="0" index="2" bw="24" slack="0"/>
<pin id="54" dir="0" index="3" bw="8" slack="0"/>
<pin id="55" dir="1" index="4" bw="0" slack="2147483647"/>
</pin_list>
<bind>
<opcode="call(48) " fcode="call"/>
<opset="call_ln0/2 "/>
</bind>
</comp>

<comp id="59" class="1005" name="num_pixels_2_reg_59">
<pin_list>
<pin id="60" dir="0" index="0" bw="32" slack="1"/>
<pin id="61" dir="1" index="1" bw="32" slack="1"/>
</pin_list>
<bind>
<opset="num_pixels_2 "/>
</bind>
</comp>

</comp_list>

<net_list>
<net id="40"><net_src comp="8" pin="0"/><net_sink comp="36" pin=0"/></net>

<net id="41"><net_src comp="4" pin="0"/><net_sink comp="36" pin=1"/></net>

<net id="47"><net_src comp="10" pin="0"/><net_sink comp="42" pin=0"/></net>

<net id="48"><net_src comp="6" pin="0"/><net_sink comp="42" pin=1"/></net>

<net id="49"><net_src comp="36" pin="2"/><net_sink comp="42" pin=2"/></net>

<net id="56"><net_src comp="14" pin="0"/><net_sink comp="50" pin=0"/></net>

<net id="57"><net_src comp="0" pin="0"/><net_sink comp="50" pin=2"/></net>

<net id="58"><net_src comp="2" pin="0"/><net_sink comp="50" pin=3"/></net>

<net id="62"><net_src comp="36" pin="2"/><net_sink comp="59" pin=0"/></net>

<net id="63"><net_src comp="59" pin="1"/><net_sink comp="50" pin=1"/></net>

</net_list>

</model> 
---------------- Datapath Model END ------------------

* FSMD analyzer results:
  - Output states:
	Port: stream_gray | {2 3 }
	Port: num_pixels_c | {1 }
 - Input state : 
	Port: process_gray : stream_rgb | {2 3 }
	Port: process_gray : num_pixels | {1 }
  - Chain level:
	State 1
	State 2
	State 3


============================================================
+ Verbose Summary: Datapath Resource usage 
============================================================

* Functional unit list:
|----------|----------------------------------------------|---------|---------|---------|---------|
| Operation|                Functional Unit               |   DSP   |  Delay  |    FF   |   LUT   |
|----------|----------------------------------------------|---------|---------|---------|---------|
|   call   | grp_process_gray_Pipeline_process_loop_fu_50 |    3    |  0.903  |   113   |   136   |
|----------|----------------------------------------------|---------|---------|---------|---------|
|   read   |            num_pixels_2_read_fu_36           |    0    |    0    |    0    |    0    |
|----------|----------------------------------------------|---------|---------|---------|---------|
|   write  |             write_ln0_write_fu_42            |    0    |    0    |    0    |    0    |
|----------|----------------------------------------------|---------|---------|---------|---------|
|   Total  |                                              |    3    |  0.903  |   113   |   136   |
|----------|----------------------------------------------|---------|---------|---------|---------|

Memories:
N/A

* Register list:
+-------------------+--------+
|                   |   FF   |
+-------------------+--------+
|num_pixels_2_reg_59|   32   |
+-------------------+--------+
|       Total       |   32   |
+-------------------+--------+

* Multiplexer (MUX) list: 
|--------|------|------|------|--------|
|  Comp  |  Pin | Size |  BW  | S x BW |
|--------|------|------|------|--------|
|  Total |      |      |      |    0   |
|--------|------|------|------|--------|



* Summary:
+-----------+--------+--------+--------+--------+
|           |   DSP  |  Delay |   FF   |   LUT  |
+-----------+--------+--------+--------+--------+
|  Function |    3   |    0   |   113  |   136  |
|   Memory  |    -   |    -   |    -   |    -   |
|Multiplexer|    -   |    -   |    -   |    -   |
|  Register |    -   |    -   |   32   |    -   |
+-----------+--------+--------+--------+--------+
|   Total   |    3   |    0   |   145  |   136  |
+-----------+--------+--------+--------+--------+
