

================================================================
== Vitis HLS Report for 'process_gray_Pipeline_process_loop'
================================================================
* Date:           Sat Jul 11 13:45:47 2026

* Version:        2024.1 (Build 5069499 on May 21 2024)
* Project:        tarea3_rgb2gray
* Solution:       solution1 (Vivado IP Flow Target)
* Product family: zynquplus
* Target device:  xck26-sfvc784-2LV-c


================================================================
== Performance Estimates
================================================================
+ Timing: 
    * Summary: 
    +--------+---------+----------+------------+
    |  Clock |  Target | Estimated| Uncertainty|
    +--------+---------+----------+------------+
    |ap_clk  |  4.00 ns|  2.456 ns|     1.08 ns|
    +--------+---------+----------+------------+

+ Latency: 
    * Summary: 
    +---------+---------+----------+----------+-----+-----+-----------------------------------------------+
    |  Latency (cycles) |  Latency (absolute) |  Interval |                    Pipeline                   |
    |   min   |   max   |    min   |    max   | min | max |                      Type                     |
    +---------+---------+----------+----------+-----+-----+-----------------------------------------------+
    |        ?|        ?|         ?|         ?|    0|    0|  loop auto-rewind stp(delay=0 clock cycles(s))|
    +---------+---------+----------+----------+-----+-----+-----------------------------------------------+

    + Detail: 
        * Instance: 
        N/A

        * Loop: 
        +----------------+---------+---------+----------+-----------+-----------+------+----------+
        |                |  Latency (cycles) | Iteration|  Initiation Interval  | Trip |          |
        |    Loop Name   |   min   |   max   |  Latency |  achieved |   target  | Count| Pipelined|
        +----------------+---------+---------+----------+-----------+-----------+------+----------+
        |- process_loop  |        ?|        ?|         6|          1|          1|     ?|       yes|
        +----------------+---------+---------+----------+-----------+-----------+------+----------+

============================================================
+ Verbose Summary: Synthesis Manager
============================================================
InlineROM: 1
ExposeGlobal: 0
============================================================
+ Verbose Summary: CDFG Model
============================================================
IsTopModel: 0
ResetActiveHigh: 1
IsCombinational: 0
IsDatapathOnly: 0
HasWiredReturn: 1
HasMFsm: 2
HasVarLatency: 1
IsPipeline: 0
IsRtlPipelined: 0
IsInstanceOverlapped: 0
IsDontTouch: 0
HasImplIP: 0
IsGatedGlobalClock: 0

+ Individual pipeline summary: 
  * Pipeline-0: initiation interval (II) = 1, depth = 6


============================================================
+ Verbose Summary: Schedule
============================================================
* Number of FSM states : 6
* Pipeline : 1
  Pipeline-0 : II = 1, D = 6, States = { 1 2 3 4 5 6 }
* Dataflow Pipeline: 0

* FSM state transitions: 
1 --> 2 
2 --> 3 
3 --> 4 
4 --> 5 
5 --> 6 
6 --> 

* FSM state operations: 

State 1 <SV = 0> <Delay = 1.87>
ST_1 : Operation 9 [1/1] (0.00ns)   --->   "%i = alloca i32 1" [tarea3_rgb2gray/rgb2gray_kernel.cpp:32]   --->   Operation 9 'alloca' 'i' <Predicate = true> <Delay = 0.00>
ST_1 : Operation 10 [1/1] (0.00ns)   --->   "%specinterface_ln0 = specinterface void @_ssdm_op_SpecInterface, i24 %stream_rgb, void @empty_1, i32 0, i32 0, void @empty_0, i32 0, i32 0, void @empty_0, void @empty_0, void @empty_0, i32 0, i32 0, i32 0, i32 0, void @empty_0, void @empty_0, i32 4294967295, i32 0, i32 0"   --->   Operation 10 'specinterface' 'specinterface_ln0' <Predicate = true> <Delay = 0.00>
ST_1 : Operation 11 [1/1] (0.00ns)   --->   "%specinterface_ln0 = specinterface void @_ssdm_op_SpecInterface, i8 %stream_gray, void @empty_1, i32 0, i32 0, void @empty_0, i32 0, i32 0, void @empty_0, void @empty_0, void @empty_0, i32 0, i32 0, i32 0, i32 0, void @empty_0, void @empty_0, i32 4294967295, i32 0, i32 0"   --->   Operation 11 'specinterface' 'specinterface_ln0' <Predicate = true> <Delay = 0.00>
ST_1 : Operation 12 [1/1] (0.00ns)   --->   "%num_pixels_2_read = read i32 @_ssdm_op_Read.ap_auto.i32, i32 %num_pixels_2" [tarea3_rgb2gray/rgb2gray_kernel.cpp:25]   --->   Operation 12 'read' 'num_pixels_2_read' <Predicate = true> <Delay = 0.00>
ST_1 : Operation 13 [1/1] (0.42ns)   --->   "%store_ln32 = store i32 0, i32 %i" [tarea3_rgb2gray/rgb2gray_kernel.cpp:32]   --->   Operation 13 'store' 'store_ln32' <Predicate = true> <Delay = 0.42>
ST_1 : Operation 14 [1/1] (0.00ns)   --->   "%br_ln32 = br void %for.body" [tarea3_rgb2gray/rgb2gray_kernel.cpp:32]   --->   Operation 14 'br' 'br_ln32' <Predicate = true> <Delay = 0.00>
ST_1 : Operation 15 [1/1] (0.00ns)   --->   "%i_3 = load i32 %i" [tarea3_rgb2gray/rgb2gray_kernel.cpp:32]   --->   Operation 15 'load' 'i_3' <Predicate = true> <Delay = 0.00>
ST_1 : Operation 16 [1/1] (1.01ns)   --->   "%icmp_ln32 = icmp_eq  i32 %i_3, i32 %num_pixels_2_read" [tarea3_rgb2gray/rgb2gray_kernel.cpp:32]   --->   Operation 16 'icmp' 'icmp_ln32' <Predicate = true> <Delay = 1.01> <CoreInst = "Cmp">   --->   Core 9 'Cmp' <Latency = 0> <II = 1> <Delay = 1.01> <FuncUnit> <Opcode : 'seteq' 'setne' 'setle' 'setge' 'setlt' 'setgt'> <InPorts = 2> <OutPorts = 1>
ST_1 : Operation 17 [1/1] (0.00ns)   --->   "%br_ln32 = br i1 %icmp_ln32, void %for.body.split, void %for.end.loopexit.exitStub" [tarea3_rgb2gray/rgb2gray_kernel.cpp:32]   --->   Operation 17 'br' 'br_ln32' <Predicate = true> <Delay = 0.00>
ST_1 : Operation 18 [1/1] (1.01ns)   --->   "%i_2 = add i32 %i_3, i32 1" [tarea3_rgb2gray/rgb2gray_kernel.cpp:32]   --->   Operation 18 'add' 'i_2' <Predicate = (!icmp_ln32)> <Delay = 1.01> <CoreInst = "Adder">   --->   Core 1 'Adder' <Latency = 0> <II = 1> <Delay = 1.01> <FuncUnit> <Opcode : 'add' 'sub'> <InPorts = 2> <OutPorts = 1>
ST_1 : Operation 19 [1/1] (0.42ns)   --->   "%store_ln32 = store i32 %i_2, i32 %i" [tarea3_rgb2gray/rgb2gray_kernel.cpp:32]   --->   Operation 19 'store' 'store_ln32' <Predicate = (!icmp_ln32)> <Delay = 0.42>

State 2 <SV = 1> <Delay = 2.45>
ST_2 : Operation 20 [1/1] (1.46ns)   --->   "%stream_rgb_read = read i24 @_ssdm_op_Read.ap_fifo.volatile.i24P0A, i24 %stream_rgb" [tarea3_rgb2gray/rgb2gray_kernel.cpp:34]   --->   Operation 20 'read' 'stream_rgb_read' <Predicate = true> <Delay = 1.46> <CoreInst = "FIFO_SRL">   --->   Core 80 'FIFO_SRL' <Latency = 0> <II = 1> <Delay = 2.04> <Storage> <Opcode : 'read' 'write' 'nbread' 'nbwrite'> <Ports = 0> <Width = 24> <Depth = 16> <FIFO>
ST_2 : Operation 21 [1/1] (0.00ns)   --->   "%pixel_r = trunc i24 %stream_rgb_read" [tarea3_rgb2gray/rgb2gray_kernel.cpp:34]   --->   Operation 21 'trunc' 'pixel_r' <Predicate = true> <Delay = 0.00>
ST_2 : Operation 22 [1/1] (0.00ns)   --->   "%pixel_g = partselect i8 @_ssdm_op_PartSelect.i8.i24.i32.i32, i24 %stream_rgb_read, i32 8, i32 15" [tarea3_rgb2gray/rgb2gray_kernel.cpp:34]   --->   Operation 22 'partselect' 'pixel_g' <Predicate = true> <Delay = 0.00>
ST_2 : Operation 23 [1/1] (0.00ns)   --->   "%zext_ln34 = zext i8 %pixel_r" [tarea3_rgb2gray/rgb2gray_kernel.cpp:34]   --->   Operation 23 'zext' 'zext_ln34' <Predicate = true> <Delay = 0.00>
ST_2 : Operation 24 [3/3] (0.99ns) (grouped into DSP with root node add_ln40_1)   --->   "%mul_ln37 = mul i21 %zext_ln34, i21 6966" [tarea3_rgb2gray/rgb2gray_kernel.cpp:37]   --->   Operation 24 'mul' 'mul_ln37' <Predicate = true> <Delay = 0.99> <CoreInst = "DSP48">   --->   Core 124 'DSP48' <Latency = 3> <II = 1> <Delay = 0.53> <IPBlock> <Opcode : '' 'add' 'sub' 'mul' 'select'> <InPorts = 0> <OutPorts = 1> <Sync> <CReg>
ST_2 : Operation 25 [1/1] (0.00ns)   --->   "%tmp = partselect i8 @_ssdm_op_PartSelect.i8.i24.i32.i32, i24 %stream_rgb_read, i32 16, i32 23" [tarea3_rgb2gray/rgb2gray_kernel.cpp:37]   --->   Operation 25 'partselect' 'tmp' <Predicate = true> <Delay = 0.00>
ST_2 : Operation 26 [1/1] (0.00ns)   --->   "%zext_ln37_2 = zext i8 %tmp" [tarea3_rgb2gray/rgb2gray_kernel.cpp:37]   --->   Operation 26 'zext' 'zext_ln37_2' <Predicate = true> <Delay = 0.00>
ST_2 : Operation 27 [3/3] (0.99ns) (grouped into DSP with root node add_ln40_2)   --->   "%mul_ln37_2 = mul i20 %zext_ln37_2, i20 2365" [tarea3_rgb2gray/rgb2gray_kernel.cpp:37]   --->   Operation 27 'mul' 'mul_ln37_2' <Predicate = true> <Delay = 0.99> <CoreInst = "DSP48">   --->   Core 124 'DSP48' <Latency = 3> <II = 1> <Delay = 0.53> <IPBlock> <Opcode : '' 'add' 'sub' 'mul' 'select'> <InPorts = 0> <OutPorts = 1> <Sync> <CReg>

State 3 <SV = 2> <Delay = 2.38>
ST_3 : Operation 28 [2/3] (0.99ns) (grouped into DSP with root node add_ln40_1)   --->   "%mul_ln37 = mul i21 %zext_ln34, i21 6966" [tarea3_rgb2gray/rgb2gray_kernel.cpp:37]   --->   Operation 28 'mul' 'mul_ln37' <Predicate = true> <Delay = 0.99> <CoreInst = "DSP48">   --->   Core 124 'DSP48' <Latency = 3> <II = 1> <Delay = 0.53> <IPBlock> <Opcode : '' 'add' 'sub' 'mul' 'select'> <InPorts = 0> <OutPorts = 1> <Sync> <CReg>
ST_3 : Operation 29 [1/1] (0.00ns)   --->   "%zext_ln37_1 = zext i8 %pixel_g" [tarea3_rgb2gray/rgb2gray_kernel.cpp:37]   --->   Operation 29 'zext' 'zext_ln37_1' <Predicate = true> <Delay = 0.00>
ST_3 : Operation 30 [1/1] (2.38ns)   --->   "%mul_ln37_1 = mul i23 %zext_ln37_1, i23 23435" [tarea3_rgb2gray/rgb2gray_kernel.cpp:37]   --->   Operation 30 'mul' 'mul_ln37_1' <Predicate = true> <Delay = 2.38> <CoreInst = "Multiplier">   --->   Core 3 'Multiplier' <Latency = 0> <II = 1> <Delay = 2.38> <FuncUnit> <Opcode : 'mul'> <InPorts = 2> <OutPorts = 1>
ST_3 : Operation 31 [2/3] (0.99ns) (grouped into DSP with root node add_ln40_2)   --->   "%mul_ln37_2 = mul i20 %zext_ln37_2, i20 2365" [tarea3_rgb2gray/rgb2gray_kernel.cpp:37]   --->   Operation 31 'mul' 'mul_ln37_2' <Predicate = true> <Delay = 0.99> <CoreInst = "DSP48">   --->   Core 124 'DSP48' <Latency = 3> <II = 1> <Delay = 0.53> <IPBlock> <Opcode : '' 'add' 'sub' 'mul' 'select'> <InPorts = 0> <OutPorts = 1> <Sync> <CReg>

State 4 <SV = 3> <Delay = 0.64>
ST_4 : Operation 32 [1/3] (0.00ns) (grouped into DSP with root node add_ln40_1)   --->   "%mul_ln37 = mul i21 %zext_ln34, i21 6966" [tarea3_rgb2gray/rgb2gray_kernel.cpp:37]   --->   Operation 32 'mul' 'mul_ln37' <Predicate = true> <Delay = 0.00> <CoreInst = "DSP48">   --->   Core 124 'DSP48' <Latency = 3> <II = 1> <Delay = 0.53> <IPBlock> <Opcode : '' 'add' 'sub' 'mul' 'select'> <InPorts = 0> <OutPorts = 1> <Sync> <CReg>
ST_4 : Operation 33 [1/1] (0.00ns) (grouped into DSP with root node add_ln40_1)   --->   "%zext_ln37 = zext i21 %mul_ln37" [tarea3_rgb2gray/rgb2gray_kernel.cpp:37]   --->   Operation 33 'zext' 'zext_ln37' <Predicate = true> <Delay = 0.00>
ST_4 : Operation 34 [1/3] (0.00ns) (grouped into DSP with root node add_ln40_2)   --->   "%mul_ln37_2 = mul i20 %zext_ln37_2, i20 2365" [tarea3_rgb2gray/rgb2gray_kernel.cpp:37]   --->   Operation 34 'mul' 'mul_ln37_2' <Predicate = true> <Delay = 0.00> <CoreInst = "DSP48">   --->   Core 124 'DSP48' <Latency = 3> <II = 1> <Delay = 0.53> <IPBlock> <Opcode : '' 'add' 'sub' 'mul' 'select'> <InPorts = 0> <OutPorts = 1> <Sync> <CReg>
ST_4 : Operation 35 [2/2] (0.64ns) (root node of the DSP)   --->   "%add_ln40_1 = add i23 %mul_ln37_1, i23 %zext_ln37" [tarea3_rgb2gray/rgb2gray_kernel.cpp:40]   --->   Operation 35 'add' 'add_ln40_1' <Predicate = true> <Delay = 0.64> <CoreInst = "DSP48">   --->   Core 124 'DSP48' <Latency = 3> <II = 1> <Delay = 0.53> <IPBlock> <Opcode : '' 'add' 'sub' 'mul' 'select'> <InPorts = 0> <OutPorts = 1> <Sync> <CReg>
ST_4 : Operation 36 [2/2] (0.64ns) (root node of the DSP)   --->   "%add_ln40_2 = add i20 %mul_ln37_2, i20 16384" [tarea3_rgb2gray/rgb2gray_kernel.cpp:40]   --->   Operation 36 'add' 'add_ln40_2' <Predicate = true> <Delay = 0.64> <CoreInst = "DSP48">   --->   Core 124 'DSP48' <Latency = 3> <II = 1> <Delay = 0.53> <IPBlock> <Opcode : '' 'add' 'sub' 'mul' 'select'> <InPorts = 0> <OutPorts = 1> <Sync> <CReg>

State 5 <SV = 4> <Delay = 1.56>
ST_5 : Operation 37 [1/2] (0.64ns) (root node of the DSP)   --->   "%add_ln40_1 = add i23 %mul_ln37_1, i23 %zext_ln37" [tarea3_rgb2gray/rgb2gray_kernel.cpp:40]   --->   Operation 37 'add' 'add_ln40_1' <Predicate = true> <Delay = 0.64> <CoreInst = "DSP48">   --->   Core 124 'DSP48' <Latency = 3> <II = 1> <Delay = 0.53> <IPBlock> <Opcode : '' 'add' 'sub' 'mul' 'select'> <InPorts = 0> <OutPorts = 1> <Sync> <CReg>
ST_5 : Operation 38 [1/2] (0.64ns) (root node of the DSP)   --->   "%add_ln40_2 = add i20 %mul_ln37_2, i20 16384" [tarea3_rgb2gray/rgb2gray_kernel.cpp:40]   --->   Operation 38 'add' 'add_ln40_2' <Predicate = true> <Delay = 0.64> <CoreInst = "DSP48">   --->   Core 124 'DSP48' <Latency = 3> <II = 1> <Delay = 0.53> <IPBlock> <Opcode : '' 'add' 'sub' 'mul' 'select'> <InPorts = 0> <OutPorts = 1> <Sync> <CReg>
ST_5 : Operation 39 [1/1] (0.00ns)   --->   "%zext_ln40 = zext i20 %add_ln40_2" [tarea3_rgb2gray/rgb2gray_kernel.cpp:40]   --->   Operation 39 'zext' 'zext_ln40' <Predicate = true> <Delay = 0.00>
ST_5 : Operation 40 [1/1] (0.92ns)   --->   "%add_ln40 = add i23 %zext_ln40, i23 %add_ln40_1" [tarea3_rgb2gray/rgb2gray_kernel.cpp:40]   --->   Operation 40 'add' 'add_ln40' <Predicate = true> <Delay = 0.92> <CoreInst = "Adder">   --->   Core 1 'Adder' <Latency = 0> <II = 1> <Delay = 0.92> <FuncUnit> <Opcode : 'add' 'sub'> <InPorts = 2> <OutPorts = 1>
ST_5 : Operation 41 [1/1] (0.00ns)   --->   "%gray = partselect i8 @_ssdm_op_PartSelect.i8.i23.i32.i32, i23 %add_ln40, i32 15, i32 22" [tarea3_rgb2gray/rgb2gray_kernel.cpp:40]   --->   Operation 41 'partselect' 'gray' <Predicate = true> <Delay = 0.00>
ST_5 : Operation 46 [1/1] (0.42ns)   --->   "%ret_ln0 = ret"   --->   Operation 46 'ret' 'ret_ln0' <Predicate = (icmp_ln32)> <Delay = 0.42>

State 6 <SV = 5> <Delay = 1.46>
ST_6 : Operation 42 [1/1] (0.00ns)   --->   "%specpipeline_ln33 = specpipeline void @_ssdm_op_SpecPipeline, i32 1, i32 0, i32 0, i32 0, void @empty_0" [tarea3_rgb2gray/rgb2gray_kernel.cpp:33]   --->   Operation 42 'specpipeline' 'specpipeline_ln33' <Predicate = true> <Delay = 0.00>
ST_6 : Operation 43 [1/1] (0.00ns)   --->   "%specloopname_ln32 = specloopname void @_ssdm_op_SpecLoopName, void @empty_3" [tarea3_rgb2gray/rgb2gray_kernel.cpp:32]   --->   Operation 43 'specloopname' 'specloopname_ln32' <Predicate = true> <Delay = 0.00>
ST_6 : Operation 44 [1/1] (1.46ns)   --->   "%write_ln42 = write void @_ssdm_op_Write.ap_fifo.volatile.i8P0A, i8 %stream_gray, i8 %gray" [tarea3_rgb2gray/rgb2gray_kernel.cpp:42]   --->   Operation 44 'write' 'write_ln42' <Predicate = true> <Delay = 1.46> <CoreInst = "FIFO_SRL">   --->   Core 80 'FIFO_SRL' <Latency = 0> <II = 1> <Delay = 2.04> <Storage> <Opcode : 'read' 'write' 'nbread' 'nbwrite'> <Ports = 0> <Width = 8> <Depth = 16> <FIFO>
ST_6 : Operation 45 [1/1] (0.00ns)   --->   "%br_ln32 = br void %for.body" [tarea3_rgb2gray/rgb2gray_kernel.cpp:32]   --->   Operation 45 'br' 'br_ln32' <Predicate = true> <Delay = 0.00>


============================================================
+ Verbose Summary: Timing violations
============================================================
Target clock period: 4.000ns, clock uncertainty: 1.080ns.

 <State 1>: 1.870ns
The critical path consists of the following:
	'store' operation 0 bit ('store_ln32', tarea3_rgb2gray/rgb2gray_kernel.cpp:32) of constant 0 on local variable 'i', tarea3_rgb2gray/rgb2gray_kernel.cpp:32 [8]  (0.427 ns)
	'load' operation 32 bit ('i', tarea3_rgb2gray/rgb2gray_kernel.cpp:32) on local variable 'i', tarea3_rgb2gray/rgb2gray_kernel.cpp:32 [11]  (0.000 ns)
	'icmp' operation 1 bit ('icmp_ln32', tarea3_rgb2gray/rgb2gray_kernel.cpp:32) [12]  (1.016 ns)
	'store' operation 0 bit ('store_ln32', tarea3_rgb2gray/rgb2gray_kernel.cpp:32) of variable 'i', tarea3_rgb2gray/rgb2gray_kernel.cpp:32 on local variable 'i', tarea3_rgb2gray/rgb2gray_kernel.cpp:32 [35]  (0.427 ns)

 <State 2>: 2.456ns
The critical path consists of the following:
	fifo read operation ('stream_rgb_read', tarea3_rgb2gray/rgb2gray_kernel.cpp:34) on port 'stream_rgb' (tarea3_rgb2gray/rgb2gray_kernel.cpp:34) [18]  (1.460 ns)
	'mul' operation 21 bit of DSP[29] ('mul_ln37', tarea3_rgb2gray/rgb2gray_kernel.cpp:37) [22]  (0.996 ns)

 <State 3>: 2.380ns
The critical path consists of the following:
	'mul' operation 23 bit ('mul_ln37_1', tarea3_rgb2gray/rgb2gray_kernel.cpp:37) [25]  (2.380 ns)

 <State 4>: 0.645ns
The critical path consists of the following:
	'mul' operation 21 bit of DSP[29] ('mul_ln37', tarea3_rgb2gray/rgb2gray_kernel.cpp:37) [22]  (0.000 ns)
	'add' operation 23 bit of DSP[29] ('add_ln40_1', tarea3_rgb2gray/rgb2gray_kernel.cpp:40) [29]  (0.645 ns)

 <State 5>: 1.569ns
The critical path consists of the following:
	'add' operation 23 bit of DSP[29] ('add_ln40_1', tarea3_rgb2gray/rgb2gray_kernel.cpp:40) [29]  (0.645 ns)
	'add' operation 23 bit ('add_ln40', tarea3_rgb2gray/rgb2gray_kernel.cpp:40) [32]  (0.924 ns)

 <State 6>: 1.460ns
The critical path consists of the following:
	fifo write operation ('write_ln42', tarea3_rgb2gray/rgb2gray_kernel.cpp:42) on port 'stream_gray' (tarea3_rgb2gray/rgb2gray_kernel.cpp:42) [34]  (1.460 ns)


============================================================
+ Verbose Summary: Binding
============================================================
N/A
* FSMD analyzer results:
  - Output states:
 - Input state : 
  - Chain level:
	State 1
	State 2
	State 3
	State 4
	State 5
	State 6


============================================================
+ Verbose Summary: Datapath Resource usage 
============================================================
N/A
