

================================================================
== Vitis HLS Report for 'process_gray_Pipeline_process_loop'
================================================================
* Date:           Sat Jul 11 13:45:47 2026

* Version:        2024.1 (Build 5069499 on May 21 2024)
* Project:        tarea3_rgb2gray
* Solution:       solution1 (Vivado IP Flow Target)
* Product family: zynquplus
* Target device:  xck26-sfvc784-2LV-c


================================================================
== Performance Estimates
================================================================
+ Timing: 
    * Summary: 
    +--------+---------+----------+------------+
    |  Clock |  Target | Estimated| Uncertainty|
    +--------+---------+----------+------------+
    |ap_clk  |  4.00 ns|  2.456 ns|     1.08 ns|
    +--------+---------+----------+------------+

+ Latency: 
    * Summary: 
    +---------+---------+----------+----------+-----+-----+-----------------------------------------------+
    |  Latency (cycles) |  Latency (absolute) |  Interval |                    Pipeline                   |
    |   min   |   max   |    min   |    max   | min | max |                      Type                     |
    +---------+---------+----------+----------+-----+-----+-----------------------------------------------+
    |        ?|        ?|         ?|         ?|    0|    0|  loop auto-rewind stp(delay=0 clock cycles(s))|
    +---------+---------+----------+----------+-----+-----+-----------------------------------------------+

    + Detail: 
        * Instance: 
        N/A

        * Loop: 
        +----------------+---------+---------+----------+-----------+-----------+------+----------+
        |                |  Latency (cycles) | Iteration|  Initiation Interval  | Trip |          |
        |    Loop Name   |   min   |   max   |  Latency |  achieved |   target  | Count| Pipelined|
        +----------------+---------+---------+----------+-----------+-----------+------+----------+
        |- process_loop  |        ?|        ?|         6|          1|          1|     ?|       yes|
        +----------------+---------+---------+----------+-----------+-----------+------+----------+

============================================================
+ Verbose Summary: Synthesis Manager
============================================================
InlineROM: 1
ExposeGlobal: 0
============================================================
+ Verbose Summary: CDFG Model
============================================================
IsTopModel: 0
ResetActiveHigh: 1
IsCombinational: 0
IsDatapathOnly: 0
HasWiredReturn: 1
HasMFsm: 2
HasVarLatency: 1
IsPipeline: 0
IsRtlPipelined: 0
IsInstanceOverlapped: 0
IsDontTouch: 0
HasImplIP: 0
IsGatedGlobalClock: 0

+ Individual pipeline summary: 
  * Pipeline-0: initiation interval (II) = 1, depth = 6


============================================================
+ Verbose Summary: Schedule
============================================================
* Number of FSM states : 6
* Pipeline : 1
  Pipeline-0 : II = 1, D = 6, States = { 1 2 3 4 5 6 }
* Dataflow Pipeline: 0

* FSM state transitions: 
1 --> 2 
2 --> 3 
3 --> 4 
4 --> 5 
5 --> 6 
6 --> 

* FSM state operations: 

State 1 <SV = 0> <Delay = 1.87>
ST_1 : Operation 9 [1/1] (0.00ns)   --->   "%i = alloca i32 1" [tarea3_rgb2gray/rgb2gray_kernel.cpp:32]   --->   Operation 9 'alloca' 'i' <Predicate = true> <Delay = 0.00>
ST_1 : Operation 10 [1/1] (0.00ns)   --->   "%specinterface_ln0 = specinterface void @_ssdm_op_SpecInterface, i24 %stream_rgb, void @empty_1, i32 0, i32 0, void @empty_0, i32 0, i32 0, void @empty_0, void @empty_0, void @empty_0, i32 0, i32 0, i32 0, i32 0, void @empty_0, void @empty_0, i32 4294967295, i32 0, i32 0"   --->   Operation 10 'specinterface' 'specinterface_ln0' <Predicate = true> <Delay = 0.00>
ST_1 : Operation 11 [1/1] (0.00ns)   --->   "%specinterface_ln0 = specinterface void @_ssdm_op_SpecInterface, i8 %stream_gray, void @empty_1, i32 0, i32 0, void @empty_0, i32 0, i32 0, void @empty_0, void @empty_0, void @empty_0, i32 0, i32 0, i32 0, i32 0, void @empty_0, void @empty_0, i32 4294967295, i32 0, i32 0"   --->   Operation 11 'specinterface' 'specinterface_ln0' <Predicate = true> <Delay = 0.00>
ST_1 : Operation 12 [1/1] (0.00ns)   --->   "%num_pixels_2_read = read i32 @_ssdm_op_Read.ap_auto.i32, i32 %num_pixels_2" [tarea3_rgb2gray/rgb2gray_kernel.cpp:25]   --->   Operation 12 'read' 'num_pixels_2_read' <Predicate = true> <Delay = 0.00>
ST_1 : Operation 13 [1/1] (0.42ns)   --->   "%store_ln32 = store i32 0, i32 %i" [tarea3_rgb2gray/rgb2gray_kernel.cpp:32]   --->   Operation 13 'store' 'store_ln32' <Predicate = true> <Delay = 0.42>
ST_1 : Operation 14 [1/1] (0.00ns)   --->   "%br_ln32 = br void %for.body" [tarea3_rgb2gray/rgb2gray_kernel.cpp:32]   --->   Operation 14 'br' 'br_ln32' <Predicate = true> <Delay = 0.00>
ST_1 : Operation 15 [1/1] (0.00ns)   --->   "%i_3 = load i32 %i" [tarea3_rgb2gray/rgb2gray_kernel.cpp:32]   --->   Operation 15 'load' 'i_3' <Predicate = true> <Delay = 0.00>
ST_1 : Operation 16 [1/1] (1.01ns)   --->   "%icmp_ln32 = icmp_eq  i32 %i_3, i32 %num_pixels_2_read" [tarea3_rgb2gray/rgb2gray_kernel.cpp:32]   --->   Operation 16 'icmp' 'icmp_ln32' <Predicate = true> <Delay = 1.01> <CoreInst = "Cmp">   --->   Core 9 'Cmp' <Latency = 0> <II = 1> <Delay = 1.01> <FuncUnit> <Opcode : 'seteq' 'setne' 'setle' 'setge' 'setlt' 'setgt'> <InPorts = 2> <OutPorts = 1>
ST_1 : Operation 17 [1/1] (0.00ns)   --->   "%br_ln32 = br i1 %icmp_ln32, void %for.body.split, void %for.end.loopexit.exitStub" [tarea3_rgb2gray/rgb2gray_kernel.cpp:32]   --->   Operation 17 'br' 'br_ln32' <Predicate = true> <Delay = 0.00>
ST_1 : Operation 18 [1/1] (1.01ns)   --->   "%i_2 = add i32 %i_3, i32 1" [tarea3_rgb2gray/rgb2gray_kernel.cpp:32]   --->   Operation 18 'add' 'i_2' <Predicate = (!icmp_ln32)> <Delay = 1.01> <CoreInst = "Adder">   --->   Core 1 'Adder' <Latency = 0> <II = 1> <Delay = 1.01> <FuncUnit> <Opcode : 'add' 'sub'> <InPorts = 2> <OutPorts = 1>
ST_1 : Operation 19 [1/1] (0.42ns)   --->   "%store_ln32 = store i32 %i_2, i32 %i" [tarea3_rgb2gray/rgb2gray_kernel.cpp:32]   --->   Operation 19 'store' 'store_ln32' <Predicate = (!icmp_ln32)> <Delay = 0.42>

State 2 <SV = 1> <Delay = 2.45>
ST_2 : Operation 20 [1/1] (1.46ns)   --->   "%stream_rgb_read = read i24 @_ssdm_op_Read.ap_fifo.volatile.i24P0A, i24 %stream_rgb" [tarea3_rgb2gray/rgb2gray_kernel.cpp:34]   --->   Operation 20 'read' 'stream_rgb_read' <Predicate = true> <Delay = 1.46> <CoreInst = "FIFO_SRL">   --->   Core 80 'FIFO_SRL' <Latency = 0> <II = 1> <Delay = 2.04> <Storage> <Opcode : 'read' 'write' 'nbread' 'nbwrite'> <Ports = 0> <Width = 24> <Depth = 16> <FIFO>
ST_2 : Operation 21 [1/1] (0.00ns)   --->   "%pixel_r = trunc i24 %stream_rgb_read" [tarea3_rgb2gray/rgb2gray_kernel.cpp:34]   --->   Operation 21 'trunc' 'pixel_r' <Predicate = true> <Delay = 0.00>
ST_2 : Operation 22 [1/1] (0.00ns)   --->   "%pixel_g = partselect i8 @_ssdm_op_PartSelect.i8.i24.i32.i32, i24 %stream_rgb_read, i32 8, i32 15" [tarea3_rgb2gray/rgb2gray_kernel.cpp:34]   --->   Operation 22 'partselect' 'pixel_g' <Predicate = true> <Delay = 0.00>
ST_2 : Operation 23 [1/1] (0.00ns)   --->   "%zext_ln34 = zext i8 %pixel_r" [tarea3_rgb2gray/rgb2gray_kernel.cpp:34]   --->   Operation 23 'zext' 'zext_ln34' <Predicate = true> <Delay = 0.00>
ST_2 : Operation 24 [3/3] (0.99ns) (grouped into DSP with root node add_ln40_1)   --->   "%mul_ln37 = mul i21 %zext_ln34, i21 6966" [tarea3_rgb2gray/rgb2gray_kernel.cpp:37]   --->   Operation 24 'mul' 'mul_ln37' <Predicate = true> <Delay = 0.99> <CoreInst = "DSP48">   --->   Core 124 'DSP48' <Latency = 3> <II = 1> <Delay = 0.53> <IPBlock> <Opcode : '' 'add' 'sub' 'mul' 'select'> <InPorts = 0> <OutPorts = 1> <Sync> <CReg>
ST_2 : Operation 25 [1/1] (0.00ns)   --->   "%tmp = partselect i8 @_ssdm_op_PartSelect.i8.i24.i32.i32, i24 %stream_rgb_read, i32 16, i32 23" [tarea3_rgb2gray/rgb2gray_kernel.cpp:37]   --->   Operation 25 'partselect' 'tmp' <Predicate = true> <Delay = 0.00>
ST_2 : Operation 26 [1/1] (0.00ns)   --->   "%zext_ln37_2 = zext i8 %tmp" [tarea3_rgb2gray/rgb2gray_kernel.cpp:37]   --->   Operation 26 'zext' 'zext_ln37_2' <Predicate = true> <Delay = 0.00>
ST_2 : Operation 27 [3/3] (0.99ns) (grouped into DSP with root node add_ln40_2)   --->   "%mul_ln37_2 = mul i20 %zext_ln37_2, i20 2365" [tarea3_rgb2gray/rgb2gray_kernel.cpp:37]   --->   Operation 27 'mul' 'mul_ln37_2' <Predicate = true> <Delay = 0.99> <CoreInst = "DSP48">   --->   Core 124 'DSP48' <Latency = 3> <II = 1> <Delay = 0.53> <IPBlock> <Opcode : '' 'add' 'sub' 'mul' 'select'> <InPorts = 0> <OutPorts = 1> <Sync> <CReg>

State 3 <SV = 2> <Delay = 2.38>
ST_3 : Operation 28 [2/3] (0.99ns) (grouped into DSP with root node add_ln40_1)   --->   "%mul_ln37 = mul i21 %zext_ln34, i21 6966" [tarea3_rgb2gray/rgb2gray_kernel.cpp:37]   --->   Operation 28 'mul' 'mul_ln37' <Predicate = true> <Delay = 0.99> <CoreInst = "DSP48">   --->   Core 124 'DSP48' <Latency = 3> <II = 1> <Delay = 0.53> <IPBlock> <Opcode : '' 'add' 'sub' 'mul' 'select'> <InPorts = 0> <OutPorts = 1> <Sync> <CReg>
ST_3 : Operation 29 [1/1] (0.00ns)   --->   "%zext_ln37_1 = zext i8 %pixel_g" [tarea3_rgb2gray/rgb2gray_kernel.cpp:37]   --->   Operation 29 'zext' 'zext_ln37_1' <Predicate = true> <Delay = 0.00>
ST_3 : Operation 30 [1/1] (2.38ns)   --->   "%mul_ln37_1 = mul i23 %zext_ln37_1, i23 23435" [tarea3_rgb2gray/rgb2gray_kernel.cpp:37]   --->   Operation 30 'mul' 'mul_ln37_1' <Predicate = true> <Delay = 2.38> <CoreInst = "Multiplier">   --->   Core 3 'Multiplier' <Latency = 0> <II = 1> <Delay = 2.38> <FuncUnit> <Opcode : 'mul'> <InPorts = 2> <OutPorts = 1>
ST_3 : Operation 31 [2/3] (0.99ns) (grouped into DSP with root node add_ln40_2)   --->   "%mul_ln37_2 = mul i20 %zext_ln37_2, i20 2365" [tarea3_rgb2gray/rgb2gray_kernel.cpp:37]   --->   Operation 31 'mul' 'mul_ln37_2' <Predicate = true> <Delay = 0.99> <CoreInst = "DSP48">   --->   Core 124 'DSP48' <Latency = 3> <II = 1> <Delay = 0.53> <IPBlock> <Opcode : '' 'add' 'sub' 'mul' 'select'> <InPorts = 0> <OutPorts = 1> <Sync> <CReg>

State 4 <SV = 3> <Delay = 0.64>
ST_4 : Operation 32 [1/3] (0.00ns) (grouped into DSP with root node add_ln40_1)   --->   "%mul_ln37 = mul i21 %zext_ln34, i21 6966" [tarea3_rgb2gray/rgb2gray_kernel.cpp:37]   --->   Operation 32 'mul' 'mul_ln37' <Predicate = true> <Delay = 0.00> <CoreInst = "DSP48">   --->   Core 124 'DSP48' <Latency = 3> <II = 1> <Delay = 0.53> <IPBlock> <Opcode : '' 'add' 'sub' 'mul' 'select'> <InPorts = 0> <OutPorts = 1> <Sync> <CReg>
ST_4 : Operation 33 [1/1] (0.00ns) (grouped into DSP with root node add_ln40_1)   --->   "%zext_ln37 = zext i21 %mul_ln37" [tarea3_rgb2gray/rgb2gray_kernel.cpp:37]   --->   Operation 33 'zext' 'zext_ln37' <Predicate = true> <Delay = 0.00>
ST_4 : Operation 34 [1/3] (0.00ns) (grouped into DSP with root node add_ln40_2)   --->   "%mul_ln37_2 = mul i20 %zext_ln37_2, i20 2365" [tarea3_rgb2gray/rgb2gray_kernel.cpp:37]   --->   Operation 34 'mul' 'mul_ln37_2' <Predicate = true> <Delay = 0.00> <CoreInst = "DSP48">   --->   Core 124 'DSP48' <Latency = 3> <II = 1> <Delay = 0.53> <IPBlock> <Opcode : '' 'add' 'sub' 'mul' 'select'> <InPorts = 0> <OutPorts = 1> <Sync> <CReg>
ST_4 : Operation 35 [2/2] (0.64ns) (root node of the DSP)   --->   "%add_ln40_1 = add i23 %mul_ln37_1, i23 %zext_ln37" [tarea3_rgb2gray/rgb2gray_kernel.cpp:40]   --->   Operation 35 'add' 'add_ln40_1' <Predicate = true> <Delay = 0.64> <CoreInst = "DSP48">   --->   Core 124 'DSP48' <Latency = 3> <II = 1> <Delay = 0.53> <IPBlock> <Opcode : '' 'add' 'sub' 'mul' 'select'> <InPorts = 0> <OutPorts = 1> <Sync> <CReg>
ST_4 : Operation 36 [2/2] (0.64ns) (root node of the DSP)   --->   "%add_ln40_2 = add i20 %mul_ln37_2, i20 16384" [tarea3_rgb2gray/rgb2gray_kernel.cpp:40]   --->   Operation 36 'add' 'add_ln40_2' <Predicate = true> <Delay = 0.64> <CoreInst = "DSP48">   --->   Core 124 'DSP48' <Latency = 3> <II = 1> <Delay = 0.53> <IPBlock> <Opcode : '' 'add' 'sub' 'mul' 'select'> <InPorts = 0> <OutPorts = 1> <Sync> <CReg>

State 5 <SV = 4> <Delay = 1.56>
ST_5 : Operation 37 [1/2] (0.64ns) (root node of the DSP)   --->   "%add_ln40_1 = add i23 %mul_ln37_1, i23 %zext_ln37" [tarea3_rgb2gray/rgb2gray_kernel.cpp:40]   --->   Operation 37 'add' 'add_ln40_1' <Predicate = true> <Delay = 0.64> <CoreInst = "DSP48">   --->   Core 124 'DSP48' <Latency = 3> <II = 1> <Delay = 0.53> <IPBlock> <Opcode : '' 'add' 'sub' 'mul' 'select'> <InPorts = 0> <OutPorts = 1> <Sync> <CReg>
ST_5 : Operation 38 [1/2] (0.64ns) (root node of the DSP)   --->   "%add_ln40_2 = add i20 %mul_ln37_2, i20 16384" [tarea3_rgb2gray/rgb2gray_kernel.cpp:40]   --->   Operation 38 'add' 'add_ln40_2' <Predicate = true> <Delay = 0.64> <CoreInst = "DSP48">   --->   Core 124 'DSP48' <Latency = 3> <II = 1> <Delay = 0.53> <IPBlock> <Opcode : '' 'add' 'sub' 'mul' 'select'> <InPorts = 0> <OutPorts = 1> <Sync> <CReg>
ST_5 : Operation 39 [1/1] (0.00ns)   --->   "%zext_ln40 = zext i20 %add_ln40_2" [tarea3_rgb2gray/rgb2gray_kernel.cpp:40]   --->   Operation 39 'zext' 'zext_ln40' <Predicate = true> <Delay = 0.00>
ST_5 : Operation 40 [1/1] (0.92ns)   --->   "%add_ln40 = add i23 %zext_ln40, i23 %add_ln40_1" [tarea3_rgb2gray/rgb2gray_kernel.cpp:40]   --->   Operation 40 'add' 'add_ln40' <Predicate = true> <Delay = 0.92> <CoreInst = "Adder">   --->   Core 1 'Adder' <Latency = 0> <II = 1> <Delay = 0.92> <FuncUnit> <Opcode : 'add' 'sub'> <InPorts = 2> <OutPorts = 1>
ST_5 : Operation 41 [1/1] (0.00ns)   --->   "%gray = partselect i8 @_ssdm_op_PartSelect.i8.i23.i32.i32, i23 %add_ln40, i32 15, i32 22" [tarea3_rgb2gray/rgb2gray_kernel.cpp:40]   --->   Operation 41 'partselect' 'gray' <Predicate = true> <Delay = 0.00>
ST_5 : Operation 46 [1/1] (0.42ns)   --->   "%ret_ln0 = ret"   --->   Operation 46 'ret' 'ret_ln0' <Predicate = (icmp_ln32)> <Delay = 0.42>

State 6 <SV = 5> <Delay = 1.46>
ST_6 : Operation 42 [1/1] (0.00ns)   --->   "%specpipeline_ln33 = specpipeline void @_ssdm_op_SpecPipeline, i32 1, i32 0, i32 0, i32 0, void @empty_0" [tarea3_rgb2gray/rgb2gray_kernel.cpp:33]   --->   Operation 42 'specpipeline' 'specpipeline_ln33' <Predicate = true> <Delay = 0.00>
ST_6 : Operation 43 [1/1] (0.00ns)   --->   "%specloopname_ln32 = specloopname void @_ssdm_op_SpecLoopName, void @empty_3" [tarea3_rgb2gray/rgb2gray_kernel.cpp:32]   --->   Operation 43 'specloopname' 'specloopname_ln32' <Predicate = true> <Delay = 0.00>
ST_6 : Operation 44 [1/1] (1.46ns)   --->   "%write_ln42 = write void @_ssdm_op_Write.ap_fifo.volatile.i8P0A, i8 %stream_gray, i8 %gray" [tarea3_rgb2gray/rgb2gray_kernel.cpp:42]   --->   Operation 44 'write' 'write_ln42' <Predicate = true> <Delay = 1.46> <CoreInst = "FIFO_SRL">   --->   Core 80 'FIFO_SRL' <Latency = 0> <II = 1> <Delay = 2.04> <Storage> <Opcode : 'read' 'write' 'nbread' 'nbwrite'> <Ports = 0> <Width = 8> <Depth = 16> <FIFO>
ST_6 : Operation 45 [1/1] (0.00ns)   --->   "%br_ln32 = br void %for.body" [tarea3_rgb2gray/rgb2gray_kernel.cpp:32]   --->   Operation 45 'br' 'br_ln32' <Predicate = true> <Delay = 0.00>


============================================================
+ Verbose Summary: Binding
============================================================
STG Binding: 
---------------- STG Properties BEGIN ----------------
- Is combinational: 0
- Is one-state seq: 0
- Is datapath-only: 0
- Is pipelined: 0
- Is top level: 0
Port [ Return ] is wired: 1; IO mode=ap_ctrl_hs:ce=0
Port [ num_pixels_2]:  wired=1; compound=0; hidden=0; nouse=0; global=0; static=0; extern=0; dir=0; type=0; pingpong=0; private_global=0; IO mode=ap_none:ce=0
Port [ stream_rgb]:  wired=1; compound=1; hidden=0; nouse=0; global=0; static=0; extern=0; dir=0; type=3; pingpong=0; private_global=0; IO mode=ap_fifo:ce=0
Port [ stream_gray]:  wired=1; compound=1; hidden=0; nouse=0; global=0; static=0; extern=0; dir=1; type=3; pingpong=0; private_global=0; IO mode=ap_fifo:ce=0
---------------- STG Properties END ------------------

---------------- Datapath Model BEGIN ----------------

<LifeTime>
<method=bitvector/>
i                 (alloca       ) [ 0100000]
specinterface_ln0 (specinterface) [ 0000000]
specinterface_ln0 (specinterface) [ 0000000]
num_pixels_2_read (read         ) [ 0000000]
store_ln32        (store        ) [ 0000000]
br_ln32           (br           ) [ 0000000]
i_3               (load         ) [ 0000000]
icmp_ln32         (icmp         ) [ 0111110]
br_ln32           (br           ) [ 0000000]
i_2               (add          ) [ 0000000]
store_ln32        (store        ) [ 0000000]
stream_rgb_read   (read         ) [ 0000000]
pixel_r           (trunc        ) [ 0000000]
pixel_g           (partselect   ) [ 0101000]
zext_ln34         (zext         ) [ 0101100]
tmp               (partselect   ) [ 0000000]
zext_ln37_2       (zext         ) [ 0101100]
zext_ln37_1       (zext         ) [ 0000000]
mul_ln37_1        (mul          ) [ 0100110]
mul_ln37          (mul          ) [ 0000000]
zext_ln37         (zext         ) [ 0100010]
mul_ln37_2        (mul          ) [ 0100010]
add_ln40_1        (add          ) [ 0000000]
add_ln40_2        (add          ) [ 0000000]
zext_ln40         (zext         ) [ 0000000]
add_ln40          (add          ) [ 0000000]
gray              (partselect   ) [ 0100001]
specpipeline_ln33 (specpipeline ) [ 0000000]
specloopname_ln32 (specloopname ) [ 0000000]
write_ln42        (write        ) [ 0000000]
br_ln32           (br           ) [ 0000000]
ret_ln0           (ret          ) [ 0000000]
</LifeTime>

<model>

<comp_list>
<comp id="0" class="1000" name="num_pixels_2">
<pin_list>
<pin id="1" dir="1" index="0" bw="1" slack="0"/>
</pin_list>
<bind>
<StgValue><ssdm name="num_pixels_2"/></StgValue>
</bind>
</comp>

<comp id="2" class="1000" name="stream_rgb">
<pin_list>
<pin id="3" dir="1" index="0" bw="1" slack="0"/>
</pin_list>
<bind>
<StgValue><ssdm name="stream_rgb"/></StgValue>
</bind>
</comp>

<comp id="4" class="1000" name="stream_gray">
<pin_list>
<pin id="5" dir="1" index="0" bw="1" slack="0"/>
</pin_list>
<bind>
<StgValue><ssdm name="stream_gray"/></StgValue>
</bind>
</comp>

<comp id="6" class="1001" name="const_6">
<pin_list>
<pin id="7" dir="1" index="0" bw="1" slack="0"/>
</pin_list>
<bind>
<StgValue><ssdm name=""/></StgValue>
</bind>
</comp>

<comp id="8" class="1001" name="const_8">
<pin_list>
<pin id="9" dir="1" index="0" bw="1" slack="2147483647"/>
</pin_list>
<bind>
<StgValue><ssdm name="_ssdm_op_SpecInterface"/></StgValue>
</bind>
</comp>

<comp id="10" class="1001" name="const_10">
<pin_list>
<pin id="11" dir="1" index="0" bw="1" slack="2147483647"/>
</pin_list>
<bind>
<StgValue><ssdm name="empty_1"/></StgValue>
</bind>
</comp>

<comp id="12" class="1001" name="const_12">
<pin_list>
<pin id="13" dir="1" index="0" bw="1" slack="0"/>
</pin_list>
<bind>
<StgValue><ssdm name=""/></StgValue>
</bind>
</comp>

<comp id="14" class="1001" name="const_14">
<pin_list>
<pin id="15" dir="1" index="0" bw="1" slack="2147483647"/>
</pin_list>
<bind>
<StgValue><ssdm name="empty_0"/></StgValue>
</bind>
</comp>

<comp id="16" class="1001" name="const_16">
<pin_list>
<pin id="17" dir="1" index="0" bw="1" slack="2147483647"/>
</pin_list>
<bind>
<StgValue><ssdm name=""/></StgValue>
</bind>
</comp>

<comp id="18" class="1001" name="const_18">
<pin_list>
<pin id="19" dir="1" index="0" bw="1" slack="0"/>
</pin_list>
<bind>
<StgValue><ssdm name="_ssdm_op_Read.ap_auto.i32"/></StgValue>
</bind>
</comp>

<comp id="20" class="1001" name="const_20">
<pin_list>
<pin id="21" dir="1" index="0" bw="1" slack="0"/>
</pin_list>
<bind>
<StgValue><ssdm name="_ssdm_op_Read.ap_fifo.volatile.i24P0A"/></StgValue>
</bind>
</comp>

<comp id="22" class="1001" name="const_22">
<pin_list>
<pin id="23" dir="1" index="0" bw="1" slack="0"/>
</pin_list>
<bind>
<StgValue><ssdm name="_ssdm_op_PartSelect.i8.i24.i32.i32"/></StgValue>
</bind>
</comp>

<comp id="24" class="1001" name="const_24">
<pin_list>
<pin id="25" dir="1" index="0" bw="1" slack="0"/>
</pin_list>
<bind>
<StgValue><ssdm name=""/></StgValue>
</bind>
</comp>

<comp id="26" class="1001" name="const_26">
<pin_list>
<pin id="27" dir="1" index="0" bw="1" slack="0"/>
</pin_list>
<bind>
<StgValue><ssdm name=""/></StgValue>
</bind>
</comp>

<comp id="28" class="1001" name="const_28">
<pin_list>
<pin id="29" dir="1" index="0" bw="1" slack="0"/>
</pin_list>
<bind>
<StgValue><ssdm name=""/></StgValue>
</bind>
</comp>

<comp id="30" class="1001" name="const_30">
<pin_list>
<pin id="31" dir="1" index="0" bw="1" slack="0"/>
</pin_list>
<bind>
<StgValue><ssdm name=""/></StgValue>
</bind>
</comp>

<comp id="32" class="1001" name="const_32">
<pin_list>
<pin id="33" dir="1" index="0" bw="1" slack="0"/>
</pin_list>
<bind>
<StgValue><ssdm name=""/></StgValue>
</bind>
</comp>

<comp id="34" class="1001" name="const_34">
<pin_list>
<pin id="35" dir="1" index="0" bw="1" slack="0"/>
</pin_list>
<bind>
<StgValue><ssdm name=""/></StgValue>
</bind>
</comp>

<comp id="36" class="1001" name="const_36">
<pin_list>
<pin id="37" dir="1" index="0" bw="1" slack="0"/>
</pin_list>
<bind>
<StgValue><ssdm name=""/></StgValue>
</bind>
</comp>

<comp id="38" class="1001" name="const_38">
<pin_list>
<pin id="39" dir="1" index="0" bw="1" slack="0"/>
</pin_list>
<bind>
<StgValue><ssdm name=""/></StgValue>
</bind>
</comp>

<comp id="40" class="1001" name="const_40">
<pin_list>
<pin id="41" dir="1" index="0" bw="1" slack="0"/>
</pin_list>
<bind>
<StgValue><ssdm name="_ssdm_op_PartSelect.i8.i23.i32.i32"/></StgValue>
</bind>
</comp>

<comp id="42" class="1001" name="const_42">
<pin_list>
<pin id="43" dir="1" index="0" bw="1" slack="0"/>
</pin_list>
<bind>
<StgValue><ssdm name=""/></StgValue>
</bind>
</comp>

<comp id="44" class="1001" name="const_44">
<pin_list>
<pin id="45" dir="1" index="0" bw="1" slack="2147483647"/>
</pin_list>
<bind>
<StgValue><ssdm name="_ssdm_op_SpecPipeline"/></StgValue>
</bind>
</comp>

<comp id="46" class="1001" name="const_46">
<pin_list>
<pin id="47" dir="1" index="0" bw="1" slack="2147483647"/>
</pin_list>
<bind>
<StgValue><ssdm name="_ssdm_op_SpecLoopName"/></StgValue>
</bind>
</comp>

<comp id="48" class="1001" name="const_48">
<pin_list>
<pin id="49" dir="1" index="0" bw="1" slack="2147483647"/>
</pin_list>
<bind>
<StgValue><ssdm name="empty_3"/></StgValue>
</bind>
</comp>

<comp id="50" class="1001" name="const_50">
<pin_list>
<pin id="51" dir="1" index="0" bw="1" slack="0"/>
</pin_list>
<bind>
<StgValue><ssdm name="_ssdm_op_Write.ap_fifo.volatile.i8P0A"/></StgValue>
</bind>
</comp>

<comp id="52" class="1004" name="i_fu_52">
<pin_list>
<pin id="53" dir="0" index="0" bw="1" slack="0"/>
<pin id="54" dir="1" index="1" bw="32" slack="0"/>
</pin_list>
<bind>
<opcode="alloca(26) " fcode="alloca"/>
<opset="i/1 "/>
</bind>
</comp>

<comp id="56" class="1004" name="num_pixels_2_read_read_fu_56">
<pin_list>
<pin id="57" dir="0" index="0" bw="32" slack="0"/>
<pin id="58" dir="0" index="1" bw="32" slack="0"/>
<pin id="59" dir="1" index="2" bw="32" slack="0"/>
</pin_list>
<bind>
<opcode="read(1150) " fcode="read"/>
<opset="num_pixels_2_read/1 "/>
</bind>
</comp>

<comp id="62" class="1004" name="stream_rgb_read_read_fu_62">
<pin_list>
<pin id="63" dir="0" index="0" bw="24" slack="0"/>
<pin id="64" dir="0" index="1" bw="24" slack="0"/>
<pin id="65" dir="1" index="2" bw="24" slack="0"/>
</pin_list>
<bind>
<opcode="read(1150) " fcode="read"/>
<opset="stream_rgb_read/2 "/>
</bind>
</comp>

<comp id="68" class="1004" name="write_ln42_write_fu_68">
<pin_list>
<pin id="69" dir="0" index="0" bw="0" slack="0"/>
<pin id="70" dir="0" index="1" bw="8" slack="0"/>
<pin id="71" dir="0" index="2" bw="8" slack="1"/>
<pin id="72" dir="1" index="3" bw="0" slack="2147483647"/>
</pin_list>
<bind>
<opcode="write(1151) " fcode="write"/>
<opset="write_ln42/6 "/>
</bind>
</comp>

<comp id="75" class="1004" name="store_ln32_store_fu_75">
<pin_list>
<pin id="76" dir="0" index="0" bw="1" slack="0"/>
<pin id="77" dir="0" index="1" bw="32" slack="0"/>
<pin id="78" dir="1" index="2" bw="0" slack="2147483647"/>
</pin_list>
<bind>
<opcode="store(28) " fcode="store"/>
<opset="store_ln32/1 "/>
</bind>
</comp>

<comp id="80" class="1004" name="i_3_load_fu_80">
<pin_list>
<pin id="81" dir="0" index="0" bw="32" slack="0"/>
<pin id="82" dir="1" index="1" bw="32" slack="0"/>
</pin_list>
<bind>
<opcode="load(27) " fcode="load"/>
<opset="i_3/1 "/>
</bind>
</comp>

<comp id="83" class="1004" name="icmp_ln32_fu_83">
<pin_list>
<pin id="84" dir="0" index="0" bw="32" slack="0"/>
<pin id="85" dir="0" index="1" bw="32" slack="0"/>
<pin id="86" dir="1" index="2" bw="1" slack="4"/>
</pin_list>
<bind>
<opcode="icmp(45) " fcode="icmp"/>
<opset="icmp_ln32/1 "/>
</bind>
</comp>

<comp id="89" class="1004" name="i_2_fu_89">
<pin_list>
<pin id="90" dir="0" index="0" bw="32" slack="0"/>
<pin id="91" dir="0" index="1" bw="1" slack="0"/>
<pin id="92" dir="1" index="2" bw="32" slack="0"/>
</pin_list>
<bind>
<opcode="add(8) " fcode="add"/>
<opset="i_2/1 "/>
</bind>
</comp>

<comp id="95" class="1004" name="store_ln32_store_fu_95">
<pin_list>
<pin id="96" dir="0" index="0" bw="32" slack="0"/>
<pin id="97" dir="0" index="1" bw="32" slack="0"/>
<pin id="98" dir="1" index="2" bw="0" slack="2147483647"/>
</pin_list>
<bind>
<opcode="store(28) " fcode="store"/>
<opset="store_ln32/1 "/>
</bind>
</comp>

<comp id="100" class="1004" name="pixel_r_fu_100">
<pin_list>
<pin id="101" dir="0" index="0" bw="24" slack="0"/>
<pin id="102" dir="1" index="1" bw="8" slack="0"/>
</pin_list>
<bind>
<opcode="trunc(33) " fcode="trunc"/>
<opset="pixel_r/2 "/>
</bind>
</comp>

<comp id="104" class="1004" name="pixel_g_fu_104">
<pin_list>
<pin id="105" dir="0" index="0" bw="8" slack="0"/>
<pin id="106" dir="0" index="1" bw="24" slack="0"/>
<pin id="107" dir="0" index="2" bw="5" slack="0"/>
<pin id="108" dir="0" index="3" bw="5" slack="0"/>
<pin id="109" dir="1" index="4" bw="8" slack="1"/>
</pin_list>
<bind>
<opcode="partselect(1002) " fcode="partselect"/>
<opset="pixel_g/2 "/>
</bind>
</comp>

<comp id="114" class="1004" name="zext_ln34_fu_114">
<pin_list>
<pin id="115" dir="0" index="0" bw="8" slack="0"/>
<pin id="116" dir="1" index="1" bw="21" slack="0"/>
</pin_list>
<bind>
<opcode="zext(34) " fcode="zext"/>
<opset="zext_ln34/2 "/>
</bind>
</comp>

<comp id="118" class="1004" name="tmp_fu_118">
<pin_list>
<pin id="119" dir="0" index="0" bw="8" slack="0"/>
<pin id="120" dir="0" index="1" bw="24" slack="0"/>
<pin id="121" dir="0" index="2" bw="6" slack="0"/>
<pin id="122" dir="0" index="3" bw="6" slack="0"/>
<pin id="123" dir="1" index="4" bw="8" slack="0"/>
</pin_list>
<bind>
<opcode="partselect(1002) " fcode="partselect"/>
<opset="tmp/2 "/>
</bind>
</comp>

<comp id="128" class="1004" name="zext_ln37_2_fu_128">
<pin_list>
<pin id="129" dir="0" index="0" bw="8" slack="0"/>
<pin id="130" dir="1" index="1" bw="20" slack="0"/>
</pin_list>
<bind>
<opcode="zext(34) " fcode="zext"/>
<opset="zext_ln37_2/2 "/>
</bind>
</comp>

<comp id="132" class="1004" name="zext_ln37_1_fu_132">
<pin_list>
<pin id="133" dir="0" index="0" bw="8" slack="1"/>
<pin id="134" dir="1" index="1" bw="23" slack="0"/>
</pin_list>
<bind>
<opcode="zext(34) " fcode="zext"/>
<opset="zext_ln37_1/3 "/>
</bind>
</comp>

<comp id="135" class="1004" name="mul_ln37_1_fu_135">
<pin_list>
<pin id="136" dir="0" index="0" bw="8" slack="0"/>
<pin id="137" dir="0" index="1" bw="16" slack="0"/>
<pin id="138" dir="1" index="2" bw="23" slack="1"/>
</pin_list>
<bind>
<opcode="mul(12) " fcode="mul"/>
<opset="mul_ln37_1/3 "/>
</bind>
</comp>

<comp id="141" class="1004" name="zext_ln40_fu_141">
<pin_list>
<pin id="142" dir="0" index="0" bw="20" slack="0"/>
<pin id="143" dir="1" index="1" bw="23" slack="0"/>
</pin_list>
<bind>
<opcode="zext(34) " fcode="zext"/>
<opset="zext_ln40/5 "/>
</bind>
</comp>

<comp id="144" class="1004" name="add_ln40_fu_144">
<pin_list>
<pin id="145" dir="0" index="0" bw="20" slack="0"/>
<pin id="146" dir="0" index="1" bw="23" slack="0"/>
<pin id="147" dir="1" index="2" bw="23" slack="0"/>
</pin_list>
<bind>
<opcode="add(8) " fcode="add"/>
<opset="add_ln40/5 "/>
</bind>
</comp>

<comp id="149" class="1004" name="gray_fu_149">
<pin_list>
<pin id="150" dir="0" index="0" bw="8" slack="0"/>
<pin id="151" dir="0" index="1" bw="23" slack="0"/>
<pin id="152" dir="0" index="2" bw="5" slack="0"/>
<pin id="153" dir="0" index="3" bw="6" slack="0"/>
<pin id="154" dir="1" index="4" bw="8" slack="1"/>
</pin_list>
<bind>
<opcode="partselect(1002) " fcode="partselect"/>
<opset="gray/5 "/>
</bind>
</comp>

<comp id="159" class="1007" name="grp_fu_159">
<pin_list>
<pin id="160" dir="0" index="0" bw="13" slack="0"/>
<pin id="161" dir="0" index="1" bw="8" slack="0"/>
<pin id="162" dir="0" index="2" bw="23" slack="2147483647"/>
<pin id="163" dir="1" index="3" bw="23" slack="0"/>
</pin_list>
<bind>
<opcode="muladd(1172) " fcode="muladd"/>
<opset="mul_ln37/2 zext_ln37/4 add_ln40_1/4 "/>
</bind>
</comp>

<comp id="167" class="1007" name="grp_fu_167">
<pin_list>
<pin id="168" dir="0" index="0" bw="12" slack="0"/>
<pin id="169" dir="0" index="1" bw="8" slack="0"/>
<pin id="170" dir="0" index="2" bw="15" slack="0"/>
<pin id="171" dir="1" index="3" bw="20" slack="0"/>
</pin_list>
<bind>
<opcode="muladd(1172) " fcode="muladd"/>
<opset="mul_ln37_2/2 add_ln40_2/4 "/>
</bind>
</comp>

<comp id="176" class="1005" name="i_reg_176">
<pin_list>
<pin id="177" dir="0" index="0" bw="32" slack="0"/>
<pin id="178" dir="1" index="1" bw="32" slack="0"/>
</pin_list>
<bind>
<opset="i "/>
</bind>
</comp>

<comp id="183" class="1005" name="icmp_ln32_reg_183">
<pin_list>
<pin id="184" dir="0" index="0" bw="1" slack="4"/>
<pin id="185" dir="1" index="1" bw="1" slack="2147483647"/>
</pin_list>
<bind>
<opset="icmp_ln32 "/>
</bind>
</comp>

<comp id="187" class="1005" name="pixel_g_reg_187">
<pin_list>
<pin id="188" dir="0" index="0" bw="8" slack="1"/>
<pin id="189" dir="1" index="1" bw="8" slack="1"/>
</pin_list>
<bind>
<opset="pixel_g "/>
</bind>
</comp>

<comp id="192" class="1005" name="zext_ln34_reg_192">
<pin_list>
<pin id="193" dir="0" index="0" bw="21" slack="1"/>
<pin id="194" dir="1" index="1" bw="21" slack="1"/>
</pin_list>
<bind>
<opset="zext_ln34 "/>
</bind>
</comp>

<comp id="197" class="1005" name="zext_ln37_2_reg_197">
<pin_list>
<pin id="198" dir="0" index="0" bw="20" slack="1"/>
<pin id="199" dir="1" index="1" bw="20" slack="1"/>
</pin_list>
<bind>
<opset="zext_ln37_2 "/>
</bind>
</comp>

<comp id="202" class="1005" name="mul_ln37_1_reg_202">
<pin_list>
<pin id="203" dir="0" index="0" bw="23" slack="1"/>
<pin id="204" dir="1" index="1" bw="23" slack="1"/>
</pin_list>
<bind>
<opset="mul_ln37_1 "/>
</bind>
</comp>

<comp id="207" class="1005" name="gray_reg_207">
<pin_list>
<pin id="208" dir="0" index="0" bw="8" slack="1"/>
<pin id="209" dir="1" index="1" bw="8" slack="1"/>
</pin_list>
<bind>
<opset="gray "/>
</bind>
</comp>

</comp_list>

<net_list>
<net id="55"><net_src comp="6" pin="0"/><net_sink comp="52" pin=0"/></net>

<net id="60"><net_src comp="18" pin="0"/><net_sink comp="56" pin=0"/></net>

<net id="61"><net_src comp="0" pin="0"/><net_sink comp="56" pin=1"/></net>

<net id="66"><net_src comp="20" pin="0"/><net_sink comp="62" pin=0"/></net>

<net id="67"><net_src comp="2" pin="0"/><net_sink comp="62" pin=1"/></net>

<net id="73"><net_src comp="50" pin="0"/><net_sink comp="68" pin=0"/></net>

<net id="74"><net_src comp="4" pin="0"/><net_sink comp="68" pin=1"/></net>

<net id="79"><net_src comp="12" pin="0"/><net_sink comp="75" pin=0"/></net>

<net id="87"><net_src comp="80" pin="1"/><net_sink comp="83" pin=0"/></net>

<net id="88"><net_src comp="56" pin="2"/><net_sink comp="83" pin=1"/></net>

<net id="93"><net_src comp="80" pin="1"/><net_sink comp="89" pin=0"/></net>

<net id="94"><net_src comp="6" pin="0"/><net_sink comp="89" pin=1"/></net>

<net id="99"><net_src comp="89" pin="2"/><net_sink comp="95" pin=0"/></net>

<net id="103"><net_src comp="62" pin="2"/><net_sink comp="100" pin=0"/></net>

<net id="110"><net_src comp="22" pin="0"/><net_sink comp="104" pin=0"/></net>

<net id="111"><net_src comp="62" pin="2"/><net_sink comp="104" pin=1"/></net>

<net id="112"><net_src comp="24" pin="0"/><net_sink comp="104" pin=2"/></net>

<net id="113"><net_src comp="26" pin="0"/><net_sink comp="104" pin=3"/></net>

<net id="117"><net_src comp="100" pin="1"/><net_sink comp="114" pin=0"/></net>

<net id="124"><net_src comp="22" pin="0"/><net_sink comp="118" pin=0"/></net>

<net id="125"><net_src comp="62" pin="2"/><net_sink comp="118" pin=1"/></net>

<net id="126"><net_src comp="30" pin="0"/><net_sink comp="118" pin=2"/></net>

<net id="127"><net_src comp="32" pin="0"/><net_sink comp="118" pin=3"/></net>

<net id="131"><net_src comp="118" pin="4"/><net_sink comp="128" pin=0"/></net>

<net id="139"><net_src comp="132" pin="1"/><net_sink comp="135" pin=0"/></net>

<net id="140"><net_src comp="36" pin="0"/><net_sink comp="135" pin=1"/></net>

<net id="148"><net_src comp="141" pin="1"/><net_sink comp="144" pin=0"/></net>

<net id="155"><net_src comp="40" pin="0"/><net_sink comp="149" pin=0"/></net>

<net id="156"><net_src comp="144" pin="2"/><net_sink comp="149" pin=1"/></net>

<net id="157"><net_src comp="26" pin="0"/><net_sink comp="149" pin=2"/></net>

<net id="158"><net_src comp="42" pin="0"/><net_sink comp="149" pin=3"/></net>

<net id="164"><net_src comp="114" pin="1"/><net_sink comp="159" pin=0"/></net>

<net id="165"><net_src comp="28" pin="0"/><net_sink comp="159" pin=1"/></net>

<net id="166"><net_src comp="159" pin="3"/><net_sink comp="144" pin=1"/></net>

<net id="172"><net_src comp="128" pin="1"/><net_sink comp="167" pin=0"/></net>

<net id="173"><net_src comp="34" pin="0"/><net_sink comp="167" pin=1"/></net>

<net id="174"><net_src comp="38" pin="0"/><net_sink comp="167" pin=2"/></net>

<net id="175"><net_src comp="167" pin="3"/><net_sink comp="141" pin=0"/></net>

<net id="179"><net_src comp="52" pin="1"/><net_sink comp="176" pin=0"/></net>

<net id="180"><net_src comp="176" pin="1"/><net_sink comp="75" pin=1"/></net>

<net id="181"><net_src comp="176" pin="1"/><net_sink comp="80" pin=0"/></net>

<net id="182"><net_src comp="176" pin="1"/><net_sink comp="95" pin=1"/></net>

<net id="186"><net_src comp="83" pin="2"/><net_sink comp="183" pin=0"/></net>

<net id="190"><net_src comp="104" pin="4"/><net_sink comp="187" pin=0"/></net>

<net id="191"><net_src comp="187" pin="1"/><net_sink comp="132" pin=0"/></net>

<net id="195"><net_src comp="114" pin="1"/><net_sink comp="192" pin=0"/></net>

<net id="196"><net_src comp="192" pin="1"/><net_sink comp="159" pin=0"/></net>

<net id="200"><net_src comp="128" pin="1"/><net_sink comp="197" pin=0"/></net>

<net id="201"><net_src comp="197" pin="1"/><net_sink comp="167" pin=0"/></net>

<net id="205"><net_src comp="135" pin="2"/><net_sink comp="202" pin=0"/></net>

<net id="206"><net_src comp="202" pin="1"/><net_sink comp="159" pin=0"/></net>

<net id="210"><net_src comp="149" pin="4"/><net_sink comp="207" pin=0"/></net>

<net id="211"><net_src comp="207" pin="1"/><net_sink comp="68" pin=2"/></net>

</net_list>

</model> 
---------------- Datapath Model END ------------------

* FSMD analyzer results:
  - Output states:
	Port: stream_gray | {6 }
 - Input state : 
	Port: process_gray_Pipeline_process_loop : num_pixels_2 | {1 }
	Port: process_gray_Pipeline_process_loop : stream_rgb | {2 }
  - Chain level:
	State 1
		store_ln32 : 1
		i_3 : 1
		icmp_ln32 : 2
		br_ln32 : 3
		i_2 : 2
		store_ln32 : 3
	State 2
		zext_ln34 : 1
		mul_ln37 : 2
		zext_ln37_2 : 1
		mul_ln37_2 : 2
	State 3
		mul_ln37_1 : 1
	State 4
		zext_ln37 : 1
		add_ln40_1 : 2
		add_ln40_2 : 1
	State 5
		zext_ln40 : 1
		add_ln40 : 2
		gray : 3
	State 6


============================================================
+ Verbose Summary: Datapath Resource usage 
============================================================

* Functional unit list:
|----------|------------------------------|---------|---------|---------|
| Operation|        Functional Unit       |   DSP   |    FF   |   LUT   |
|----------|------------------------------|---------|---------|---------|
|    add   |           i_2_fu_89          |    0    |    0    |    39   |
|          |        add_ln40_fu_144       |    0    |    0    |    30   |
|----------|------------------------------|---------|---------|---------|
|   icmp   |        icmp_ln32_fu_83       |    0    |    0    |    39   |
|----------|------------------------------|---------|---------|---------|
|    mul   |       mul_ln37_1_fu_135      |    1    |    0    |    5    |
|----------|------------------------------|---------|---------|---------|
|  muladd  |          grp_fu_159          |    1    |    0    |    0    |
|          |          grp_fu_167          |    1    |    0    |    0    |
|----------|------------------------------|---------|---------|---------|
|   read   | num_pixels_2_read_read_fu_56 |    0    |    0    |    0    |
|          |  stream_rgb_read_read_fu_62  |    0    |    0    |    0    |
|----------|------------------------------|---------|---------|---------|
|   write  |    write_ln42_write_fu_68    |    0    |    0    |    0    |
|----------|------------------------------|---------|---------|---------|
|   trunc  |        pixel_r_fu_100        |    0    |    0    |    0    |
|----------|------------------------------|---------|---------|---------|
|          |        pixel_g_fu_104        |    0    |    0    |    0    |
|partselect|          tmp_fu_118          |    0    |    0    |    0    |
|          |          gray_fu_149         |    0    |    0    |    0    |
|----------|------------------------------|---------|---------|---------|
|          |       zext_ln34_fu_114       |    0    |    0    |    0    |
|   zext   |      zext_ln37_2_fu_128      |    0    |    0    |    0    |
|          |      zext_ln37_1_fu_132      |    0    |    0    |    0    |
|          |       zext_ln40_fu_141       |    0    |    0    |    0    |
|----------|------------------------------|---------|---------|---------|
|   Total  |                              |    3    |    0    |   113   |
|----------|------------------------------|---------|---------|---------|

Memories:
N/A

* Register list:
+-------------------+--------+
|                   |   FF   |
+-------------------+--------+
|    gray_reg_207   |    8   |
|     i_reg_176     |   32   |
| icmp_ln32_reg_183 |    1   |
| mul_ln37_1_reg_202|   23   |
|  pixel_g_reg_187  |    8   |
| zext_ln34_reg_192 |   21   |
|zext_ln37_2_reg_197|   20   |
+-------------------+--------+
|       Total       |   113  |
+-------------------+--------+

* Multiplexer (MUX) list: 
|------------|------|------|------|--------||---------||---------||---------|
|    Comp    |  Pin | Size |  BW  | S x BW ||  Delay  ||    FF   ||   LUT   |
|------------|------|------|------|--------||---------||---------||---------|
| grp_fu_159 |  p0  |   3  |  13  |   39   ||    0    ||    14   |
| grp_fu_167 |  p0  |   2  |  12  |   24   ||    0    ||    9    |
|------------|------|------|------|--------||---------||---------||---------|
|    Total   |      |      |      |   63   ||  0.903  ||    0    ||    23   |
|------------|------|------|------|--------||---------||---------||---------|



* Summary:
+-----------+--------+--------+--------+--------+
|           |   DSP  |  Delay |   FF   |   LUT  |
+-----------+--------+--------+--------+--------+
|  Function |    3   |    -   |    0   |   113  |
|   Memory  |    -   |    -   |    -   |    -   |
|Multiplexer|    -   |    0   |    0   |   23   |
|  Register |    -   |    -   |   113  |    -   |
+-----------+--------+--------+--------+--------+
|   Total   |    3   |    0   |   113  |   136  |
+-----------+--------+--------+--------+--------+
