

================================================================
== Vitis HLS Report for 'rgb2gray_top'
================================================================
* Date:           Sat Jul 11 13:45:47 2026

* Version:        2024.1 (Build 5069499 on May 21 2024)
* Project:        tarea3_rgb2gray
* Solution:       solution1 (Vivado IP Flow Target)
* Product family: zynquplus
* Target device:  xck26-sfvc784-2LV-c


================================================================
== Performance Estimates
================================================================
+ Timing: 
    * Summary: 
    +--------+---------+----------+------------+
    |  Clock |  Target | Estimated| Uncertainty|
    +--------+---------+----------+------------+
    |ap_clk  |  4.00 ns|  2.920 ns|     1.08 ns|
    +--------+---------+----------+------------+

+ Latency: 
    * Summary: 
    +---------+---------+----------+----------+-----+-----+----------+
    |  Latency (cycles) |  Latency (absolute) |  Interval | Pipeline |
    |   min   |   max   |    min   |    max   | min | max |   Type   |
    +---------+---------+----------+----------+-----+-----+----------+
    |        ?|        ?|         ?|         ?|    ?|    ?|  dataflow|
    +---------+---------+----------+----------+-----+-----+----------+

    + Detail: 
        * Instance: 
        N/A

        * Loop: 
        N/A

============================================================
+ Verbose Summary: Synthesis Manager
============================================================
InlineROM: 1
ExposeGlobal: 0
============================================================
+ Verbose Summary: CDFG Model
============================================================
IsTopModel: 1
ResetActiveHigh: 1
IsCombinational: 2
IsDatapathOnly: 0
HasWiredReturn: 1
HasMFsm: 0
HasVarLatency: 1
IsPipeline: 0
IsRtlPipelined: 0
IsInstanceOverlapped: 0
IsDontTouch: 0
HasImplIP: 0
IsGatedGlobalClock: 0


============================================================
+ Verbose Summary: Schedule
============================================================
* Number of FSM states : 6
* Pipeline : 0
* Dataflow Pipeline: 1
  DF-Pipeline-0: Size = 6, States = { 1 2 3 4 5 6 }

* FSM state transitions: 
1 --> 2 
2 --> 3 
3 --> 4 
4 --> 5 
5 --> 6 
6 --> 

* FSM state operations: 

State 1 <SV = 0> <Delay = 1.46>
ST_1 : Operation 7 [1/1] (0.00ns)   --->   "%num_pixels_read = read i32 @_ssdm_op_Read.ap_auto.i32, i32 %num_pixels" [tarea3_rgb2gray/rgb2gray_kernel.cpp:58]   --->   Operation 7 'read' 'num_pixels_read' <Predicate = true> <Delay = 0.00>
ST_1 : Operation 8 [1/1] (0.00ns)   --->   "%num_pixels_c1 = alloca i64 1" [tarea3_rgb2gray/rgb2gray_kernel.cpp:58]   --->   Operation 8 'alloca' 'num_pixels_c1' <Predicate = true> <Delay = 0.00> <CoreInst = "FIFO_SRL">   --->   Core 80 'FIFO_SRL' <Latency = 0> <II = 1> <Delay = 1.83> <Storage> <Opcode : 'read' 'write' 'nbread' 'nbwrite'> <Ports = 0> <Width = 32> <Depth = 2> <FIFO>
ST_1 : Operation 9 [1/1] (0.00ns)   --->   "%num_pixels_c = alloca i64 1" [tarea3_rgb2gray/rgb2gray_kernel.cpp:58]   --->   Operation 9 'alloca' 'num_pixels_c' <Predicate = true> <Delay = 0.00> <CoreInst = "FIFO_SRL">   --->   Core 80 'FIFO_SRL' <Latency = 0> <II = 1> <Delay = 1.83> <Storage> <Opcode : 'read' 'write' 'nbread' 'nbwrite'> <Ports = 0> <Width = 32> <Depth = 2> <FIFO>
ST_1 : Operation 10 [1/1] (0.00ns)   --->   "%stream_rgb = alloca i64 1"   --->   Operation 10 'alloca' 'stream_rgb' <Predicate = true> <Delay = 0.00> <CoreInst = "FIFO_SRL">   --->   Core 80 'FIFO_SRL' <Latency = 0> <II = 1> <Delay = 2.04> <Storage> <Opcode : 'read' 'write' 'nbread' 'nbwrite'> <Ports = 0> <Width = 24> <Depth = 16> <FIFO>
ST_1 : Operation 11 [1/1] (0.00ns)   --->   "%stream_gray = alloca i64 1" [tarea3_rgb2gray/rgb2gray_kernel.cpp:62]   --->   Operation 11 'alloca' 'stream_gray' <Predicate = true> <Delay = 0.00> <CoreInst = "FIFO_SRL">   --->   Core 80 'FIFO_SRL' <Latency = 0> <II = 1> <Delay = 2.04> <Storage> <Opcode : 'read' 'write' 'nbread' 'nbwrite'> <Ports = 0> <Width = 8> <Depth = 16> <FIFO>
ST_1 : Operation 12 [2/2] (1.46ns)   --->   "%call_ln69 = call void @load_rgb, i8 %image_in, i24 %stream_rgb, i32 %num_pixels_read, i32 %num_pixels_c1" [tarea3_rgb2gray/rgb2gray_kernel.cpp:69]   --->   Operation 12 'call' 'call_ln69' <Predicate = true> <Delay = 1.46> <CoreType = "Generic">   --->   Core 0 '' <Latency = 0> <II = 1> <Delay = 1.00> <Generic> <Opcode : >

State 2 <SV = 1> <Delay = 0.00>
ST_2 : Operation 13 [1/2] (0.00ns)   --->   "%call_ln69 = call void @load_rgb, i8 %image_in, i24 %stream_rgb, i32 %num_pixels_read, i32 %num_pixels_c1" [tarea3_rgb2gray/rgb2gray_kernel.cpp:69]   --->   Operation 13 'call' 'call_ln69' <Predicate = true> <Delay = 0.00> <CoreType = "Generic">   --->   Core 0 '' <Latency = 0> <II = 1> <Delay = 1.00> <Generic> <Opcode : >

State 3 <SV = 2> <Delay = 0.00>
ST_3 : Operation 14 [2/2] (0.00ns)   --->   "%call_ln70 = call void @process_gray, i24 %stream_rgb, i8 %stream_gray, i32 %num_pixels_c1, i32 %num_pixels_c" [tarea3_rgb2gray/rgb2gray_kernel.cpp:70]   --->   Operation 14 'call' 'call_ln70' <Predicate = true> <Delay = 0.00> <CoreType = "Generic">   --->   Core 0 '' <Latency = 0> <II = 1> <Delay = 1.00> <Generic> <Opcode : >

State 4 <SV = 3> <Delay = 0.00>
ST_4 : Operation 15 [1/2] (0.00ns)   --->   "%call_ln70 = call void @process_gray, i24 %stream_rgb, i8 %stream_gray, i32 %num_pixels_c1, i32 %num_pixels_c" [tarea3_rgb2gray/rgb2gray_kernel.cpp:70]   --->   Operation 15 'call' 'call_ln70' <Predicate = true> <Delay = 0.00> <CoreType = "Generic">   --->   Core 0 '' <Latency = 0> <II = 1> <Delay = 1.00> <Generic> <Opcode : >

State 5 <SV = 4> <Delay = 0.00>
ST_5 : Operation 16 [2/2] (0.00ns)   --->   "%call_ln71 = call void @store_gray, i8 %stream_gray, i8 %image_out, i32 %num_pixels_c" [tarea3_rgb2gray/rgb2gray_kernel.cpp:71]   --->   Operation 16 'call' 'call_ln71' <Predicate = true> <Delay = 0.00> <CoreType = "Generic">   --->   Core 0 '' <Latency = 0> <II = 1> <Delay = 1.00> <Generic> <Opcode : >

State 6 <SV = 5> <Delay = 0.00>
ST_6 : Operation 17 [1/1] (0.00ns)   --->   "%empty = specchannel i32 @_ssdm_op_SpecChannel, void @num_pixels_c1_str, i32 1, void @p_str, void @p_str, i32 2, i32 0, i32 %num_pixels_c1, i32 %num_pixels_c1" [tarea3_rgb2gray/rgb2gray_kernel.cpp:58]   --->   Operation 17 'specchannel' 'empty' <Predicate = true> <Delay = 0.00>
ST_6 : Operation 18 [1/1] (0.00ns)   --->   "%specinterface_ln58 = specinterface void @_ssdm_op_SpecInterface, i32 %num_pixels_c1, void @ap_fifo_str, i32 0, i32 0, void @p_str, i32 0, i32 0, void @p_str, void @p_str, void @p_str, i32 2, i32 2, i32 16, i32 16, void @p_str, void @p_str, i32 4294967295, i32 0, i32 0" [tarea3_rgb2gray/rgb2gray_kernel.cpp:58]   --->   Operation 18 'specinterface' 'specinterface_ln58' <Predicate = true> <Delay = 0.00>
ST_6 : Operation 19 [1/1] (0.00ns)   --->   "%empty_16 = specchannel i32 @_ssdm_op_SpecChannel, void @num_pixels_c_str, i32 1, void @p_str, void @p_str, i32 2, i32 0, i32 %num_pixels_c, i32 %num_pixels_c" [tarea3_rgb2gray/rgb2gray_kernel.cpp:58]   --->   Operation 19 'specchannel' 'empty_16' <Predicate = true> <Delay = 0.00>
ST_6 : Operation 20 [1/1] (0.00ns)   --->   "%specinterface_ln58 = specinterface void @_ssdm_op_SpecInterface, i32 %num_pixels_c, void @ap_fifo_str, i32 0, i32 0, void @p_str, i32 0, i32 0, void @p_str, void @p_str, void @p_str, i32 2, i32 2, i32 16, i32 16, void @p_str, void @p_str, i32 4294967295, i32 0, i32 0" [tarea3_rgb2gray/rgb2gray_kernel.cpp:58]   --->   Operation 20 'specinterface' 'specinterface_ln58' <Predicate = true> <Delay = 0.00>
ST_6 : Operation 21 [1/1] (0.00ns)   --->   "%specdataflowpipeline_ln58 = specdataflowpipeline void @_ssdm_op_SpecDataflowPipeline, i32 4294967295, i32 0, void @empty_0" [tarea3_rgb2gray/rgb2gray_kernel.cpp:58]   --->   Operation 21 'specdataflowpipeline' 'specdataflowpipeline_ln58' <Predicate = true> <Delay = 0.00>
ST_6 : Operation 22 [1/1] (0.00ns)   --->   "%spectopmodule_ln55 = spectopmodule void @_ssdm_op_SpecTopModule, void @empty_5" [tarea3_rgb2gray/rgb2gray_kernel.cpp:55]   --->   Operation 22 'spectopmodule' 'spectopmodule_ln55' <Predicate = true> <Delay = 0.00>
ST_6 : Operation 23 [1/1] (0.00ns)   --->   "%specbitsmap_ln0 = specbitsmap void @_ssdm_op_SpecBitsMap, i8 %image_in"   --->   Operation 23 'specbitsmap' 'specbitsmap_ln0' <Predicate = true> <Delay = 0.00>
ST_6 : Operation 24 [1/1] (0.00ns)   --->   "%specinterface_ln0 = specinterface void @_ssdm_op_SpecInterface, i8 %image_in, void @empty, i32 0, i32 0, void @empty_0, i32 0, i32 0, void @empty_0, void @empty_0, void @empty_0, i32 0, i32 0, i32 0, i32 0, void @empty_0, void @empty_0, i32 4294967295, i32 0, i32 0"   --->   Operation 24 'specinterface' 'specinterface_ln0' <Predicate = true> <Delay = 0.00>
ST_6 : Operation 25 [1/1] (0.00ns)   --->   "%specbitsmap_ln0 = specbitsmap void @_ssdm_op_SpecBitsMap, i8 %image_out"   --->   Operation 25 'specbitsmap' 'specbitsmap_ln0' <Predicate = true> <Delay = 0.00>
ST_6 : Operation 26 [1/1] (0.00ns)   --->   "%specinterface_ln0 = specinterface void @_ssdm_op_SpecInterface, i8 %image_out, void @empty, i32 0, i32 0, void @empty_0, i32 0, i32 0, void @empty_0, void @empty_0, void @empty_0, i32 0, i32 0, i32 0, i32 0, void @empty_0, void @empty_0, i32 4294967295, i32 0, i32 0"   --->   Operation 26 'specinterface' 'specinterface_ln0' <Predicate = true> <Delay = 0.00>
ST_6 : Operation 27 [1/1] (0.00ns)   --->   "%specbitsmap_ln0 = specbitsmap void @_ssdm_op_SpecBitsMap, i32 %num_pixels"   --->   Operation 27 'specbitsmap' 'specbitsmap_ln0' <Predicate = true> <Delay = 0.00>
ST_6 : Operation 28 [1/1] (0.00ns)   --->   "%specinterface_ln0 = specinterface void @_ssdm_op_SpecInterface, i32 %num_pixels, void @empty, i32 0, i32 0, void @empty_0, i32 0, i32 0, void @empty_0, void @empty_0, void @empty_0, i32 0, i32 0, i32 0, i32 0, void @empty_0, void @empty_0, i32 4294967295, i32 0, i32 0"   --->   Operation 28 'specinterface' 'specinterface_ln0' <Predicate = true> <Delay = 0.00>
ST_6 : Operation 29 [1/1] (0.00ns)   --->   "%empty_17 = specchannel i32 @_ssdm_op_SpecChannel, void @stream_rgb_str, i32 1, void @p_str, void @p_str, i32 16, i32 16, i24 %stream_rgb, i24 %stream_rgb"   --->   Operation 29 'specchannel' 'empty_17' <Predicate = true> <Delay = 0.00>
ST_6 : Operation 30 [1/1] (0.00ns)   --->   "%specinterface_ln0 = specinterface void @_ssdm_op_SpecInterface, i24 %stream_rgb, void @empty_1, i32 0, i32 0, void @empty_0, i32 0, i32 0, void @empty_0, void @empty_0, void @empty_0, i32 0, i32 0, i32 0, i32 0, void @empty_0, void @empty_0, i32 4294967295, i32 0, i32 0"   --->   Operation 30 'specinterface' 'specinterface_ln0' <Predicate = true> <Delay = 0.00>
ST_6 : Operation 31 [1/1] (0.00ns)   --->   "%empty_18 = specchannel i32 @_ssdm_op_SpecChannel, void @stream_gray_str, i32 1, void @p_str, void @p_str, i32 16, i32 16, i8 %stream_gray, i8 %stream_gray"   --->   Operation 31 'specchannel' 'empty_18' <Predicate = true> <Delay = 0.00>
ST_6 : Operation 32 [1/1] (0.00ns)   --->   "%specinterface_ln0 = specinterface void @_ssdm_op_SpecInterface, i8 %stream_gray, void @empty_1, i32 0, i32 0, void @empty_0, i32 0, i32 0, void @empty_0, void @empty_0, void @empty_0, i32 0, i32 0, i32 0, i32 0, void @empty_0, void @empty_0, i32 4294967295, i32 0, i32 0"   --->   Operation 32 'specinterface' 'specinterface_ln0' <Predicate = true> <Delay = 0.00>
ST_6 : Operation 33 [1/2] (0.00ns)   --->   "%call_ln71 = call void @store_gray, i8 %stream_gray, i8 %image_out, i32 %num_pixels_c" [tarea3_rgb2gray/rgb2gray_kernel.cpp:71]   --->   Operation 33 'call' 'call_ln71' <Predicate = true> <Delay = 0.00> <CoreType = "Generic">   --->   Core 0 '' <Latency = 0> <II = 1> <Delay = 1.00> <Generic> <Opcode : >
ST_6 : Operation 34 [1/1] (0.00ns)   --->   "%ret_ln72 = ret" [tarea3_rgb2gray/rgb2gray_kernel.cpp:72]   --->   Operation 34 'ret' 'ret_ln72' <Predicate = true> <Delay = 0.00>


============================================================
+ Verbose Summary: Timing violations
============================================================
Target clock period: 4.000ns, clock uncertainty: 1.080ns.

 <State 1>: 1.460ns
The critical path consists of the following:
	wire read operation ('num_pixels', tarea3_rgb2gray/rgb2gray_kernel.cpp:58) on port 'num_pixels' (tarea3_rgb2gray/rgb2gray_kernel.cpp:58) [4]  (0.000 ns)
	'call' operation 0 bit ('call_ln69', tarea3_rgb2gray/rgb2gray_kernel.cpp:69) to 'load_rgb' [25]  (1.460 ns)

 <State 2>: 0.000ns
The critical path consists of the following:

 <State 3>: 0.000ns
The critical path consists of the following:

 <State 4>: 0.000ns
The critical path consists of the following:

 <State 5>: 0.000ns
The critical path consists of the following:

 <State 6>: 0.000ns
The critical path consists of the following:


============================================================
+ Verbose Summary: Binding
============================================================
N/A
* FSMD analyzer results:
  - Output states:
 - Input state : 
  - Chain level:
	State 1
	State 2
	State 3
	State 4
	State 5
	State 6


============================================================
+ Verbose Summary: Datapath Resource usage 
============================================================
N/A
