

================================================================
== Vitis HLS Report for 'rgb2gray_top'
================================================================
* Date:           Sat Jul 11 13:45:48 2026

* Version:        2024.1 (Build 5069499 on May 21 2024)
* Project:        tarea3_rgb2gray
* Solution:       solution1 (Vivado IP Flow Target)
* Product family: zynquplus
* Target device:  xck26-sfvc784-2LV-c


================================================================
== Performance Estimates
================================================================
+ Timing: 
    * Summary: 
    +--------+---------+----------+------------+
    |  Clock |  Target | Estimated| Uncertainty|
    +--------+---------+----------+------------+
    |ap_clk  |  4.00 ns|  2.920 ns|     1.08 ns|
    +--------+---------+----------+------------+

+ Latency: 
    * Summary: 
    +---------+---------+----------+----------+-----+-----+----------+
    |  Latency (cycles) |  Latency (absolute) |  Interval | Pipeline |
    |   min   |   max   |    min   |    max   | min | max |   Type   |
    +---------+---------+----------+----------+-----+-----+----------+
    |        ?|        ?|         ?|         ?|    ?|    ?|  dataflow|
    +---------+---------+----------+----------+-----+-----+----------+

    + Detail: 
        * Instance: 
        +-----------------+--------------+---------+---------+----------+----------+-----+-----+---------+
        |                 |              |  Latency (cycles) |  Latency (absolute) |  Interval | Pipeline|
        |     Instance    |    Module    |   min   |   max   |    min   |    max   | min | max |   Type  |
        +-----------------+--------------+---------+---------+----------+----------+-----+-----+---------+
        |load_rgb_U0      |load_rgb      |        ?|        ?|         ?|         ?|    ?|    ?|       no|
        |process_gray_U0  |process_gray  |        ?|        ?|         ?|         ?|    ?|    ?|       no|
        |store_gray_U0    |store_gray    |        ?|        ?|         ?|         ?|    ?|    ?|       no|
        +-----------------+--------------+---------+---------+----------+----------+-----+-----+---------+

        * Loop: 
        N/A



================================================================
== Utilization Estimates
================================================================
* Summary: 
+-----------------+---------+------+--------+--------+-----+
|       Name      | BRAM_18K|  DSP |   FF   |   LUT  | URAM|
+-----------------+---------+------+--------+--------+-----+
|DSP              |        -|     -|       -|       -|    -|
|Expression       |        -|     -|       0|       2|    -|
|FIFO             |        -|     -|     396|     268|    -|
|Instance         |        -|     3|     275|     662|    -|
|Memory           |        -|     -|       -|       -|    -|
|Multiplexer      |        -|     -|       -|       -|    -|
|Register         |        -|     -|       -|       -|    -|
+-----------------+---------+------+--------+--------+-----+
|Total            |        0|     3|     671|     932|    0|
+-----------------+---------+------+--------+--------+-----+
|Available        |      288|  1248|  234240|  117120|   64|
+-----------------+---------+------+--------+--------+-----+
|Utilization (%)  |        0|    ~0|      ~0|      ~0|    0|
+-----------------+---------+------+--------+--------+-----+

+ Detail: 
    * Instance: 
    +-----------------+--------------+---------+----+-----+-----+-----+
    |     Instance    |    Module    | BRAM_18K| DSP|  FF | LUT | URAM|
    +-----------------+--------------+---------+----+-----+-----+-----+
    |load_rgb_U0      |load_rgb      |        0|   0|   65|  185|    0|
    |process_gray_U0  |process_gray  |        0|   3|  120|  247|    0|
    |store_gray_U0    |store_gray    |        0|   0|   90|  230|    0|
    +-----------------+--------------+---------+----+-----+-----+-----+
    |Total            |              |        0|   3|  275|  662|    0|
    +-----------------+--------------+---------+----+-----+-----+-----+

    * DSP: 
    N/A

    * Memory: 
    N/A

    * FIFO: 
    +-----------------+---------+----+----+-----+------+-----+---------+
    |       Name      | BRAM_18K| FF | LUT| URAM| Depth| Bits| Size:D*B|
    +-----------------+---------+----+----+-----+------+-----+---------+
    |num_pixels_c1_U  |        0|  99|   0|    -|     2|   32|       64|
    |num_pixels_c_U   |        0|  99|   0|    -|     2|   32|       64|
    |stream_gray_U    |        0|  99|   0|    -|    16|    8|      128|
    |stream_rgb_U     |        0|  99|   0|    -|    16|   24|      384|
    +-----------------+---------+----+----+-----+------+-----+---------+
    |Total            |        0| 396|   0|    0|    36|   96|      640|
    +-----------------+---------+----+----+-----+------+-----+---------+

    * Expression: 
    +--------------+----------+----+---+----+------------+------------+
    | Variable Name| Operation| DSP| FF| LUT| Bitwidth P0| Bitwidth P1|
    +--------------+----------+----+---+----+------------+------------+
    |ap_idle       |       and|   0|  0|   2|           1|           1|
    +--------------+----------+----+---+----+------------+------------+
    |Total         |          |   0|  0|   2|           1|           1|
    +--------------+----------+----+---+----+------------+------------+

    * Multiplexer: 
    N/A

    * Register: 
    N/A



================================================================
== Interface
================================================================
* Summary: 
+------------------+-----+-----+------------+--------------+--------------+
|     RTL Ports    | Dir | Bits|  Protocol  | Source Object|    C Type    |
+------------------+-----+-----+------------+--------------+--------------+
|image_in          |   in|    8|     ap_none|      image_in|       pointer|
|image_out         |  out|    8|      ap_vld|     image_out|       pointer|
|image_out_ap_vld  |  out|    1|      ap_vld|     image_out|       pointer|
|num_pixels        |   in|   32|     ap_none|    num_pixels|        scalar|
|ap_clk            |   in|    1|  ap_ctrl_hs|  rgb2gray_top|  return value|
|ap_rst            |   in|    1|  ap_ctrl_hs|  rgb2gray_top|  return value|
|ap_start          |   in|    1|  ap_ctrl_hs|  rgb2gray_top|  return value|
|ap_done           |  out|    1|  ap_ctrl_hs|  rgb2gray_top|  return value|
|ap_ready          |  out|    1|  ap_ctrl_hs|  rgb2gray_top|  return value|
|ap_idle           |  out|    1|  ap_ctrl_hs|  rgb2gray_top|  return value|
+------------------+-----+-----+------------+--------------+--------------+

============================================================
+ Verbose Summary: Synthesis Manager
============================================================
InlineROM: 1
ExposeGlobal: 0
============================================================
+ Verbose Summary: CDFG Model
============================================================
IsTopModel: 1
ResetActiveHigh: 1
IsCombinational: 2
IsDatapathOnly: 2
HasWiredReturn: 1
HasMFsm: 0
HasVarLatency: 1
IsPipeline: 0
IsRtlPipelined: 0
IsInstanceOverlapped: 0
IsDontTouch: 0
HasImplIP: 0
IsGatedGlobalClock: 0


============================================================
+ Verbose Summary: Schedule
============================================================
* Number of FSM states : 6
* Pipeline : 0
* Dataflow Pipeline: 1
  DF-Pipeline-0: Size = 6, States = { 1 2 3 4 5 6 }

* FSM state transitions: 
1 --> 2 
2 --> 3 
3 --> 4 
4 --> 5 
5 --> 6 
6 --> 

* FSM state operations: 

State 1 <SV = 0> <Delay = 1.46>
ST_1 : Operation 7 [1/1] (0.00ns)   --->   "%num_pixels_read = read i32 @_ssdm_op_Read.ap_auto.i32, i32 %num_pixels" [tarea3_rgb2gray/rgb2gray_kernel.cpp:58]   --->   Operation 7 'read' 'num_pixels_read' <Predicate = true> <Delay = 0.00>
ST_1 : Operation 8 [1/1] (0.00ns)   --->   "%num_pixels_c1 = alloca i64 1" [tarea3_rgb2gray/rgb2gray_kernel.cpp:58]   --->   Operation 8 'alloca' 'num_pixels_c1' <Predicate = true> <Delay = 0.00> <CoreInst = "FIFO_SRL">   --->   Core 80 'FIFO_SRL' <Latency = 0> <II = 1> <Delay = 1.83> <Storage> <Opcode : 'read' 'write' 'nbread' 'nbwrite'> <Ports = 0> <Width = 32> <Depth = 2> <FIFO>
ST_1 : Operation 9 [1/1] (0.00ns)   --->   "%num_pixels_c = alloca i64 1" [tarea3_rgb2gray/rgb2gray_kernel.cpp:58]   --->   Operation 9 'alloca' 'num_pixels_c' <Predicate = true> <Delay = 0.00> <CoreInst = "FIFO_SRL">   --->   Core 80 'FIFO_SRL' <Latency = 0> <II = 1> <Delay = 1.83> <Storage> <Opcode : 'read' 'write' 'nbread' 'nbwrite'> <Ports = 0> <Width = 32> <Depth = 2> <FIFO>
ST_1 : Operation 10 [1/1] (0.00ns)   --->   "%stream_rgb = alloca i64 1"   --->   Operation 10 'alloca' 'stream_rgb' <Predicate = true> <Delay = 0.00> <CoreInst = "FIFO_SRL">   --->   Core 80 'FIFO_SRL' <Latency = 0> <II = 1> <Delay = 2.04> <Storage> <Opcode : 'read' 'write' 'nbread' 'nbwrite'> <Ports = 0> <Width = 24> <Depth = 16> <FIFO>
ST_1 : Operation 11 [1/1] (0.00ns)   --->   "%stream_gray = alloca i64 1" [tarea3_rgb2gray/rgb2gray_kernel.cpp:62]   --->   Operation 11 'alloca' 'stream_gray' <Predicate = true> <Delay = 0.00> <CoreInst = "FIFO_SRL">   --->   Core 80 'FIFO_SRL' <Latency = 0> <II = 1> <Delay = 2.04> <Storage> <Opcode : 'read' 'write' 'nbread' 'nbwrite'> <Ports = 0> <Width = 8> <Depth = 16> <FIFO>
ST_1 : Operation 12 [2/2] (1.46ns)   --->   "%call_ln69 = call void @load_rgb, i8 %image_in, i24 %stream_rgb, i32 %num_pixels_read, i32 %num_pixels_c1" [tarea3_rgb2gray/rgb2gray_kernel.cpp:69]   --->   Operation 12 'call' 'call_ln69' <Predicate = true> <Delay = 1.46> <CoreType = "Generic">   --->   Core 0 '' <Latency = 0> <II = 1> <Delay = 1.00> <Generic> <Opcode : >

State 2 <SV = 1> <Delay = 0.00>
ST_2 : Operation 13 [1/2] (0.00ns)   --->   "%call_ln69 = call void @load_rgb, i8 %image_in, i24 %stream_rgb, i32 %num_pixels_read, i32 %num_pixels_c1" [tarea3_rgb2gray/rgb2gray_kernel.cpp:69]   --->   Operation 13 'call' 'call_ln69' <Predicate = true> <Delay = 0.00> <CoreType = "Generic">   --->   Core 0 '' <Latency = 0> <II = 1> <Delay = 1.00> <Generic> <Opcode : >

State 3 <SV = 2> <Delay = 0.00>
ST_3 : Operation 14 [2/2] (0.00ns)   --->   "%call_ln70 = call void @process_gray, i24 %stream_rgb, i8 %stream_gray, i32 %num_pixels_c1, i32 %num_pixels_c" [tarea3_rgb2gray/rgb2gray_kernel.cpp:70]   --->   Operation 14 'call' 'call_ln70' <Predicate = true> <Delay = 0.00> <CoreType = "Generic">   --->   Core 0 '' <Latency = 0> <II = 1> <Delay = 1.00> <Generic> <Opcode : >

State 4 <SV = 3> <Delay = 0.00>
ST_4 : Operation 15 [1/2] (0.00ns)   --->   "%call_ln70 = call void @process_gray, i24 %stream_rgb, i8 %stream_gray, i32 %num_pixels_c1, i32 %num_pixels_c" [tarea3_rgb2gray/rgb2gray_kernel.cpp:70]   --->   Operation 15 'call' 'call_ln70' <Predicate = true> <Delay = 0.00> <CoreType = "Generic">   --->   Core 0 '' <Latency = 0> <II = 1> <Delay = 1.00> <Generic> <Opcode : >

State 5 <SV = 4> <Delay = 0.00>
ST_5 : Operation 16 [2/2] (0.00ns)   --->   "%call_ln71 = call void @store_gray, i8 %stream_gray, i8 %image_out, i32 %num_pixels_c" [tarea3_rgb2gray/rgb2gray_kernel.cpp:71]   --->   Operation 16 'call' 'call_ln71' <Predicate = true> <Delay = 0.00> <CoreType = "Generic">   --->   Core 0 '' <Latency = 0> <II = 1> <Delay = 1.00> <Generic> <Opcode : >

State 6 <SV = 5> <Delay = 0.00>
ST_6 : Operation 17 [1/1] (0.00ns)   --->   "%empty = specchannel i32 @_ssdm_op_SpecChannel, void @num_pixels_c1_str, i32 1, void @p_str, void @p_str, i32 2, i32 0, i32 %num_pixels_c1, i32 %num_pixels_c1" [tarea3_rgb2gray/rgb2gray_kernel.cpp:58]   --->   Operation 17 'specchannel' 'empty' <Predicate = true> <Delay = 0.00>
ST_6 : Operation 18 [1/1] (0.00ns)   --->   "%specinterface_ln58 = specinterface void @_ssdm_op_SpecInterface, i32 %num_pixels_c1, void @ap_fifo_str, i32 0, i32 0, void @p_str, i32 0, i32 0, void @p_str, void @p_str, void @p_str, i32 2, i32 2, i32 16, i32 16, void @p_str, void @p_str, i32 4294967295, i32 0, i32 0" [tarea3_rgb2gray/rgb2gray_kernel.cpp:58]   --->   Operation 18 'specinterface' 'specinterface_ln58' <Predicate = true> <Delay = 0.00>
ST_6 : Operation 19 [1/1] (0.00ns)   --->   "%empty_16 = specchannel i32 @_ssdm_op_SpecChannel, void @num_pixels_c_str, i32 1, void @p_str, void @p_str, i32 2, i32 0, i32 %num_pixels_c, i32 %num_pixels_c" [tarea3_rgb2gray/rgb2gray_kernel.cpp:58]   --->   Operation 19 'specchannel' 'empty_16' <Predicate = true> <Delay = 0.00>
ST_6 : Operation 20 [1/1] (0.00ns)   --->   "%specinterface_ln58 = specinterface void @_ssdm_op_SpecInterface, i32 %num_pixels_c, void @ap_fifo_str, i32 0, i32 0, void @p_str, i32 0, i32 0, void @p_str, void @p_str, void @p_str, i32 2, i32 2, i32 16, i32 16, void @p_str, void @p_str, i32 4294967295, i32 0, i32 0" [tarea3_rgb2gray/rgb2gray_kernel.cpp:58]   --->   Operation 20 'specinterface' 'specinterface_ln58' <Predicate = true> <Delay = 0.00>
ST_6 : Operation 21 [1/1] (0.00ns)   --->   "%specdataflowpipeline_ln58 = specdataflowpipeline void @_ssdm_op_SpecDataflowPipeline, i32 4294967295, i32 0, void @empty_0" [tarea3_rgb2gray/rgb2gray_kernel.cpp:58]   --->   Operation 21 'specdataflowpipeline' 'specdataflowpipeline_ln58' <Predicate = true> <Delay = 0.00>
ST_6 : Operation 22 [1/1] (0.00ns)   --->   "%spectopmodule_ln55 = spectopmodule void @_ssdm_op_SpecTopModule, void @empty_5" [tarea3_rgb2gray/rgb2gray_kernel.cpp:55]   --->   Operation 22 'spectopmodule' 'spectopmodule_ln55' <Predicate = true> <Delay = 0.00>
ST_6 : Operation 23 [1/1] (0.00ns)   --->   "%specbitsmap_ln0 = specbitsmap void @_ssdm_op_SpecBitsMap, i8 %image_in"   --->   Operation 23 'specbitsmap' 'specbitsmap_ln0' <Predicate = true> <Delay = 0.00>
ST_6 : Operation 24 [1/1] (0.00ns)   --->   "%specinterface_ln0 = specinterface void @_ssdm_op_SpecInterface, i8 %image_in, void @empty, i32 0, i32 0, void @empty_0, i32 0, i32 0, void @empty_0, void @empty_0, void @empty_0, i32 0, i32 0, i32 0, i32 0, void @empty_0, void @empty_0, i32 4294967295, i32 0, i32 0"   --->   Operation 24 'specinterface' 'specinterface_ln0' <Predicate = true> <Delay = 0.00>
ST_6 : Operation 25 [1/1] (0.00ns)   --->   "%specbitsmap_ln0 = specbitsmap void @_ssdm_op_SpecBitsMap, i8 %image_out"   --->   Operation 25 'specbitsmap' 'specbitsmap_ln0' <Predicate = true> <Delay = 0.00>
ST_6 : Operation 26 [1/1] (0.00ns)   --->   "%specinterface_ln0 = specinterface void @_ssdm_op_SpecInterface, i8 %image_out, void @empty, i32 0, i32 0, void @empty_0, i32 0, i32 0, void @empty_0, void @empty_0, void @empty_0, i32 0, i32 0, i32 0, i32 0, void @empty_0, void @empty_0, i32 4294967295, i32 0, i32 0"   --->   Operation 26 'specinterface' 'specinterface_ln0' <Predicate = true> <Delay = 0.00>
ST_6 : Operation 27 [1/1] (0.00ns)   --->   "%specbitsmap_ln0 = specbitsmap void @_ssdm_op_SpecBitsMap, i32 %num_pixels"   --->   Operation 27 'specbitsmap' 'specbitsmap_ln0' <Predicate = true> <Delay = 0.00>
ST_6 : Operation 28 [1/1] (0.00ns)   --->   "%specinterface_ln0 = specinterface void @_ssdm_op_SpecInterface, i32 %num_pixels, void @empty, i32 0, i32 0, void @empty_0, i32 0, i32 0, void @empty_0, void @empty_0, void @empty_0, i32 0, i32 0, i32 0, i32 0, void @empty_0, void @empty_0, i32 4294967295, i32 0, i32 0"   --->   Operation 28 'specinterface' 'specinterface_ln0' <Predicate = true> <Delay = 0.00>
ST_6 : Operation 29 [1/1] (0.00ns)   --->   "%empty_17 = specchannel i32 @_ssdm_op_SpecChannel, void @stream_rgb_str, i32 1, void @p_str, void @p_str, i32 16, i32 16, i24 %stream_rgb, i24 %stream_rgb"   --->   Operation 29 'specchannel' 'empty_17' <Predicate = true> <Delay = 0.00>
ST_6 : Operation 30 [1/1] (0.00ns)   --->   "%specinterface_ln0 = specinterface void @_ssdm_op_SpecInterface, i24 %stream_rgb, void @empty_1, i32 0, i32 0, void @empty_0, i32 0, i32 0, void @empty_0, void @empty_0, void @empty_0, i32 0, i32 0, i32 0, i32 0, void @empty_0, void @empty_0, i32 4294967295, i32 0, i32 0"   --->   Operation 30 'specinterface' 'specinterface_ln0' <Predicate = true> <Delay = 0.00>
ST_6 : Operation 31 [1/1] (0.00ns)   --->   "%empty_18 = specchannel i32 @_ssdm_op_SpecChannel, void @stream_gray_str, i32 1, void @p_str, void @p_str, i32 16, i32 16, i8 %stream_gray, i8 %stream_gray"   --->   Operation 31 'specchannel' 'empty_18' <Predicate = true> <Delay = 0.00>
ST_6 : Operation 32 [1/1] (0.00ns)   --->   "%specinterface_ln0 = specinterface void @_ssdm_op_SpecInterface, i8 %stream_gray, void @empty_1, i32 0, i32 0, void @empty_0, i32 0, i32 0, void @empty_0, void @empty_0, void @empty_0, i32 0, i32 0, i32 0, i32 0, void @empty_0, void @empty_0, i32 4294967295, i32 0, i32 0"   --->   Operation 32 'specinterface' 'specinterface_ln0' <Predicate = true> <Delay = 0.00>
ST_6 : Operation 33 [1/2] (0.00ns)   --->   "%call_ln71 = call void @store_gray, i8 %stream_gray, i8 %image_out, i32 %num_pixels_c" [tarea3_rgb2gray/rgb2gray_kernel.cpp:71]   --->   Operation 33 'call' 'call_ln71' <Predicate = true> <Delay = 0.00> <CoreType = "Generic">   --->   Core 0 '' <Latency = 0> <II = 1> <Delay = 1.00> <Generic> <Opcode : >
ST_6 : Operation 34 [1/1] (0.00ns)   --->   "%ret_ln72 = ret" [tarea3_rgb2gray/rgb2gray_kernel.cpp:72]   --->   Operation 34 'ret' 'ret_ln72' <Predicate = true> <Delay = 0.00>


============================================================
+ Verbose Summary: Binding
============================================================
STG Binding: 
---------------- STG Properties BEGIN ----------------
- Is combinational: 0
- Is one-state seq: 0
- Is datapath-only: 0
- Is pipelined: 0
- Is top level: 1
Port [ Return ] is wired: 1; IO mode=ap_ctrl_hs:ce=0
Port [ image_in]:  wired=1; compound=0; hidden=0; nouse=0; global=0; static=0; extern=0; dir=0; type=0; pingpong=0; private_global=0; IO mode=ap_none:ce=0
Port [ image_out]:  wired=1; compound=0; hidden=0; nouse=0; global=0; static=0; extern=0; dir=1; type=0; pingpong=0; private_global=0; IO mode=ap_vld:ce=0
Port [ num_pixels]:  wired=1; compound=0; hidden=0; nouse=0; global=0; static=0; extern=0; dir=0; type=0; pingpong=0; private_global=0; IO mode=ap_none:ce=0
---------------- STG Properties END ------------------

---------------- Datapath Model BEGIN ----------------

<LifeTime>
<method=bitvector/>
num_pixels_read           (read                ) [ 0010000]
num_pixels_c1             (alloca              ) [ 0111111]
num_pixels_c              (alloca              ) [ 0011111]
stream_rgb                (alloca              ) [ 0111111]
stream_gray               (alloca              ) [ 0011111]
call_ln69                 (call                ) [ 0000000]
call_ln70                 (call                ) [ 0000000]
empty                     (specchannel         ) [ 0000000]
specinterface_ln58        (specinterface       ) [ 0000000]
empty_16                  (specchannel         ) [ 0000000]
specinterface_ln58        (specinterface       ) [ 0000000]
specdataflowpipeline_ln58 (specdataflowpipeline) [ 0000000]
spectopmodule_ln55        (spectopmodule       ) [ 0000000]
specbitsmap_ln0           (specbitsmap         ) [ 0000000]
specinterface_ln0         (specinterface       ) [ 0000000]
specbitsmap_ln0           (specbitsmap         ) [ 0000000]
specinterface_ln0         (specinterface       ) [ 0000000]
specbitsmap_ln0           (specbitsmap         ) [ 0000000]
specinterface_ln0         (specinterface       ) [ 0000000]
empty_17                  (specchannel         ) [ 0000000]
specinterface_ln0         (specinterface       ) [ 0000000]
empty_18                  (specchannel         ) [ 0000000]
specinterface_ln0         (specinterface       ) [ 0000000]
call_ln71                 (call                ) [ 0000000]
ret_ln72                  (ret                 ) [ 0000000]
</LifeTime>

<model>

<comp_list>
<comp id="0" class="1000" name="image_in">
<pin_list>
<pin id="1" dir="1" index="0" bw="1" slack="0"/>
</pin_list>
<bind>
<StgValue><ssdm name="image_in"/></StgValue>
</bind>
</comp>

<comp id="2" class="1000" name="image_out">
<pin_list>
<pin id="3" dir="1" index="0" bw="1" slack="0"/>
</pin_list>
<bind>
<StgValue><ssdm name="image_out"/></StgValue>
</bind>
</comp>

<comp id="4" class="1000" name="num_pixels">
<pin_list>
<pin id="5" dir="1" index="0" bw="1" slack="0"/>
</pin_list>
<bind>
<StgValue><ssdm name="num_pixels"/></StgValue>
</bind>
</comp>

<comp id="6" class="1001" name="const_6">
<pin_list>
<pin id="7" dir="1" index="0" bw="1" slack="0"/>
</pin_list>
<bind>
<StgValue><ssdm name="_ssdm_op_Read.ap_auto.i32"/></StgValue>
</bind>
</comp>

<comp id="8" class="1001" name="const_8">
<pin_list>
<pin id="9" dir="1" index="0" bw="1" slack="0"/>
</pin_list>
<bind>
<StgValue><ssdm name=""/></StgValue>
</bind>
</comp>

<comp id="10" class="1001" name="const_10">
<pin_list>
<pin id="11" dir="1" index="0" bw="1" slack="0"/>
</pin_list>
<bind>
<StgValue><ssdm name="load_rgb"/></StgValue>
</bind>
</comp>

<comp id="12" class="1001" name="const_12">
<pin_list>
<pin id="13" dir="1" index="0" bw="1" slack="0"/>
</pin_list>
<bind>
<StgValue><ssdm name="process_gray"/></StgValue>
</bind>
</comp>

<comp id="14" class="1001" name="const_14">
<pin_list>
<pin id="15" dir="1" index="0" bw="1" slack="0"/>
</pin_list>
<bind>
<StgValue><ssdm name="store_gray"/></StgValue>
</bind>
</comp>

<comp id="16" class="1001" name="const_16">
<pin_list>
<pin id="17" dir="1" index="0" bw="1" slack="2147483647"/>
</pin_list>
<bind>
<StgValue><ssdm name="_ssdm_op_SpecChannel"/></StgValue>
</bind>
</comp>

<comp id="18" class="1001" name="const_18">
<pin_list>
<pin id="19" dir="1" index="0" bw="1" slack="2147483647"/>
</pin_list>
<bind>
<StgValue><ssdm name="num_pixels_c1_str"/></StgValue>
</bind>
</comp>

<comp id="20" class="1001" name="const_20">
<pin_list>
<pin id="21" dir="1" index="0" bw="1" slack="2147483647"/>
</pin_list>
<bind>
<StgValue><ssdm name=""/></StgValue>
</bind>
</comp>

<comp id="22" class="1001" name="const_22">
<pin_list>
<pin id="23" dir="1" index="0" bw="1" slack="2147483647"/>
</pin_list>
<bind>
<StgValue><ssdm name="p_str"/></StgValue>
</bind>
</comp>

<comp id="24" class="1001" name="const_24">
<pin_list>
<pin id="25" dir="1" index="0" bw="1" slack="2147483647"/>
</pin_list>
<bind>
<StgValue><ssdm name=""/></StgValue>
</bind>
</comp>

<comp id="26" class="1001" name="const_26">
<pin_list>
<pin id="27" dir="1" index="0" bw="1" slack="2147483647"/>
</pin_list>
<bind>
<StgValue><ssdm name=""/></StgValue>
</bind>
</comp>

<comp id="28" class="1001" name="const_28">
<pin_list>
<pin id="29" dir="1" index="0" bw="1" slack="2147483647"/>
</pin_list>
<bind>
<StgValue><ssdm name="_ssdm_op_SpecInterface"/></StgValue>
</bind>
</comp>

<comp id="30" class="1001" name="const_30">
<pin_list>
<pin id="31" dir="1" index="0" bw="1" slack="2147483647"/>
</pin_list>
<bind>
<StgValue><ssdm name="ap_fifo_str"/></StgValue>
</bind>
</comp>

<comp id="32" class="1001" name="const_32">
<pin_list>
<pin id="33" dir="1" index="0" bw="1" slack="2147483647"/>
</pin_list>
<bind>
<StgValue><ssdm name=""/></StgValue>
</bind>
</comp>

<comp id="34" class="1001" name="const_34">
<pin_list>
<pin id="35" dir="1" index="0" bw="1" slack="2147483647"/>
</pin_list>
<bind>
<StgValue><ssdm name=""/></StgValue>
</bind>
</comp>

<comp id="36" class="1001" name="const_36">
<pin_list>
<pin id="37" dir="1" index="0" bw="1" slack="2147483647"/>
</pin_list>
<bind>
<StgValue><ssdm name="num_pixels_c_str"/></StgValue>
</bind>
</comp>

<comp id="38" class="1001" name="const_38">
<pin_list>
<pin id="39" dir="1" index="0" bw="1" slack="2147483647"/>
</pin_list>
<bind>
<StgValue><ssdm name="_ssdm_op_SpecDataflowPipeline"/></StgValue>
</bind>
</comp>

<comp id="40" class="1001" name="const_40">
<pin_list>
<pin id="41" dir="1" index="0" bw="1" slack="2147483647"/>
</pin_list>
<bind>
<StgValue><ssdm name="empty_0"/></StgValue>
</bind>
</comp>

<comp id="42" class="1001" name="const_42">
<pin_list>
<pin id="43" dir="1" index="0" bw="1" slack="2147483647"/>
</pin_list>
<bind>
<StgValue><ssdm name="_ssdm_op_SpecTopModule"/></StgValue>
</bind>
</comp>

<comp id="44" class="1001" name="const_44">
<pin_list>
<pin id="45" dir="1" index="0" bw="1" slack="2147483647"/>
</pin_list>
<bind>
<StgValue><ssdm name="empty_5"/></StgValue>
</bind>
</comp>

<comp id="46" class="1001" name="const_46">
<pin_list>
<pin id="47" dir="1" index="0" bw="1" slack="2147483647"/>
</pin_list>
<bind>
<StgValue><ssdm name="_ssdm_op_SpecBitsMap"/></StgValue>
</bind>
</comp>

<comp id="48" class="1001" name="const_48">
<pin_list>
<pin id="49" dir="1" index="0" bw="1" slack="2147483647"/>
</pin_list>
<bind>
<StgValue><ssdm name="empty"/></StgValue>
</bind>
</comp>

<comp id="50" class="1001" name="const_50">
<pin_list>
<pin id="51" dir="1" index="0" bw="1" slack="2147483647"/>
</pin_list>
<bind>
<StgValue><ssdm name="stream_rgb_str"/></StgValue>
</bind>
</comp>

<comp id="52" class="1001" name="const_52">
<pin_list>
<pin id="53" dir="1" index="0" bw="1" slack="2147483647"/>
</pin_list>
<bind>
<StgValue><ssdm name="empty_1"/></StgValue>
</bind>
</comp>

<comp id="54" class="1001" name="const_54">
<pin_list>
<pin id="55" dir="1" index="0" bw="1" slack="2147483647"/>
</pin_list>
<bind>
<StgValue><ssdm name="stream_gray_str"/></StgValue>
</bind>
</comp>

<comp id="56" class="1004" name="num_pixels_c1_fu_56">
<pin_list>
<pin id="57" dir="0" index="0" bw="1" slack="0"/>
<pin id="58" dir="1" index="1" bw="32" slack="0"/>
</pin_list>
<bind>
<opcode="alloca(26) " fcode="alloca"/>
<opset="num_pixels_c1/1 "/>
</bind>
</comp>

<comp id="60" class="1004" name="num_pixels_c_fu_60">
<pin_list>
<pin id="61" dir="0" index="0" bw="1" slack="0"/>
<pin id="62" dir="1" index="1" bw="32" slack="2"/>
</pin_list>
<bind>
<opcode="alloca(26) " fcode="alloca"/>
<opset="num_pixels_c/1 "/>
</bind>
</comp>

<comp id="64" class="1004" name="stream_rgb_fu_64">
<pin_list>
<pin id="65" dir="0" index="0" bw="1" slack="0"/>
<pin id="66" dir="1" index="1" bw="24" slack="0"/>
</pin_list>
<bind>
<opcode="alloca(26) " fcode="alloca"/>
<opset="stream_rgb/1 "/>
</bind>
</comp>

<comp id="68" class="1004" name="stream_gray_fu_68">
<pin_list>
<pin id="69" dir="0" index="0" bw="1" slack="0"/>
<pin id="70" dir="1" index="1" bw="8" slack="2"/>
</pin_list>
<bind>
<opcode="alloca(26) " fcode="alloca"/>
<opset="stream_gray/1 "/>
</bind>
</comp>

<comp id="72" class="1004" name="num_pixels_read_read_fu_72">
<pin_list>
<pin id="73" dir="0" index="0" bw="32" slack="0"/>
<pin id="74" dir="0" index="1" bw="32" slack="0"/>
<pin id="75" dir="1" index="2" bw="32" slack="0"/>
</pin_list>
<bind>
<opcode="read(1150) " fcode="read"/>
<opset="num_pixels_read/1 "/>
</bind>
</comp>

<comp id="78" class="1004" name="grp_load_rgb_fu_78">
<pin_list>
<pin id="79" dir="0" index="0" bw="0" slack="0"/>
<pin id="80" dir="0" index="1" bw="8" slack="0"/>
<pin id="81" dir="0" index="2" bw="24" slack="0"/>
<pin id="82" dir="0" index="3" bw="32" slack="0"/>
<pin id="83" dir="0" index="4" bw="32" slack="0"/>
<pin id="84" dir="1" index="5" bw="0" slack="2147483647"/>
</pin_list>
<bind>
<opcode="call(48) " fcode="call"/>
<opset="call_ln69/1 "/>
</bind>
</comp>

<comp id="88" class="1004" name="grp_process_gray_fu_88">
<pin_list>
<pin id="89" dir="0" index="0" bw="0" slack="0"/>
<pin id="90" dir="0" index="1" bw="24" slack="2"/>
<pin id="91" dir="0" index="2" bw="8" slack="2"/>
<pin id="92" dir="0" index="3" bw="32" slack="2"/>
<pin id="93" dir="0" index="4" bw="32" slack="2"/>
<pin id="94" dir="1" index="5" bw="0" slack="2147483647"/>
</pin_list>
<bind>
<opcode="call(48) " fcode="call"/>
<opset="call_ln70/3 "/>
</bind>
</comp>

<comp id="96" class="1004" name="grp_store_gray_fu_96">
<pin_list>
<pin id="97" dir="0" index="0" bw="0" slack="0"/>
<pin id="98" dir="0" index="1" bw="8" slack="4"/>
<pin id="99" dir="0" index="2" bw="8" slack="0"/>
<pin id="100" dir="0" index="3" bw="32" slack="4"/>
<pin id="101" dir="1" index="4" bw="0" slack="2147483647"/>
</pin_list>
<bind>
<opcode="call(48) " fcode="call"/>
<opset="call_ln71/5 "/>
</bind>
</comp>

<comp id="104" class="1005" name="num_pixels_read_reg_104">
<pin_list>
<pin id="105" dir="0" index="0" bw="32" slack="1"/>
<pin id="106" dir="1" index="1" bw="32" slack="1"/>
</pin_list>
<bind>
<opset="num_pixels_read "/>
</bind>
</comp>

<comp id="109" class="1005" name="num_pixels_c1_reg_109">
<pin_list>
<pin id="110" dir="0" index="0" bw="32" slack="0"/>
<pin id="111" dir="1" index="1" bw="32" slack="0"/>
</pin_list>
<bind>
<opset="num_pixels_c1 "/>
</bind>
</comp>

<comp id="115" class="1005" name="num_pixels_c_reg_115">
<pin_list>
<pin id="116" dir="0" index="0" bw="32" slack="2"/>
<pin id="117" dir="1" index="1" bw="32" slack="2"/>
</pin_list>
<bind>
<opset="num_pixels_c "/>
</bind>
</comp>

<comp id="121" class="1005" name="stream_rgb_reg_121">
<pin_list>
<pin id="122" dir="0" index="0" bw="24" slack="0"/>
<pin id="123" dir="1" index="1" bw="24" slack="0"/>
</pin_list>
<bind>
<opset="stream_rgb "/>
</bind>
</comp>

<comp id="127" class="1005" name="stream_gray_reg_127">
<pin_list>
<pin id="128" dir="0" index="0" bw="8" slack="2"/>
<pin id="129" dir="1" index="1" bw="8" slack="2"/>
</pin_list>
<bind>
<opset="stream_gray "/>
</bind>
</comp>

</comp_list>

<net_list>
<net id="59"><net_src comp="8" pin="0"/><net_sink comp="56" pin=0"/></net>

<net id="63"><net_src comp="8" pin="0"/><net_sink comp="60" pin=0"/></net>

<net id="67"><net_src comp="8" pin="0"/><net_sink comp="64" pin=0"/></net>

<net id="71"><net_src comp="8" pin="0"/><net_sink comp="68" pin=0"/></net>

<net id="76"><net_src comp="6" pin="0"/><net_sink comp="72" pin=0"/></net>

<net id="77"><net_src comp="4" pin="0"/><net_sink comp="72" pin=1"/></net>

<net id="85"><net_src comp="10" pin="0"/><net_sink comp="78" pin=0"/></net>

<net id="86"><net_src comp="0" pin="0"/><net_sink comp="78" pin=1"/></net>

<net id="87"><net_src comp="72" pin="2"/><net_sink comp="78" pin=3"/></net>

<net id="95"><net_src comp="12" pin="0"/><net_sink comp="88" pin=0"/></net>

<net id="102"><net_src comp="14" pin="0"/><net_sink comp="96" pin=0"/></net>

<net id="103"><net_src comp="2" pin="0"/><net_sink comp="96" pin=2"/></net>

<net id="107"><net_src comp="72" pin="2"/><net_sink comp="104" pin=0"/></net>

<net id="108"><net_src comp="104" pin="1"/><net_sink comp="78" pin=3"/></net>

<net id="112"><net_src comp="56" pin="1"/><net_sink comp="109" pin=0"/></net>

<net id="113"><net_src comp="109" pin="1"/><net_sink comp="78" pin=4"/></net>

<net id="114"><net_src comp="109" pin="1"/><net_sink comp="88" pin=3"/></net>

<net id="118"><net_src comp="60" pin="1"/><net_sink comp="115" pin=0"/></net>

<net id="119"><net_src comp="115" pin="1"/><net_sink comp="88" pin=4"/></net>

<net id="120"><net_src comp="115" pin="1"/><net_sink comp="96" pin=3"/></net>

<net id="124"><net_src comp="64" pin="1"/><net_sink comp="121" pin=0"/></net>

<net id="125"><net_src comp="121" pin="1"/><net_sink comp="78" pin=2"/></net>

<net id="126"><net_src comp="121" pin="1"/><net_sink comp="88" pin=1"/></net>

<net id="130"><net_src comp="68" pin="1"/><net_sink comp="127" pin=0"/></net>

<net id="131"><net_src comp="127" pin="1"/><net_sink comp="88" pin=2"/></net>

<net id="132"><net_src comp="127" pin="1"/><net_sink comp="96" pin=1"/></net>

</net_list>

</model> 
---------------- Datapath Model END ------------------

* FSMD analyzer results:
  - Output states:
	Port: image_out | {5 6 }
 - Input state : 
	Port: rgb2gray_top : image_in | {1 2 }
	Port: rgb2gray_top : num_pixels | {1 }
  - Chain level:
	State 1
		call_ln69 : 1
	State 2
	State 3
	State 4
	State 5
	State 6


============================================================
+ Verbose Summary: Datapath Resource usage 
============================================================

* Functional unit list:
|----------|----------------------------|---------|---------|---------|---------|
| Operation|       Functional Unit      |   DSP   |  Delay  |    FF   |   LUT   |
|----------|----------------------------|---------|---------|---------|---------|
|          |     grp_load_rgb_fu_78     |    0    |  0.427  |   120   |    87   |
|   call   |   grp_process_gray_fu_88   |    3    |  0.903  |   145   |   136   |
|          |    grp_store_gray_fu_96    |    0    |    0    |    81   |   117   |
|----------|----------------------------|---------|---------|---------|---------|
|   read   | num_pixels_read_read_fu_72 |    0    |    0    |    0    |    0    |
|----------|----------------------------|---------|---------|---------|---------|
|   Total  |                            |    3    |   1.33  |   346   |   340   |
|----------|----------------------------|---------|---------|---------|---------|

Memories:
N/A

* Register list:
+-----------------------+--------+
|                       |   FF   |
+-----------------------+--------+
| num_pixels_c1_reg_109 |   32   |
|  num_pixels_c_reg_115 |   32   |
|num_pixels_read_reg_104|   32   |
|  stream_gray_reg_127  |    8   |
|   stream_rgb_reg_121  |   24   |
+-----------------------+--------+
|         Total         |   128  |
+-----------------------+--------+

* Multiplexer (MUX) list: 
|--------------------|------|------|------|--------||---------||---------||---------|
|        Comp        |  Pin | Size |  BW  | S x BW ||  Delay  ||    FF   ||   LUT   |
|--------------------|------|------|------|--------||---------||---------||---------|
| grp_load_rgb_fu_78 |  p3  |   2  |  32  |   64   ||    0    ||    9    |
|--------------------|------|------|------|--------||---------||---------||---------|
|        Total       |      |      |      |   64   ||  0.427  ||    0    ||    9    |
|--------------------|------|------|------|--------||---------||---------||---------|



* Summary:
+-----------+--------+--------+--------+--------+
|           |   DSP  |  Delay |   FF   |   LUT  |
+-----------+--------+--------+--------+--------+
|  Function |    3   |    1   |   346  |   340  |
|   Memory  |    -   |    -   |    -   |    -   |
|Multiplexer|    -   |    0   |    0   |    9   |
|  Register |    -   |    -   |   128  |    -   |
+-----------+--------+--------+--------+--------+
|   Total   |    3   |    1   |   474  |   349  |
+-----------+--------+--------+--------+--------+
