

================================================================
== Vitis HLS Report for 'store_gray_Pipeline_store_loop'
================================================================
* Date:           Sat Jul 11 13:45:48 2026

* Version:        2024.1 (Build 5069499 on May 21 2024)
* Project:        tarea3_rgb2gray
* Solution:       solution1 (Vivado IP Flow Target)
* Product family: zynquplus
* Target device:  xck26-sfvc784-2LV-c


================================================================
== Performance Estimates
================================================================
+ Timing: 
    * Summary: 
    +--------+---------+----------+------------+
    |  Clock |  Target | Estimated| Uncertainty|
    +--------+---------+----------+------------+
    |ap_clk  |  4.00 ns|  1.870 ns|     1.08 ns|
    +--------+---------+----------+------------+

+ Latency: 
    * Summary: 
    +---------+---------+----------+----------+-----+-----+-----------------------------------------------+
    |  Latency (cycles) |  Latency (absolute) |  Interval |                    Pipeline                   |
    |   min   |   max   |    min   |    max   | min | max |                      Type                     |
    +---------+---------+----------+----------+-----+-----+-----------------------------------------------+
    |        ?|        ?|         ?|         ?|    0|    0|  loop auto-rewind stp(delay=0 clock cycles(s))|
    +---------+---------+----------+----------+-----+-----+-----------------------------------------------+

    + Detail: 
        * Instance: 
        N/A

        * Loop: 
        +--------------+---------+---------+----------+-----------+-----------+------+----------+
        |              |  Latency (cycles) | Iteration|  Initiation Interval  | Trip |          |
        |   Loop Name  |   min   |   max   |  Latency |  achieved |   target  | Count| Pipelined|
        +--------------+---------+---------+----------+-----------+-----------+------+----------+
        |- store_loop  |        ?|        ?|         2|          1|          1|     ?|       yes|
        +--------------+---------+---------+----------+-----------+-----------+------+----------+



================================================================
== Utilization Estimates
================================================================
* Summary: 
+-----------------+---------+------+--------+--------+-----+
|       Name      | BRAM_18K|  DSP |   FF   |   LUT  | URAM|
+-----------------+---------+------+--------+--------+-----+
|DSP              |        -|     -|       -|       -|    -|
|Expression       |        -|     -|       0|      82|    -|
|FIFO             |        -|     -|       -|       -|    -|
|Instance         |        -|     -|       -|       -|    -|
|Memory           |        -|     -|       -|       -|    -|
|Multiplexer      |        -|     -|       0|      45|    -|
|Register         |        -|     -|      43|       -|    -|
+-----------------+---------+------+--------+--------+-----+
|Total            |        0|     0|      43|     127|    0|
+-----------------+---------+------+--------+--------+-----+
|Available        |      288|  1248|  234240|  117120|   64|
+-----------------+---------+------+--------+--------+-----+
|Utilization (%)  |        0|     0|      ~0|      ~0|    0|
+-----------------+---------+------+--------+--------+-----+

+ Detail: 
    * Instance: 
    N/A

    * DSP: 
    N/A

    * Memory: 
    N/A

    * FIFO: 
    N/A

    * Expression: 
    +---------------------------+----------+----+---+----+------------+------------+
    |       Variable Name       | Operation| DSP| FF| LUT| Bitwidth P0| Bitwidth P1|
    +---------------------------+----------+----+---+----+------------+------------+
    |add_ln48_fu_71_p2          |         +|   0|  0|  39|          32|           1|
    |ap_block_pp0_stage0_01001  |       and|   0|  0|   2|           1|           1|
    |icmp_ln48_fu_65_p2         |      icmp|   0|  0|  39|          32|          32|
    |ap_enable_pp0              |       xor|   0|  0|   2|           1|           2|
    +---------------------------+----------+----+---+----+------------+------------+
    |Total                      |          |   0|  0|  82|          66|          36|
    +---------------------------+----------+----+---+----+------------+------------+

    * Multiplexer: 
    +-------------------------+----+-----------+-----+-----------+
    |           Name          | LUT| Input Size| Bits| Total Bits|
    +-------------------------+----+-----------+-----+-----------+
    |ap_done_int              |   9|          2|    1|          2|
    |ap_enable_reg_pp0_iter1  |   9|          2|    1|          2|
    |ap_sig_allocacmp_i_1     |   9|          2|   32|         64|
    |i_fu_34                  |   9|          2|   32|         64|
    |stream_gray_blk_n        |   9|          2|    1|          2|
    +-------------------------+----+-----------+-----+-----------+
    |Total                    |  45|         10|   67|        134|
    +-------------------------+----+-----------+-----+-----------+

    * Register: 
    +-------------------------+----+----+-----+-----------+
    |           Name          | FF | LUT| Bits| Const Bits|
    +-------------------------+----+----+-----+-----------+
    |ap_CS_fsm                |   1|   0|    1|          0|
    |ap_done_reg              |   1|   0|    1|          0|
    |ap_enable_reg_pp0_iter1  |   1|   0|    1|          0|
    |i_fu_34                  |  32|   0|   32|          0|
    |p_phi_fu_30              |   8|   0|    8|          0|
    +-------------------------+----+----+-----+-----------+
    |Total                    |  43|   0|   43|          0|
    +-------------------------+----+----+-----+-----------+



================================================================
== Interface
================================================================
* Summary: 
+----------------------------+-----+-----+------------+--------------------------------+--------------+
|          RTL Ports         | Dir | Bits|  Protocol  |          Source Object         |    C Type    |
+----------------------------+-----+-----+------------+--------------------------------+--------------+
|ap_clk                      |   in|    1|  ap_ctrl_hs|  store_gray_Pipeline_store_loop|  return value|
|ap_rst                      |   in|    1|  ap_ctrl_hs|  store_gray_Pipeline_store_loop|  return value|
|ap_start                    |   in|    1|  ap_ctrl_hs|  store_gray_Pipeline_store_loop|  return value|
|ap_done                     |  out|    1|  ap_ctrl_hs|  store_gray_Pipeline_store_loop|  return value|
|ap_idle                     |  out|    1|  ap_ctrl_hs|  store_gray_Pipeline_store_loop|  return value|
|ap_ready                    |  out|    1|  ap_ctrl_hs|  store_gray_Pipeline_store_loop|  return value|
|stream_gray_dout            |   in|    8|     ap_fifo|                     stream_gray|       pointer|
|stream_gray_num_data_valid  |   in|    5|     ap_fifo|                     stream_gray|       pointer|
|stream_gray_fifo_cap        |   in|    5|     ap_fifo|                     stream_gray|       pointer|
|stream_gray_empty_n         |   in|    1|     ap_fifo|                     stream_gray|       pointer|
|stream_gray_read            |  out|    1|     ap_fifo|                     stream_gray|       pointer|
|num_pixels_1                |   in|   32|     ap_none|                    num_pixels_1|        scalar|
|p_phi_out                   |  out|    8|      ap_vld|                       p_phi_out|       pointer|
|p_phi_out_ap_vld            |  out|    1|      ap_vld|                       p_phi_out|       pointer|
+----------------------------+-----+-----+------------+--------------------------------+--------------+

============================================================
+ Verbose Summary: Synthesis Manager
============================================================
InlineROM: 1
ExposeGlobal: 0
============================================================
+ Verbose Summary: CDFG Model
============================================================
IsTopModel: 0
ResetActiveHigh: 1
IsCombinational: 2
IsDatapathOnly: 2
HasWiredReturn: 1
HasMFsm: 2
HasVarLatency: 1
IsPipeline: 0
IsRtlPipelined: 0
IsInstanceOverlapped: 0
IsDontTouch: 0
HasImplIP: 0
IsGatedGlobalClock: 0

+ Individual pipeline summary: 
  * Pipeline-0: initiation interval (II) = 1, depth = 2


============================================================
+ Verbose Summary: Schedule
============================================================
* Number of FSM states : 2
* Pipeline : 1
  Pipeline-0 : II = 1, D = 2, States = { 1 2 }
* Dataflow Pipeline: 0

* FSM state transitions: 
1 --> 2 
2 --> 

* FSM state operations: 

State 1 <SV = 0> <Delay = 1.87>
ST_1 : Operation 5 [1/1] (0.00ns)   --->   "%p_phi = alloca i32 1"   --->   Operation 5 'alloca' 'p_phi' <Predicate = true> <Delay = 0.00>
ST_1 : Operation 6 [1/1] (0.00ns)   --->   "%i = alloca i32 1" [tarea3_rgb2gray/rgb2gray_kernel.cpp:48]   --->   Operation 6 'alloca' 'i' <Predicate = true> <Delay = 0.00>
ST_1 : Operation 7 [1/1] (0.00ns)   --->   "%specinterface_ln0 = specinterface void @_ssdm_op_SpecInterface, i8 %stream_gray, void @empty_1, i32 0, i32 0, void @empty_0, i32 0, i32 0, void @empty_0, void @empty_0, void @empty_0, i32 0, i32 0, i32 0, i32 0, void @empty_0, void @empty_0, i32 4294967295, i32 0, i32 0"   --->   Operation 7 'specinterface' 'specinterface_ln0' <Predicate = true> <Delay = 0.00>
ST_1 : Operation 8 [1/1] (0.00ns)   --->   "%num_pixels_1_read = read i32 @_ssdm_op_Read.ap_auto.i32, i32 %num_pixels_1" [tarea3_rgb2gray/rgb2gray_kernel.cpp:47]   --->   Operation 8 'read' 'num_pixels_1_read' <Predicate = true> <Delay = 0.00>
ST_1 : Operation 9 [1/1] (0.42ns)   --->   "%store_ln48 = store i32 0, i32 %i" [tarea3_rgb2gray/rgb2gray_kernel.cpp:48]   --->   Operation 9 'store' 'store_ln48' <Predicate = true> <Delay = 0.42>
ST_1 : Operation 10 [1/1] (0.00ns)   --->   "%br_ln48 = br void %for.inc" [tarea3_rgb2gray/rgb2gray_kernel.cpp:48]   --->   Operation 10 'br' 'br_ln48' <Predicate = true> <Delay = 0.00>
ST_1 : Operation 11 [1/1] (0.00ns)   --->   "%i_1 = load i32 %i" [tarea3_rgb2gray/rgb2gray_kernel.cpp:48]   --->   Operation 11 'load' 'i_1' <Predicate = true> <Delay = 0.00>
ST_1 : Operation 12 [1/1] (1.01ns)   --->   "%icmp_ln48 = icmp_eq  i32 %i_1, i32 %num_pixels_1_read" [tarea3_rgb2gray/rgb2gray_kernel.cpp:48]   --->   Operation 12 'icmp' 'icmp_ln48' <Predicate = true> <Delay = 1.01> <CoreInst = "Cmp">   --->   Core 9 'Cmp' <Latency = 0> <II = 1> <Delay = 1.01> <FuncUnit> <Opcode : 'seteq' 'setne' 'setle' 'setge' 'setlt' 'setgt'> <InPorts = 2> <OutPorts = 1>
ST_1 : Operation 13 [1/1] (1.01ns)   --->   "%add_ln48 = add i32 %i_1, i32 1" [tarea3_rgb2gray/rgb2gray_kernel.cpp:48]   --->   Operation 13 'add' 'add_ln48' <Predicate = true> <Delay = 1.01> <CoreInst = "Adder">   --->   Core 1 'Adder' <Latency = 0> <II = 1> <Delay = 1.01> <FuncUnit> <Opcode : 'add' 'sub'> <InPorts = 2> <OutPorts = 1>
ST_1 : Operation 14 [1/1] (0.00ns)   --->   "%br_ln48 = br i1 %icmp_ln48, void %for.inc.split, void %for.end.loopexit.exitStub" [tarea3_rgb2gray/rgb2gray_kernel.cpp:48]   --->   Operation 14 'br' 'br_ln48' <Predicate = true> <Delay = 0.00>
ST_1 : Operation 15 [1/1] (0.42ns)   --->   "%store_ln48 = store i32 %add_ln48, i32 %i" [tarea3_rgb2gray/rgb2gray_kernel.cpp:48]   --->   Operation 15 'store' 'store_ln48' <Predicate = (!icmp_ln48)> <Delay = 0.42>
ST_1 : Operation 21 [1/1] (0.00ns)   --->   "%p_phi_load = load i8 %p_phi"   --->   Operation 21 'load' 'p_phi_load' <Predicate = (icmp_ln48)> <Delay = 0.00>
ST_1 : Operation 22 [1/1] (0.00ns)   --->   "%write_ln0 = write void @_ssdm_op_Write.ap_auto.i8P0A, i8 %p_phi_out, i8 %p_phi_load"   --->   Operation 22 'write' 'write_ln0' <Predicate = (icmp_ln48)> <Delay = 0.00>
ST_1 : Operation 23 [1/1] (0.42ns)   --->   "%ret_ln0 = ret"   --->   Operation 23 'ret' 'ret_ln0' <Predicate = (icmp_ln48)> <Delay = 0.42>

State 2 <SV = 1> <Delay = 1.46>
ST_2 : Operation 16 [1/1] (0.00ns)   --->   "%specpipeline_ln49 = specpipeline void @_ssdm_op_SpecPipeline, i32 1, i32 0, i32 0, i32 0, void @empty_0" [tarea3_rgb2gray/rgb2gray_kernel.cpp:49]   --->   Operation 16 'specpipeline' 'specpipeline_ln49' <Predicate = true> <Delay = 0.00>
ST_2 : Operation 17 [1/1] (0.00ns)   --->   "%specloopname_ln48 = specloopname void @_ssdm_op_SpecLoopName, void @empty_4" [tarea3_rgb2gray/rgb2gray_kernel.cpp:48]   --->   Operation 17 'specloopname' 'specloopname_ln48' <Predicate = true> <Delay = 0.00>
ST_2 : Operation 18 [1/1] (1.46ns)   --->   "%stream_gray_read = read i8 @_ssdm_op_Read.ap_fifo.volatile.i8P0A, i8 %stream_gray" [tarea3_rgb2gray/rgb2gray_kernel.cpp:50]   --->   Operation 18 'read' 'stream_gray_read' <Predicate = true> <Delay = 1.46> <CoreInst = "FIFO_SRL">   --->   Core 80 'FIFO_SRL' <Latency = 0> <II = 1> <Delay = 2.04> <Storage> <Opcode : 'read' 'write' 'nbread' 'nbwrite'> <Ports = 0> <Width = 8> <Depth = 16> <FIFO>
ST_2 : Operation 19 [1/1] (0.00ns)   --->   "%store_ln50 = store i8 %stream_gray_read, i8 %p_phi" [tarea3_rgb2gray/rgb2gray_kernel.cpp:50]   --->   Operation 19 'store' 'store_ln50' <Predicate = true> <Delay = 0.00>
ST_2 : Operation 20 [1/1] (0.00ns)   --->   "%br_ln48 = br void %for.inc" [tarea3_rgb2gray/rgb2gray_kernel.cpp:48]   --->   Operation 20 'br' 'br_ln48' <Predicate = true> <Delay = 0.00>


============================================================
+ Verbose Summary: Binding
============================================================
STG Binding: 
---------------- STG Properties BEGIN ----------------
- Is combinational: 0
- Is one-state seq: 0
- Is datapath-only: 0
- Is pipelined: 0
- Is top level: 0
Port [ Return ] is wired: 1; IO mode=ap_ctrl_hs:ce=0
Port [ num_pixels_1]:  wired=1; compound=0; hidden=0; nouse=0; global=0; static=0; extern=0; dir=0; type=0; pingpong=0; private_global=0; IO mode=ap_none:ce=0
Port [ stream_gray]:  wired=1; compound=1; hidden=0; nouse=0; global=0; static=0; extern=0; dir=0; type=3; pingpong=0; private_global=0; IO mode=ap_fifo:ce=0
Port [ p_phi_out]:  wired=1; compound=0; hidden=0; nouse=0; global=0; static=0; extern=0; dir=1; type=0; pingpong=0; private_global=0; IO mode=ap_vld:ce=0
---------------- STG Properties END ------------------

---------------- Datapath Model BEGIN ----------------

<LifeTime>
<method=bitvector/>
p_phi             (alloca       ) [ 011]
i                 (alloca       ) [ 010]
specinterface_ln0 (specinterface) [ 000]
num_pixels_1_read (read         ) [ 000]
store_ln48        (store        ) [ 000]
br_ln48           (br           ) [ 000]
i_1               (load         ) [ 000]
icmp_ln48         (icmp         ) [ 010]
add_ln48          (add          ) [ 000]
br_ln48           (br           ) [ 000]
store_ln48        (store        ) [ 000]
specpipeline_ln49 (specpipeline ) [ 000]
specloopname_ln48 (specloopname ) [ 000]
stream_gray_read  (read         ) [ 000]
store_ln50        (store        ) [ 000]
br_ln48           (br           ) [ 000]
p_phi_load        (load         ) [ 000]
write_ln0         (write        ) [ 000]
ret_ln0           (ret          ) [ 000]
</LifeTime>

<model>

<comp_list>
<comp id="0" class="1000" name="num_pixels_1">
<pin_list>
<pin id="1" dir="1" index="0" bw="1" slack="0"/>
</pin_list>
<bind>
<StgValue><ssdm name="num_pixels_1"/></StgValue>
</bind>
</comp>

<comp id="2" class="1000" name="stream_gray">
<pin_list>
<pin id="3" dir="1" index="0" bw="1" slack="0"/>
</pin_list>
<bind>
<StgValue><ssdm name="stream_gray"/></StgValue>
</bind>
</comp>

<comp id="4" class="1000" name="p_phi_out">
<pin_list>
<pin id="5" dir="1" index="0" bw="1" slack="0"/>
</pin_list>
<bind>
<StgValue><ssdm name="p_phi_out"/></StgValue>
</bind>
</comp>

<comp id="6" class="1001" name="const_6">
<pin_list>
<pin id="7" dir="1" index="0" bw="1" slack="0"/>
</pin_list>
<bind>
<StgValue><ssdm name=""/></StgValue>
</bind>
</comp>

<comp id="8" class="1001" name="const_8">
<pin_list>
<pin id="9" dir="1" index="0" bw="1" slack="2147483647"/>
</pin_list>
<bind>
<StgValue><ssdm name="_ssdm_op_SpecInterface"/></StgValue>
</bind>
</comp>

<comp id="10" class="1001" name="const_10">
<pin_list>
<pin id="11" dir="1" index="0" bw="1" slack="2147483647"/>
</pin_list>
<bind>
<StgValue><ssdm name="empty_1"/></StgValue>
</bind>
</comp>

<comp id="12" class="1001" name="const_12">
<pin_list>
<pin id="13" dir="1" index="0" bw="1" slack="0"/>
</pin_list>
<bind>
<StgValue><ssdm name=""/></StgValue>
</bind>
</comp>

<comp id="14" class="1001" name="const_14">
<pin_list>
<pin id="15" dir="1" index="0" bw="1" slack="2147483647"/>
</pin_list>
<bind>
<StgValue><ssdm name="empty_0"/></StgValue>
</bind>
</comp>

<comp id="16" class="1001" name="const_16">
<pin_list>
<pin id="17" dir="1" index="0" bw="1" slack="2147483647"/>
</pin_list>
<bind>
<StgValue><ssdm name=""/></StgValue>
</bind>
</comp>

<comp id="18" class="1001" name="const_18">
<pin_list>
<pin id="19" dir="1" index="0" bw="1" slack="0"/>
</pin_list>
<bind>
<StgValue><ssdm name="_ssdm_op_Read.ap_auto.i32"/></StgValue>
</bind>
</comp>

<comp id="20" class="1001" name="const_20">
<pin_list>
<pin id="21" dir="1" index="0" bw="1" slack="2147483647"/>
</pin_list>
<bind>
<StgValue><ssdm name="_ssdm_op_SpecPipeline"/></StgValue>
</bind>
</comp>

<comp id="22" class="1001" name="const_22">
<pin_list>
<pin id="23" dir="1" index="0" bw="1" slack="2147483647"/>
</pin_list>
<bind>
<StgValue><ssdm name="_ssdm_op_SpecLoopName"/></StgValue>
</bind>
</comp>

<comp id="24" class="1001" name="const_24">
<pin_list>
<pin id="25" dir="1" index="0" bw="1" slack="2147483647"/>
</pin_list>
<bind>
<StgValue><ssdm name="empty_4"/></StgValue>
</bind>
</comp>

<comp id="26" class="1001" name="const_26">
<pin_list>
<pin id="27" dir="1" index="0" bw="1" slack="0"/>
</pin_list>
<bind>
<StgValue><ssdm name="_ssdm_op_Read.ap_fifo.volatile.i8P0A"/></StgValue>
</bind>
</comp>

<comp id="28" class="1001" name="const_28">
<pin_list>
<pin id="29" dir="1" index="0" bw="1" slack="0"/>
</pin_list>
<bind>
<StgValue><ssdm name="_ssdm_op_Write.ap_auto.i8P0A"/></StgValue>
</bind>
</comp>

<comp id="30" class="1004" name="p_phi_fu_30">
<pin_list>
<pin id="31" dir="0" index="0" bw="1" slack="0"/>
<pin id="32" dir="1" index="1" bw="8" slack="0"/>
</pin_list>
<bind>
<opcode="alloca(26) " fcode="alloca"/>
<opset="p_phi/1 "/>
</bind>
</comp>

<comp id="34" class="1004" name="i_fu_34">
<pin_list>
<pin id="35" dir="0" index="0" bw="1" slack="0"/>
<pin id="36" dir="1" index="1" bw="32" slack="0"/>
</pin_list>
<bind>
<opcode="alloca(26) " fcode="alloca"/>
<opset="i/1 "/>
</bind>
</comp>

<comp id="38" class="1004" name="num_pixels_1_read_read_fu_38">
<pin_list>
<pin id="39" dir="0" index="0" bw="32" slack="0"/>
<pin id="40" dir="0" index="1" bw="32" slack="0"/>
<pin id="41" dir="1" index="2" bw="32" slack="0"/>
</pin_list>
<bind>
<opcode="read(1150) " fcode="read"/>
<opset="num_pixels_1_read/1 "/>
</bind>
</comp>

<comp id="44" class="1004" name="stream_gray_read_read_fu_44">
<pin_list>
<pin id="45" dir="0" index="0" bw="8" slack="0"/>
<pin id="46" dir="0" index="1" bw="8" slack="0"/>
<pin id="47" dir="1" index="2" bw="8" slack="0"/>
</pin_list>
<bind>
<opcode="read(1150) " fcode="read"/>
<opset="stream_gray_read/2 "/>
</bind>
</comp>

<comp id="50" class="1004" name="write_ln0_write_fu_50">
<pin_list>
<pin id="51" dir="0" index="0" bw="0" slack="0"/>
<pin id="52" dir="0" index="1" bw="8" slack="0"/>
<pin id="53" dir="0" index="2" bw="8" slack="0"/>
<pin id="54" dir="1" index="3" bw="0" slack="2147483647"/>
</pin_list>
<bind>
<opcode="write(1151) " fcode="write"/>
<opset="write_ln0/1 "/>
</bind>
</comp>

<comp id="57" class="1004" name="store_ln48_store_fu_57">
<pin_list>
<pin id="58" dir="0" index="0" bw="1" slack="0"/>
<pin id="59" dir="0" index="1" bw="32" slack="0"/>
<pin id="60" dir="1" index="2" bw="0" slack="2147483647"/>
</pin_list>
<bind>
<opcode="store(28) " fcode="store"/>
<opset="store_ln48/1 "/>
</bind>
</comp>

<comp id="62" class="1004" name="i_1_load_fu_62">
<pin_list>
<pin id="63" dir="0" index="0" bw="32" slack="0"/>
<pin id="64" dir="1" index="1" bw="32" slack="0"/>
</pin_list>
<bind>
<opcode="load(27) " fcode="load"/>
<opset="i_1/1 "/>
</bind>
</comp>

<comp id="65" class="1004" name="icmp_ln48_fu_65">
<pin_list>
<pin id="66" dir="0" index="0" bw="32" slack="0"/>
<pin id="67" dir="0" index="1" bw="32" slack="0"/>
<pin id="68" dir="1" index="2" bw="1" slack="2147483647"/>
</pin_list>
<bind>
<opcode="icmp(45) " fcode="icmp"/>
<opset="icmp_ln48/1 "/>
</bind>
</comp>

<comp id="71" class="1004" name="add_ln48_fu_71">
<pin_list>
<pin id="72" dir="0" index="0" bw="32" slack="0"/>
<pin id="73" dir="0" index="1" bw="1" slack="0"/>
<pin id="74" dir="1" index="2" bw="32" slack="0"/>
</pin_list>
<bind>
<opcode="add(8) " fcode="add"/>
<opset="add_ln48/1 "/>
</bind>
</comp>

<comp id="77" class="1004" name="store_ln48_store_fu_77">
<pin_list>
<pin id="78" dir="0" index="0" bw="32" slack="0"/>
<pin id="79" dir="0" index="1" bw="32" slack="0"/>
<pin id="80" dir="1" index="2" bw="0" slack="2147483647"/>
</pin_list>
<bind>
<opcode="store(28) " fcode="store"/>
<opset="store_ln48/1 "/>
</bind>
</comp>

<comp id="82" class="1004" name="store_ln50_store_fu_82">
<pin_list>
<pin id="83" dir="0" index="0" bw="8" slack="0"/>
<pin id="84" dir="0" index="1" bw="8" slack="1"/>
<pin id="85" dir="1" index="2" bw="0" slack="2147483647"/>
</pin_list>
<bind>
<opcode="store(28) " fcode="store"/>
<opset="store_ln50/2 "/>
</bind>
</comp>

<comp id="87" class="1004" name="p_phi_load_load_fu_87">
<pin_list>
<pin id="88" dir="0" index="0" bw="8" slack="0"/>
<pin id="89" dir="1" index="1" bw="8" slack="0"/>
</pin_list>
<bind>
<opcode="load(27) " fcode="load"/>
<opset="p_phi_load/1 "/>
</bind>
</comp>

<comp id="91" class="1005" name="p_phi_reg_91">
<pin_list>
<pin id="92" dir="0" index="0" bw="8" slack="0"/>
<pin id="93" dir="1" index="1" bw="8" slack="0"/>
</pin_list>
<bind>
<opset="p_phi "/>
</bind>
</comp>

<comp id="97" class="1005" name="i_reg_97">
<pin_list>
<pin id="98" dir="0" index="0" bw="32" slack="0"/>
<pin id="99" dir="1" index="1" bw="32" slack="0"/>
</pin_list>
<bind>
<opset="i "/>
</bind>
</comp>

</comp_list>

<net_list>
<net id="33"><net_src comp="6" pin="0"/><net_sink comp="30" pin=0"/></net>

<net id="37"><net_src comp="6" pin="0"/><net_sink comp="34" pin=0"/></net>

<net id="42"><net_src comp="18" pin="0"/><net_sink comp="38" pin=0"/></net>

<net id="43"><net_src comp="0" pin="0"/><net_sink comp="38" pin=1"/></net>

<net id="48"><net_src comp="26" pin="0"/><net_sink comp="44" pin=0"/></net>

<net id="49"><net_src comp="2" pin="0"/><net_sink comp="44" pin=1"/></net>

<net id="55"><net_src comp="28" pin="0"/><net_sink comp="50" pin=0"/></net>

<net id="56"><net_src comp="4" pin="0"/><net_sink comp="50" pin=1"/></net>

<net id="61"><net_src comp="12" pin="0"/><net_sink comp="57" pin=0"/></net>

<net id="69"><net_src comp="62" pin="1"/><net_sink comp="65" pin=0"/></net>

<net id="70"><net_src comp="38" pin="2"/><net_sink comp="65" pin=1"/></net>

<net id="75"><net_src comp="62" pin="1"/><net_sink comp="71" pin=0"/></net>

<net id="76"><net_src comp="6" pin="0"/><net_sink comp="71" pin=1"/></net>

<net id="81"><net_src comp="71" pin="2"/><net_sink comp="77" pin=0"/></net>

<net id="86"><net_src comp="44" pin="2"/><net_sink comp="82" pin=0"/></net>

<net id="90"><net_src comp="87" pin="1"/><net_sink comp="50" pin=2"/></net>

<net id="94"><net_src comp="30" pin="1"/><net_sink comp="91" pin=0"/></net>

<net id="95"><net_src comp="91" pin="1"/><net_sink comp="82" pin=1"/></net>

<net id="96"><net_src comp="91" pin="1"/><net_sink comp="87" pin=0"/></net>

<net id="100"><net_src comp="34" pin="1"/><net_sink comp="97" pin=0"/></net>

<net id="101"><net_src comp="97" pin="1"/><net_sink comp="57" pin=1"/></net>

<net id="102"><net_src comp="97" pin="1"/><net_sink comp="62" pin=0"/></net>

<net id="103"><net_src comp="97" pin="1"/><net_sink comp="77" pin=1"/></net>

</net_list>

</model> 
---------------- Datapath Model END ------------------

* FSMD analyzer results:
  - Output states:
	Port: stream_gray | {}
	Port: p_phi_out | {1 }
 - Input state : 
	Port: store_gray_Pipeline_store_loop : num_pixels_1 | {1 }
	Port: store_gray_Pipeline_store_loop : stream_gray | {2 }
  - Chain level:
	State 1
		store_ln48 : 1
		i_1 : 1
		icmp_ln48 : 2
		add_ln48 : 2
		br_ln48 : 3
		store_ln48 : 3
		p_phi_load : 1
		write_ln0 : 2
	State 2


============================================================
+ Verbose Summary: Datapath Resource usage 
============================================================

* Functional unit list:
|----------|------------------------------|---------|---------|
| Operation|        Functional Unit       |    FF   |   LUT   |
|----------|------------------------------|---------|---------|
|   icmp   |        icmp_ln48_fu_65       |    0    |    39   |
|----------|------------------------------|---------|---------|
|    add   |        add_ln48_fu_71        |    0    |    39   |
|----------|------------------------------|---------|---------|
|   read   | num_pixels_1_read_read_fu_38 |    0    |    0    |
|          |  stream_gray_read_read_fu_44 |    0    |    0    |
|----------|------------------------------|---------|---------|
|   write  |     write_ln0_write_fu_50    |    0    |    0    |
|----------|------------------------------|---------|---------|
|   Total  |                              |    0    |    78   |
|----------|------------------------------|---------|---------|

Memories:
N/A

* Register list:
+------------+--------+
|            |   FF   |
+------------+--------+
|  i_reg_97  |   32   |
|p_phi_reg_91|    8   |
+------------+--------+
|    Total   |   40   |
+------------+--------+

* Multiplexer (MUX) list: 
|--------|------|------|------|--------|
|  Comp  |  Pin | Size |  BW  | S x BW |
|--------|------|------|------|--------|
|  Total |      |      |      |    0   |
|--------|------|------|------|--------|



* Summary:
+-----------+--------+--------+
|           |   FF   |   LUT  |
+-----------+--------+--------+
|  Function |    0   |   78   |
|   Memory  |    -   |    -   |
|Multiplexer|    -   |    -   |
|  Register |   40   |    -   |
+-----------+--------+--------+
|   Total   |   40   |   78   |
+-----------+--------+--------+
