

================================================================
== Vitis HLS Report for 'store_gray'
================================================================
* Date:           Sat Jul 11 13:45:48 2026

* Version:        2024.1 (Build 5069499 on May 21 2024)
* Project:        tarea3_rgb2gray
* Solution:       solution1 (Vivado IP Flow Target)
* Product family: zynquplus
* Target device:  xck26-sfvc784-2LV-c


================================================================
== Performance Estimates
================================================================
+ Timing: 
    * Summary: 
    +--------+---------+----------+------------+
    |  Clock |  Target | Estimated| Uncertainty|
    +--------+---------+----------+------------+
    |ap_clk  |  4.00 ns|  1.870 ns|     1.08 ns|
    +--------+---------+----------+------------+

+ Latency: 
    * Summary: 
    +---------+---------+----------+----------+-----+-----+---------+
    |  Latency (cycles) |  Latency (absolute) |  Interval | Pipeline|
    |   min   |   max   |    min   |    max   | min | max |   Type  |
    +---------+---------+----------+----------+-----+-----+---------+
    |        ?|        ?|         ?|         ?|    ?|    ?|       no|
    +---------+---------+----------+----------+-----+-----+---------+

    + Detail: 
        * Instance: 
        +------------------------------------------+--------------------------------+---------+---------+----------+----------+-----+-----+-----------------------------------------------+
        |                                          |                                |  Latency (cycles) |  Latency (absolute) |  Interval |                    Pipeline                   |
        |                 Instance                 |             Module             |   min   |   max   |    min   |    max   | min | max |                      Type                     |
        +------------------------------------------+--------------------------------+---------+---------+----------+----------+-----+-----+-----------------------------------------------+
        |grp_store_gray_Pipeline_store_loop_fu_53  |store_gray_Pipeline_store_loop  |        ?|        ?|         ?|         ?|    0|    0|  loop auto-rewind stp(delay=0 clock cycles(s))|
        +------------------------------------------+--------------------------------+---------+---------+----------+----------+-----+-----+-----------------------------------------------+

        * Loop: 
        N/A



================================================================
== Utilization Estimates
================================================================
* Summary: 
+-----------------+---------+------+--------+--------+-----+
|       Name      | BRAM_18K|  DSP |   FF   |   LUT  | URAM|
+-----------------+---------+------+--------+--------+-----+
|DSP              |        -|     -|       -|       -|    -|
|Expression       |        -|     -|       0|      41|    -|
|FIFO             |        -|     -|       -|       -|    -|
|Instance         |        -|     -|      43|     127|    -|
|Memory           |        -|     -|       -|       -|    -|
|Multiplexer      |        -|     -|       0|      62|    -|
|Register         |        -|     -|      47|       -|    -|
+-----------------+---------+------+--------+--------+-----+
|Total            |        0|     0|      90|     230|    0|
+-----------------+---------+------+--------+--------+-----+
|Available        |      288|  1248|  234240|  117120|   64|
+-----------------+---------+------+--------+--------+-----+
|Utilization (%)  |        0|     0|      ~0|      ~0|    0|
+-----------------+---------+------+--------+--------+-----+

+ Detail: 
    * Instance: 
    +------------------------------------------+--------------------------------+---------+----+----+-----+-----+
    |                 Instance                 |             Module             | BRAM_18K| DSP| FF | LUT | URAM|
    +------------------------------------------+--------------------------------+---------+----+----+-----+-----+
    |grp_store_gray_Pipeline_store_loop_fu_53  |store_gray_Pipeline_store_loop  |        0|   0|  43|  127|    0|
    +------------------------------------------+--------------------------------+---------+----+----+-----+-----+
    |Total                                     |                                |        0|   0|  43|  127|    0|
    +------------------------------------------+--------------------------------+---------+----+----+-----+-----+

    * DSP: 
    N/A

    * Memory: 
    N/A

    * FIFO: 
    N/A

    * Expression: 
    +--------------------+----------+----+---+----+------------+------------+
    |    Variable Name   | Operation| DSP| FF| LUT| Bitwidth P0| Bitwidth P1|
    +--------------------+----------+----+---+----+------------+------------+
    |icmp_ln48_fu_61_p2  |      icmp|   0|  0|  39|          32|           1|
    |ap_block_state1     |        or|   0|  0|   2|           1|           1|
    +--------------------+----------+----+---+----+------------+------------+
    |Total               |          |   0|  0|  41|          33|           2|
    +--------------------+----------+----+---+----+------------+------------+

    * Multiplexer: 
    +------------------+----+-----------+-----+-----------+
    |       Name       | LUT| Input Size| Bits| Total Bits|
    +------------------+----+-----------+-----+-----------+
    |ap_NS_fsm         |  26|          5|    1|          5|
    |ap_done           |   9|          2|    1|          2|
    |image_out         |   9|          2|    8|         16|
    |num_pixels_blk_n  |   9|          2|    1|          2|
    |stream_gray_read  |   9|          2|    1|          2|
    +------------------+----+-----------+-----+-----------+
    |Total             |  62|         13|   12|         27|
    +------------------+----+-----------+-----+-----------+

    * Register: 
    +-------------------------------------------------------+----+----+-----+-----------+
    |                          Name                         | FF | LUT| Bits| Const Bits|
    +-------------------------------------------------------+----+----+-----+-----------+
    |ap_CS_fsm                                              |   4|   0|    4|          0|
    |ap_done_reg                                            |   1|   0|    1|          0|
    |grp_store_gray_Pipeline_store_loop_fu_53_ap_start_reg  |   1|   0|    1|          0|
    |icmp_ln48_reg_82                                       |   1|   0|    1|          0|
    |image_out_preg                                         |   8|   0|    8|          0|
    |num_pixels_1_reg_76                                    |  32|   0|   32|          0|
    +-------------------------------------------------------+----+----+-----+-----------+
    |Total                                                  |  47|   0|   47|          0|
    +-------------------------------------------------------+----+----+-----+-----------+



================================================================
== Interface
================================================================
* Summary: 
+----------------------------+-----+-----+------------+--------------+--------------+
|          RTL Ports         | Dir | Bits|  Protocol  | Source Object|    C Type    |
+----------------------------+-----+-----+------------+--------------+--------------+
|ap_clk                      |   in|    1|  ap_ctrl_hs|    store_gray|  return value|
|ap_rst                      |   in|    1|  ap_ctrl_hs|    store_gray|  return value|
|ap_start                    |   in|    1|  ap_ctrl_hs|    store_gray|  return value|
|ap_done                     |  out|    1|  ap_ctrl_hs|    store_gray|  return value|
|ap_continue                 |   in|    1|  ap_ctrl_hs|    store_gray|  return value|
|ap_idle                     |  out|    1|  ap_ctrl_hs|    store_gray|  return value|
|ap_ready                    |  out|    1|  ap_ctrl_hs|    store_gray|  return value|
|stream_gray_dout            |   in|    8|     ap_fifo|   stream_gray|       pointer|
|stream_gray_num_data_valid  |   in|    5|     ap_fifo|   stream_gray|       pointer|
|stream_gray_fifo_cap        |   in|    5|     ap_fifo|   stream_gray|       pointer|
|stream_gray_empty_n         |   in|    1|     ap_fifo|   stream_gray|       pointer|
|stream_gray_read            |  out|    1|     ap_fifo|   stream_gray|       pointer|
|image_out                   |  out|    8|      ap_vld|     image_out|       pointer|
|image_out_ap_vld            |  out|    1|      ap_vld|     image_out|       pointer|
|num_pixels_dout             |   in|   32|     ap_fifo|    num_pixels|       pointer|
|num_pixels_num_data_valid   |   in|    3|     ap_fifo|    num_pixels|       pointer|
|num_pixels_fifo_cap         |   in|    3|     ap_fifo|    num_pixels|       pointer|
|num_pixels_empty_n          |   in|    1|     ap_fifo|    num_pixels|       pointer|
|num_pixels_read             |  out|    1|     ap_fifo|    num_pixels|       pointer|
+----------------------------+-----+-----+------------+--------------+--------------+

============================================================
+ Verbose Summary: Synthesis Manager
============================================================
InlineROM: 1
ExposeGlobal: 0
============================================================
+ Verbose Summary: CDFG Model
============================================================
IsTopModel: 0
ResetActiveHigh: 1
IsCombinational: 2
IsDatapathOnly: 0
HasWiredReturn: 1
HasMFsm: 0
HasVarLatency: 1
IsPipeline: 0
IsRtlPipelined: 0
IsInstanceOverlapped: 0
IsDontTouch: 0
HasImplIP: 0
IsGatedGlobalClock: 0


============================================================
+ Verbose Summary: Schedule
============================================================
* Number of FSM states : 4
* Pipeline : 0
* Dataflow Pipeline: 0

* FSM state transitions: 
1 --> 2 
2 --> 3 
3 --> 4 
4 --> 

* FSM state operations: 

State 1 <SV = 0> <Delay = 1.46>
ST_1 : Operation 5 [1/1] (0.00ns)   --->   "%p_phi_loc = alloca i64 1"   --->   Operation 5 'alloca' 'p_phi_loc' <Predicate = true> <Delay = 0.00>
ST_1 : Operation 6 [1/1] (1.46ns)   --->   "%num_pixels_1 = read i32 @_ssdm_op_Read.ap_fifo.i32P0A, i32 %num_pixels"   --->   Operation 6 'read' 'num_pixels_1' <Predicate = true> <Delay = 1.46> <CoreInst = "FIFO_SRL">   --->   Core 80 'FIFO_SRL' <Latency = 0> <II = 1> <Delay = 1.83> <Storage> <Opcode : 'read' 'write' 'nbread' 'nbwrite'> <Ports = 0> <Width = 32> <Depth = 2> <FIFO>

State 2 <SV = 1> <Delay = 1.44>
ST_2 : Operation 7 [1/1] (1.01ns)   --->   "%icmp_ln48 = icmp_eq  i32 %num_pixels_1, i32 0" [tarea3_rgb2gray/rgb2gray_kernel.cpp:48]   --->   Operation 7 'icmp' 'icmp_ln48' <Predicate = true> <Delay = 1.01> <CoreInst = "Cmp">   --->   Core 9 'Cmp' <Latency = 0> <II = 1> <Delay = 1.01> <FuncUnit> <Opcode : 'seteq' 'setne' 'setle' 'setge' 'setlt' 'setgt'> <InPorts = 2> <OutPorts = 1>
ST_2 : Operation 8 [1/1] (0.00ns)   --->   "%empty = wait i32 @_ssdm_op_Wait"   --->   Operation 8 'wait' 'empty' <Predicate = true> <Delay = 0.00>
ST_2 : Operation 9 [2/2] (1.44ns)   --->   "%call_ln0 = call void @store_gray_Pipeline_store_loop, i32 %num_pixels_1, i8 %stream_gray, i8 %p_phi_loc"   --->   Operation 9 'call' 'call_ln0' <Predicate = true> <Delay = 1.44> <CoreType = "Generic">   --->   Core 0 '' <Latency = 0> <II = 1> <Delay = 1.00> <Generic> <Opcode : >

State 3 <SV = 2> <Delay = 1.87>
ST_3 : Operation 10 [1/2] (1.87ns)   --->   "%call_ln0 = call void @store_gray_Pipeline_store_loop, i32 %num_pixels_1, i8 %stream_gray, i8 %p_phi_loc"   --->   Operation 10 'call' 'call_ln0' <Predicate = true> <Delay = 1.87> <CoreType = "Generic">   --->   Core 0 '' <Latency = 0> <II = 1> <Delay = 1.00> <Generic> <Opcode : >

State 4 <SV = 3> <Delay = 0.00>
ST_4 : Operation 11 [1/1] (0.00ns)   --->   "%specinterface_ln0 = specinterface void @_ssdm_op_SpecInterface, i32 %num_pixels, void @ap_fifo_str, i32 0, i32 0, void @p_str, i32 0, i32 0, void @p_str, void @p_str, void @p_str, i32 2, i32 2, i32 16, i32 16, void @p_str, void @ScalarProp_str, i32 4294967295, i32 0, i32 0"   --->   Operation 11 'specinterface' 'specinterface_ln0' <Predicate = true> <Delay = 0.00>
ST_4 : Operation 12 [1/1] (0.00ns)   --->   "%specinterface_ln0 = specinterface void @_ssdm_op_SpecInterface, i8 %stream_gray, void @empty_1, i32 0, i32 0, void @empty_0, i32 0, i32 0, void @empty_0, void @empty_0, void @empty_0, i32 0, i32 0, i32 0, i32 0, void @empty_0, void @empty_0, i32 4294967295, i32 0, i32 0"   --->   Operation 12 'specinterface' 'specinterface_ln0' <Predicate = true> <Delay = 0.00>
ST_4 : Operation 13 [1/1] (0.00ns)   --->   "%p_phi_loc_load = load i8 %p_phi_loc"   --->   Operation 13 'load' 'p_phi_loc_load' <Predicate = true> <Delay = 0.00>
ST_4 : Operation 14 [1/1] (0.00ns)   --->   "%br_ln48 = br i1 %icmp_ln48, void %for.end.loopexit.split, void %for.end" [tarea3_rgb2gray/rgb2gray_kernel.cpp:48]   --->   Operation 14 'br' 'br_ln48' <Predicate = true> <Delay = 0.00>
ST_4 : Operation 15 [1/1] (0.00ns)   --->   "%write_ln50 = write void @_ssdm_op_Write.ap_auto.i8P0A, i8 %image_out, i8 %p_phi_loc_load" [tarea3_rgb2gray/rgb2gray_kernel.cpp:50]   --->   Operation 15 'write' 'write_ln50' <Predicate = (!icmp_ln48)> <Delay = 0.00>
ST_4 : Operation 16 [1/1] (0.00ns)   --->   "%br_ln52 = br void %for.end" [tarea3_rgb2gray/rgb2gray_kernel.cpp:52]   --->   Operation 16 'br' 'br_ln52' <Predicate = (!icmp_ln48)> <Delay = 0.00>
ST_4 : Operation 17 [1/1] (0.00ns)   --->   "%ret_ln52 = ret" [tarea3_rgb2gray/rgb2gray_kernel.cpp:52]   --->   Operation 17 'ret' 'ret_ln52' <Predicate = true> <Delay = 0.00>


============================================================
+ Verbose Summary: Binding
============================================================
STG Binding: 
---------------- STG Properties BEGIN ----------------
- Is combinational: 0
- Is one-state seq: 0
- Is datapath-only: 0
- Is pipelined: 0
- Is top level: 0
Port [ Return ] is wired: 1; IO mode=ap_ctrl_hs:ce=0
Port [ stream_gray]:  wired=1; compound=1; hidden=0; nouse=0; global=0; static=0; extern=0; dir=0; type=3; pingpong=0; private_global=0; IO mode=ap_fifo:ce=0
Port [ image_out]:  wired=1; compound=0; hidden=0; nouse=0; global=0; static=0; extern=0; dir=1; type=0; pingpong=0; private_global=0; IO mode=ap_vld:ce=0
Port [ num_pixels]:  wired=1; compound=1; hidden=0; nouse=0; global=0; static=0; extern=0; dir=0; type=3; pingpong=0; private_global=0; IO mode=ap_fifo:ce=0
---------------- STG Properties END ------------------

---------------- Datapath Model BEGIN ----------------

<LifeTime>
<method=bitvector/>
p_phi_loc         (alloca       ) [ 00111]
num_pixels_1      (read         ) [ 00110]
icmp_ln48         (icmp         ) [ 00011]
empty             (wait         ) [ 00000]
call_ln0          (call         ) [ 00000]
specinterface_ln0 (specinterface) [ 00000]
specinterface_ln0 (specinterface) [ 00000]
p_phi_loc_load    (load         ) [ 00000]
br_ln48           (br           ) [ 00000]
write_ln50        (write        ) [ 00000]
br_ln52           (br           ) [ 00000]
ret_ln52          (ret          ) [ 00000]
</LifeTime>

<model>

<comp_list>
<comp id="0" class="1000" name="stream_gray">
<pin_list>
<pin id="1" dir="1" index="0" bw="1" slack="0"/>
</pin_list>
<bind>
<StgValue><ssdm name="stream_gray"/></StgValue>
</bind>
</comp>

<comp id="2" class="1000" name="image_out">
<pin_list>
<pin id="3" dir="1" index="0" bw="1" slack="0"/>
</pin_list>
<bind>
<StgValue><ssdm name="image_out"/></StgValue>
</bind>
</comp>

<comp id="4" class="1000" name="num_pixels">
<pin_list>
<pin id="5" dir="1" index="0" bw="1" slack="0"/>
</pin_list>
<bind>
<StgValue><ssdm name="num_pixels"/></StgValue>
</bind>
</comp>

<comp id="6" class="1001" name="const_6">
<pin_list>
<pin id="7" dir="1" index="0" bw="1" slack="0"/>
</pin_list>
<bind>
<StgValue><ssdm name=""/></StgValue>
</bind>
</comp>

<comp id="8" class="1001" name="const_8">
<pin_list>
<pin id="9" dir="1" index="0" bw="1" slack="0"/>
</pin_list>
<bind>
<StgValue><ssdm name="_ssdm_op_Read.ap_fifo.i32P0A"/></StgValue>
</bind>
</comp>

<comp id="10" class="1001" name="const_10">
<pin_list>
<pin id="11" dir="1" index="0" bw="1" slack="0"/>
</pin_list>
<bind>
<StgValue><ssdm name=""/></StgValue>
</bind>
</comp>

<comp id="12" class="1001" name="const_12">
<pin_list>
<pin id="13" dir="1" index="0" bw="1" slack="2147483647"/>
</pin_list>
<bind>
<StgValue><ssdm name="_ssdm_op_Wait"/></StgValue>
</bind>
</comp>

<comp id="14" class="1001" name="const_14">
<pin_list>
<pin id="15" dir="1" index="0" bw="1" slack="0"/>
</pin_list>
<bind>
<StgValue><ssdm name="store_gray_Pipeline_store_loop"/></StgValue>
</bind>
</comp>

<comp id="16" class="1001" name="const_16">
<pin_list>
<pin id="17" dir="1" index="0" bw="1" slack="2147483647"/>
</pin_list>
<bind>
<StgValue><ssdm name="_ssdm_op_SpecInterface"/></StgValue>
</bind>
</comp>

<comp id="18" class="1001" name="const_18">
<pin_list>
<pin id="19" dir="1" index="0" bw="1" slack="2147483647"/>
</pin_list>
<bind>
<StgValue><ssdm name="ap_fifo_str"/></StgValue>
</bind>
</comp>

<comp id="20" class="1001" name="const_20">
<pin_list>
<pin id="21" dir="1" index="0" bw="1" slack="2147483647"/>
</pin_list>
<bind>
<StgValue><ssdm name="p_str"/></StgValue>
</bind>
</comp>

<comp id="22" class="1001" name="const_22">
<pin_list>
<pin id="23" dir="1" index="0" bw="1" slack="2147483647"/>
</pin_list>
<bind>
<StgValue><ssdm name=""/></StgValue>
</bind>
</comp>

<comp id="24" class="1001" name="const_24">
<pin_list>
<pin id="25" dir="1" index="0" bw="1" slack="2147483647"/>
</pin_list>
<bind>
<StgValue><ssdm name=""/></StgValue>
</bind>
</comp>

<comp id="26" class="1001" name="const_26">
<pin_list>
<pin id="27" dir="1" index="0" bw="1" slack="2147483647"/>
</pin_list>
<bind>
<StgValue><ssdm name="ScalarProp_str"/></StgValue>
</bind>
</comp>

<comp id="28" class="1001" name="const_28">
<pin_list>
<pin id="29" dir="1" index="0" bw="1" slack="2147483647"/>
</pin_list>
<bind>
<StgValue><ssdm name=""/></StgValue>
</bind>
</comp>

<comp id="30" class="1001" name="const_30">
<pin_list>
<pin id="31" dir="1" index="0" bw="1" slack="2147483647"/>
</pin_list>
<bind>
<StgValue><ssdm name="empty_1"/></StgValue>
</bind>
</comp>

<comp id="32" class="1001" name="const_32">
<pin_list>
<pin id="33" dir="1" index="0" bw="1" slack="2147483647"/>
</pin_list>
<bind>
<StgValue><ssdm name="empty_0"/></StgValue>
</bind>
</comp>

<comp id="34" class="1001" name="const_34">
<pin_list>
<pin id="35" dir="1" index="0" bw="1" slack="0"/>
</pin_list>
<bind>
<StgValue><ssdm name="_ssdm_op_Write.ap_auto.i8P0A"/></StgValue>
</bind>
</comp>

<comp id="36" class="1004" name="p_phi_loc_fu_36">
<pin_list>
<pin id="37" dir="0" index="0" bw="1" slack="0"/>
<pin id="38" dir="1" index="1" bw="8" slack="1"/>
</pin_list>
<bind>
<opcode="alloca(26) " fcode="alloca"/>
<opset="p_phi_loc/1 "/>
</bind>
</comp>

<comp id="40" class="1004" name="num_pixels_1_read_fu_40">
<pin_list>
<pin id="41" dir="0" index="0" bw="32" slack="0"/>
<pin id="42" dir="0" index="1" bw="32" slack="0"/>
<pin id="43" dir="1" index="2" bw="32" slack="1"/>
</pin_list>
<bind>
<opcode="read(1150) " fcode="read"/>
<opset="num_pixels_1/1 "/>
</bind>
</comp>

<comp id="46" class="1004" name="write_ln50_write_fu_46">
<pin_list>
<pin id="47" dir="0" index="0" bw="0" slack="0"/>
<pin id="48" dir="0" index="1" bw="8" slack="0"/>
<pin id="49" dir="0" index="2" bw="8" slack="0"/>
<pin id="50" dir="1" index="3" bw="0" slack="2147483647"/>
</pin_list>
<bind>
<opcode="write(1151) " fcode="write"/>
<opset="write_ln50/4 "/>
</bind>
</comp>

<comp id="53" class="1004" name="grp_store_gray_Pipeline_store_loop_fu_53">
<pin_list>
<pin id="54" dir="0" index="0" bw="0" slack="0"/>
<pin id="55" dir="0" index="1" bw="32" slack="1"/>
<pin id="56" dir="0" index="2" bw="8" slack="0"/>
<pin id="57" dir="0" index="3" bw="8" slack="1"/>
<pin id="58" dir="1" index="4" bw="0" slack="2147483647"/>
</pin_list>
<bind>
<opcode="call(48) " fcode="call"/>
<opset="call_ln0/2 "/>
</bind>
</comp>

<comp id="61" class="1004" name="icmp_ln48_fu_61">
<pin_list>
<pin id="62" dir="0" index="0" bw="32" slack="1"/>
<pin id="63" dir="0" index="1" bw="32" slack="0"/>
<pin id="64" dir="1" index="2" bw="1" slack="2"/>
</pin_list>
<bind>
<opcode="icmp(45) " fcode="icmp"/>
<opset="icmp_ln48/2 "/>
</bind>
</comp>

<comp id="66" class="1004" name="p_phi_loc_load_load_fu_66">
<pin_list>
<pin id="67" dir="0" index="0" bw="8" slack="3"/>
<pin id="68" dir="1" index="1" bw="8" slack="0"/>
</pin_list>
<bind>
<opcode="load(27) " fcode="load"/>
<opset="p_phi_loc_load/4 "/>
</bind>
</comp>

<comp id="70" class="1005" name="p_phi_loc_reg_70">
<pin_list>
<pin id="71" dir="0" index="0" bw="8" slack="1"/>
<pin id="72" dir="1" index="1" bw="8" slack="1"/>
</pin_list>
<bind>
<opset="p_phi_loc "/>
</bind>
</comp>

<comp id="76" class="1005" name="num_pixels_1_reg_76">
<pin_list>
<pin id="77" dir="0" index="0" bw="32" slack="1"/>
<pin id="78" dir="1" index="1" bw="32" slack="1"/>
</pin_list>
<bind>
<opset="num_pixels_1 "/>
</bind>
</comp>

<comp id="82" class="1005" name="icmp_ln48_reg_82">
<pin_list>
<pin id="83" dir="0" index="0" bw="1" slack="2"/>
<pin id="84" dir="1" index="1" bw="1" slack="2147483647"/>
</pin_list>
<bind>
<opset="icmp_ln48 "/>
</bind>
</comp>

</comp_list>

<net_list>
<net id="39"><net_src comp="6" pin="0"/><net_sink comp="36" pin=0"/></net>

<net id="44"><net_src comp="8" pin="0"/><net_sink comp="40" pin=0"/></net>

<net id="45"><net_src comp="4" pin="0"/><net_sink comp="40" pin=1"/></net>

<net id="51"><net_src comp="34" pin="0"/><net_sink comp="46" pin=0"/></net>

<net id="52"><net_src comp="2" pin="0"/><net_sink comp="46" pin=1"/></net>

<net id="59"><net_src comp="14" pin="0"/><net_sink comp="53" pin=0"/></net>

<net id="60"><net_src comp="0" pin="0"/><net_sink comp="53" pin=2"/></net>

<net id="65"><net_src comp="10" pin="0"/><net_sink comp="61" pin=1"/></net>

<net id="69"><net_src comp="66" pin="1"/><net_sink comp="46" pin=2"/></net>

<net id="73"><net_src comp="36" pin="1"/><net_sink comp="70" pin=0"/></net>

<net id="74"><net_src comp="70" pin="1"/><net_sink comp="53" pin=3"/></net>

<net id="75"><net_src comp="70" pin="1"/><net_sink comp="66" pin=0"/></net>

<net id="79"><net_src comp="40" pin="2"/><net_sink comp="76" pin=0"/></net>

<net id="80"><net_src comp="76" pin="1"/><net_sink comp="61" pin=0"/></net>

<net id="81"><net_src comp="76" pin="1"/><net_sink comp="53" pin=1"/></net>

<net id="85"><net_src comp="61" pin="2"/><net_sink comp="82" pin=0"/></net>

</net_list>

</model> 
---------------- Datapath Model END ------------------

* FSMD analyzer results:
  - Output states:
	Port: image_out | {4 }
 - Input state : 
	Port: store_gray : stream_gray | {2 3 }
	Port: store_gray : image_out | {}
	Port: store_gray : num_pixels | {1 }
  - Chain level:
	State 1
	State 2
	State 3
	State 4
		write_ln50 : 1


============================================================
+ Verbose Summary: Datapath Resource usage 
============================================================

* Functional unit list:
|----------|------------------------------------------|---------|---------|
| Operation|              Functional Unit             |    FF   |   LUT   |
|----------|------------------------------------------|---------|---------|
|   call   | grp_store_gray_Pipeline_store_loop_fu_53 |    40   |    78   |
|----------|------------------------------------------|---------|---------|
|   icmp   |              icmp_ln48_fu_61             |    0    |    39   |
|----------|------------------------------------------|---------|---------|
|   read   |          num_pixels_1_read_fu_40         |    0    |    0    |
|----------|------------------------------------------|---------|---------|
|   write  |          write_ln50_write_fu_46          |    0    |    0    |
|----------|------------------------------------------|---------|---------|
|   Total  |                                          |    40   |   117   |
|----------|------------------------------------------|---------|---------|

Memories:
N/A

* Register list:
+-------------------+--------+
|                   |   FF   |
+-------------------+--------+
|  icmp_ln48_reg_82 |    1   |
|num_pixels_1_reg_76|   32   |
|  p_phi_loc_reg_70 |    8   |
+-------------------+--------+
|       Total       |   41   |
+-------------------+--------+

* Multiplexer (MUX) list: 
|--------|------|------|------|--------|
|  Comp  |  Pin | Size |  BW  | S x BW |
|--------|------|------|------|--------|
|  Total |      |      |      |    0   |
|--------|------|------|------|--------|



* Summary:
+-----------+--------+--------+
|           |   FF   |   LUT  |
+-----------+--------+--------+
|  Function |   40   |   117  |
|   Memory  |    -   |    -   |
|Multiplexer|    -   |    -   |
|  Register |   41   |    -   |
+-----------+--------+--------+
|   Total   |   81   |   117  |
+-----------+--------+--------+
