

================================================================
== Vitis HLS Report for 'store_gray_Pipeline_store_loop'
================================================================
* Date:           Sat Jul 11 13:45:47 2026

* Version:        2024.1 (Build 5069499 on May 21 2024)
* Project:        tarea3_rgb2gray
* Solution:       solution1 (Vivado IP Flow Target)
* Product family: zynquplus
* Target device:  xck26-sfvc784-2LV-c


================================================================
== Performance Estimates
================================================================
+ Timing: 
    * Summary: 
    +--------+---------+----------+------------+
    |  Clock |  Target | Estimated| Uncertainty|
    +--------+---------+----------+------------+
    |ap_clk  |  4.00 ns|  1.870 ns|     1.08 ns|
    +--------+---------+----------+------------+

+ Latency: 
    * Summary: 
    +---------+---------+----------+----------+-----+-----+-----------------------------------------------+
    |  Latency (cycles) |  Latency (absolute) |  Interval |                    Pipeline                   |
    |   min   |   max   |    min   |    max   | min | max |                      Type                     |
    +---------+---------+----------+----------+-----+-----+-----------------------------------------------+
    |        ?|        ?|         ?|         ?|    0|    0|  loop auto-rewind stp(delay=0 clock cycles(s))|
    +---------+---------+----------+----------+-----+-----+-----------------------------------------------+

    + Detail: 
        * Instance: 
        N/A

        * Loop: 
        +--------------+---------+---------+----------+-----------+-----------+------+----------+
        |              |  Latency (cycles) | Iteration|  Initiation Interval  | Trip |          |
        |   Loop Name  |   min   |   max   |  Latency |  achieved |   target  | Count| Pipelined|
        +--------------+---------+---------+----------+-----------+-----------+------+----------+
        |- store_loop  |        ?|        ?|         2|          1|          1|     ?|       yes|
        +--------------+---------+---------+----------+-----------+-----------+------+----------+

============================================================
+ Verbose Summary: Synthesis Manager
============================================================
InlineROM: 1
ExposeGlobal: 0
============================================================
+ Verbose Summary: CDFG Model
============================================================
IsTopModel: 0
ResetActiveHigh: 1
IsCombinational: 0
IsDatapathOnly: 0
HasWiredReturn: 1
HasMFsm: 2
HasVarLatency: 1
IsPipeline: 0
IsRtlPipelined: 0
IsInstanceOverlapped: 0
IsDontTouch: 0
HasImplIP: 0
IsGatedGlobalClock: 0

+ Individual pipeline summary: 
  * Pipeline-0: initiation interval (II) = 1, depth = 2


============================================================
+ Verbose Summary: Schedule
============================================================
* Number of FSM states : 2
* Pipeline : 1
  Pipeline-0 : II = 1, D = 2, States = { 1 2 }
* Dataflow Pipeline: 0

* FSM state transitions: 
1 --> 2 
2 --> 

* FSM state operations: 

State 1 <SV = 0> <Delay = 1.87>
ST_1 : Operation 5 [1/1] (0.00ns)   --->   "%p_phi = alloca i32 1"   --->   Operation 5 'alloca' 'p_phi' <Predicate = true> <Delay = 0.00>
ST_1 : Operation 6 [1/1] (0.00ns)   --->   "%i = alloca i32 1" [tarea3_rgb2gray/rgb2gray_kernel.cpp:48]   --->   Operation 6 'alloca' 'i' <Predicate = true> <Delay = 0.00>
ST_1 : Operation 7 [1/1] (0.00ns)   --->   "%specinterface_ln0 = specinterface void @_ssdm_op_SpecInterface, i8 %stream_gray, void @empty_1, i32 0, i32 0, void @empty_0, i32 0, i32 0, void @empty_0, void @empty_0, void @empty_0, i32 0, i32 0, i32 0, i32 0, void @empty_0, void @empty_0, i32 4294967295, i32 0, i32 0"   --->   Operation 7 'specinterface' 'specinterface_ln0' <Predicate = true> <Delay = 0.00>
ST_1 : Operation 8 [1/1] (0.00ns)   --->   "%num_pixels_1_read = read i32 @_ssdm_op_Read.ap_auto.i32, i32 %num_pixels_1" [tarea3_rgb2gray/rgb2gray_kernel.cpp:47]   --->   Operation 8 'read' 'num_pixels_1_read' <Predicate = true> <Delay = 0.00>
ST_1 : Operation 9 [1/1] (0.42ns)   --->   "%store_ln48 = store i32 0, i32 %i" [tarea3_rgb2gray/rgb2gray_kernel.cpp:48]   --->   Operation 9 'store' 'store_ln48' <Predicate = true> <Delay = 0.42>
ST_1 : Operation 10 [1/1] (0.00ns)   --->   "%br_ln48 = br void %for.inc" [tarea3_rgb2gray/rgb2gray_kernel.cpp:48]   --->   Operation 10 'br' 'br_ln48' <Predicate = true> <Delay = 0.00>
ST_1 : Operation 11 [1/1] (0.00ns)   --->   "%i_1 = load i32 %i" [tarea3_rgb2gray/rgb2gray_kernel.cpp:48]   --->   Operation 11 'load' 'i_1' <Predicate = true> <Delay = 0.00>
ST_1 : Operation 12 [1/1] (1.01ns)   --->   "%icmp_ln48 = icmp_eq  i32 %i_1, i32 %num_pixels_1_read" [tarea3_rgb2gray/rgb2gray_kernel.cpp:48]   --->   Operation 12 'icmp' 'icmp_ln48' <Predicate = true> <Delay = 1.01> <CoreInst = "Cmp">   --->   Core 9 'Cmp' <Latency = 0> <II = 1> <Delay = 1.01> <FuncUnit> <Opcode : 'seteq' 'setne' 'setle' 'setge' 'setlt' 'setgt'> <InPorts = 2> <OutPorts = 1>
ST_1 : Operation 13 [1/1] (1.01ns)   --->   "%add_ln48 = add i32 %i_1, i32 1" [tarea3_rgb2gray/rgb2gray_kernel.cpp:48]   --->   Operation 13 'add' 'add_ln48' <Predicate = true> <Delay = 1.01> <CoreInst = "Adder">   --->   Core 1 'Adder' <Latency = 0> <II = 1> <Delay = 1.01> <FuncUnit> <Opcode : 'add' 'sub'> <InPorts = 2> <OutPorts = 1>
ST_1 : Operation 14 [1/1] (0.00ns)   --->   "%br_ln48 = br i1 %icmp_ln48, void %for.inc.split, void %for.end.loopexit.exitStub" [tarea3_rgb2gray/rgb2gray_kernel.cpp:48]   --->   Operation 14 'br' 'br_ln48' <Predicate = true> <Delay = 0.00>
ST_1 : Operation 15 [1/1] (0.42ns)   --->   "%store_ln48 = store i32 %add_ln48, i32 %i" [tarea3_rgb2gray/rgb2gray_kernel.cpp:48]   --->   Operation 15 'store' 'store_ln48' <Predicate = (!icmp_ln48)> <Delay = 0.42>
ST_1 : Operation 21 [1/1] (0.00ns)   --->   "%p_phi_load = load i8 %p_phi"   --->   Operation 21 'load' 'p_phi_load' <Predicate = (icmp_ln48)> <Delay = 0.00>
ST_1 : Operation 22 [1/1] (0.00ns)   --->   "%write_ln0 = write void @_ssdm_op_Write.ap_auto.i8P0A, i8 %p_phi_out, i8 %p_phi_load"   --->   Operation 22 'write' 'write_ln0' <Predicate = (icmp_ln48)> <Delay = 0.00>
ST_1 : Operation 23 [1/1] (0.42ns)   --->   "%ret_ln0 = ret"   --->   Operation 23 'ret' 'ret_ln0' <Predicate = (icmp_ln48)> <Delay = 0.42>

State 2 <SV = 1> <Delay = 1.46>
ST_2 : Operation 16 [1/1] (0.00ns)   --->   "%specpipeline_ln49 = specpipeline void @_ssdm_op_SpecPipeline, i32 1, i32 0, i32 0, i32 0, void @empty_0" [tarea3_rgb2gray/rgb2gray_kernel.cpp:49]   --->   Operation 16 'specpipeline' 'specpipeline_ln49' <Predicate = true> <Delay = 0.00>
ST_2 : Operation 17 [1/1] (0.00ns)   --->   "%specloopname_ln48 = specloopname void @_ssdm_op_SpecLoopName, void @empty_4" [tarea3_rgb2gray/rgb2gray_kernel.cpp:48]   --->   Operation 17 'specloopname' 'specloopname_ln48' <Predicate = true> <Delay = 0.00>
ST_2 : Operation 18 [1/1] (1.46ns)   --->   "%stream_gray_read = read i8 @_ssdm_op_Read.ap_fifo.volatile.i8P0A, i8 %stream_gray" [tarea3_rgb2gray/rgb2gray_kernel.cpp:50]   --->   Operation 18 'read' 'stream_gray_read' <Predicate = true> <Delay = 1.46> <CoreInst = "FIFO_SRL">   --->   Core 80 'FIFO_SRL' <Latency = 0> <II = 1> <Delay = 2.04> <Storage> <Opcode : 'read' 'write' 'nbread' 'nbwrite'> <Ports = 0> <Width = 8> <Depth = 16> <FIFO>
ST_2 : Operation 19 [1/1] (0.00ns)   --->   "%store_ln50 = store i8 %stream_gray_read, i8 %p_phi" [tarea3_rgb2gray/rgb2gray_kernel.cpp:50]   --->   Operation 19 'store' 'store_ln50' <Predicate = true> <Delay = 0.00>
ST_2 : Operation 20 [1/1] (0.00ns)   --->   "%br_ln48 = br void %for.inc" [tarea3_rgb2gray/rgb2gray_kernel.cpp:48]   --->   Operation 20 'br' 'br_ln48' <Predicate = true> <Delay = 0.00>


============================================================
+ Verbose Summary: Timing violations
============================================================
Target clock period: 4.000ns, clock uncertainty: 1.080ns.

 <State 1>: 1.870ns
The critical path consists of the following:
	'store' operation 0 bit ('store_ln48', tarea3_rgb2gray/rgb2gray_kernel.cpp:48) of constant 0 on local variable 'i', tarea3_rgb2gray/rgb2gray_kernel.cpp:48 [8]  (0.427 ns)
	'load' operation 32 bit ('i', tarea3_rgb2gray/rgb2gray_kernel.cpp:48) on local variable 'i', tarea3_rgb2gray/rgb2gray_kernel.cpp:48 [11]  (0.000 ns)
	'icmp' operation 1 bit ('icmp_ln48', tarea3_rgb2gray/rgb2gray_kernel.cpp:48) [12]  (1.016 ns)
	'store' operation 0 bit ('store_ln48', tarea3_rgb2gray/rgb2gray_kernel.cpp:48) of variable 'add_ln48', tarea3_rgb2gray/rgb2gray_kernel.cpp:48 on local variable 'i', tarea3_rgb2gray/rgb2gray_kernel.cpp:48 [19]  (0.427 ns)

 <State 2>: 1.460ns
The critical path consists of the following:
	fifo read operation ('stream_gray_read', tarea3_rgb2gray/rgb2gray_kernel.cpp:50) on port 'stream_gray' (tarea3_rgb2gray/rgb2gray_kernel.cpp:50) [18]  (1.460 ns)


============================================================
+ Verbose Summary: Binding
============================================================
N/A
* FSMD analyzer results:
  - Output states:
 - Input state : 
  - Chain level:
	State 1
	State 2


============================================================
+ Verbose Summary: Datapath Resource usage 
============================================================
N/A
