Copyright 1986-2022 Xilinx, Inc. All Rights Reserved. Copyright 2022-2024 Advanced Micro Devices, Inc. All Rights Reserved.
------------------------------------------------------------------------------------------------------------------------------------------------------------------------------------------------------------------------------------
| Tool Version      : Vivado v.2024.1 (lin64) Build 5076996 Wed May 22 18:36:09 MDT 2024
| Date              : Thu Aug  6 03:01:27 2026
| Host              : linux running 64-bit Ubuntu 22.04.5 LTS
| Command           : report_timing -delay_type max -max_paths 1 -file ${PROJECT_ROOT}/ProyectoFinal/HLS/reports/main_inverse/post_route/timing_critical_path.rpt
| Design            : wht_lossless_inverse
| Device            : xck26-sfvc784
| Speed File        : -2LV  PRODUCTION 1.30 05-15-2022
| Design State      : Routed
| Temperature Grade : C
------------------------------------------------------------------------------------------------------------------------------------------------------------------------------------------------------------------------------------

Timing Report

Slack (MET) :             5.980ns  (required time - arrival time)
  Source:                 gmem_m_axi_U/store_unit/fifo_wreq/raddr_reg[2]/C
                            (rising edge-triggered cell FDRE clocked by ap_clk  {rise@0.000ns fall@5.000ns period=10.000ns})
  Destination:            gmem_m_axi_U/store_unit/fifo_wreq/U_fifo_srl/dout_reg[64]/D
                            (rising edge-triggered cell FDRE clocked by ap_clk  {rise@0.000ns fall@5.000ns period=10.000ns})
  Path Group:             ap_clk
  Path Type:              Setup (Max at Slow Process Corner)
  Requirement:            10.000ns  (ap_clk rise@10.000ns - ap_clk rise@0.000ns)
  Data Path Delay:        4.016ns  (logic 0.432ns (10.756%)  route 3.584ns (89.244%))
  Logic Levels:           3  (LUT4=1 MUXF7=1 SRLC32E=1)
  Clock Path Skew:        -0.011ns (DCD - SCD + CPR)
    Destination Clock Delay (DCD):    0.030ns = ( 10.030 - 10.000 ) 
    Source Clock Delay      (SCD):    0.041ns
    Clock Pessimism Removal (CPR):    0.000ns
  Clock Uncertainty:      0.035ns  ((TSJ^2 + TIJ^2)^1/2 + DJ) / 2 + PE
    Total System Jitter     (TSJ):    0.071ns
    Total Input Jitter      (TIJ):    0.000ns
    Discrete Jitter          (DJ):    0.000ns
    Phase Error              (PE):    0.000ns

    Location             Delay type                Incr(ns)  Path(ns)    Netlist Resource(s)
  -------------------------------------------------------------------    -------------------
                         (clock ap_clk rise edge)     0.000     0.000 r  
                                                      0.000     0.000 r  ap_clk (IN)
                         net (fo=3485, unset)         0.041     0.041    gmem_m_axi_U/store_unit/fifo_wreq/ap_clk
    SLICE_X48Y147        FDRE                                         r  gmem_m_axi_U/store_unit/fifo_wreq/raddr_reg[2]/C
  -------------------------------------------------------------------    -------------------
    SLICE_X48Y147        FDRE (Prop_BFF_SLICEL_C_Q)
                                                      0.113     0.154 r  gmem_m_axi_U/store_unit/fifo_wreq/raddr_reg[2]/Q
                         net (fo=187, routed)         3.202     3.356    gmem_m_axi_U/store_unit/fifo_wreq/U_fifo_srl/Q[2]
    SLICE_X53Y146        SRLC32E (Prop_B6LUT_SLICEM_A[2]_Q)
                                                      0.137     3.493 r  gmem_m_axi_U/store_unit/fifo_wreq/U_fifo_srl/mem_reg[68][64]_srl32/Q
                         net (fo=1, routed)           0.022     3.515    gmem_m_axi_U/store_unit/fifo_wreq/U_fifo_srl/mem_reg[68][64]_srl32_n_0
    SLICE_X53Y146        MUXF7 (Prop_F7MUX_AB_SLICEM_I0_O)
                                                      0.102     3.617 r  gmem_m_axi_U/store_unit/fifo_wreq/U_fifo_srl/mem_reg[68][64]_mux/O
                         net (fo=1, routed)           0.264     3.881    gmem_m_axi_U/store_unit/fifo_wreq/U_fifo_srl/mem_reg[68][64]_mux_n_0
    SLICE_X53Y146        LUT4 (Prop_D6LUT_SLICEM_I3_O)
                                                      0.080     3.961 r  gmem_m_axi_U/store_unit/fifo_wreq/U_fifo_srl/dout[64]_i_2/O
                         net (fo=1, routed)           0.096     4.057    gmem_m_axi_U/store_unit/fifo_wreq/U_fifo_srl/dout[64]_i_2_n_0
    SLICE_X53Y146        FDRE                                         r  gmem_m_axi_U/store_unit/fifo_wreq/U_fifo_srl/dout_reg[64]/D
  -------------------------------------------------------------------    -------------------

                         (clock ap_clk rise edge)    10.000    10.000 r  
                                                      0.000    10.000 r  ap_clk (IN)
                         net (fo=3485, unset)         0.030    10.030    gmem_m_axi_U/store_unit/fifo_wreq/U_fifo_srl/ap_clk
    SLICE_X53Y146        FDRE                                         r  gmem_m_axi_U/store_unit/fifo_wreq/U_fifo_srl/dout_reg[64]/C
                         clock pessimism              0.000    10.030    
                         clock uncertainty           -0.035     9.995    
    SLICE_X53Y146        FDRE (Setup_DFF_SLICEM_C_D)
                                                      0.043    10.038    gmem_m_axi_U/store_unit/fifo_wreq/U_fifo_srl/dout_reg[64]
  -------------------------------------------------------------------
                         required time                         10.038    
                         arrival time                          -4.057    
  -------------------------------------------------------------------
                         slack                                  5.980    




