Copyright 1986-2022 Xilinx, Inc. All Rights Reserved. Copyright 2022-2024 Advanced Micro Devices, Inc. All Rights Reserved.
-------------------------------------------------------------------------------------------------------------------------------------------------------------
| Tool Version      : Vivado v.2024.1 (win64) Build 5076996 Wed May 22 18:37:14 MDT 2024
| Date              : Tue Aug  4 23:00:52 2026
| Host              : DESKTOP-R2U5D5U running 64-bit major release  (build 9200)
| Command           : report_timing_summary -delay_type max -max_paths 10 -file C:/MP6160_trabajo/ProyectoFinal/HLS/vivado_w4_baseline/timing_post_route.rpt
| Design            : wht_multiplier_forward
| Device            : xck26-sfvc784
| Speed File        : -2LV  PRODUCTION 1.30 05-15-2022
| Design State      : Routed
| Temperature Grade : C
-------------------------------------------------------------------------------------------------------------------------------------------------------------

Timing Summary Report

------------------------------------------------------------------------------------------------
| Timer Settings
| --------------
------------------------------------------------------------------------------------------------

  Enable Multi Corner Analysis               :  Yes
  Enable Pessimism Removal                   :  Yes
  Pessimism Removal Resolution               :  Nearest Common Node
  Enable Input Delay Default Clock           :  No
  Enable Preset / Clear Arcs                 :  No
  Disable Flight Delays                      :  No
  Ignore I/O Paths                           :  No
  Timing Early Launch at Borrowing Latches   :  No
  Borrow Time for Max Delay Exceptions       :  Yes
  Merge Timing Exceptions                    :  Yes
  Inter-SLR Compensation                     :  Conservative

  Corner  Analyze    Analyze    
  Name    Max Paths  Min Paths  
  ------  ---------  ---------  
  Slow    Yes        Yes        
  Fast    Yes        Yes        


------------------------------------------------------------------------------------------------
| Report Methodology
| ------------------
------------------------------------------------------------------------------------------------

No report available as report_methodology has not been run prior. Run report_methodology on the current design for the summary of methodology violations.



check_timing report

Table of Contents
-----------------
1. checking no_clock (0)
2. checking constant_clock (0)
3. checking pulse_width_clock (0)
4. checking unconstrained_internal_endpoints (0)
5. checking no_input_delay (52)
6. checking no_output_delay (38)
7. checking multiple_clock (0)
8. checking generated_clocks (0)
9. checking loops (0)
10. checking partial_input_delay (0)
11. checking partial_output_delay (0)
12. checking latch_loops (0)

1. checking no_clock (0)
------------------------
 There are 0 register/latch pins with no clock.


2. checking constant_clock (0)
------------------------------
 There are 0 register/latch pins with constant_clock.


3. checking pulse_width_clock (0)
---------------------------------
 There are 0 register/latch pins which need pulse_width check


4. checking unconstrained_internal_endpoints (0)
------------------------------------------------
 There are 0 pins that are not constrained for maximum delay.

 There are 0 pins that are not constrained for maximum delay due to constant clock.


5. checking no_input_delay (52)
-------------------------------
 There are 52 input ports with no input delay specified. (HIGH)

 There are 0 input ports with no input delay but user has a false path constraint.


6. checking no_output_delay (38)
--------------------------------
 There are 38 ports with no output delay specified. (HIGH)

 There are 0 ports with no output delay but user has a false path constraint

 There are 0 ports with no output delay but with a timing clock defined on it or propagating through it


7. checking multiple_clock (0)
------------------------------
 There are 0 register/latch pins with multiple clocks.


8. checking generated_clocks (0)
--------------------------------
 There are 0 generated clocks that are not connected to a clock source.


9. checking loops (0)
---------------------
 There are 0 combinational loops in the design.


10. checking partial_input_delay (0)
------------------------------------
 There are 0 input ports with partial input delay specified.


11. checking partial_output_delay (0)
-------------------------------------
 There are 0 ports with partial output delay specified.


12. checking latch_loops (0)
----------------------------
 There are 0 combinational latch loops in the design through latch input



------------------------------------------------------------------------------------------------
| Design Timing Summary
| ---------------------
------------------------------------------------------------------------------------------------

    WNS(ns)      TNS(ns)  TNS Failing Endpoints  TNS Total Endpoints     WPWS(ns)     TPWS(ns)  TPWS Failing Endpoints  TPWS Total Endpoints  
    -------      -------  ---------------------  -------------------     --------     --------  ----------------------  --------------------  
      5.263        0.000                      0                 1870        4.423        0.000                       0                   401  


All user specified timing constraints are met.


------------------------------------------------------------------------------------------------
| Clock Summary
| -------------
------------------------------------------------------------------------------------------------

Clock   Waveform(ns)       Period(ns)      Frequency(MHz)
-----   ------------       ----------      --------------
ap_clk  {0.000 5.000}      10.000          100.000         


------------------------------------------------------------------------------------------------
| Intra Clock Table
| -----------------
------------------------------------------------------------------------------------------------

Clock             WNS(ns)      TNS(ns)  TNS Failing Endpoints  TNS Total Endpoints     WPWS(ns)     TPWS(ns)  TPWS Failing Endpoints  TPWS Total Endpoints  
-----             -------      -------  ---------------------  -------------------     --------     --------  ----------------------  --------------------  
ap_clk              5.263        0.000                      0                 1870        4.423        0.000                       0                   401  


------------------------------------------------------------------------------------------------
| Inter Clock Table
| -----------------
------------------------------------------------------------------------------------------------

From Clock    To Clock          WNS(ns)      TNS(ns)  TNS Failing Endpoints  TNS Total Endpoints  
----------    --------          -------      -------  ---------------------  -------------------  


------------------------------------------------------------------------------------------------
| Other Path Groups Table
| -----------------------
------------------------------------------------------------------------------------------------

Path Group    From Clock    To Clock          WNS(ns)      TNS(ns)  TNS Failing Endpoints  TNS Total Endpoints  
----------    ----------    --------          -------      -------  ---------------------  -------------------  


------------------------------------------------------------------------------------------------
| Timing Details
| --------------
------------------------------------------------------------------------------------------------


---------------------------------------------------------------------------------------------------
From Clock:  ap_clk
  To Clock:  ap_clk

Setup :            0  Failing Endpoints,  Worst Slack        5.263ns,  Total Violation        0.000ns
Hold  :           NA  Failing Endpoints,  Worst Slack           NA  ,  Total Violation           NA
PW    :            0  Failing Endpoints,  Worst Slack        4.423ns,  Total Violation        0.000ns
---------------------------------------------------------------------------------------------------


Max Delay Paths
--------------------------------------------------------------------------------------
Slack (MET) :             5.263ns  (required time - arrival time)
  Source:                 control_s_axi_U/int_input_r/mem_reg/CLKBWRCLK
                            (rising edge-triggered cell RAMB36E2 clocked by ap_clk  {rise@0.000ns fall@5.000ns period=10.000ns})
  Destination:            mul_16s_16s_31_1_1_U7/tmp_product/DSP_A_B_DATA_INST/A[21]
                            (rising edge-triggered cell DSP_A_B_DATA clocked by ap_clk  {rise@0.000ns fall@5.000ns period=10.000ns})
  Path Group:             ap_clk
  Path Type:              Setup (Max at Slow Process Corner)
  Requirement:            10.000ns  (ap_clk rise@10.000ns - ap_clk rise@0.000ns)
  Data Path Delay:        4.143ns  (logic 2.258ns (54.502%)  route 1.885ns (45.498%))
  Logic Levels:           5  (CARRY8=3 LUT2=1 LUT4=1)
  Clock Path Skew:        -0.051ns (DCD - SCD + CPR)
    Destination Clock Delay (DCD):    0.055ns = ( 10.055 - 10.000 ) 
    Source Clock Delay      (SCD):    0.106ns
    Clock Pessimism Removal (CPR):    0.000ns
  Clock Uncertainty:      0.035ns  ((TSJ^2 + TIJ^2)^1/2 + DJ) / 2 + PE
    Total System Jitter     (TSJ):    0.071ns
    Total Input Jitter      (TIJ):    0.000ns
    Discrete Jitter          (DJ):    0.000ns
    Phase Error              (PE):    0.000ns

    Location             Delay type                Incr(ns)  Path(ns)    Netlist Resource(s)
  -------------------------------------------------------------------    -------------------
                         (clock ap_clk rise edge)     0.000     0.000 r  
                                                      0.000     0.000 r  ap_clk (IN)
                         net (fo=446, unset)          0.106     0.106    control_s_axi_U/int_input_r/ap_clk
    RAMB36_X0Y10         RAMB36E2                                     r  control_s_axi_U/int_input_r/mem_reg/CLKBWRCLK
  -------------------------------------------------------------------    -------------------
    RAMB36_X0Y10         RAMB36E2 (Prop_RAMB36E2_RAMB36_CLKBWRCLK_DOUTBDOUT[7])
                                                      1.305     1.411 r  control_s_axi_U/int_input_r/mem_reg/DOUTBDOUT[7]
                         net (fo=3, routed)           0.615     2.026    control_s_axi_U/int_input_r/int_input_r_q0[7]
    SLICE_X28Y50         LUT4 (Prop_H6LUT_SLICEM_I1_O)
                                                      0.228     2.254 r  control_s_axi_U/int_input_r/tmp_product_i_12__0/O
                         net (fo=1, routed)           0.021     2.275    control_s_axi_U/int_input_r/tmp_product_i_12__0_n_0
    SLICE_X28Y50         CARRY8 (Prop_CARRY8_SLICEM_S[7]_CO[7])
                                                      0.175     2.450 r  control_s_axi_U/int_input_r/tmp_product_i_3__0/CO[7]
                         net (fo=1, routed)           0.030     2.480    control_s_axi_U/int_input_r/tmp_product_i_3__0_n_0
    SLICE_X28Y51         CARRY8 (Prop_CARRY8_SLICEM_CI_O[3])
                                                      0.114     2.594 r  control_s_axi_U/int_input_r/tmp_product_i_2/O[3]
                         net (fo=2, routed)           0.531     3.125    control_s_axi_U/int_input_r/A[11]
    SLICE_X28Y59         LUT2 (Prop_D6LUT_SLICEM_I1_O)
                                                      0.151     3.276 r  control_s_axi_U/int_input_r/trunc_ln17_5_reg_648_reg_i_8/O
                         net (fo=1, routed)           0.032     3.308    control_s_axi_U/int_input_r/trunc_ln17_5_reg_648_reg_i_8_n_0
    SLICE_X28Y59         CARRY8 (Prop_CARRY8_SLICEM_S[3]_O[7])
                                                      0.285     3.593 r  control_s_axi_U/int_input_r/trunc_ln17_5_reg_648_reg_i_2/O[7]
                         net (fo=32, routed)          0.656     4.249    mul_16s_16s_31_1_1_U7/tmp_product/A[21]
    DSP48E2_X7Y24        DSP_A_B_DATA                                 r  mul_16s_16s_31_1_1_U7/tmp_product/DSP_A_B_DATA_INST/A[21]
  -------------------------------------------------------------------    -------------------

                         (clock ap_clk rise edge)    10.000    10.000 r  
                                                      0.000    10.000 r  ap_clk (IN)
                         net (fo=446, unset)          0.055    10.055    mul_16s_16s_31_1_1_U7/tmp_product/CLK
    DSP48E2_X7Y24        DSP_A_B_DATA                                 r  mul_16s_16s_31_1_1_U7/tmp_product/DSP_A_B_DATA_INST/CLK
                         clock pessimism              0.000    10.055    
                         clock uncertainty           -0.035    10.020    
    DSP48E2_X7Y24        DSP_A_B_DATA (Setup_DSP_A_B_DATA_DSP48E2_CLK_A[21])
                                                     -0.508     9.512    mul_16s_16s_31_1_1_U7/tmp_product/DSP_A_B_DATA_INST
  -------------------------------------------------------------------
                         required time                          9.512    
                         arrival time                          -4.249    
  -------------------------------------------------------------------
                         slack                                  5.263    

Slack (MET) :             5.368ns  (required time - arrival time)
  Source:                 control_s_axi_U/int_input_r/mem_reg/CLKBWRCLK
                            (rising edge-triggered cell RAMB36E2 clocked by ap_clk  {rise@0.000ns fall@5.000ns period=10.000ns})
  Destination:            trunc_ln17_5_reg_648_reg/DSP_A_B_DATA_INST/A[27]
                            (rising edge-triggered cell DSP_A_B_DATA clocked by ap_clk  {rise@0.000ns fall@5.000ns period=10.000ns})
  Path Group:             ap_clk
  Path Type:              Setup (Max at Slow Process Corner)
  Requirement:            10.000ns  (ap_clk rise@10.000ns - ap_clk rise@0.000ns)
  Data Path Delay:        4.011ns  (logic 2.258ns (56.288%)  route 1.753ns (43.712%))
  Logic Levels:           5  (CARRY8=3 LUT2=1 LUT4=1)
  Clock Path Skew:        -0.051ns (DCD - SCD + CPR)
    Destination Clock Delay (DCD):    0.055ns = ( 10.055 - 10.000 ) 
    Source Clock Delay      (SCD):    0.106ns
    Clock Pessimism Removal (CPR):    0.000ns
  Clock Uncertainty:      0.035ns  ((TSJ^2 + TIJ^2)^1/2 + DJ) / 2 + PE
    Total System Jitter     (TSJ):    0.071ns
    Total Input Jitter      (TIJ):    0.000ns
    Discrete Jitter          (DJ):    0.000ns
    Phase Error              (PE):    0.000ns

    Location             Delay type                Incr(ns)  Path(ns)    Netlist Resource(s)
  -------------------------------------------------------------------    -------------------
                         (clock ap_clk rise edge)     0.000     0.000 r  
                                                      0.000     0.000 r  ap_clk (IN)
                         net (fo=446, unset)          0.106     0.106    control_s_axi_U/int_input_r/ap_clk
    RAMB36_X0Y10         RAMB36E2                                     r  control_s_axi_U/int_input_r/mem_reg/CLKBWRCLK
  -------------------------------------------------------------------    -------------------
    RAMB36_X0Y10         RAMB36E2 (Prop_RAMB36E2_RAMB36_CLKBWRCLK_DOUTBDOUT[7])
                                                      1.305     1.411 r  control_s_axi_U/int_input_r/mem_reg/DOUTBDOUT[7]
                         net (fo=3, routed)           0.615     2.026    control_s_axi_U/int_input_r/int_input_r_q0[7]
    SLICE_X28Y50         LUT4 (Prop_H6LUT_SLICEM_I1_O)
                                                      0.228     2.254 r  control_s_axi_U/int_input_r/tmp_product_i_12__0/O
                         net (fo=1, routed)           0.021     2.275    control_s_axi_U/int_input_r/tmp_product_i_12__0_n_0
    SLICE_X28Y50         CARRY8 (Prop_CARRY8_SLICEM_S[7]_CO[7])
                                                      0.175     2.450 r  control_s_axi_U/int_input_r/tmp_product_i_3__0/CO[7]
                         net (fo=1, routed)           0.030     2.480    control_s_axi_U/int_input_r/tmp_product_i_3__0_n_0
    SLICE_X28Y51         CARRY8 (Prop_CARRY8_SLICEM_CI_O[3])
                                                      0.114     2.594 r  control_s_axi_U/int_input_r/tmp_product_i_2/O[3]
                         net (fo=2, routed)           0.531     3.125    control_s_axi_U/int_input_r/A[11]
    SLICE_X28Y59         LUT2 (Prop_D6LUT_SLICEM_I1_O)
                                                      0.151     3.276 r  control_s_axi_U/int_input_r/trunc_ln17_5_reg_648_reg_i_8/O
                         net (fo=1, routed)           0.032     3.308    control_s_axi_U/int_input_r/trunc_ln17_5_reg_648_reg_i_8_n_0
    SLICE_X28Y59         CARRY8 (Prop_CARRY8_SLICEM_S[3]_O[7])
                                                      0.285     3.593 r  control_s_axi_U/int_input_r/trunc_ln17_5_reg_648_reg_i_2/O[7]
                         net (fo=32, routed)          0.525     4.117    trunc_ln17_5_reg_648_reg/A[27]
    DSP48E2_X7Y25        DSP_A_B_DATA                                 r  trunc_ln17_5_reg_648_reg/DSP_A_B_DATA_INST/A[27]
  -------------------------------------------------------------------    -------------------

                         (clock ap_clk rise edge)    10.000    10.000 r  
                                                      0.000    10.000 r  ap_clk (IN)
                         net (fo=446, unset)          0.055    10.055    trunc_ln17_5_reg_648_reg/CLK
    DSP48E2_X7Y25        DSP_A_B_DATA                                 r  trunc_ln17_5_reg_648_reg/DSP_A_B_DATA_INST/CLK
                         clock pessimism              0.000    10.055    
                         clock uncertainty           -0.035    10.020    
    DSP48E2_X7Y25        DSP_A_B_DATA (Setup_DSP_A_B_DATA_DSP48E2_CLK_A[27])
                                                     -0.534     9.486    trunc_ln17_5_reg_648_reg/DSP_A_B_DATA_INST
  -------------------------------------------------------------------
                         required time                          9.486    
                         arrival time                          -4.117    
  -------------------------------------------------------------------
                         slack                                  5.368    

Slack (MET) :             5.379ns  (required time - arrival time)
  Source:                 control_s_axi_U/int_input_r/mem_reg/CLKBWRCLK
                            (rising edge-triggered cell RAMB36E2 clocked by ap_clk  {rise@0.000ns fall@5.000ns period=10.000ns})
  Destination:            trunc_ln17_5_reg_648_reg/DSP_A_B_DATA_INST/A[28]
                            (rising edge-triggered cell DSP_A_B_DATA clocked by ap_clk  {rise@0.000ns fall@5.000ns period=10.000ns})
  Path Group:             ap_clk
  Path Type:              Setup (Max at Slow Process Corner)
  Requirement:            10.000ns  (ap_clk rise@10.000ns - ap_clk rise@0.000ns)
  Data Path Delay:        3.977ns  (logic 2.258ns (56.770%)  route 1.719ns (43.230%))
  Logic Levels:           5  (CARRY8=3 LUT2=1 LUT4=1)
  Clock Path Skew:        -0.051ns (DCD - SCD + CPR)
    Destination Clock Delay (DCD):    0.055ns = ( 10.055 - 10.000 ) 
    Source Clock Delay      (SCD):    0.106ns
    Clock Pessimism Removal (CPR):    0.000ns
  Clock Uncertainty:      0.035ns  ((TSJ^2 + TIJ^2)^1/2 + DJ) / 2 + PE
    Total System Jitter     (TSJ):    0.071ns
    Total Input Jitter      (TIJ):    0.000ns
    Discrete Jitter          (DJ):    0.000ns
    Phase Error              (PE):    0.000ns

    Location             Delay type                Incr(ns)  Path(ns)    Netlist Resource(s)
  -------------------------------------------------------------------    -------------------
                         (clock ap_clk rise edge)     0.000     0.000 r  
                                                      0.000     0.000 r  ap_clk (IN)
                         net (fo=446, unset)          0.106     0.106    control_s_axi_U/int_input_r/ap_clk
    RAMB36_X0Y10         RAMB36E2                                     r  control_s_axi_U/int_input_r/mem_reg/CLKBWRCLK
  -------------------------------------------------------------------    -------------------
    RAMB36_X0Y10         RAMB36E2 (Prop_RAMB36E2_RAMB36_CLKBWRCLK_DOUTBDOUT[7])
                                                      1.305     1.411 r  control_s_axi_U/int_input_r/mem_reg/DOUTBDOUT[7]
                         net (fo=3, routed)           0.615     2.026    control_s_axi_U/int_input_r/int_input_r_q0[7]
    SLICE_X28Y50         LUT4 (Prop_H6LUT_SLICEM_I1_O)
                                                      0.228     2.254 r  control_s_axi_U/int_input_r/tmp_product_i_12__0/O
                         net (fo=1, routed)           0.021     2.275    control_s_axi_U/int_input_r/tmp_product_i_12__0_n_0
    SLICE_X28Y50         CARRY8 (Prop_CARRY8_SLICEM_S[7]_CO[7])
                                                      0.175     2.450 r  control_s_axi_U/int_input_r/tmp_product_i_3__0/CO[7]
                         net (fo=1, routed)           0.030     2.480    control_s_axi_U/int_input_r/tmp_product_i_3__0_n_0
    SLICE_X28Y51         CARRY8 (Prop_CARRY8_SLICEM_CI_O[3])
                                                      0.114     2.594 r  control_s_axi_U/int_input_r/tmp_product_i_2/O[3]
                         net (fo=2, routed)           0.531     3.125    control_s_axi_U/int_input_r/A[11]
    SLICE_X28Y59         LUT2 (Prop_D6LUT_SLICEM_I1_O)
                                                      0.151     3.276 r  control_s_axi_U/int_input_r/trunc_ln17_5_reg_648_reg_i_8/O
                         net (fo=1, routed)           0.032     3.308    control_s_axi_U/int_input_r/trunc_ln17_5_reg_648_reg_i_8_n_0
    SLICE_X28Y59         CARRY8 (Prop_CARRY8_SLICEM_S[3]_O[7])
                                                      0.285     3.593 r  control_s_axi_U/int_input_r/trunc_ln17_5_reg_648_reg_i_2/O[7]
                         net (fo=32, routed)          0.491     4.083    trunc_ln17_5_reg_648_reg/A[28]
    DSP48E2_X7Y25        DSP_A_B_DATA                                 r  trunc_ln17_5_reg_648_reg/DSP_A_B_DATA_INST/A[28]
  -------------------------------------------------------------------    -------------------

                         (clock ap_clk rise edge)    10.000    10.000 r  
                                                      0.000    10.000 r  ap_clk (IN)
                         net (fo=446, unset)          0.055    10.055    trunc_ln17_5_reg_648_reg/CLK
    DSP48E2_X7Y25        DSP_A_B_DATA                                 r  trunc_ln17_5_reg_648_reg/DSP_A_B_DATA_INST/CLK
                         clock pessimism              0.000    10.055    
                         clock uncertainty           -0.035    10.020    
    DSP48E2_X7Y25        DSP_A_B_DATA (Setup_DSP_A_B_DATA_DSP48E2_CLK_A[28])
                                                     -0.557     9.463    trunc_ln17_5_reg_648_reg/DSP_A_B_DATA_INST
  -------------------------------------------------------------------
                         required time                          9.463    
                         arrival time                          -4.083    
  -------------------------------------------------------------------
                         slack                                  5.379    

Slack (MET) :             5.380ns  (required time - arrival time)
  Source:                 control_s_axi_U/int_input_r/mem_reg/CLKBWRCLK
                            (rising edge-triggered cell RAMB36E2 clocked by ap_clk  {rise@0.000ns fall@5.000ns period=10.000ns})
  Destination:            mul_16s_16s_31_1_1_U7/tmp_product/DSP_A_B_DATA_INST/A[27]
                            (rising edge-triggered cell DSP_A_B_DATA clocked by ap_clk  {rise@0.000ns fall@5.000ns period=10.000ns})
  Path Group:             ap_clk
  Path Type:              Setup (Max at Slow Process Corner)
  Requirement:            10.000ns  (ap_clk rise@10.000ns - ap_clk rise@0.000ns)
  Data Path Delay:        4.000ns  (logic 2.258ns (56.456%)  route 1.742ns (43.544%))
  Logic Levels:           5  (CARRY8=3 LUT2=1 LUT4=1)
  Clock Path Skew:        -0.051ns (DCD - SCD + CPR)
    Destination Clock Delay (DCD):    0.055ns = ( 10.055 - 10.000 ) 
    Source Clock Delay      (SCD):    0.106ns
    Clock Pessimism Removal (CPR):    0.000ns
  Clock Uncertainty:      0.035ns  ((TSJ^2 + TIJ^2)^1/2 + DJ) / 2 + PE
    Total System Jitter     (TSJ):    0.071ns
    Total Input Jitter      (TIJ):    0.000ns
    Discrete Jitter          (DJ):    0.000ns
    Phase Error              (PE):    0.000ns

    Location             Delay type                Incr(ns)  Path(ns)    Netlist Resource(s)
  -------------------------------------------------------------------    -------------------
                         (clock ap_clk rise edge)     0.000     0.000 r  
                                                      0.000     0.000 r  ap_clk (IN)
                         net (fo=446, unset)          0.106     0.106    control_s_axi_U/int_input_r/ap_clk
    RAMB36_X0Y10         RAMB36E2                                     r  control_s_axi_U/int_input_r/mem_reg/CLKBWRCLK
  -------------------------------------------------------------------    -------------------
    RAMB36_X0Y10         RAMB36E2 (Prop_RAMB36E2_RAMB36_CLKBWRCLK_DOUTBDOUT[7])
                                                      1.305     1.411 r  control_s_axi_U/int_input_r/mem_reg/DOUTBDOUT[7]
                         net (fo=3, routed)           0.615     2.026    control_s_axi_U/int_input_r/int_input_r_q0[7]
    SLICE_X28Y50         LUT4 (Prop_H6LUT_SLICEM_I1_O)
                                                      0.228     2.254 r  control_s_axi_U/int_input_r/tmp_product_i_12__0/O
                         net (fo=1, routed)           0.021     2.275    control_s_axi_U/int_input_r/tmp_product_i_12__0_n_0
    SLICE_X28Y50         CARRY8 (Prop_CARRY8_SLICEM_S[7]_CO[7])
                                                      0.175     2.450 r  control_s_axi_U/int_input_r/tmp_product_i_3__0/CO[7]
                         net (fo=1, routed)           0.030     2.480    control_s_axi_U/int_input_r/tmp_product_i_3__0_n_0
    SLICE_X28Y51         CARRY8 (Prop_CARRY8_SLICEM_CI_O[3])
                                                      0.114     2.594 r  control_s_axi_U/int_input_r/tmp_product_i_2/O[3]
                         net (fo=2, routed)           0.531     3.125    control_s_axi_U/int_input_r/A[11]
    SLICE_X28Y59         LUT2 (Prop_D6LUT_SLICEM_I1_O)
                                                      0.151     3.276 r  control_s_axi_U/int_input_r/trunc_ln17_5_reg_648_reg_i_8/O
                         net (fo=1, routed)           0.032     3.308    control_s_axi_U/int_input_r/trunc_ln17_5_reg_648_reg_i_8_n_0
    SLICE_X28Y59         CARRY8 (Prop_CARRY8_SLICEM_S[3]_O[7])
                                                      0.285     3.593 r  control_s_axi_U/int_input_r/trunc_ln17_5_reg_648_reg_i_2/O[7]
                         net (fo=32, routed)          0.513     4.106    mul_16s_16s_31_1_1_U7/tmp_product/A[27]
    DSP48E2_X7Y24        DSP_A_B_DATA                                 r  mul_16s_16s_31_1_1_U7/tmp_product/DSP_A_B_DATA_INST/A[27]
  -------------------------------------------------------------------    -------------------

                         (clock ap_clk rise edge)    10.000    10.000 r  
                                                      0.000    10.000 r  ap_clk (IN)
                         net (fo=446, unset)          0.055    10.055    mul_16s_16s_31_1_1_U7/tmp_product/CLK
    DSP48E2_X7Y24        DSP_A_B_DATA                                 r  mul_16s_16s_31_1_1_U7/tmp_product/DSP_A_B_DATA_INST/CLK
                         clock pessimism              0.000    10.055    
                         clock uncertainty           -0.035    10.020    
    DSP48E2_X7Y24        DSP_A_B_DATA (Setup_DSP_A_B_DATA_DSP48E2_CLK_A[27])
                                                     -0.534     9.486    mul_16s_16s_31_1_1_U7/tmp_product/DSP_A_B_DATA_INST
  -------------------------------------------------------------------
                         required time                          9.486    
                         arrival time                          -4.106    
  -------------------------------------------------------------------
                         slack                                  5.380    

Slack (MET) :             5.386ns  (required time - arrival time)
  Source:                 control_s_axi_U/int_input_r/mem_reg/CLKBWRCLK
                            (rising edge-triggered cell RAMB36E2 clocked by ap_clk  {rise@0.000ns fall@5.000ns period=10.000ns})
  Destination:            mul_16s_16s_31_1_1_U7/tmp_product/DSP_A_B_DATA_INST/A[29]
                            (rising edge-triggered cell DSP_A_B_DATA clocked by ap_clk  {rise@0.000ns fall@5.000ns period=10.000ns})
  Path Group:             ap_clk
  Path Type:              Setup (Max at Slow Process Corner)
  Requirement:            10.000ns  (ap_clk rise@10.000ns - ap_clk rise@0.000ns)
  Data Path Delay:        4.006ns  (logic 2.258ns (56.368%)  route 1.748ns (43.632%))
  Logic Levels:           5  (CARRY8=3 LUT2=1 LUT4=1)
  Clock Path Skew:        -0.051ns (DCD - SCD + CPR)
    Destination Clock Delay (DCD):    0.055ns = ( 10.055 - 10.000 ) 
    Source Clock Delay      (SCD):    0.106ns
    Clock Pessimism Removal (CPR):    0.000ns
  Clock Uncertainty:      0.035ns  ((TSJ^2 + TIJ^2)^1/2 + DJ) / 2 + PE
    Total System Jitter     (TSJ):    0.071ns
    Total Input Jitter      (TIJ):    0.000ns
    Discrete Jitter          (DJ):    0.000ns
    Phase Error              (PE):    0.000ns

    Location             Delay type                Incr(ns)  Path(ns)    Netlist Resource(s)
  -------------------------------------------------------------------    -------------------
                         (clock ap_clk rise edge)     0.000     0.000 r  
                                                      0.000     0.000 r  ap_clk (IN)
                         net (fo=446, unset)          0.106     0.106    control_s_axi_U/int_input_r/ap_clk
    RAMB36_X0Y10         RAMB36E2                                     r  control_s_axi_U/int_input_r/mem_reg/CLKBWRCLK
  -------------------------------------------------------------------    -------------------
    RAMB36_X0Y10         RAMB36E2 (Prop_RAMB36E2_RAMB36_CLKBWRCLK_DOUTBDOUT[7])
                                                      1.305     1.411 r  control_s_axi_U/int_input_r/mem_reg/DOUTBDOUT[7]
                         net (fo=3, routed)           0.615     2.026    control_s_axi_U/int_input_r/int_input_r_q0[7]
    SLICE_X28Y50         LUT4 (Prop_H6LUT_SLICEM_I1_O)
                                                      0.228     2.254 r  control_s_axi_U/int_input_r/tmp_product_i_12__0/O
                         net (fo=1, routed)           0.021     2.275    control_s_axi_U/int_input_r/tmp_product_i_12__0_n_0
    SLICE_X28Y50         CARRY8 (Prop_CARRY8_SLICEM_S[7]_CO[7])
                                                      0.175     2.450 r  control_s_axi_U/int_input_r/tmp_product_i_3__0/CO[7]
                         net (fo=1, routed)           0.030     2.480    control_s_axi_U/int_input_r/tmp_product_i_3__0_n_0
    SLICE_X28Y51         CARRY8 (Prop_CARRY8_SLICEM_CI_O[3])
                                                      0.114     2.594 r  control_s_axi_U/int_input_r/tmp_product_i_2/O[3]
                         net (fo=2, routed)           0.531     3.125    control_s_axi_U/int_input_r/A[11]
    SLICE_X28Y59         LUT2 (Prop_D6LUT_SLICEM_I1_O)
                                                      0.151     3.276 r  control_s_axi_U/int_input_r/trunc_ln17_5_reg_648_reg_i_8/O
                         net (fo=1, routed)           0.032     3.308    control_s_axi_U/int_input_r/trunc_ln17_5_reg_648_reg_i_8_n_0
    SLICE_X28Y59         CARRY8 (Prop_CARRY8_SLICEM_S[3]_O[7])
                                                      0.285     3.593 r  control_s_axi_U/int_input_r/trunc_ln17_5_reg_648_reg_i_2/O[7]
                         net (fo=32, routed)          0.519     4.112    mul_16s_16s_31_1_1_U7/tmp_product/A[29]
    DSP48E2_X7Y24        DSP_A_B_DATA                                 r  mul_16s_16s_31_1_1_U7/tmp_product/DSP_A_B_DATA_INST/A[29]
  -------------------------------------------------------------------    -------------------

                         (clock ap_clk rise edge)    10.000    10.000 r  
                                                      0.000    10.000 r  ap_clk (IN)
                         net (fo=446, unset)          0.055    10.055    mul_16s_16s_31_1_1_U7/tmp_product/CLK
    DSP48E2_X7Y24        DSP_A_B_DATA                                 r  mul_16s_16s_31_1_1_U7/tmp_product/DSP_A_B_DATA_INST/CLK
                         clock pessimism              0.000    10.055    
                         clock uncertainty           -0.035    10.020    
    DSP48E2_X7Y24        DSP_A_B_DATA (Setup_DSP_A_B_DATA_DSP48E2_CLK_A[29])
                                                     -0.522     9.498    mul_16s_16s_31_1_1_U7/tmp_product/DSP_A_B_DATA_INST
  -------------------------------------------------------------------
                         required time                          9.498    
                         arrival time                          -4.112    
  -------------------------------------------------------------------
                         slack                                  5.386    

Slack (MET) :             5.390ns  (required time - arrival time)
  Source:                 control_s_axi_U/int_input_r/mem_reg/CLKBWRCLK
                            (rising edge-triggered cell RAMB36E2 clocked by ap_clk  {rise@0.000ns fall@5.000ns period=10.000ns})
  Destination:            mul_16s_16s_31_1_1_U7/tmp_product/DSP_A_B_DATA_INST/A[28]
                            (rising edge-triggered cell DSP_A_B_DATA clocked by ap_clk  {rise@0.000ns fall@5.000ns period=10.000ns})
  Path Group:             ap_clk
  Path Type:              Setup (Max at Slow Process Corner)
  Requirement:            10.000ns  (ap_clk rise@10.000ns - ap_clk rise@0.000ns)
  Data Path Delay:        3.967ns  (logic 2.258ns (56.918%)  route 1.709ns (43.082%))
  Logic Levels:           5  (CARRY8=3 LUT2=1 LUT4=1)
  Clock Path Skew:        -0.051ns (DCD - SCD + CPR)
    Destination Clock Delay (DCD):    0.055ns = ( 10.055 - 10.000 ) 
    Source Clock Delay      (SCD):    0.106ns
    Clock Pessimism Removal (CPR):    0.000ns
  Clock Uncertainty:      0.035ns  ((TSJ^2 + TIJ^2)^1/2 + DJ) / 2 + PE
    Total System Jitter     (TSJ):    0.071ns
    Total Input Jitter      (TIJ):    0.000ns
    Discrete Jitter          (DJ):    0.000ns
    Phase Error              (PE):    0.000ns

    Location             Delay type                Incr(ns)  Path(ns)    Netlist Resource(s)
  -------------------------------------------------------------------    -------------------
                         (clock ap_clk rise edge)     0.000     0.000 r  
                                                      0.000     0.000 r  ap_clk (IN)
                         net (fo=446, unset)          0.106     0.106    control_s_axi_U/int_input_r/ap_clk
    RAMB36_X0Y10         RAMB36E2                                     r  control_s_axi_U/int_input_r/mem_reg/CLKBWRCLK
  -------------------------------------------------------------------    -------------------
    RAMB36_X0Y10         RAMB36E2 (Prop_RAMB36E2_RAMB36_CLKBWRCLK_DOUTBDOUT[7])
                                                      1.305     1.411 r  control_s_axi_U/int_input_r/mem_reg/DOUTBDOUT[7]
                         net (fo=3, routed)           0.615     2.026    control_s_axi_U/int_input_r/int_input_r_q0[7]
    SLICE_X28Y50         LUT4 (Prop_H6LUT_SLICEM_I1_O)
                                                      0.228     2.254 r  control_s_axi_U/int_input_r/tmp_product_i_12__0/O
                         net (fo=1, routed)           0.021     2.275    control_s_axi_U/int_input_r/tmp_product_i_12__0_n_0
    SLICE_X28Y50         CARRY8 (Prop_CARRY8_SLICEM_S[7]_CO[7])
                                                      0.175     2.450 r  control_s_axi_U/int_input_r/tmp_product_i_3__0/CO[7]
                         net (fo=1, routed)           0.030     2.480    control_s_axi_U/int_input_r/tmp_product_i_3__0_n_0
    SLICE_X28Y51         CARRY8 (Prop_CARRY8_SLICEM_CI_O[3])
                                                      0.114     2.594 r  control_s_axi_U/int_input_r/tmp_product_i_2/O[3]
                         net (fo=2, routed)           0.531     3.125    control_s_axi_U/int_input_r/A[11]
    SLICE_X28Y59         LUT2 (Prop_D6LUT_SLICEM_I1_O)
                                                      0.151     3.276 r  control_s_axi_U/int_input_r/trunc_ln17_5_reg_648_reg_i_8/O
                         net (fo=1, routed)           0.032     3.308    control_s_axi_U/int_input_r/trunc_ln17_5_reg_648_reg_i_8_n_0
    SLICE_X28Y59         CARRY8 (Prop_CARRY8_SLICEM_S[3]_O[7])
                                                      0.285     3.593 r  control_s_axi_U/int_input_r/trunc_ln17_5_reg_648_reg_i_2/O[7]
                         net (fo=32, routed)          0.481     4.073    mul_16s_16s_31_1_1_U7/tmp_product/A[28]
    DSP48E2_X7Y24        DSP_A_B_DATA                                 r  mul_16s_16s_31_1_1_U7/tmp_product/DSP_A_B_DATA_INST/A[28]
  -------------------------------------------------------------------    -------------------

                         (clock ap_clk rise edge)    10.000    10.000 r  
                                                      0.000    10.000 r  ap_clk (IN)
                         net (fo=446, unset)          0.055    10.055    mul_16s_16s_31_1_1_U7/tmp_product/CLK
    DSP48E2_X7Y24        DSP_A_B_DATA                                 r  mul_16s_16s_31_1_1_U7/tmp_product/DSP_A_B_DATA_INST/CLK
                         clock pessimism              0.000    10.055    
                         clock uncertainty           -0.035    10.020    
    DSP48E2_X7Y24        DSP_A_B_DATA (Setup_DSP_A_B_DATA_DSP48E2_CLK_A[28])
                                                     -0.557     9.463    mul_16s_16s_31_1_1_U7/tmp_product/DSP_A_B_DATA_INST
  -------------------------------------------------------------------
                         required time                          9.463    
                         arrival time                          -4.073    
  -------------------------------------------------------------------
                         slack                                  5.390    

Slack (MET) :             5.404ns  (required time - arrival time)
  Source:                 control_s_axi_U/int_input_r/mem_reg/CLKBWRCLK
                            (rising edge-triggered cell RAMB36E2 clocked by ap_clk  {rise@0.000ns fall@5.000ns period=10.000ns})
  Destination:            mul_16s_16s_31_1_1_U7/tmp_product/DSP_A_B_DATA_INST/A[22]
                            (rising edge-triggered cell DSP_A_B_DATA clocked by ap_clk  {rise@0.000ns fall@5.000ns period=10.000ns})
  Path Group:             ap_clk
  Path Type:              Setup (Max at Slow Process Corner)
  Requirement:            10.000ns  (ap_clk rise@10.000ns - ap_clk rise@0.000ns)
  Data Path Delay:        4.024ns  (logic 2.258ns (56.119%)  route 1.766ns (43.881%))
  Logic Levels:           5  (CARRY8=3 LUT2=1 LUT4=1)
  Clock Path Skew:        -0.051ns (DCD - SCD + CPR)
    Destination Clock Delay (DCD):    0.055ns = ( 10.055 - 10.000 ) 
    Source Clock Delay      (SCD):    0.106ns
    Clock Pessimism Removal (CPR):    0.000ns
  Clock Uncertainty:      0.035ns  ((TSJ^2 + TIJ^2)^1/2 + DJ) / 2 + PE
    Total System Jitter     (TSJ):    0.071ns
    Total Input Jitter      (TIJ):    0.000ns
    Discrete Jitter          (DJ):    0.000ns
    Phase Error              (PE):    0.000ns

    Location             Delay type                Incr(ns)  Path(ns)    Netlist Resource(s)
  -------------------------------------------------------------------    -------------------
                         (clock ap_clk rise edge)     0.000     0.000 r  
                                                      0.000     0.000 r  ap_clk (IN)
                         net (fo=446, unset)          0.106     0.106    control_s_axi_U/int_input_r/ap_clk
    RAMB36_X0Y10         RAMB36E2                                     r  control_s_axi_U/int_input_r/mem_reg/CLKBWRCLK
  -------------------------------------------------------------------    -------------------
    RAMB36_X0Y10         RAMB36E2 (Prop_RAMB36E2_RAMB36_CLKBWRCLK_DOUTBDOUT[7])
                                                      1.305     1.411 r  control_s_axi_U/int_input_r/mem_reg/DOUTBDOUT[7]
                         net (fo=3, routed)           0.615     2.026    control_s_axi_U/int_input_r/int_input_r_q0[7]
    SLICE_X28Y50         LUT4 (Prop_H6LUT_SLICEM_I1_O)
                                                      0.228     2.254 r  control_s_axi_U/int_input_r/tmp_product_i_12__0/O
                         net (fo=1, routed)           0.021     2.275    control_s_axi_U/int_input_r/tmp_product_i_12__0_n_0
    SLICE_X28Y50         CARRY8 (Prop_CARRY8_SLICEM_S[7]_CO[7])
                                                      0.175     2.450 r  control_s_axi_U/int_input_r/tmp_product_i_3__0/CO[7]
                         net (fo=1, routed)           0.030     2.480    control_s_axi_U/int_input_r/tmp_product_i_3__0_n_0
    SLICE_X28Y51         CARRY8 (Prop_CARRY8_SLICEM_CI_O[3])
                                                      0.114     2.594 r  control_s_axi_U/int_input_r/tmp_product_i_2/O[3]
                         net (fo=2, routed)           0.531     3.125    control_s_axi_U/int_input_r/A[11]
    SLICE_X28Y59         LUT2 (Prop_D6LUT_SLICEM_I1_O)
                                                      0.151     3.276 r  control_s_axi_U/int_input_r/trunc_ln17_5_reg_648_reg_i_8/O
                         net (fo=1, routed)           0.032     3.308    control_s_axi_U/int_input_r/trunc_ln17_5_reg_648_reg_i_8_n_0
    SLICE_X28Y59         CARRY8 (Prop_CARRY8_SLICEM_S[3]_O[7])
                                                      0.285     3.593 r  control_s_axi_U/int_input_r/trunc_ln17_5_reg_648_reg_i_2/O[7]
                         net (fo=32, routed)          0.537     4.130    mul_16s_16s_31_1_1_U7/tmp_product/A[22]
    DSP48E2_X7Y24        DSP_A_B_DATA                                 r  mul_16s_16s_31_1_1_U7/tmp_product/DSP_A_B_DATA_INST/A[22]
  -------------------------------------------------------------------    -------------------

                         (clock ap_clk rise edge)    10.000    10.000 r  
                                                      0.000    10.000 r  ap_clk (IN)
                         net (fo=446, unset)          0.055    10.055    mul_16s_16s_31_1_1_U7/tmp_product/CLK
    DSP48E2_X7Y24        DSP_A_B_DATA                                 r  mul_16s_16s_31_1_1_U7/tmp_product/DSP_A_B_DATA_INST/CLK
                         clock pessimism              0.000    10.055    
                         clock uncertainty           -0.035    10.020    
    DSP48E2_X7Y24        DSP_A_B_DATA (Setup_DSP_A_B_DATA_DSP48E2_CLK_A[22])
                                                     -0.486     9.534    mul_16s_16s_31_1_1_U7/tmp_product/DSP_A_B_DATA_INST
  -------------------------------------------------------------------
                         required time                          9.534    
                         arrival time                          -4.130    
  -------------------------------------------------------------------
                         slack                                  5.404    

Slack (MET) :             5.409ns  (required time - arrival time)
  Source:                 control_s_axi_U/int_input_r/mem_reg/CLKBWRCLK
                            (rising edge-triggered cell RAMB36E2 clocked by ap_clk  {rise@0.000ns fall@5.000ns period=10.000ns})
  Destination:            trunc_ln17_5_reg_648_reg/DSP_A_B_DATA_INST/A[18]
                            (rising edge-triggered cell DSP_A_B_DATA clocked by ap_clk  {rise@0.000ns fall@5.000ns period=10.000ns})
  Path Group:             ap_clk
  Path Type:              Setup (Max at Slow Process Corner)
  Requirement:            10.000ns  (ap_clk rise@10.000ns - ap_clk rise@0.000ns)
  Data Path Delay:        3.998ns  (logic 2.258ns (56.484%)  route 1.740ns (43.516%))
  Logic Levels:           5  (CARRY8=3 LUT2=1 LUT4=1)
  Clock Path Skew:        -0.051ns (DCD - SCD + CPR)
    Destination Clock Delay (DCD):    0.055ns = ( 10.055 - 10.000 ) 
    Source Clock Delay      (SCD):    0.106ns
    Clock Pessimism Removal (CPR):    0.000ns
  Clock Uncertainty:      0.035ns  ((TSJ^2 + TIJ^2)^1/2 + DJ) / 2 + PE
    Total System Jitter     (TSJ):    0.071ns
    Total Input Jitter      (TIJ):    0.000ns
    Discrete Jitter          (DJ):    0.000ns
    Phase Error              (PE):    0.000ns

    Location             Delay type                Incr(ns)  Path(ns)    Netlist Resource(s)
  -------------------------------------------------------------------    -------------------
                         (clock ap_clk rise edge)     0.000     0.000 r  
                                                      0.000     0.000 r  ap_clk (IN)
                         net (fo=446, unset)          0.106     0.106    control_s_axi_U/int_input_r/ap_clk
    RAMB36_X0Y10         RAMB36E2                                     r  control_s_axi_U/int_input_r/mem_reg/CLKBWRCLK
  -------------------------------------------------------------------    -------------------
    RAMB36_X0Y10         RAMB36E2 (Prop_RAMB36E2_RAMB36_CLKBWRCLK_DOUTBDOUT[7])
                                                      1.305     1.411 r  control_s_axi_U/int_input_r/mem_reg/DOUTBDOUT[7]
                         net (fo=3, routed)           0.615     2.026    control_s_axi_U/int_input_r/int_input_r_q0[7]
    SLICE_X28Y50         LUT4 (Prop_H6LUT_SLICEM_I1_O)
                                                      0.228     2.254 r  control_s_axi_U/int_input_r/tmp_product_i_12__0/O
                         net (fo=1, routed)           0.021     2.275    control_s_axi_U/int_input_r/tmp_product_i_12__0_n_0
    SLICE_X28Y50         CARRY8 (Prop_CARRY8_SLICEM_S[7]_CO[7])
                                                      0.175     2.450 r  control_s_axi_U/int_input_r/tmp_product_i_3__0/CO[7]
                         net (fo=1, routed)           0.030     2.480    control_s_axi_U/int_input_r/tmp_product_i_3__0_n_0
    SLICE_X28Y51         CARRY8 (Prop_CARRY8_SLICEM_CI_O[3])
                                                      0.114     2.594 r  control_s_axi_U/int_input_r/tmp_product_i_2/O[3]
                         net (fo=2, routed)           0.531     3.125    control_s_axi_U/int_input_r/A[11]
    SLICE_X28Y59         LUT2 (Prop_D6LUT_SLICEM_I1_O)
                                                      0.151     3.276 r  control_s_axi_U/int_input_r/trunc_ln17_5_reg_648_reg_i_8/O
                         net (fo=1, routed)           0.032     3.308    control_s_axi_U/int_input_r/trunc_ln17_5_reg_648_reg_i_8_n_0
    SLICE_X28Y59         CARRY8 (Prop_CARRY8_SLICEM_S[3]_O[7])
                                                      0.285     3.593 r  control_s_axi_U/int_input_r/trunc_ln17_5_reg_648_reg_i_2/O[7]
                         net (fo=32, routed)          0.511     4.104    trunc_ln17_5_reg_648_reg/A[18]
    DSP48E2_X7Y25        DSP_A_B_DATA                                 r  trunc_ln17_5_reg_648_reg/DSP_A_B_DATA_INST/A[18]
  -------------------------------------------------------------------    -------------------

                         (clock ap_clk rise edge)    10.000    10.000 r  
                                                      0.000    10.000 r  ap_clk (IN)
                         net (fo=446, unset)          0.055    10.055    trunc_ln17_5_reg_648_reg/CLK
    DSP48E2_X7Y25        DSP_A_B_DATA                                 r  trunc_ln17_5_reg_648_reg/DSP_A_B_DATA_INST/CLK
                         clock pessimism              0.000    10.055    
                         clock uncertainty           -0.035    10.020    
    DSP48E2_X7Y25        DSP_A_B_DATA (Setup_DSP_A_B_DATA_DSP48E2_CLK_A[18])
                                                     -0.507     9.513    trunc_ln17_5_reg_648_reg/DSP_A_B_DATA_INST
  -------------------------------------------------------------------
                         required time                          9.513    
                         arrival time                          -4.104    
  -------------------------------------------------------------------
                         slack                                  5.409    

Slack (MET) :             5.418ns  (required time - arrival time)
  Source:                 control_s_axi_U/int_input_r/mem_reg/CLKBWRCLK
                            (rising edge-triggered cell RAMB36E2 clocked by ap_clk  {rise@0.000ns fall@5.000ns period=10.000ns})
  Destination:            trunc_ln17_5_reg_648_reg/DSP_A_B_DATA_INST/A[29]
                            (rising edge-triggered cell DSP_A_B_DATA clocked by ap_clk  {rise@0.000ns fall@5.000ns period=10.000ns})
  Path Group:             ap_clk
  Path Type:              Setup (Max at Slow Process Corner)
  Requirement:            10.000ns  (ap_clk rise@10.000ns - ap_clk rise@0.000ns)
  Data Path Delay:        3.973ns  (logic 2.258ns (56.827%)  route 1.715ns (43.173%))
  Logic Levels:           5  (CARRY8=3 LUT2=1 LUT4=1)
  Clock Path Skew:        -0.051ns (DCD - SCD + CPR)
    Destination Clock Delay (DCD):    0.055ns = ( 10.055 - 10.000 ) 
    Source Clock Delay      (SCD):    0.106ns
    Clock Pessimism Removal (CPR):    0.000ns
  Clock Uncertainty:      0.035ns  ((TSJ^2 + TIJ^2)^1/2 + DJ) / 2 + PE
    Total System Jitter     (TSJ):    0.071ns
    Total Input Jitter      (TIJ):    0.000ns
    Discrete Jitter          (DJ):    0.000ns
    Phase Error              (PE):    0.000ns

    Location             Delay type                Incr(ns)  Path(ns)    Netlist Resource(s)
  -------------------------------------------------------------------    -------------------
                         (clock ap_clk rise edge)     0.000     0.000 r  
                                                      0.000     0.000 r  ap_clk (IN)
                         net (fo=446, unset)          0.106     0.106    control_s_axi_U/int_input_r/ap_clk
    RAMB36_X0Y10         RAMB36E2                                     r  control_s_axi_U/int_input_r/mem_reg/CLKBWRCLK
  -------------------------------------------------------------------    -------------------
    RAMB36_X0Y10         RAMB36E2 (Prop_RAMB36E2_RAMB36_CLKBWRCLK_DOUTBDOUT[7])
                                                      1.305     1.411 r  control_s_axi_U/int_input_r/mem_reg/DOUTBDOUT[7]
                         net (fo=3, routed)           0.615     2.026    control_s_axi_U/int_input_r/int_input_r_q0[7]
    SLICE_X28Y50         LUT4 (Prop_H6LUT_SLICEM_I1_O)
                                                      0.228     2.254 r  control_s_axi_U/int_input_r/tmp_product_i_12__0/O
                         net (fo=1, routed)           0.021     2.275    control_s_axi_U/int_input_r/tmp_product_i_12__0_n_0
    SLICE_X28Y50         CARRY8 (Prop_CARRY8_SLICEM_S[7]_CO[7])
                                                      0.175     2.450 r  control_s_axi_U/int_input_r/tmp_product_i_3__0/CO[7]
                         net (fo=1, routed)           0.030     2.480    control_s_axi_U/int_input_r/tmp_product_i_3__0_n_0
    SLICE_X28Y51         CARRY8 (Prop_CARRY8_SLICEM_CI_O[3])
                                                      0.114     2.594 r  control_s_axi_U/int_input_r/tmp_product_i_2/O[3]
                         net (fo=2, routed)           0.531     3.125    control_s_axi_U/int_input_r/A[11]
    SLICE_X28Y59         LUT2 (Prop_D6LUT_SLICEM_I1_O)
                                                      0.151     3.276 r  control_s_axi_U/int_input_r/trunc_ln17_5_reg_648_reg_i_8/O
                         net (fo=1, routed)           0.032     3.308    control_s_axi_U/int_input_r/trunc_ln17_5_reg_648_reg_i_8_n_0
    SLICE_X28Y59         CARRY8 (Prop_CARRY8_SLICEM_S[3]_O[7])
                                                      0.285     3.593 r  control_s_axi_U/int_input_r/trunc_ln17_5_reg_648_reg_i_2/O[7]
                         net (fo=32, routed)          0.487     4.079    trunc_ln17_5_reg_648_reg/A[29]
    DSP48E2_X7Y25        DSP_A_B_DATA                                 r  trunc_ln17_5_reg_648_reg/DSP_A_B_DATA_INST/A[29]
  -------------------------------------------------------------------    -------------------

                         (clock ap_clk rise edge)    10.000    10.000 r  
                                                      0.000    10.000 r  ap_clk (IN)
                         net (fo=446, unset)          0.055    10.055    trunc_ln17_5_reg_648_reg/CLK
    DSP48E2_X7Y25        DSP_A_B_DATA                                 r  trunc_ln17_5_reg_648_reg/DSP_A_B_DATA_INST/CLK
                         clock pessimism              0.000    10.055    
                         clock uncertainty           -0.035    10.020    
    DSP48E2_X7Y25        DSP_A_B_DATA (Setup_DSP_A_B_DATA_DSP48E2_CLK_A[29])
                                                     -0.522     9.498    trunc_ln17_5_reg_648_reg/DSP_A_B_DATA_INST
  -------------------------------------------------------------------
                         required time                          9.498    
                         arrival time                          -4.079    
  -------------------------------------------------------------------
                         slack                                  5.418    

Slack (MET) :             5.421ns  (required time - arrival time)
  Source:                 control_s_axi_U/int_input_r/mem_reg/CLKBWRCLK
                            (rising edge-triggered cell RAMB36E2 clocked by ap_clk  {rise@0.000ns fall@5.000ns period=10.000ns})
  Destination:            trunc_ln17_5_reg_648_reg/DSP_A_B_DATA_INST/A[26]
                            (rising edge-triggered cell DSP_A_B_DATA clocked by ap_clk  {rise@0.000ns fall@5.000ns period=10.000ns})
  Path Group:             ap_clk
  Path Type:              Setup (Max at Slow Process Corner)
  Requirement:            10.000ns  (ap_clk rise@10.000ns - ap_clk rise@0.000ns)
  Data Path Delay:        3.955ns  (logic 2.258ns (57.091%)  route 1.697ns (42.909%))
  Logic Levels:           5  (CARRY8=3 LUT2=1 LUT4=1)
  Clock Path Skew:        -0.051ns (DCD - SCD + CPR)
    Destination Clock Delay (DCD):    0.055ns = ( 10.055 - 10.000 ) 
    Source Clock Delay      (SCD):    0.106ns
    Clock Pessimism Removal (CPR):    0.000ns
  Clock Uncertainty:      0.035ns  ((TSJ^2 + TIJ^2)^1/2 + DJ) / 2 + PE
    Total System Jitter     (TSJ):    0.071ns
    Total Input Jitter      (TIJ):    0.000ns
    Discrete Jitter          (DJ):    0.000ns
    Phase Error              (PE):    0.000ns

    Location             Delay type                Incr(ns)  Path(ns)    Netlist Resource(s)
  -------------------------------------------------------------------    -------------------
                         (clock ap_clk rise edge)     0.000     0.000 r  
                                                      0.000     0.000 r  ap_clk (IN)
                         net (fo=446, unset)          0.106     0.106    control_s_axi_U/int_input_r/ap_clk
    RAMB36_X0Y10         RAMB36E2                                     r  control_s_axi_U/int_input_r/mem_reg/CLKBWRCLK
  -------------------------------------------------------------------    -------------------
    RAMB36_X0Y10         RAMB36E2 (Prop_RAMB36E2_RAMB36_CLKBWRCLK_DOUTBDOUT[7])
                                                      1.305     1.411 r  control_s_axi_U/int_input_r/mem_reg/DOUTBDOUT[7]
                         net (fo=3, routed)           0.615     2.026    control_s_axi_U/int_input_r/int_input_r_q0[7]
    SLICE_X28Y50         LUT4 (Prop_H6LUT_SLICEM_I1_O)
                                                      0.228     2.254 r  control_s_axi_U/int_input_r/tmp_product_i_12__0/O
                         net (fo=1, routed)           0.021     2.275    control_s_axi_U/int_input_r/tmp_product_i_12__0_n_0
    SLICE_X28Y50         CARRY8 (Prop_CARRY8_SLICEM_S[7]_CO[7])
                                                      0.175     2.450 r  control_s_axi_U/int_input_r/tmp_product_i_3__0/CO[7]
                         net (fo=1, routed)           0.030     2.480    control_s_axi_U/int_input_r/tmp_product_i_3__0_n_0
    SLICE_X28Y51         CARRY8 (Prop_CARRY8_SLICEM_CI_O[3])
                                                      0.114     2.594 r  control_s_axi_U/int_input_r/tmp_product_i_2/O[3]
                         net (fo=2, routed)           0.531     3.125    control_s_axi_U/int_input_r/A[11]
    SLICE_X28Y59         LUT2 (Prop_D6LUT_SLICEM_I1_O)
                                                      0.151     3.276 r  control_s_axi_U/int_input_r/trunc_ln17_5_reg_648_reg_i_8/O
                         net (fo=1, routed)           0.032     3.308    control_s_axi_U/int_input_r/trunc_ln17_5_reg_648_reg_i_8_n_0
    SLICE_X28Y59         CARRY8 (Prop_CARRY8_SLICEM_S[3]_O[7])
                                                      0.285     3.593 r  control_s_axi_U/int_input_r/trunc_ln17_5_reg_648_reg_i_2/O[7]
                         net (fo=32, routed)          0.469     4.061    trunc_ln17_5_reg_648_reg/A[26]
    DSP48E2_X7Y25        DSP_A_B_DATA                                 r  trunc_ln17_5_reg_648_reg/DSP_A_B_DATA_INST/A[26]
  -------------------------------------------------------------------    -------------------

                         (clock ap_clk rise edge)    10.000    10.000 r  
                                                      0.000    10.000 r  ap_clk (IN)
                         net (fo=446, unset)          0.055    10.055    trunc_ln17_5_reg_648_reg/CLK
    DSP48E2_X7Y25        DSP_A_B_DATA                                 r  trunc_ln17_5_reg_648_reg/DSP_A_B_DATA_INST/CLK
                         clock pessimism              0.000    10.055    
                         clock uncertainty           -0.035    10.020    
    DSP48E2_X7Y25        DSP_A_B_DATA (Setup_DSP_A_B_DATA_DSP48E2_CLK_A[26])
                                                     -0.538     9.482    trunc_ln17_5_reg_648_reg/DSP_A_B_DATA_INST
  -------------------------------------------------------------------
                         required time                          9.482    
                         arrival time                          -4.061    
  -------------------------------------------------------------------
                         slack                                  5.421    





Pulse Width Checks
--------------------------------------------------------------------------------------
Clock Name:         ap_clk
Waveform(ns):       { 0.000 5.000 }
Period(ns):         10.000
Sources:            { ap_clk }

Check Type        Corner  Lib Pin             Reference Pin  Required(ns)  Actual(ns)  Slack(ns)  Location       Pin
Min Period        n/a     RAMB36E2/CLKARDCLK  n/a            1.960         10.000      8.040      RAMB36_X0Y10   control_s_axi_U/int_input_r/mem_reg/CLKARDCLK
Min Period        n/a     RAMB18E2/CLKARDCLK  n/a            1.960         10.000      8.040      RAMB18_X0Y22   control_s_axi_U/int_output_r/mem_reg/CLKARDCLK
Min Period        n/a     RAMB18E2/CLKBWRCLK  n/a            1.960         10.000      8.040      RAMB18_X0Y22   control_s_axi_U/int_output_r/mem_reg/CLKBWRCLK
Min Period        n/a     RAMB36E2/CLKBWRCLK  n/a            1.709         10.000      8.291      RAMB36_X0Y10   control_s_axi_U/int_input_r/mem_reg/CLKBWRCLK
Min Period        n/a     DSP_OUTPUT/CLK      n/a            0.850         10.000      9.150      DSP48E2_X7Y24  mul_16s_16s_31_1_1_U7/tmp_product/DSP_OUTPUT_INST/CLK
Min Period        n/a     DSP_OUTPUT/CLK      n/a            0.850         10.000      9.150      DSP48E2_X8Y21  mul_16s_16s_31_1_1_U9/tmp_product/DSP_OUTPUT_INST/CLK
Min Period        n/a     DSP_OUTPUT/CLK      n/a            0.850         10.000      9.150      DSP48E2_X7Y23  trunc_ln17_10_reg_742_reg/DSP_OUTPUT_INST/CLK
Min Period        n/a     DSP_OUTPUT/CLK      n/a            0.850         10.000      9.150      DSP48E2_X7Y20  trunc_ln17_2_reg_676_reg/DSP_OUTPUT_INST/CLK
Min Period        n/a     DSP_OUTPUT/CLK      n/a            0.850         10.000      9.150      DSP48E2_X8Y20  trunc_ln17_4_reg_681_reg/DSP_OUTPUT_INST/CLK
Min Period        n/a     DSP_OUTPUT/CLK      n/a            0.850         10.000      9.150      DSP48E2_X7Y25  trunc_ln17_5_reg_648_reg/DSP_OUTPUT_INST/CLK
Low Pulse Width   Slow    RAMB36E2/CLKARDCLK  n/a            0.577         5.000       4.423      RAMB36_X0Y10   control_s_axi_U/int_input_r/mem_reg/CLKARDCLK
Low Pulse Width   Fast    RAMB36E2/CLKARDCLK  n/a            0.577         5.000       4.423      RAMB36_X0Y10   control_s_axi_U/int_input_r/mem_reg/CLKARDCLK
Low Pulse Width   Slow    RAMB36E2/CLKBWRCLK  n/a            0.577         5.000       4.423      RAMB36_X0Y10   control_s_axi_U/int_input_r/mem_reg/CLKBWRCLK
Low Pulse Width   Fast    RAMB36E2/CLKBWRCLK  n/a            0.577         5.000       4.423      RAMB36_X0Y10   control_s_axi_U/int_input_r/mem_reg/CLKBWRCLK
Low Pulse Width   Slow    RAMB18E2/CLKARDCLK  n/a            0.577         5.000       4.423      RAMB18_X0Y22   control_s_axi_U/int_output_r/mem_reg/CLKARDCLK
Low Pulse Width   Fast    RAMB18E2/CLKARDCLK  n/a            0.577         5.000       4.423      RAMB18_X0Y22   control_s_axi_U/int_output_r/mem_reg/CLKARDCLK
Low Pulse Width   Slow    RAMB18E2/CLKBWRCLK  n/a            0.577         5.000       4.423      RAMB18_X0Y22   control_s_axi_U/int_output_r/mem_reg/CLKBWRCLK
Low Pulse Width   Fast    RAMB18E2/CLKBWRCLK  n/a            0.577         5.000       4.423      RAMB18_X0Y22   control_s_axi_U/int_output_r/mem_reg/CLKBWRCLK
Low Pulse Width   Slow    FDRE/C              n/a            0.275         5.000       4.725      SLICE_X28Y52   a_4_reg_625_reg[0]/C
Low Pulse Width   Fast    FDRE/C              n/a            0.275         5.000       4.725      SLICE_X28Y52   a_4_reg_625_reg[0]/C
High Pulse Width  Slow    RAMB36E2/CLKARDCLK  n/a            0.577         5.000       4.423      RAMB36_X0Y10   control_s_axi_U/int_input_r/mem_reg/CLKARDCLK
High Pulse Width  Fast    RAMB36E2/CLKARDCLK  n/a            0.577         5.000       4.423      RAMB36_X0Y10   control_s_axi_U/int_input_r/mem_reg/CLKARDCLK
High Pulse Width  Slow    RAMB36E2/CLKBWRCLK  n/a            0.577         5.000       4.423      RAMB36_X0Y10   control_s_axi_U/int_input_r/mem_reg/CLKBWRCLK
High Pulse Width  Fast    RAMB36E2/CLKBWRCLK  n/a            0.577         5.000       4.423      RAMB36_X0Y10   control_s_axi_U/int_input_r/mem_reg/CLKBWRCLK
High Pulse Width  Slow    RAMB18E2/CLKARDCLK  n/a            0.577         5.000       4.423      RAMB18_X0Y22   control_s_axi_U/int_output_r/mem_reg/CLKARDCLK
High Pulse Width  Fast    RAMB18E2/CLKARDCLK  n/a            0.577         5.000       4.423      RAMB18_X0Y22   control_s_axi_U/int_output_r/mem_reg/CLKARDCLK
High Pulse Width  Slow    RAMB18E2/CLKBWRCLK  n/a            0.577         5.000       4.423      RAMB18_X0Y22   control_s_axi_U/int_output_r/mem_reg/CLKBWRCLK
High Pulse Width  Fast    RAMB18E2/CLKBWRCLK  n/a            0.577         5.000       4.423      RAMB18_X0Y22   control_s_axi_U/int_output_r/mem_reg/CLKBWRCLK
High Pulse Width  Slow    FDRE/C              n/a            0.275         5.000       4.725      SLICE_X28Y52   a_4_reg_625_reg[0]/C
High Pulse Width  Fast    FDRE/C              n/a            0.275         5.000       4.725      SLICE_X28Y52   a_4_reg_625_reg[0]/C



