Copyright 1986-2022 Xilinx, Inc. All Rights Reserved. Copyright 2022-2024 Advanced Micro Devices, Inc. All Rights Reserved.
------------------------------------------------------------------------------------------------------------------------------------------------------------------------------------------------------------------------------------------------
| Tool Version      : Vivado v.2024.1 (lin64) Build 5076996 Wed May 22 18:36:09 MDT 2024
| Date              : Thu Aug  6 01:52:35 2026
| Host              : linux running 64-bit Ubuntu 22.04.5 LTS
| Command           : report_timing -delay_type max -max_paths 1 -file ${PROJECT_ROOT}/ProyectoFinal/HLS/reports/baseline_forward/timing_sweep/4p5ns/timing_critical_path.rpt
| Design            : wht_multiplier_forward
| Device            : xck26-sfvc784
| Speed File        : -2LV  PRODUCTION 1.30 05-15-2022
| Design State      : Routed
| Temperature Grade : C
------------------------------------------------------------------------------------------------------------------------------------------------------------------------------------------------------------------------------------------------

Timing Report

Slack (MET) :             0.039ns  (required time - arrival time)
  Source:                 control_s_axi_U/int_input_r/mem_reg/CLKBWRCLK
                            (rising edge-triggered cell RAMB36E2 clocked by ap_clk  {rise@0.000ns fall@2.250ns period=4.500ns})
  Destination:            trunc_ln15_5_reg_648_reg/DSP_A_B_DATA_INST/A[28]
                            (rising edge-triggered cell DSP_A_B_DATA clocked by ap_clk  {rise@0.000ns fall@2.250ns period=4.500ns})
  Path Group:             ap_clk
  Path Type:              Setup (Max at Slow Process Corner)
  Requirement:            4.500ns  (ap_clk rise@4.500ns - ap_clk rise@0.000ns)
  Data Path Delay:        3.818ns  (logic 2.338ns (61.238%)  route 1.480ns (38.762%))
  Logic Levels:           5  (CARRY8=3 LUT2=1 LUT4=1)
  Clock Path Skew:        -0.051ns (DCD - SCD + CPR)
    Destination Clock Delay (DCD):    0.055ns = ( 4.555 - 4.500 ) 
    Source Clock Delay      (SCD):    0.106ns
    Clock Pessimism Removal (CPR):    0.000ns
  Clock Uncertainty:      0.035ns  ((TSJ^2 + TIJ^2)^1/2 + DJ) / 2 + PE
    Total System Jitter     (TSJ):    0.071ns
    Total Input Jitter      (TIJ):    0.000ns
    Discrete Jitter          (DJ):    0.000ns
    Phase Error              (PE):    0.000ns

    Location             Delay type                Incr(ns)  Path(ns)    Netlist Resource(s)
  -------------------------------------------------------------------    -------------------
                         (clock ap_clk rise edge)     0.000     0.000 r  
                                                      0.000     0.000 r  ap_clk (IN)
                         net (fo=462, unset)          0.106     0.106    control_s_axi_U/int_input_r/ap_clk
    RAMB36_X0Y5          RAMB36E2                                     r  control_s_axi_U/int_input_r/mem_reg/CLKBWRCLK
  -------------------------------------------------------------------    -------------------
    RAMB36_X0Y5          RAMB36E2 (Prop_RAMB36E2_RAMB36_CLKBWRCLK_DOUTBDOUT[5])
                                                      1.305     1.411 r  control_s_axi_U/int_input_r/mem_reg/DOUTBDOUT[5]
                         net (fo=3, routed)           0.505     1.916    control_s_axi_U/int_input_r/int_input_r_q0[5]
    SLICE_X26Y19         LUT4 (Prop_F6LUT_SLICEL_I1_O)
                                                      0.187     2.103 r  control_s_axi_U/int_input_r/tmp_product_i_14__0/O
                         net (fo=1, routed)           0.015     2.118    control_s_axi_U/int_input_r/tmp_product_i_14__0_n_0
    SLICE_X26Y19         CARRY8 (Prop_CARRY8_SLICEL_S[5]_CO[7])
                                                      0.232     2.350 r  control_s_axi_U/int_input_r/tmp_product_i_3__0/CO[7]
                         net (fo=1, routed)           0.030     2.380    control_s_axi_U/int_input_r/tmp_product_i_3__0_n_0
    SLICE_X26Y20         CARRY8 (Prop_CARRY8_SLICEL_CI_O[0])
                                                      0.078     2.458 r  control_s_axi_U/int_input_r/tmp_product_i_2/O[0]
                         net (fo=2, routed)           0.555     3.012    control_s_axi_U/int_input_r/A[8]
    SLICE_X22Y22         LUT2 (Prop_A6LUT_SLICEL_I1_O)
                                                      0.188     3.200 r  control_s_axi_U/int_input_r/trunc_ln15_5_reg_648_reg_i_11/O
                         net (fo=1, routed)           0.014     3.214    control_s_axi_U/int_input_r/trunc_ln15_5_reg_648_reg_i_11_n_0
    SLICE_X22Y22         CARRY8 (Prop_CARRY8_SLICEL_S[0]_O[7])
                                                      0.348     3.562 r  control_s_axi_U/int_input_r/trunc_ln15_5_reg_648_reg_i_2/O[7]
                         net (fo=18, routed)          0.361     3.924    trunc_ln15_5_reg_648_reg/A[28]
    DSP48E2_X5Y8         DSP_A_B_DATA                                 r  trunc_ln15_5_reg_648_reg/DSP_A_B_DATA_INST/A[28]
  -------------------------------------------------------------------    -------------------

                         (clock ap_clk rise edge)     4.500     4.500 r  
                                                      0.000     4.500 r  ap_clk (IN)
                         net (fo=462, unset)          0.055     4.555    trunc_ln15_5_reg_648_reg/CLK
    DSP48E2_X5Y8         DSP_A_B_DATA                                 r  trunc_ln15_5_reg_648_reg/DSP_A_B_DATA_INST/CLK
                         clock pessimism              0.000     4.555    
                         clock uncertainty           -0.035     4.520    
    DSP48E2_X5Y8         DSP_A_B_DATA (Setup_DSP_A_B_DATA_DSP48E2_CLK_A[28])
                                                     -0.557     3.963    trunc_ln15_5_reg_648_reg/DSP_A_B_DATA_INST
  -------------------------------------------------------------------
                         required time                          3.963    
                         arrival time                          -3.924    
  -------------------------------------------------------------------
                         slack                                  0.039    




