

================================================================
== Vitis HLS Report for 'wht_lossless_core'
================================================================
* Date:           Thu Aug  6 02:47:52 2026

* Version:        2024.1 (Build 5069499 on May 21 2024)
* Project:        wht_main_forward
* Solution:       solution_main_forward (Vitis Kernel Flow Target)
* Product family: zynquplus
* Target device:  xck26-sfvc784-2LV-c


================================================================
== Performance Estimates
================================================================
+ Timing: 
    * Summary: 
    +--------+---------+----------+------------+
    |  Clock |  Target | Estimated| Uncertainty|
    +--------+---------+----------+------------+
    |ap_clk  |  4.00 ns|  2.920 ns|     1.08 ns|
    +--------+---------+----------+------------+

+ Latency: 
    * Summary: 
    +---------+---------+----------+----------+-----+-----+---------+
    |  Latency (cycles) |  Latency (absolute) |  Interval | Pipeline|
    |   min   |   max   |    min   |    max   | min | max |   Type  |
    +---------+---------+----------+----------+-----+-----+---------+
    |      143|      143|  0.572 us|  0.572 us|    1|    1|      yes|
    +---------+---------+----------+----------+-----+-----+---------+

    + Detail: 
        * Instance: 
        N/A

        * Loop: 
        N/A



================================================================
== Utilization Estimates
================================================================
* Summary: 
+-----------------+---------+------+--------+--------+-----+
|       Name      | BRAM_18K|  DSP |   FF   |   LUT  | URAM|
+-----------------+---------+------+--------+--------+-----+
|DSP              |        -|     -|       -|       -|    -|
|Expression       |        -|     -|       0|     502|    -|
|FIFO             |        -|     -|       -|       -|    -|
|Instance         |       16|     -|    1101|    1185|    0|
|Memory           |        -|     -|       -|       -|    -|
|Multiplexer      |        -|     -|       0|      54|    -|
|Register         |        -|     -|     746|      32|    -|
+-----------------+---------+------+--------+--------+-----+
|Total            |       16|     0|    1847|    1773|    0|
+-----------------+---------+------+--------+--------+-----+
|Available        |      288|  1248|  234240|  117120|   64|
+-----------------+---------+------+--------+--------+-----+
|Utilization (%)  |        5|     0|      ~0|       1|    0|
+-----------------+---------+------+--------+--------+-----+

+ Detail: 
    * Instance: 
    +-----------------+---------------+---------+----+-----+-----+-----+
    |     Instance    |     Module    | BRAM_18K| DSP|  FF | LUT | URAM|
    +-----------------+---------------+---------+----+-----+-----+-----+
    |control_s_axi_U  |control_s_axi  |        0|   0|  176|  296|    0|
    |gmem_m_axi_U     |gmem_m_axi     |       16|   0|  925|  889|    0|
    +-----------------+---------------+---------+----+-----+-----+-----+
    |Total            |               |       16|   0| 1101| 1185|    0|
    +-----------------+---------------+---------+----+-----+-----+-----+

    * DSP: 
    N/A

    * Memory: 
    N/A

    * FIFO: 
    N/A

    * Expression: 
    +---------------------------+----------+----+---+----+------------+------------+
    |       Variable Name       | Operation| DSP| FF| LUT| Bitwidth P0| Bitwidth P1|
    +---------------------------+----------+----+---+----+------------+------------+
    |a_10_fu_329_p2             |         +|   0|  0|  16|          16|          16|
    |add_ln23_2_fu_429_p2       |         +|   0|  0|  16|          16|          16|
    |add_ln23_3_fu_460_p2       |         +|   0|  0|  16|          16|          16|
    |b_6_fu_387_p2              |         +|   0|  0|  16|          16|          16|
    |a_11_fu_345_p2             |         -|   0|  0|  23|          16|          16|
    |a_4_fu_264_p2              |         -|   0|  0|  23|          16|          16|
    |a_5_fu_246_p2              |         -|   0|  0|  23|          16|          16|
    |a_6_fu_305_p2              |         -|   0|  0|  23|          16|          16|
    |a_7_fu_287_p2              |         -|   0|  0|  23|          16|          16|
    |a_8_fu_377_p2              |         -|   0|  0|  23|          16|          16|
    |a_9_fu_365_p2              |         -|   0|  0|  23|          16|          16|
    |b_4_fu_269_p2              |         -|   0|  0|  23|          16|          16|
    |b_5_fu_310_p2              |         -|   0|  0|  23|          16|          16|
    |b_7_fu_406_p2              |         -|   0|  0|  23|          16|          16|
    |sub_ln23_4_fu_324_p2       |         -|   0|  0|  16|          16|          16|
    |sub_ln23_5_fu_382_p2       |         -|   0|  0|  16|          16|          16|
    |sub_ln23_7_fu_424_p2       |         -|   0|  0|  16|          16|          16|
    |sub_ln23_8_fu_455_p2       |         -|   0|  0|  16|          16|          16|
    |sub_ln23_9_fu_484_p2       |         -|   0|  0|  23|          16|          16|
    |sub_ln23_fu_508_p2         |         -|   0|  0|  23|          16|          16|
    |sub_ln27_3_fu_479_p2       |         -|   0|  0|  23|          16|          16|
    |sub_ln27_4_fu_503_p2       |         -|   0|  0|  23|          16|          16|
    |sub_ln27_5_fu_527_p2       |         -|   0|  0|  23|          16|          16|
    |sub_ln27_fu_449_p2         |         -|   0|  0|  23|          16|          16|
    |ap_block_pp0_stage0_01001  |        or|   0|  0|   2|           1|           1|
    |ap_block_pp0_stage0_11001  |        or|   0|  0|   2|           1|           1|
    |ap_enable_pp0              |       xor|   0|  0|   2|           1|           2|
    +---------------------------+----------+----+---+----+------------+------------+
    |Total                      |          |   0|  0| 502|         387|         388|
    +---------------------------+----------+----+---+----+------------+------------+

    * Multiplexer: 
    +---------------+----+-----------+-----+-----------+
    |      Name     | LUT| Input Size| Bits| Total Bits|
    +---------------+----+-----------+-----+-----------+
    |ap_done        |   9|          2|    1|          2|
    |gmem_blk_n_AR  |   9|          2|    1|          2|
    |gmem_blk_n_AW  |   9|          2|    1|          2|
    |gmem_blk_n_B   |   9|          2|    1|          2|
    |gmem_blk_n_R   |   9|          2|    1|          2|
    |gmem_blk_n_W   |   9|          2|    1|          2|
    +---------------+----+-----------+-----+-----------+
    |Total          |  54|         12|    6|         12|
    +---------------+----+-----------+-----+-----------+

    * Register: 
    +----------------------------+----+----+-----+-----------+
    |            Name            | FF | LUT| Bits| Const Bits|
    +----------------------------+----+----+-----+-----------+
    |a_10_reg_642                |  16|   0|   16|          0|
    |a_11_reg_653                |  16|   0|   16|          0|
    |a_1_reg_582                 |  16|   0|   16|          0|
    |a_2_reg_593                 |  16|   0|   16|          0|
    |a_3_reg_604                 |  16|   0|   16|          0|
    |a_3_reg_604_pp0_iter73_reg  |  16|   0|   16|          0|
    |a_4_reg_615                 |  16|   0|   16|          0|
    |a_6_reg_626                 |  16|   0|   16|          0|
    |a_7_reg_620                 |  16|   0|   16|          0|
    |a_9_reg_659                 |  16|   0|   16|          0|
    |a_reg_571                   |  16|   0|   16|          0|
    |add_ln23_2_reg_665          |  16|   0|   16|          0|
    |add_ln23_3_reg_675          |  16|   0|   16|          0|
    |ap_CS_fsm                   |   1|   0|    1|          0|
    |ap_done_reg                 |   1|   0|    1|          0|
    |ap_enable_reg_pp0_iter1     |   1|   0|    1|          0|
    |ap_enable_reg_pp0_iter10    |   1|   0|    1|          0|
    |ap_enable_reg_pp0_iter100   |   1|   0|    1|          0|
    |ap_enable_reg_pp0_iter101   |   1|   0|    1|          0|
    |ap_enable_reg_pp0_iter102   |   1|   0|    1|          0|
    |ap_enable_reg_pp0_iter103   |   1|   0|    1|          0|
    |ap_enable_reg_pp0_iter104   |   1|   0|    1|          0|
    |ap_enable_reg_pp0_iter105   |   1|   0|    1|          0|
    |ap_enable_reg_pp0_iter106   |   1|   0|    1|          0|
    |ap_enable_reg_pp0_iter107   |   1|   0|    1|          0|
    |ap_enable_reg_pp0_iter108   |   1|   0|    1|          0|
    |ap_enable_reg_pp0_iter109   |   1|   0|    1|          0|
    |ap_enable_reg_pp0_iter11    |   1|   0|    1|          0|
    |ap_enable_reg_pp0_iter110   |   1|   0|    1|          0|
    |ap_enable_reg_pp0_iter111   |   1|   0|    1|          0|
    |ap_enable_reg_pp0_iter112   |   1|   0|    1|          0|
    |ap_enable_reg_pp0_iter113   |   1|   0|    1|          0|
    |ap_enable_reg_pp0_iter114   |   1|   0|    1|          0|
    |ap_enable_reg_pp0_iter115   |   1|   0|    1|          0|
    |ap_enable_reg_pp0_iter116   |   1|   0|    1|          0|
    |ap_enable_reg_pp0_iter117   |   1|   0|    1|          0|
    |ap_enable_reg_pp0_iter118   |   1|   0|    1|          0|
    |ap_enable_reg_pp0_iter119   |   1|   0|    1|          0|
    |ap_enable_reg_pp0_iter12    |   1|   0|    1|          0|
    |ap_enable_reg_pp0_iter120   |   1|   0|    1|          0|
    |ap_enable_reg_pp0_iter121   |   1|   0|    1|          0|
    |ap_enable_reg_pp0_iter122   |   1|   0|    1|          0|
    |ap_enable_reg_pp0_iter123   |   1|   0|    1|          0|
    |ap_enable_reg_pp0_iter124   |   1|   0|    1|          0|
    |ap_enable_reg_pp0_iter125   |   1|   0|    1|          0|
    |ap_enable_reg_pp0_iter126   |   1|   0|    1|          0|
    |ap_enable_reg_pp0_iter127   |   1|   0|    1|          0|
    |ap_enable_reg_pp0_iter128   |   1|   0|    1|          0|
    |ap_enable_reg_pp0_iter129   |   1|   0|    1|          0|
    |ap_enable_reg_pp0_iter13    |   1|   0|    1|          0|
    |ap_enable_reg_pp0_iter130   |   1|   0|    1|          0|
    |ap_enable_reg_pp0_iter131   |   1|   0|    1|          0|
    |ap_enable_reg_pp0_iter132   |   1|   0|    1|          0|
    |ap_enable_reg_pp0_iter133   |   1|   0|    1|          0|
    |ap_enable_reg_pp0_iter134   |   1|   0|    1|          0|
    |ap_enable_reg_pp0_iter135   |   1|   0|    1|          0|
    |ap_enable_reg_pp0_iter136   |   1|   0|    1|          0|
    |ap_enable_reg_pp0_iter137   |   1|   0|    1|          0|
    |ap_enable_reg_pp0_iter138   |   1|   0|    1|          0|
    |ap_enable_reg_pp0_iter139   |   1|   0|    1|          0|
    |ap_enable_reg_pp0_iter14    |   1|   0|    1|          0|
    |ap_enable_reg_pp0_iter140   |   1|   0|    1|          0|
    |ap_enable_reg_pp0_iter141   |   1|   0|    1|          0|
    |ap_enable_reg_pp0_iter142   |   1|   0|    1|          0|
    |ap_enable_reg_pp0_iter143   |   1|   0|    1|          0|
    |ap_enable_reg_pp0_iter15    |   1|   0|    1|          0|
    |ap_enable_reg_pp0_iter16    |   1|   0|    1|          0|
    |ap_enable_reg_pp0_iter17    |   1|   0|    1|          0|
    |ap_enable_reg_pp0_iter18    |   1|   0|    1|          0|
    |ap_enable_reg_pp0_iter19    |   1|   0|    1|          0|
    |ap_enable_reg_pp0_iter2     |   1|   0|    1|          0|
    |ap_enable_reg_pp0_iter20    |   1|   0|    1|          0|
    |ap_enable_reg_pp0_iter21    |   1|   0|    1|          0|
    |ap_enable_reg_pp0_iter22    |   1|   0|    1|          0|
    |ap_enable_reg_pp0_iter23    |   1|   0|    1|          0|
    |ap_enable_reg_pp0_iter24    |   1|   0|    1|          0|
    |ap_enable_reg_pp0_iter25    |   1|   0|    1|          0|
    |ap_enable_reg_pp0_iter26    |   1|   0|    1|          0|
    |ap_enable_reg_pp0_iter27    |   1|   0|    1|          0|
    |ap_enable_reg_pp0_iter28    |   1|   0|    1|          0|
    |ap_enable_reg_pp0_iter29    |   1|   0|    1|          0|
    |ap_enable_reg_pp0_iter3     |   1|   0|    1|          0|
    |ap_enable_reg_pp0_iter30    |   1|   0|    1|          0|
    |ap_enable_reg_pp0_iter31    |   1|   0|    1|          0|
    |ap_enable_reg_pp0_iter32    |   1|   0|    1|          0|
    |ap_enable_reg_pp0_iter33    |   1|   0|    1|          0|
    |ap_enable_reg_pp0_iter34    |   1|   0|    1|          0|
    |ap_enable_reg_pp0_iter35    |   1|   0|    1|          0|
    |ap_enable_reg_pp0_iter36    |   1|   0|    1|          0|
    |ap_enable_reg_pp0_iter37    |   1|   0|    1|          0|
    |ap_enable_reg_pp0_iter38    |   1|   0|    1|          0|
    |ap_enable_reg_pp0_iter39    |   1|   0|    1|          0|
    |ap_enable_reg_pp0_iter4     |   1|   0|    1|          0|
    |ap_enable_reg_pp0_iter40    |   1|   0|    1|          0|
    |ap_enable_reg_pp0_iter41    |   1|   0|    1|          0|
    |ap_enable_reg_pp0_iter42    |   1|   0|    1|          0|
    |ap_enable_reg_pp0_iter43    |   1|   0|    1|          0|
    |ap_enable_reg_pp0_iter44    |   1|   0|    1|          0|
    |ap_enable_reg_pp0_iter45    |   1|   0|    1|          0|
    |ap_enable_reg_pp0_iter46    |   1|   0|    1|          0|
    |ap_enable_reg_pp0_iter47    |   1|   0|    1|          0|
    |ap_enable_reg_pp0_iter48    |   1|   0|    1|          0|
    |ap_enable_reg_pp0_iter49    |   1|   0|    1|          0|
    |ap_enable_reg_pp0_iter5     |   1|   0|    1|          0|
    |ap_enable_reg_pp0_iter50    |   1|   0|    1|          0|
    |ap_enable_reg_pp0_iter51    |   1|   0|    1|          0|
    |ap_enable_reg_pp0_iter52    |   1|   0|    1|          0|
    |ap_enable_reg_pp0_iter53    |   1|   0|    1|          0|
    |ap_enable_reg_pp0_iter54    |   1|   0|    1|          0|
    |ap_enable_reg_pp0_iter55    |   1|   0|    1|          0|
    |ap_enable_reg_pp0_iter56    |   1|   0|    1|          0|
    |ap_enable_reg_pp0_iter57    |   1|   0|    1|          0|
    |ap_enable_reg_pp0_iter58    |   1|   0|    1|          0|
    |ap_enable_reg_pp0_iter59    |   1|   0|    1|          0|
    |ap_enable_reg_pp0_iter6     |   1|   0|    1|          0|
    |ap_enable_reg_pp0_iter60    |   1|   0|    1|          0|
    |ap_enable_reg_pp0_iter61    |   1|   0|    1|          0|
    |ap_enable_reg_pp0_iter62    |   1|   0|    1|          0|
    |ap_enable_reg_pp0_iter63    |   1|   0|    1|          0|
    |ap_enable_reg_pp0_iter64    |   1|   0|    1|          0|
    |ap_enable_reg_pp0_iter65    |   1|   0|    1|          0|
    |ap_enable_reg_pp0_iter66    |   1|   0|    1|          0|
    |ap_enable_reg_pp0_iter67    |   1|   0|    1|          0|
    |ap_enable_reg_pp0_iter68    |   1|   0|    1|          0|
    |ap_enable_reg_pp0_iter69    |   1|   0|    1|          0|
    |ap_enable_reg_pp0_iter7     |   1|   0|    1|          0|
    |ap_enable_reg_pp0_iter70    |   1|   0|    1|          0|
    |ap_enable_reg_pp0_iter71    |   1|   0|    1|          0|
    |ap_enable_reg_pp0_iter72    |   1|   0|    1|          0|
    |ap_enable_reg_pp0_iter73    |   1|   0|    1|          0|
    |ap_enable_reg_pp0_iter74    |   1|   0|    1|          0|
    |ap_enable_reg_pp0_iter75    |   1|   0|    1|          0|
    |ap_enable_reg_pp0_iter76    |   1|   0|    1|          0|
    |ap_enable_reg_pp0_iter77    |   1|   0|    1|          0|
    |ap_enable_reg_pp0_iter78    |   1|   0|    1|          0|
    |ap_enable_reg_pp0_iter79    |   1|   0|    1|          0|
    |ap_enable_reg_pp0_iter8     |   1|   0|    1|          0|
    |ap_enable_reg_pp0_iter80    |   1|   0|    1|          0|
    |ap_enable_reg_pp0_iter81    |   1|   0|    1|          0|
    |ap_enable_reg_pp0_iter82    |   1|   0|    1|          0|
    |ap_enable_reg_pp0_iter83    |   1|   0|    1|          0|
    |ap_enable_reg_pp0_iter84    |   1|   0|    1|          0|
    |ap_enable_reg_pp0_iter85    |   1|   0|    1|          0|
    |ap_enable_reg_pp0_iter86    |   1|   0|    1|          0|
    |ap_enable_reg_pp0_iter87    |   1|   0|    1|          0|
    |ap_enable_reg_pp0_iter88    |   1|   0|    1|          0|
    |ap_enable_reg_pp0_iter89    |   1|   0|    1|          0|
    |ap_enable_reg_pp0_iter9     |   1|   0|    1|          0|
    |ap_enable_reg_pp0_iter90    |   1|   0|    1|          0|
    |ap_enable_reg_pp0_iter91    |   1|   0|    1|          0|
    |ap_enable_reg_pp0_iter92    |   1|   0|    1|          0|
    |ap_enable_reg_pp0_iter93    |   1|   0|    1|          0|
    |ap_enable_reg_pp0_iter94    |   1|   0|    1|          0|
    |ap_enable_reg_pp0_iter95    |   1|   0|    1|          0|
    |ap_enable_reg_pp0_iter96    |   1|   0|    1|          0|
    |ap_enable_reg_pp0_iter97    |   1|   0|    1|          0|
    |ap_enable_reg_pp0_iter98    |   1|   0|    1|          0|
    |ap_enable_reg_pp0_iter99    |   1|   0|    1|          0|
    |ap_rst_n_inv                |   1|   0|    1|          0|
    |ap_rst_reg_1                |   1|   0|    1|          0|
    |ap_rst_reg_2                |   1|   0|    1|          0|
    |b_1_reg_588                 |  16|   0|   16|          0|
    |b_2_reg_599                 |  16|   0|   16|          0|
    |b_3_reg_610                 |  16|   0|   16|          0|
    |b_5_reg_632                 |  16|   0|   16|          0|
    |b_reg_577                   |  16|   0|   16|          0|
    |sub_ln23_9_reg_685          |  16|   0|   16|          0|
    |sub_ln23_reg_695            |  16|   0|   16|          0|
    |sub_ln27_3_reg_680          |  16|   0|   16|          0|
    |sub_ln27_4_reg_690          |  16|   0|   16|          0|
    |sub_ln27_5_reg_700          |  16|   0|   16|          0|
    |sub_ln27_reg_670            |  16|   0|   16|          0|
    |trunc_ln27_3_reg_637        |  15|   0|   15|          0|
    |trunc_ln27_4_reg_648        |  15|   0|   15|          0|
    |trunc_ln2_reg_560           |  60|   0|   60|          0|
    |trunc_ln_reg_555            |  60|   0|   60|          0|
    |trunc_ln2_reg_560           |  64|  32|   60|          0|
    +----------------------------+----+----+-----+-----------+
    |Total                       | 746|  32|  742|          0|
    +----------------------------+----+----+-----+-----------+



================================================================
== Interface
================================================================
* Summary: 
+-----------------------+-----+-----+---------------+-------------------+--------------+
|       RTL Ports       | Dir | Bits|    Protocol   |   Source Object   |    C Type    |
+-----------------------+-----+-----+---------------+-------------------+--------------+
|s_axi_control_AWVALID  |   in|    1|          s_axi|            control|        scalar|
|s_axi_control_AWREADY  |  out|    1|          s_axi|            control|        scalar|
|s_axi_control_AWADDR   |   in|    6|          s_axi|            control|        scalar|
|s_axi_control_WVALID   |   in|    1|          s_axi|            control|        scalar|
|s_axi_control_WREADY   |  out|    1|          s_axi|            control|        scalar|
|s_axi_control_WDATA    |   in|   32|          s_axi|            control|        scalar|
|s_axi_control_WSTRB    |   in|    4|          s_axi|            control|        scalar|
|s_axi_control_ARVALID  |   in|    1|          s_axi|            control|        scalar|
|s_axi_control_ARREADY  |  out|    1|          s_axi|            control|        scalar|
|s_axi_control_ARADDR   |   in|    6|          s_axi|            control|        scalar|
|s_axi_control_RVALID   |  out|    1|          s_axi|            control|        scalar|
|s_axi_control_RREADY   |   in|    1|          s_axi|            control|        scalar|
|s_axi_control_RDATA    |  out|   32|          s_axi|            control|        scalar|
|s_axi_control_RRESP    |  out|    2|          s_axi|            control|        scalar|
|s_axi_control_BVALID   |  out|    1|          s_axi|            control|        scalar|
|s_axi_control_BREADY   |   in|    1|          s_axi|            control|        scalar|
|s_axi_control_BRESP    |  out|    2|          s_axi|            control|        scalar|
|ap_clk                 |   in|    1|  ap_ctrl_chain|  wht_lossless_core|  return value|
|ap_rst_n               |   in|    1|  ap_ctrl_chain|  wht_lossless_core|  return value|
|interrupt              |  out|    1|  ap_ctrl_chain|  wht_lossless_core|  return value|
|m_axi_gmem_AWVALID     |  out|    1|          m_axi|               gmem|       pointer|
|m_axi_gmem_AWREADY     |   in|    1|          m_axi|               gmem|       pointer|
|m_axi_gmem_AWADDR      |  out|   64|          m_axi|               gmem|       pointer|
|m_axi_gmem_AWID        |  out|    1|          m_axi|               gmem|       pointer|
|m_axi_gmem_AWLEN       |  out|    8|          m_axi|               gmem|       pointer|
|m_axi_gmem_AWSIZE      |  out|    3|          m_axi|               gmem|       pointer|
|m_axi_gmem_AWBURST     |  out|    2|          m_axi|               gmem|       pointer|
|m_axi_gmem_AWLOCK      |  out|    2|          m_axi|               gmem|       pointer|
|m_axi_gmem_AWCACHE     |  out|    4|          m_axi|               gmem|       pointer|
|m_axi_gmem_AWPROT      |  out|    3|          m_axi|               gmem|       pointer|
|m_axi_gmem_AWQOS       |  out|    4|          m_axi|               gmem|       pointer|
|m_axi_gmem_AWREGION    |  out|    4|          m_axi|               gmem|       pointer|
|m_axi_gmem_AWUSER      |  out|    1|          m_axi|               gmem|       pointer|
|m_axi_gmem_WVALID      |  out|    1|          m_axi|               gmem|       pointer|
|m_axi_gmem_WREADY      |   in|    1|          m_axi|               gmem|       pointer|
|m_axi_gmem_WDATA       |  out|  128|          m_axi|               gmem|       pointer|
|m_axi_gmem_WSTRB       |  out|   16|          m_axi|               gmem|       pointer|
|m_axi_gmem_WLAST       |  out|    1|          m_axi|               gmem|       pointer|
|m_axi_gmem_WID         |  out|    1|          m_axi|               gmem|       pointer|
|m_axi_gmem_WUSER       |  out|    1|          m_axi|               gmem|       pointer|
|m_axi_gmem_ARVALID     |  out|    1|          m_axi|               gmem|       pointer|
|m_axi_gmem_ARREADY     |   in|    1|          m_axi|               gmem|       pointer|
|m_axi_gmem_ARADDR      |  out|   64|          m_axi|               gmem|       pointer|
|m_axi_gmem_ARID        |  out|    1|          m_axi|               gmem|       pointer|
|m_axi_gmem_ARLEN       |  out|    8|          m_axi|               gmem|       pointer|
|m_axi_gmem_ARSIZE      |  out|    3|          m_axi|               gmem|       pointer|
|m_axi_gmem_ARBURST     |  out|    2|          m_axi|               gmem|       pointer|
|m_axi_gmem_ARLOCK      |  out|    2|          m_axi|               gmem|       pointer|
|m_axi_gmem_ARCACHE     |  out|    4|          m_axi|               gmem|       pointer|
|m_axi_gmem_ARPROT      |  out|    3|          m_axi|               gmem|       pointer|
|m_axi_gmem_ARQOS       |  out|    4|          m_axi|               gmem|       pointer|
|m_axi_gmem_ARREGION    |  out|    4|          m_axi|               gmem|       pointer|
|m_axi_gmem_ARUSER      |  out|    1|          m_axi|               gmem|       pointer|
|m_axi_gmem_RVALID      |   in|    1|          m_axi|               gmem|       pointer|
|m_axi_gmem_RREADY      |  out|    1|          m_axi|               gmem|       pointer|
|m_axi_gmem_RDATA       |   in|  128|          m_axi|               gmem|       pointer|
|m_axi_gmem_RLAST       |   in|    1|          m_axi|               gmem|       pointer|
|m_axi_gmem_RID         |   in|    1|          m_axi|               gmem|       pointer|
|m_axi_gmem_RUSER       |   in|    1|          m_axi|               gmem|       pointer|
|m_axi_gmem_RRESP       |   in|    2|          m_axi|               gmem|       pointer|
|m_axi_gmem_BVALID      |   in|    1|          m_axi|               gmem|       pointer|
|m_axi_gmem_BREADY      |  out|    1|          m_axi|               gmem|       pointer|
|m_axi_gmem_BRESP       |   in|    2|          m_axi|               gmem|       pointer|
|m_axi_gmem_BID         |   in|    1|          m_axi|               gmem|       pointer|
|m_axi_gmem_BUSER       |   in|    1|          m_axi|               gmem|       pointer|
+-----------------------+-----+-----+---------------+-------------------+--------------+

