Copyright 1986-2022 Xilinx, Inc. All Rights Reserved. Copyright 2022-2024 Advanced Micro Devices, Inc. All Rights Reserved.
------------------------------------------------------------------------------------------------------------------------------------------------------------------------------------------------------------------------------------------------
| Tool Version      : Vivado v.2024.1 (lin64) Build 5076996 Wed May 22 18:36:09 MDT 2024
| Date              : Thu Aug  6 01:25:42 2026
| Host              : linux running 64-bit Ubuntu 22.04.5 LTS
| Command           : report_timing -delay_type max -max_paths 1 -file ${PROJECT_ROOT}/ProyectoFinal/HLS/reports/isolated_forward/timing_sweep/4p0ns/timing_critical_path.rpt
| Design            : wht_lossless_forward_isolated
| Device            : xck26-sfvc784
| Speed File        : -2LV  PRODUCTION 1.30 05-15-2022
| Design State      : Routed
| Temperature Grade : C
------------------------------------------------------------------------------------------------------------------------------------------------------------------------------------------------------------------------------------------------

Timing Report

Slack (MET) :             0.157ns  (required time - arrival time)
  Source:                 reg_214_reg[0]/C
                            (rising edge-triggered cell FDRE clocked by ap_clk  {rise@0.000ns fall@2.000ns period=4.000ns})
  Destination:            control_s_axi_U/int_block_out/mem_reg/DINADIN[15]
                            (rising edge-triggered cell RAMB18E2 clocked by ap_clk  {rise@0.000ns fall@2.000ns period=4.000ns})
  Path Group:             ap_clk
  Path Type:              Setup (Max at Slow Process Corner)
  Requirement:            4.000ns  (ap_clk rise@4.000ns - ap_clk rise@0.000ns)
  Data Path Delay:        3.215ns  (logic 1.403ns (43.641%)  route 1.812ns (56.359%))
  Logic Levels:           8  (CARRY8=4 LUT3=1 LUT6=3)
  Clock Path Skew:        0.007ns (DCD - SCD + CPR)
    Destination Clock Delay (DCD):    0.049ns = ( 4.049 - 4.000 ) 
    Source Clock Delay      (SCD):    0.042ns
    Clock Pessimism Removal (CPR):    0.000ns
  Clock Uncertainty:      0.035ns  ((TSJ^2 + TIJ^2)^1/2 + DJ) / 2 + PE
    Total System Jitter     (TSJ):    0.071ns
    Total Input Jitter      (TIJ):    0.000ns
    Discrete Jitter          (DJ):    0.000ns
    Phase Error              (PE):    0.000ns

    Location             Delay type                Incr(ns)  Path(ns)    Netlist Resource(s)
  -------------------------------------------------------------------    -------------------
                         (clock ap_clk rise edge)     0.000     0.000 r  
                                                      0.000     0.000 r  ap_clk (IN)
                         net (fo=427, unset)          0.042     0.042    ap_clk
    SLICE_X27Y52         FDRE                                         r  reg_214_reg[0]/C
  -------------------------------------------------------------------    -------------------
    SLICE_X27Y52         FDRE (Prop_EFF2_SLICEL_C_Q)
                                                      0.116     0.158 r  reg_214_reg[0]/Q
                         net (fo=7, routed)           0.306     0.464    control_s_axi_U/int_block_out/reg_238_reg[15][0]
    SLICE_X27Y53         CARRY8 (Prop_CARRY8_SLICEL_DI[0]_O[6])
                                                      0.322     0.786 r  control_s_axi_U/int_block_out/reg_238_reg[7]_i_1/O[6]
                         net (fo=5, routed)           0.424     1.210    control_s_axi_U/int_block_out/O[6]
    SLICE_X26Y51         LUT6 (Prop_G6LUT_SLICEL_I0_O)
                                                      0.151     1.361 r  control_s_axi_U/int_block_out/b_6_reg_611[7]_i_10/O
                         net (fo=1, routed)           0.012     1.373    control_s_axi_U/int_block_out/b_6_reg_611[7]_i_10_n_0
    SLICE_X26Y51         CARRY8 (Prop_CARRY8_SLICEL_S[6]_CO[7])
                                                      0.171     1.544 r  control_s_axi_U/int_block_out/b_6_reg_611_reg[7]_i_1/CO[7]
                         net (fo=1, routed)           0.030     1.574    control_s_axi_U/int_block_out/b_6_reg_611_reg[7]_i_1_n_0
    SLICE_X26Y52         CARRY8 (Prop_CARRY8_SLICEL_CI_O[2])
                                                      0.101     1.675 r  control_s_axi_U/int_block_out/b_6_reg_611_reg[15]_i_2/O[2]
                         net (fo=4, routed)           0.148     1.823    control_s_axi_U/int_block_out/reg_214_reg[14]_0[2]
    SLICE_X25Y52         LUT3 (Prop_F5LUT_SLICEM_I2_O)
                                                      0.144     1.967 r  control_s_axi_U/int_block_out/trunc_ln11_8_reg_626[14]_i_6/O
                         net (fo=1, routed)           0.396     2.363    control_s_axi_U/int_block_out/trunc_ln11_8_reg_626[14]_i_6_n_0
    SLICE_X26Y50         CARRY8 (Prop_CARRY8_SLICEL_DI[2]_O[7])
                                                      0.283     2.646 r  control_s_axi_U/int_block_out/trunc_ln11_8_reg_626_reg[14]_i_1/O[7]
                         net (fo=2, routed)           0.306     2.952    control_s_axi_U/int_block_out/a_6_reg_581_reg[14][14]
    SLICE_X27Y47         LUT6 (Prop_H6LUT_SLICEL_I0_O)
                                                      0.058     3.010 r  control_s_axi_U/int_block_out/mem_reg_i_31/O
                         net (fo=1, routed)           0.098     3.108    control_s_axi_U/int_block_out/mem_reg_i_31_n_0
    SLICE_X27Y47         LUT6 (Prop_E6LUT_SLICEL_I4_O)
                                                      0.057     3.165 r  control_s_axi_U/int_block_out/mem_reg_i_5/O
                         net (fo=1, routed)           0.092     3.257    control_s_axi_U/int_block_out/mem_reg_i_5_n_0
    RAMB18_X0Y18         RAMB18E2                                     r  control_s_axi_U/int_block_out/mem_reg/DINADIN[15]
  -------------------------------------------------------------------    -------------------

                         (clock ap_clk rise edge)     4.000     4.000 r  
                                                      0.000     4.000 r  ap_clk (IN)
                         net (fo=427, unset)          0.049     4.049    control_s_axi_U/int_block_out/ap_clk
    RAMB18_X0Y18         RAMB18E2                                     r  control_s_axi_U/int_block_out/mem_reg/CLKBWRCLK
                         clock pessimism              0.000     4.049    
                         clock uncertainty           -0.035     4.014    
    RAMB18_X0Y18         RAMB18E2 (Setup_RAMB18E2_L_RAMB180_CLKBWRCLK_DINADIN[15])
                                                     -0.600     3.414    control_s_axi_U/int_block_out/mem_reg
  -------------------------------------------------------------------
                         required time                          3.414    
                         arrival time                          -3.257    
  -------------------------------------------------------------------
                         slack                                  0.157    




